1.1.1.1 - - [08/Jan/2024:23:46:36 +0000] "GET /api/users HTTP/1.1" 200 9789 "-" "Mozilla/5.0 (X11; Linux x86_64) Firefox/120.0"
192.168.1.1 - - [18/Mar/2024:04:42:06 +0000] "DELETE /products HTTP/1.1" 200 6620 "-" "Mozilla/5.0 (Windows NT 10.0; Win64; x64) Chrome/120.0.0.0"
8.8.8.8 - - [18/Jun/2025:09:38:21 +0000] "PUT /cart HTTP/1.1" 200 3081 "-" "Mozilla/5.0 (Macintosh; Intel Mac OS X 10_15_7) Safari/537.36"
1.1.1.1 - - [02/Apr/2024:10:15:55 +0000] "PUT /api/users HTTP/1.1" 200 7345 "-" "Mozilla/5.0 (Windows NT 10.0; Win64; x64) Chrome/120.0.0.0"
1.1.1.1 - - [08/Sep/2025:03:22:01 +0000] "PUT /index.html HTTP/1.1" 200 5863 "-" "Mozilla/5.0 (Macintosh; Intel Mac OS X 10_15_7) Safari/537.36"
8.8.8.8 - - [11/Jul/2025:15:41:35 +0000] "PUT /products HTTP/1.1" 500 4965 "-" "curl/7.68.0"
10.0.0.1 - - [10/Jul/2024:07:31:58 +0000] "GET /about HTTP/1.1" 200 3981 "-" "curl/7.68.0"
192.168.1.1 - - [02/Oct/2024:02:00:05 +0000] "PUT /admin HTTP/1.1" 200 1835 "-" "Mozilla/5.0 (X11; Linux x86_64) Firefox/120.0"
1.1.1.1 - - [01/Nov/2024:00:42:12 +0000] "GET /api/users HTTP/1.1" 404 505 "-" "Mozilla/5.0 (iPhone; CPU iPhone OS 17_0 like Mac OS X)"
10.0.0.1 - - [04/Aug/2025:07:29:47 +0000] "POST /products HTTP/1.1" 301 1020 "-" "curl/7.68.0"
1.1.1.1 - - [13/Apr/2025:09:37:51 +0000] "POST /images/logo.png HTTP/1.1" 500 6404 "-" "Mozilla/5.0 (Macintosh; Intel Mac OS X 10_15_7) Safari/537.36"
8.8.8.8 - - [28/Jan/2024:13:31:51 +0000] "PUT /products HTTP/1.1" 200 4537 "-" "Mozilla/5.0 (X11; Linux x86_64) Firefox/120.0"
192.168.1.1 - - [01/Nov/2024:23:50:46 +0000] "PUT /api/users HTTP/1.1" 200 144 "-" "Mozilla/5.0 (X11; Linux x86_64) Firefox/120.0"
8.8.8.8 - - [10/Jun/2025:22:19:36 +0000] "GET /cart HTTP/1.1" 500 3460 "-" "Mozilla/5.0 (Windows NT 10.0; Win64; x64) Chrome/120.0.0.0"
8.8.8.8 - - [02/Feb/2025:21:24:24 +0000] "DELETE /cart HTTP/1.1" 301 5028 "-" "Mozilla/5.0 (iPhone; CPU iPhone OS 17_0 like Mac OS X)"
172.16.0.1 - - [21/Oct/2025:15:21:04 +0000] "GET /index.html HTTP/1.1" 200 1257 "-" "curl/7.68.0"
8.8.8.8 - - [16/Jan/2024:17:54:56 +0000] "GET /products HTTP/1.1" 404 966 "-" "Mozilla/5.0 (X11; Linux x86_64) Firefox/120.0"
8.8.8.8 - - [09/Dec/2024:11:52:03 +0000] "POST /admin HTTP/1.1" 200 3206 "-" "curl/7.68.0"
10.0.0.1 - - [19/Jul/2024:16:39:27 +0000] "PUT /index.html HTTP/1.1" 301 3822 "-" "Mozilla/5.0 (X11; Linux x86_64) Firefox/120.0"
1.1.1.1 - - [25/Sep/2024:03:08:46 +0000] "GET /products HTTP/1.1" 200 1072 "-" "Mozilla/5.0 (X11; Linux x86_64) Firefox/120.0"
8.8.8.8 - - [04/Aug/2024:12:24:15 +0000] "PUT /images/logo.png HTTP/1.1" 200 9700 "-" "Mozilla/5.0 (iPhone; CPU iPhone OS 17_0 like Mac OS X)"
192.168.1.1 - - [09/Jun/2024:01:59:08 +0000] "DELETE /cart HTTP/1.1" 500 9366 "-" "Mozilla/5.0 (X11; Linux x86_64) Firefox/120.0"
192.168.1.1 - - [23/Jul/2024:15:12:43 +0000] "POST /index.html HTTP/1.1" 200 2279 "-" "Mozilla/5.0 (iPhone; CPU iPhone OS 17_0 like Mac OS X)"
192.168.1.1 - - [02/Apr/2024:00:23:41 +0000] "GET /cart HTTP/1.1" 404 8094 "-" "curl/7.68.0"
192.168.1.1 - - [23/Mar/2025:15:52:05 +0000] "POST /api/users HTTP/1.1" 200 5683 "-" "Mozilla/5.0 (iPhone; CPU iPhone OS 17_0 like Mac OS X)"
192.168.1.1 - - [19/Nov/2024:14:09:20 +0000] "GET /api/users HTTP/1.1" 301 9067 "-" "Mozilla/5.0 (Windows NT 10.0; Win64; x64) Chrome/120.0.0.0"
10.0.0.1 - - [12/Jun/2025:10:26:13 +0000] "GET /index.html HTTP/1.1" 301 6882 "-" "curl/7.68.0"
172.16.0.1 - - [10/Jun/2025:04:10:16 +0000] "DELETE /index.html HTTP/1.1" 200 2424 "-" "Mozilla/5.0 (X11; Linux x86_64) Firefox/120.0"
8.8.8.8 - - [27/Aug/2024:05:09:23 +0000] "GET /cart HTTP/1.1" 404 9906 "-" "Mozilla/5.0 (X11; Linux x86_64) Firefox/120.0"
192.168.1.1 - - [21/Jul/2025:07:46:48 +0000] "PUT /api/users HTTP/1.1" 500 8075 "-" "Mozilla/5.0 (X11; Linux x86_64) Firefox/120.0"
192.168.1.1 - - [07/Jan/2025:17:03:14 +0000] "PUT /index.html HTTP/1.1" 301 176 "-" "Mozilla/5.0 (Macintosh; Intel Mac OS X 10_15_7) Safari/537.36"
10.0.0.1 - - [24/Feb/2025:19:51:57 +0000] "GET /products HTTP/1.1" 200 1414 "-" "Mozilla/5.0 (iPhone; CPU iPhone OS 17_0 like Mac OS X)"
8.8.8.8 - - [13/May/2024:18:14:51 +0000] "GET /images/logo.png HTTP/1.1" 404 5821 "-" "Mozilla/5.0 (iPhone; CPU iPhone OS 17_0 like Mac OS X)"
172.16.0.1 - - [25/Dec/2025:17:05:08 +0000] "PUT /about HTTP/1.1" 500 1921 "-" "Mozilla/5.0 (Windows NT 10.0; Win64; x64) Chrome/120.0.0.0"
10.0.0.1 - - [12/Jul/2025:04:13:17 +0000] "PUT /about HTTP/1.1" 200 3170 "-" "Mozilla/5.0 (Windows NT 10.0; Win64; x64) Chrome/120.0.0.0"
172.16.0.1 - - [16/Feb/2024:08:24:49 +0000] "POST /products HTTP/1.1" 200 4583 "-" "Mozilla/5.0 (Macintosh; Intel Mac OS X 10_15_7) Safari/537.36"
1.1.1.1 - - [05/Apr/2025:22:11:21 +0000] "GET /index.html HTTP/1.1" 200 9310 "-" "Mozilla/5.0 (Macintosh; Intel Mac OS X 10_15_7) Safari/537.36"
10.0.0.1 - - [15/Apr/2025:21:06:36 +0000] "GET /cart HTTP/1.1" 200 6555 "-" "Mozilla/5.0 (Macintosh; Intel Mac OS X 10_15_7) Safari/537.36"
1.1.1.1 - - [06/Sep/2024:02:01:22 +0000] "GET /images/logo.png HTTP/1.1" 200 179 "-" "Mozilla/5.0 (iPhone; CPU iPhone OS 17_0 like Mac OS X)"
192.168.1.1 - - [19/Sep/2024:08:27:38 +0000] "PUT /admin HTTP/1.1" 404 6874 "-" "Mozilla/5.0 (Macintosh; Intel Mac OS X 10_15_7) Safari/537.36"
8.8.8.8 - - [06/Jun/2025:09:51:52 +0000] "GET /images/logo.png HTTP/1.1" 200 8287 "-" "Mozilla/5.0 (iPhone; CPU iPhone OS 17_0 like Mac OS X)"
172.16.0.1 - - [05/Aug/2024:05:31:15 +0000] "GET /admin HTTP/1.1" 200 5764 "-" "Mozilla/5.0 (Windows NT 10.0; Win64; x64) Chrome/120.0.0.0"
172.16.0.1 - - [11/Jun/2025:11:43:23 +0000] "DELETE /products HTTP/1.1" 404 1208 "-" "Mozilla/5.0 (Macintosh; Intel Mac OS X 10_15_7) Safari/537.36"
172.16.0.1 - - [10/Feb/2025:08:15:32 +0000] "DELETE /api/users HTTP/1.1" 200 8957 "-" "Mozilla/5.0 (X11; Linux x86_64) Firefox/120.0"
172.16.0.1 - - [14/Apr/2025:11:38:30 +0000] "DELETE /admin HTTP/1.1" 200 1988 "-" "Mozilla/5.0 (X11; Linux x86_64) Firefox/120.0"
1.1.1.1 - - [25/Oct/2025:15:01:57 +0000] "DELETE /products HTTP/1.1" 200 499 "-" "Mozilla/5.0 (iPhone; CPU iPhone OS 17_0 like Mac OS X)"
10.0.0.1 - - [12/Dec/2024:01:16:52 +0000] "DELETE /api/users HTTP/1.1" 200 7947 "-" "Mozilla/5.0 (iPhone; CPU iPhone OS 17_0 like Mac OS X)"
172.16.0.1 - - [26/Jun/2024:03:10:54 +0000] "PUT /index.html HTTP/1.1" 200 8445 "-" "Mozilla/5.0 (X11; Linux x86_64) Firefox/120.0"
172.16.0.1 - - [15/Apr/2024:23:02:47 +0000] "PUT /images/logo.png HTTP/1.1" 404 3211 "-" "Mozilla/5.0 (Macintosh; Intel Mac OS X 10_15_7) Safari/537.36"
8.8.8.8 - - [10/Jun/2025:13:31:33 +0000] "POST /api/users HTTP/1.1" 200 4206 "-" "Mozilla/5.0 (Windows NT 10.0; Win64; x64) Chrome/120.0.0.0"
10.0.0.1 - - [04/Nov/2025:20:53:37 +0000] "POST /api/users HTTP/1.1" 200 705 "-" "Mozilla/5.0 (iPhone; CPU iPhone OS 17_0 like Mac OS X)"
172.16.0.1 - - [19/Jun/2024:05:58:37 +0000] "PUT /cart HTTP/1.1" 200 7393 "-" "Mozilla/5.0 (X11; Linux x86_64) Firefox/120.0"
172.16.0.1 - - [19/May/2024:15:19:49 +0000] "POST /index.html HTTP/1.1" 200 5009 "-" "Mozilla/5.0 (Macintosh; Intel Mac OS X 10_15_7) Safari/537.36"
8.8.8.8 - - [09/May/2024:16:44:19 +0000] "PUT /index.html HTTP/1.1" 500 3185 "-" "Mozilla/5.0 (Windows NT 10.0; Win64; x64) Chrome/120.0.0.0"
192.168.1.1 - - [28/Jul/2024:18:39:23 +0000] "GET /images/logo.png HTTP/1.1" 500 5492 "-" "curl/7.68.0"
172.16.0.1 - - [26/Jun/2024:06:49:24 +0000] "PUT /images/logo.png HTTP/1.1" 200 4209 "-" "Mozilla/5.0 (X11; Linux x86_64) Firefox/120.0"
8.8.8.8 - - [11/Nov/2024:01:33:14 +0000] "GET /cart HTTP/1.1" 404 4120 "-" "Mozilla/5.0 (X11; Linux x86_64) Firefox/120.0"
172.16.0.1 - - [09/Aug/2025:12:07:50 +0000] "DELETE /products HTTP/1.1" 301 2387 "-" "Mozilla/5.0 (X11; Linux x86_64) Firefox/120.0"
1.1.1.1 - - [09/Oct/2024:03:48:38 +0000] "POST /cart HTTP/1.1" 200 983 "-" "Mozilla/5.0 (Windows NT 10.0; Win64; x64) Chrome/120.0.0.0"
8.8.8.8 - - [20/Nov/2024:02:38:46 +0000] "PUT /index.html HTTP/1.1" 404 9037 "-" "Mozilla/5.0 (X11; Linux x86_64) Firefox/120.0"
10.0.0.1 - - [28/Feb/2024:14:03:20 +0000] "GET /api/users HTTP/1.1" 200 3306 "-" "curl/7.68.0"
10.0.0.1 - - [25/Jan/2025:01:58:22 +0000] "DELETE /admin HTTP/1.1" 200 3675 "-" "Mozilla/5.0 (Macintosh; Intel Mac OS X 10_15_7) Safari/537.36"
192.168.1.1 - - [10/Jun/2025:01:40:09 +0000] "PUT /products HTTP/1.1" 500 2390 "-" "Mozilla/5.0 (Windows NT 10.0; Win64; x64) Chrome/120.0.0.0"
172.16.0.1 - - [18/Jul/2024:17:36:35 +0000] "POST /images/logo.png HTTP/1.1" 200 2040 "-" "curl/7.68.0"
192.168.1.1 - - [09/Jan/2024:19:14:56 +0000] "GET /cart HTTP/1.1" 404 1749 "-" "Mozilla/5.0 (X11; Linux x86_64) Firefox/120.0"
8.8.8.8 - - [14/Dec/2025:10:54:57 +0000] "POST /products HTTP/1.1" 500 5228 "-" "Mozilla/5.0 (Windows NT 10.0; Win64; x64) Chrome/120.0.0.0"
192.168.1.1 - - [01/Feb/2025:21:16:25 +0000] "GET /images/logo.png HTTP/1.1" 200 4277 "-" "Mozilla/5.0 (Windows NT 10.0; Win64; x64) Chrome/120.0.0.0"
8.8.8.8 - - [08/Nov/2025:07:31:59 +0000] "DELETE /index.html HTTP/1.1" 404 2518 "-" "curl/7.68.0"
10.0.0.1 - - [19/Sep/2024:12:59:02 +0000] "POST /about HTTP/1.1" 200 8478 "-" "Mozilla/5.0 (Macintosh; Intel Mac OS X 10_15_7) Safari/537.36"
8.8.8.8 - - [07/May/2024:08:12:18 +0000] "POST /about HTTP/1.1" 301 127 "-" "Mozilla/5.0 (X11; Linux x86_64) Firefox/120.0"
192.168.1.1 - - [24/Dec/2024:22:13:58 +0000] "PUT /about HTTP/1.1" 200 2932 "-" "Mozilla/5.0 (X11; Linux x86_64) Firefox/120.0"
1.1.1.1 - - [13/Nov/2025:01:46:26 +0000] "POST /admin HTTP/1.1" 200 1121 "-" "curl/7.68.0"
8.8.8.8 - - [27/Feb/2025:18:59:58 +0000] "GET /admin HTTP/1.1" 200 6818 "-" "curl/7.68.0"
172.16.0.1 - - [28/Nov/2024:10:09:07 +0000] "GET /products HTTP/1.1" 200 8084 "-" "curl/7.68.0"
172.16.0.1 - - [05/Mar/2025:23:03:58 +0000] "PUT /about HTTP/1.1" 200 4768 "-" "Mozilla/5.0 (iPhone; CPU iPhone OS 17_0 like Mac OS X)"
8.8.8.8 - - [01/Aug/2024:17:02:48 +0000] "DELETE /index.html HTTP/1.1" 200 7848 "-" "Mozilla/5.0 (Macintosh; Intel Mac OS X 10_15_7) Safari/537.36"
1.1.1.1 - - [23/Jul/2025:05:25:20 +0000] "GET /about HTTP/1.1" 500 5143 "-" "Mozilla/5.0 (X11; Linux x86_64) Firefox/120.0"
172.16.0.1 - - [22/Apr/2024:16:18:29 +0000] "PUT /images/logo.png HTTP/1.1" 200 3684 "-" "Mozilla/5.0 (iPhone; CPU iPhone OS 17_0 like Mac OS X)"
172.16.0.1 - - [14/May/2025:10:03:30 +0000] "GET /api/users HTTP/1.1" 200 4183 "-" "Mozilla/5.0 (Windows NT 10.0; Win64; x64) Chrome/120.0.0.0"
10.0.0.1 - - [19/Sep/2024:00:47:34 +0000] "PUT /api/users HTTP/1.1" 500 9385 "-" "Mozilla/5.0 (iPhone; CPU iPhone OS 17_0 like Mac OS X)"
192.168.1.1 - - [11/Apr/2024:21:06:06 +0000] "PUT /images/logo.png HTTP/1.1" 500 9393 "-" "Mozilla/5.0 (X11; Linux x86_64) Firefox/120.0"
8.8.8.8 - - [27/Nov/2024:20:20:16 +0000] "GET /products HTTP/1.1" 200 5046 "-" "Mozilla/5.0 (iPhone; CPU iPhone OS 17_0 like Mac OS X)"
8.8.8.8 - - [25/Dec/2025:05:51:15 +0000] "PUT /index.html HTTP/1.1" 200 8761 "-" "Mozilla/5.0 (Windows NT 10.0; Win64; x64) Chrome/120.0.0.0"
192.168.1.1 - - [10/Jul/2025:20:34:44 +0000] "DELETE /cart HTTP/1.1" 301 2344 "-" "Mozilla/5.0 (Macintosh; Intel Mac OS X 10_15_7) Safari/537.36"
192.168.1.1 - - [05/May/2024:02:29:04 +0000] "DELETE /cart HTTP/1.1" 500 8360 "-" "Mozilla/5.0 (Windows NT 10.0; Win64; x64) Chrome/120.0.0.0"
1.1.1.1 - - [25/Sep/2024:09:51:40 +0000] "GET /images/logo.png HTTP/1.1" 404 9653 "-" "Mozilla/5.0 (Macintosh; Intel Mac OS X 10_15_7) Safari/537.36"
1.1.1.1 - - [05/Oct/2024:00:12:51 +0000] "POST /index.html HTTP/1.1" 200 3307 "-" "Mozilla/5.0 (Macintosh; Intel Mac OS X 10_15_7) Safari/537.36"
10.0.0.1 - - [19/Mar/2024:07:58:37 +0000] "GET /about HTTP/1.1" 200 5157 "-" "Mozilla/5.0 (Windows NT 10.0; Win64; x64) Chrome/120.0.0.0"
10.0.0.1 - - [01/Mar/2025:02:31:39 +0000] "POST /cart HTTP/1.1" 500 2436 "-" "curl/7.68.0"
10.0.0.1 - - [10/Sep/2025:18:12:16 +0000] "PUT /images/logo.png HTTP/1.1" 200 5985 "-" "Mozilla/5.0 (iPhone; CPU iPhone OS 17_0 like Mac OS X)"
8.8.8.8 - - [12/Apr/2024:04:17:21 +0000] "GET /images/logo.png HTTP/1.1" 200 6184 "-" "Mozilla/5.0 (X11; Linux x86_64) Firefox/120.0"
10.0.0.1 - - [02/Mar/2024:07:45:50 +0000] "PUT /about HTTP/1.1" 404 3864 "-" "Mozilla/5.0 (Macintosh; Intel Mac OS X 10_15_7) Safari/537.36"
172.16.0.1 - - [12/Sep/2024:02:02:33 +0000] "GET /cart HTTP/1.1" 200 8324 "-" "Mozilla/5.0 (Macintosh; Intel Mac OS X 10_15_7) Safari/537.36"
172.16.0.1 - - [22/Dec/2024:15:21:16 +0000] "GET /api/users HTTP/1.1" 200 5523 "-" "curl/7.68.0"
1.1.1.1 - - [05/Jan/2025:19:13:23 +0000] "POST /cart HTTP/1.1" 200 1292 "-" "curl/7.68.0"
192.168.1.1 - - [25/Sep/2025:14:53:55 +0000] "DELETE /cart HTTP/1.1" 404 3597 "-" "Mozilla/5.0 (Macintosh; Intel Mac OS X 10_15_7) Safari/537.36"
10.0.0.1 - - [21/Sep/2025:11:31:54 +0000] "POST /api/users HTTP/1.1" 404 5070 "-" "Mozilla/5.0 (Windows NT 10.0; Win64; x64) Chrome/120.0.0.0"
192.168.1.1 - - [06/Aug/2024:18:34:52 +0000] "PUT /products HTTP/1.1" 404 5732 "-" "Mozilla/5.0 (Macintosh; Intel Mac OS X 10_15_7) Safari/537.36"
1.1.1.1 - - [10/Jan/2024:09:54:07 +0000] "DELETE /images/logo.png HTTP/1.1" 200 8743 "-" "curl/7.68.0"
1.1.1.1 - - [02/Jul/2025:18:53:50 +0000] "GET /index.html HTTP/1.1" 200 2732 "-" "Mozilla/5.0 (Windows NT 10.0; Win64; x64) Chrome/120.0.0.0"
10.0.0.1 - - [20/Mar/2024:00:52:03 +0000] "DELETE /index.html HTTP/1.1" 200 4080 "-" "Mozilla/5.0 (iPhone; CPU iPhone OS 17_0 like Mac OS X)"
1.1.1.1 - - [02/Jul/2024:01:05:32 +0000] "PUT /admin HTTP/1.1" 200 9756 "-" "Mozilla/5.0 (Windows NT 10.0; Win64; x64) Chrome/120.0.0.0"
192.168.1.1 - - [08/Nov/2024:15:38:10 +0000] "DELETE /about HTTP/1.1" 404 4163 "-" "Mozilla/5.0 (Windows NT 10.0; Win64; x64) Chrome/120.0.0.0"
8.8.8.8 - - [06/Jul/2025:22:04:01 +0000] "PUT /admin HTTP/1.1" 301 4832 "-" "Mozilla/5.0 (X11; Linux x86_64) Firefox/120.0"
172.16.0.1 - - [05/Mar/2025:07:13:06 +0000] "POST /index.html HTTP/1.1" 301 6713 "-" "Mozilla/5.0 (Macintosh; Intel Mac OS X 10_15_7) Safari/537.36"
1.1.1.1 - - [22/Sep/2024:15:50:29 +0000] "POST /images/logo.png HTTP/1.1" 200 7733 "-" "curl/7.68.0"
10.0.0.1 - - [21/Jan/2025:05:02:27 +0000] "PUT /index.html HTTP/1.1" 404 5499 "-" "Mozilla/5.0 (X11; Linux x86_64) Firefox/120.0"
1.1.1.1 - - [26/Jan/2024:15:57:21 +0000] "PUT /products HTTP/1.1" 404 819 "-" "curl/7.68.0"
8.8.8.8 - - [04/Dec/2025:07:50:07 +0000] "DELETE /products HTTP/1.1" 404 6315 "-" "Mozilla/5.0 (iPhone; CPU iPhone OS 17_0 like Mac OS X)"
1.1.1.1 - - [19/Jun/2025:17:04:46 +0000] "POST /api/users HTTP/1.1" 404 1227 "-" "Mozilla/5.0 (Windows NT 10.0; Win64; x64) Chrome/120.0.0.0"
8.8.8.8 - - [14/Sep/2024:20:05:31 +0000] "GET /about HTTP/1.1" 200 2192 "-" "Mozilla/5.0 (X11; Linux x86_64) Firefox/120.0"
1.1.1.1 - - [06/Nov/2024:12:59:44 +0000] "GET /about HTTP/1.1" 301 1097 "-" "Mozilla/5.0 (Macintosh; Intel Mac OS X 10_15_7) Safari/537.36"
172.16.0.1 - - [25/Oct/2024:00:56:01 +0000] "POST /cart HTTP/1.1" 404 6748 "-" "Mozilla/5.0 (Macintosh; Intel Mac OS X 10_15_7) Safari/537.36"
1.1.1.1 - - [23/Sep/2024:19:26:28 +0000] "GET /admin HTTP/1.1" 404 9994 "-" "Mozilla/5.0 (X11; Linux x86_64) Firefox/120.0"
192.168.1.1 - - [11/Jul/2025:18:26:55 +0000] "DELETE /about HTTP/1.1" 200 2375 "-" "Mozilla/5.0 (Windows NT 10.0; Win64; x64) Chrome/120.0.0.0"
10.0.0.1 - - [12/Jun/2025:05:54:41 +0000] "DELETE /about HTTP/1.1" 200 2438 "-" "Mozilla/5.0 (Windows NT 10.0; Win64; x64) Chrome/120.0.0.0"
172.16.0.1 - - [07/Sep/2025:05:51:41 +0000] "POST /products HTTP/1.1" 404 426 "-" "Mozilla/5.0 (X11; Linux x86_64) Firefox/120.0"
192.168.1.1 - - [09/Jun/2024:06:31:56 +0000] "POST /products HTTP/1.1" 200 6696 "-" "curl/7.68.0"
10.0.0.1 - - [08/Nov/2025:16:23:58 +0000] "PUT /products HTTP/1.1" 200 2226 "-" "Mozilla/5.0 (Windows NT 10.0; Win64; x64) Chrome/120.0.0.0"
10.0.0.1 - - [23/Aug/2025:23:52:41 +0000] "POST /about HTTP/1.1" 301 4667 "-" "Mozilla/5.0 (X11; Linux x86_64) Firefox/120.0"
8.8.8.8 - - [18/Jul/2024:16:03:43 +0000] "PUT /admin HTTP/1.1" 500 5687 "-" "Mozilla/5.0 (Macintosh; Intel Mac OS X 10_15_7) Safari/537.36"
192.168.1.1 - - [03/Mar/2025:02:57:32 +0000] "PUT /api/users HTTP/1.1" 301 3174 "-" "curl/7.68.0"
1.1.1.1 - - [18/May/2024:18:00:00 +0000] "GET /images/logo.png HTTP/1.1" 500 8183 "-" "curl/7.68.0"
192.168.1.1 - - [05/Mar/2024:11:17:29 +0000] "PUT /admin HTTP/1.1" 200 6971 "-" "curl/7.68.0"
172.16.0.1 - - [04/Feb/2025:01:41:44 +0000] "PUT /index.html HTTP/1.1" 200 5044 "-" "Mozilla/5.0 (Windows NT 10.0; Win64; x64) Chrome/120.0.0.0"
10.0.0.1 - - [25/Nov/2025:11:48:48 +0000] "POST /images/logo.png HTTP/1.1" 404 2769 "-" "Mozilla/5.0 (Windows NT 10.0; Win64; x64) Chrome/120.0.0.0"
172.16.0.1 - - [10/Nov/2024:16:39:35 +0000] "DELETE /api/users HTTP/1.1" 500 8239 "-" "Mozilla/5.0 (Windows NT 10.0; Win64; x64) Chrome/120.0.0.0"
10.0.0.1 - - [21/Nov/2025:21:42:49 +0000] "DELETE /api/users HTTP/1.1" 200 6859 "-" "Mozilla/5.0 (iPhone; CPU iPhone OS 17_0 like Mac OS X)"
1.1.1.1 - - [27/Feb/2025:15:49:22 +0000] "GET /products HTTP/1.1" 200 2885 "-" "Mozilla/5.0 (Windows NT 10.0; Win64; x64) Chrome/120.0.0.0"
192.168.1.1 - - [10/Oct/2024:23:09:54 +0000] "GET /admin HTTP/1.1" 200 9264 "-" "curl/7.68.0"
1.1.1.1 - - [04/Jan/2025:18:04:30 +0000] "POST /admin HTTP/1.1" 200 6122 "-" "Mozilla/5.0 (Macintosh; Intel Mac OS X 10_15_7) Safari/537.36"
192.168.1.1 - - [13/May/2024:02:33:51 +0000] "POST /images/logo.png HTTP/1.1" 404 7418 "-" "curl/7.68.0"
10.0.0.1 - - [14/Jul/2024:11:22:10 +0000] "GET /cart HTTP/1.1" 200 7922 "-" "curl/7.68.0"
8.8.8.8 - - [27/Jan/2024:07:08:22 +0000] "PUT /products HTTP/1.1" 200 9449 "-" "Mozilla/5.0 (X11; Linux x86_64) Firefox/120.0"
8.8.8.8 - - [22/Jul/2024:04:07:12 +0000] "POST /admin HTTP/1.1" 200 497 "-" "Mozilla/5.0 (X11; Linux x86_64) Firefox/120.0"
172.16.0.1 - - [06/Oct/2025:06:37:34 +0000] "DELETE /index.html HTTP/1.1" 404 1016 "-" "Mozilla/5.0 (Macintosh; Intel Mac OS X 10_15_7) Safari/537.36"
172.16.0.1 - - [16/Jul/2024:06:16:08 +0000] "POST /api/users HTTP/1.1" 500 2822 "-" "Mozilla/5.0 (X11; Linux x86_64) Firefox/120.0"
10.0.0.1 - - [07/Dec/2024:10:42:28 +0000] "PUT /admin HTTP/1.1" 404 4493 "-" "Mozilla/5.0 (X11; Linux x86_64) Firefox/120.0"
172.16.0.1 - - [03/May/2025:11:42:04 +0000] "POST /admin HTTP/1.1" 200 6400 "-" "Mozilla/5.0 (Macintosh; Intel Mac OS X 10_15_7) Safari/537.36"
8.8.8.8 - - [23/Jan/2025:23:14:01 +0000] "PUT /cart HTTP/1.1" 301 2467 "-" "Mozilla/5.0 (Macintosh; Intel Mac OS X 10_15_7) Safari/537.36"
172.16.0.1 - - [02/Apr/2025:04:45:09 +0000] "PUT /cart HTTP/1.1" 200 718 "-" "Mozilla/5.0 (Macintosh; Intel Mac OS X 10_15_7) Safari/537.36"
8.8.8.8 - - [25/Apr/2024:06:59:05 +0000] "GET /cart HTTP/1.1" 200 4569 "-" "curl/7.68.0"
172.16.0.1 - - [12/Aug/2025:01:05:34 +0000] "DELETE /cart HTTP/1.1" 200 4323 "-" "Mozilla/5.0 (iPhone; CPU iPhone OS 17_0 like Mac OS X)"
8.8.8.8 - - [12/Apr/2025:00:49:03 +0000] "PUT /images/logo.png HTTP/1.1" 301 8989 "-" "Mozilla/5.0 (X11; Linux x86_64) Firefox/120.0"
172.16.0.1 - - [25/May/2024:16:03:13 +0000] "PUT /cart HTTP/1.1" 200 6651 "-" "curl/7.68.0"
8.8.8.8 - - [17/Dec/2024:14:19:42 +0000] "POST /about HTTP/1.1" 200 1802 "-" "Mozilla/5.0 (X11; Linux x86_64) Firefox/120.0"
8.8.8.8 - - [08/Apr/2025:01:08:04 +0000] "POST /api/users HTTP/1.1" 500 2625 "-" "Mozilla/5.0 (Macintosh; Intel Mac OS X 10_15_7) Safari/537.36"
192.168.1.1 - - [12/Apr/2024:13:38:25 +0000] "PUT /products HTTP/1.1" 200 2084 "-" "Mozilla/5.0 (Windows NT 10.0; Win64; x64) Chrome/120.0.0.0"
8.8.8.8 - - [17/Feb/2024:03:11:16 +0000] "DELETE /api/users HTTP/1.1" 301 6548 "-" "Mozilla/5.0 (X11; Linux x86_64) Firefox/120.0"
10.0.0.1 - - [15/Nov/2025:16:34:56 +0000] "GET /api/users HTTP/1.1" 200 2147 "-" "curl/7.68.0"
172.16.0.1 - - [10/Sep/2025:20:17:16 +0000] "POST /index.html HTTP/1.1" 500 5351 "-" "Mozilla/5.0 (Macintosh; Intel Mac OS X 10_15_7) Safari/537.36"
192.168.1.1 - - [19/Dec/2025:03:52:39 +0000] "GET /images/logo.png HTTP/1.1" 404 1382 "-" "Mozilla/5.0 (iPhone; CPU iPhone OS 17_0 like Mac OS X)"
10.0.0.1 - - [14/Nov/2024:08:08:10 +0000] "DELETE /cart HTTP/1.1" 200 8313 "-" "curl/7.68.0"
192.168.1.1 - - [27/Apr/2025:04:09:11 +0000] "GET /admin HTTP/1.1" 200 6525 "-" "curl/7.68.0"
172.16.0.1 - - [10/May/2025:15:49:54 +0000] "POST /images/logo.png HTTP/1.1" 200 1927 "-" "curl/7.68.0"
8.8.8.8 - - [08/Nov/2025:00:48:32 +0000] "DELETE /images/logo.png HTTP/1.1" 404 8133 "-" "Mozilla/5.0 (X11; Linux x86_64) Firefox/120.0"
10.0.0.1 - - [12/Jan/2025:16:03:46 +0000] "PUT /products HTTP/1.1" 200 9447 "-" "Mozilla/5.0 (Macintosh; Intel Mac OS X 10_15_7) Safari/537.36"
172.16.0.1 - - [15/Oct/2025:11:34:29 +0000] "GET /admin HTTP/1.1" 200 3042 "-" "Mozilla/5.0 (Windows NT 10.0; Win64; x64) Chrome/120.0.0.0"
10.0.0.1 - - [02/Feb/2024:01:01:34 +0000] "POST /products HTTP/1.1" 301 9379 "-" "Mozilla/5.0 (Macintosh; Intel Mac OS X 10_15_7) Safari/537.36"
192.168.1.1 - - [17/Jun/2024:16:53:25 +0000] "DELETE /images/logo.png HTTP/1.1" 200 6579 "-" "Mozilla/5.0 (Macintosh; Intel Mac OS X 10_15_7) Safari/537.36"
192.168.1.1 - - [27/Oct/2025:08:41:31 +0000] "POST /admin HTTP/1.1" 200 4850 "-" "curl/7.68.0"
172.16.0.1 - - [10/Oct/2024:06:14:55 +0000] "POST /cart HTTP/1.1" 200 3788 "-" "curl/7.68.0"
172.16.0.1 - - [07/Jan/2024:17:50:27 +0000] "DELETE /about HTTP/1.1" 404 6411 "-" "Mozilla/5.0 (X11; Linux x86_64) Firefox/120.0"
172.16.0.1 - - [04/Oct/2025:18:51:04 +0000] "POST /products HTTP/1.1" 200 2088 "-" "Mozilla/5.0 (Macintosh; Intel Mac OS X 10_15_7) Safari/537.36"
8.8.8.8 - - [20/Feb/2025:10:50:14 +0000] "POST /images/logo.png HTTP/1.1" 200 2831 "-" "Mozilla/5.0 (Windows NT 10.0; Win64; x64) Chrome/120.0.0.0"
192.168.1.1 - - [25/May/2025:07:50:23 +0000] "GET /products HTTP/1.1" 200 3180 "-" "Mozilla/5.0 (Windows NT 10.0; Win64; x64) Chrome/120.0.0.0"
10.0.0.1 - - [10/Dec/2024:20:26:18 +0000] "POST /index.html HTTP/1.1" 200 1485 "-" "Mozilla/5.0 (Macintosh; Intel Mac OS X 10_15_7) Safari/537.36"
172.16.0.1 - - [26/Jun/2024:22:22:47 +0000] "PUT /images/logo.png HTTP/1.1" 301 2416 "-" "Mozilla/5.0 (Windows NT 10.0; Win64; x64) Chrome/120.0.0.0"
10.0.0.1 - - [27/Oct/2025:03:56:30 +0000] "PUT /index.html HTTP/1.1" 200 8725 "-" "Mozilla/5.0 (Macintosh; Intel Mac OS X 10_15_7) Safari/537.36"
10.0.0.1 - - [17/Aug/2025:22:55:57 +0000] "POST /admin HTTP/1.1" 404 7513 "-" "Mozilla/5.0 (X11; Linux x86_64) Firefox/120.0"
10.0.0.1 - - [02/Feb/2024:12:53:15 +0000] "DELETE /products HTTP/1.1" 200 1460 "-" "Mozilla/5.0 (iPhone; CPU iPhone OS 17_0 like Mac OS X)"
192.168.1.1 - - [02/Jul/2025:08:14:42 +0000] "PUT /index.html HTTP/1.1" 200 1516 "-" "curl/7.68.0"
10.0.0.1 - - [09/Jul/2024:22:44:08 +0000] "PUT /products HTTP/1.1" 200 4944 "-" "Mozilla/5.0 (Windows NT 10.0; Win64; x64) Chrome/120.0.0.0"
192.168.1.1 - - [21/Jun/2025:15:00:05 +0000] "GET /api/users HTTP/1.1" 200 3030 "-" "Mozilla/5.0 (iPhone; CPU iPhone OS 17_0 like Mac OS X)"
8.8.8.8 - - [19/May/2024:18:28:42 +0000] "GET /about HTTP/1.1" 301 864 "-" "Mozilla/5.0 (Macintosh; Intel Mac OS X 10_15_7) Safari/537.36"
192.168.1.1 - - [25/Dec/2024:01:20:42 +0000] "DELETE /index.html HTTP/1.1" 200 7273 "-" "Mozilla/5.0 (iPhone; CPU iPhone OS 17_0 like Mac OS X)"
1.1.1.1 - - [25/Jun/2025:15:55:14 +0000] "DELETE /about HTTP/1.1" 200 5952 "-" "Mozilla/5.0 (iPhone; CPU iPhone OS 17_0 like Mac OS X)"
10.0.0.1 - - [07/Nov/2025:18:46:56 +0000] "DELETE /products HTTP/1.1" 301 8937 "-" "Mozilla/5.0 (Windows NT 10.0; Win64; x64) Chrome/120.0.0.0"
10.0.0.1 - - [17/Feb/2025:02:57:27 +0000] "GET /admin HTTP/1.1" 200 4676 "-" "curl/7.68.0"
192.168.1.1 - - [18/Sep/2025:22:54:06 +0000] "GET /index.html HTTP/1.1" 200 5696 "-" "Mozilla/5.0 (iPhone; CPU iPhone OS 17_0 like Mac OS X)"
172.16.0.1 - - [13/Sep/2025:03:20:57 +0000] "DELETE /admin HTTP/1.1" 404 2856 "-" "Mozilla/5.0 (X11; Linux x86_64) Firefox/120.0"
10.0.0.1 - - [15/Apr/2025:14:58:11 +0000] "PUT /api/users HTTP/1.1" 200 2073 "-" "Mozilla/5.0 (iPhone; CPU iPhone OS 17_0 like Mac OS X)"
1.1.1.1 - - [25/Oct/2025:15:32:55 +0000] "POST /index.html HTTP/1.1" 404 5079 "-" "Mozilla/5.0 (Windows NT 10.0; Win64; x64) Chrome/120.0.0.0"
10.0.0.1 - - [25/Aug/2024:22:22:07 +0000] "PUT /products HTTP/1.1" 500 4291 "-" "Mozilla/5.0 (X11; Linux x86_64) Firefox/120.0"
192.168.1.1 - - [01/Sep/2024:03:53:54 +0000] "PUT /images/logo.png HTTP/1.1" 200 7640 "-" "Mozilla/5.0 (iPhone; CPU iPhone OS 17_0 like Mac OS X)"
10.0.0.1 - - [14/Jun/2025:09:47:08 +0000] "GET /cart HTTP/1.1" 301 7071 "-" "Mozilla/5.0 (Windows NT 10.0; Win64; x64) Chrome/120.0.0.0"
1.1.1.1 - - [07/Jun/2025:19:28:13 +0000] "DELETE /api/users HTTP/1.1" 200 7802 "-" "Mozilla/5.0 (X11; Linux x86_64) Firefox/120.0"
8.8.8.8 - - [12/Oct/2024:21:52:28 +0000] "PUT /index.html HTTP/1.1" 200 8485 "-" "Mozilla/5.0 (Macintosh; Intel Mac OS X 10_15_7) Safari/537.36"
172.16.0.1 - - [07/Jun/2024:20:39:54 +0000] "PUT /admin HTTP/1.1" 404 3099 "-" "Mozilla/5.0 (iPhone; CPU iPhone OS 17_0 like Mac OS X)"
172.16.0.1 - - [28/Feb/2025:01:30:12 +0000] "PUT /admin HTTP/1.1" 200 3527 "-" "Mozilla/5.0 (iPhone; CPU iPhone OS 17_0 like Mac OS X)"
1.1.1.1 - - [15/Jun/2025:12:26:50 +0000] "POST /images/logo.png HTTP/1.1" 200 9807 "-" "Mozilla/5.0 (iPhone; CPU iPhone OS 17_0 like Mac OS X)"
192.168.1.1 - - [03/Oct/2025:05:43:09 +0000] "PUT /cart HTTP/1.1" 200 3498 "-" "curl/7.68.0"
1.1.1.1 - - [03/Apr/2024:05:13:09 +0000] "POST /images/logo.png HTTP/1.1" 200 4144 "-" "curl/7.68.0"
8.8.8.8 - - [07/Jun/2024:19:40:55 +0000] "POST /about HTTP/1.1" 500 4625 "-" "Mozilla/5.0 (iPhone; CPU iPhone OS 17_0 like Mac OS X)"
10.0.0.1 - - [01/May/2024:16:17:19 +0000] "PUT /api/users HTTP/1.1" 200 2857 "-" "Mozilla/5.0 (Windows NT 10.0; Win64; x64) Chrome/120.0.0.0"
172.16.0.1 - - [26/Jul/2024:03:18:25 +0000] "GET /products HTTP/1.1" 200 3330 "-" "Mozilla/5.0 (Macintosh; Intel Mac OS X 10_15_7) Safari/537.36"
8.8.8.8 - - [21/Oct/2024:22:46:25 +0000] "POST /about HTTP/1.1" 200 6227 "-" "Mozilla/5.0 (Windows NT 10.0; Win64; x64) Chrome/120.0.0.0"
10.0.0.1 - - [20/Dec/2025:10:36:47 +0000] "DELETE /api/users HTTP/1.1" 200 7769 "-" "Mozilla/5.0 (X11; Linux x86_64) Firefox/120.0"
10.0.0.1 - - [27/Mar/2024:20:01:00 +0000] "PUT /admin HTTP/1.1" 200 8011 "-" "Mozilla/5.0 (X11; Linux x86_64) Firefox/120.0"
172.16.0.1 - - [18/Jul/2024:23:19:45 +0000] "DELETE /products HTTP/1.1" 200 1649 "-" "curl/7.68.0"
1.1.1.1 - - [19/Dec/2024:17:24:59 +0000] "GET /about HTTP/1.1" 301 474 "-" "Mozilla/5.0 (iPhone; CPU iPhone OS 17_0 like Mac OS X)"
1.1.1.1 - - [09/Sep/2025:13:42:30 +0000] "GET /images/logo.png HTTP/1.1" 200 610 "-" "Mozilla/5.0 (Windows NT 10.0; Win64; x64) Chrome/120.0.0.0"
8.8.8.8 - - [26/Sep/2025:05:27:53 +0000] "DELETE /admin HTTP/1.1" 200 2887 "-" "Mozilla/5.0 (iPhone; CPU iPhone OS 17_0 like Mac OS X)"
172.16.0.1 - - [22/Aug/2025:06:27:32 +0000] "GET /cart HTTP/1.1" 200 1229 "-" "Mozilla/5.0 (X11; Linux x86_64) Firefox/120.0"
172.16.0.1 - - [18/Sep/2024:09:29:17 +0000] "POST /images/logo.png HTTP/1.1" 500 4722 "-" "curl/7.68.0"
172.16.0.1 - - [26/Jul/2025:16:04:33 +0000] "GET /images/logo.png HTTP/1.1" 200 7562 "-" "curl/7.68.0"
8.8.8.8 - - [07/Feb/2025:17:52:48 +0000] "DELETE /cart HTTP/1.1" 200 5530 "-" "Mozilla/5.0 (iPhone; CPU iPhone OS 17_0 like Mac OS X)"
172.16.0.1 - - [11/May/2024:15:36:54 +0000] "POST /products HTTP/1.1" 200 8805 "-" "Mozilla/5.0 (X11; Linux x86_64) Firefox/120.0"
192.168.1.1 - - [06/Dec/2025:22:06:44 +0000] "GET /cart HTTP/1.1" 500 8822 "-" "Mozilla/5.0 (X11; Linux x86_64) Firefox/120.0"
172.16.0.1 - - [07/Jan/2025:14:19:16 +0000] "GET /api/users HTTP/1.1" 301 5045 "-" "Mozilla/5.0 (X11; Linux x86_64) Firefox/120.0"
172.16.0.1 - - [09/May/2025:20:19:48 +0000] "POST /products HTTP/1.1" 404 7244 "-" "Mozilla/5.0 (X11; Linux x86_64) Firefox/120.0"
172.16.0.1 - - [07/Mar/2024:15:55:03 +0000] "DELETE /about HTTP/1.1" 200 7342 "-" "curl/7.68.0"
10.0.0.1 - - [06/Apr/2025:16:38:39 +0000] "POST /index.html HTTP/1.1" 301 8529 "-" "Mozilla/5.0 (X11; Linux x86_64) Firefox/120.0"
8.8.8.8 - - [28/Feb/2025:04:23:32 +0000] "POST /about HTTP/1.1" 200 4464 "-" "Mozilla/5.0 (iPhone; CPU iPhone OS 17_0 like Mac OS X)"
8.8.8.8 - - [15/Jun/2025:16:54:54 +0000] "GET /admin HTTP/1.1" 404 8485 "-" "Mozilla/5.0 (Windows NT 10.0; Win64; x64) Chrome/120.0.0.0"
192.168.1.1 - - [01/Sep/2024:20:24:16 +0000] "POST /products HTTP/1.1" 301 3823 "-" "Mozilla/5.0 (Windows NT 10.0; Win64; x64) Chrome/120.0.0.0"
192.168.1.1 - - [13/Jul/2024:00:54:27 +0000] "DELETE /about HTTP/1.1" 200 9122 "-" "Mozilla/5.0 (Macintosh; Intel Mac OS X 10_15_7) Safari/537.36"
172.16.0.1 - - [09/Jul/2024:09:49:03 +0000] "PUT /api/users HTTP/1.1" 500 1975 "-" "Mozilla/5.0 (iPhone; CPU iPhone OS 17_0 like Mac OS X)"
172.16.0.1 - - [22/Jan/2024:14:49:42 +0000] "GET /index.html HTTP/1.1" 404 1144 "-" "Mozilla/5.0 (X11; Linux x86_64) Firefox/120.0"
192.168.1.1 - - [02/Feb/2024:22:23:48 +0000] "DELETE /about HTTP/1.1" 200 5957 "-" "Mozilla/5.0 (X11; Linux x86_64) Firefox/120.0"
192.168.1.1 - - [11/Nov/2025:18:23:29 +0000] "POST /admin HTTP/1.1" 200 225 "-" "Mozilla/5.0 (iPhone; CPU iPhone OS 17_0 like Mac OS X)"
1.1.1.1 - - [08/Feb/2025:22:12:26 +0000] "GET /images/logo.png HTTP/1.1" 200 3638 "-" "Mozilla/5.0 (iPhone; CPU iPhone OS 17_0 like Mac OS X)"
1.1.1.1 - - [04/Apr/2024:16:29:42 +0000] "POST /index.html HTTP/1.1" 200 1644 "-" "Mozilla/5.0 (X11; Linux x86_64) Firefox/120.0"
10.0.0.1 - - [26/Mar/2024:17:57:51 +0000] "DELETE /index.html HTTP/1.1" 500 8262 "-" "curl/7.68.0"
192.168.1.1 - - [26/Aug/2025:02:52:53 +0000] "DELETE /products HTTP/1.1" 301 1437 "-" "Mozilla/5.0 (iPhone; CPU iPhone OS 17_0 like Mac OS X)"
1.1.1.1 - - [21/Jun/2024:18:10:14 +0000] "PUT /images/logo.png HTTP/1.1" 301 4399 "-" "Mozilla/5.0 (Windows NT 10.0; Win64; x64) Chrome/120.0.0.0"
8.8.8.8 - - [26/Sep/2024:03:25:51 +0000] "POST /about HTTP/1.1" 301 9327 "-" "Mozilla/5.0 (Windows NT 10.0; Win64; x64) Chrome/120.0.0.0"
8.8.8.8 - - [05/Apr/2024:05:20:31 +0000] "POST /admin HTTP/1.1" 200 6596 "-" "Mozilla/5.0 (Windows NT 10.0; Win64; x64) Chrome/120.0.0.0"
192.168.1.1 - - [15/May/2025:00:22:21 +0000] "DELETE /index.html HTTP/1.1" 301 2319 "-" "Mozilla/5.0 (Windows NT 10.0; Win64; x64) Chrome/120.0.0.0"
8.8.8.8 - - [05/Apr/2025:20:46:48 +0000] "GET /about HTTP/1.1" 404 3617 "-" "curl/7.68.0"
10.0.0.1 - - [05/Mar/2025:12:19:53 +0000] "PUT /about HTTP/1.1" 404 5909 "-" "curl/7.68.0"
1.1.1.1 - - [02/Aug/2025:08:59:13 +0000] "PUT /cart HTTP/1.1" 200 9509 "-" "curl/7.68.0"
