1.1.1.1 - - [16/Nov/2025:10:14:28 +0000] "GET /images/logo.png HTTP/1.1" 301 1641 "-" "Mozilla/5.0 (X11; Linux x86_64) Firefox/120.0"
1.1.1.1 - - [12/Aug/2025:18:44:01 +0000] "DELETE /images/logo.png HTTP/1.1" 200 2586 "-" "Mozilla/5.0 (iPhone; CPU iPhone OS 17_0 like Mac OS X)"
192.168.1.1 - - [02/Jun/2024:05:51:32 +0000] "PUT /about HTTP/1.1" 301 10004 "-" "Mozilla/5.0 (Windows NT 10.0; Win64; x64) Chrome/120.0.0.0"
8.8.8.8 - - [03/Jun/2025:19:42:08 +0000] "GET /cart HTTP/1.1" 200 5059 "-" "Mozilla/5.0 (X11; Linux x86_64) Firefox/120.0"
1.1.1.1 - - [05/Apr/2025:13:59:22 +0000] "DELETE /admin HTTP/1.1" 200 6111 "-" "Mozilla/5.0 (Macintosh; Intel Mac OS X 10_15_7) Safari/537.36"
1.1.1.1 - - [15/Jun/2025:10:57:33 +0000] "PUT /products HTTP/1.1" 500 3599 "-" "Mozilla/5.0 (iPhone; CPU iPhone OS 17_0 like Mac OS X)"
10.0.0.1 - - [25/Oct/2024:07:36:46 +0000] "GET /about HTTP/1.1" 200 4034 "-" "Mozilla/5.0 (Windows NT 10.0; Win64; x64) Chrome/120.0.0.0"
1.1.1.1 - - [24/Sep/2024:04:10:20 +0000] "POST /admin HTTP/1.1" 200 4400 "-" "curl/7.68.0"
192.168.1.1 - - [28/Jan/2025:23:41:48 +0000] "GET /index.html HTTP/1.1" 200 3514 "-" "Mozilla/5.0 (iPhone; CPU iPhone OS 17_0 like Mac OS X)"
192.168.1.1 - - [07/Nov/2024:03:18:57 +0000] "POST /cart HTTP/1.1" 200 7481 "-" "Mozilla/5.0 (X11; Linux x86_64) Firefox/120.0"
10.0.0.1 - - [28/Aug/2025:13:50:44 +0000] "POST /admin HTTP/1.1" 200 8927 "-" "Mozilla/5.0 (Macintosh; Intel Mac OS X 10_15_7) Safari/537.36"
192.168.1.1 - - [19/Jul/2025:08:37:36 +0000] "POST /about HTTP/1.1" 301 3972 "-" "Mozilla/5.0 (X11; Linux x86_64) Firefox/120.0"
172.16.0.1 - - [27/Apr/2025:19:59:42 +0000] "POST /index.html HTTP/1.1" 200 3055 "-" "curl/7.68.0"
8.8.8.8 - - [13/Jul/2024:13:16:52 +0000] "PUT /products HTTP/1.1" 404 5887 "-" "Mozilla/5.0 (Macintosh; Intel Mac OS X 10_15_7) Safari/537.36"
192.168.1.1 - - [14/Nov/2024:23:03:49 +0000] "PUT /products HTTP/1.1" 200 6955 "-" "Mozilla/5.0 (iPhone; CPU iPhone OS 17_0 like Mac OS X)"
172.16.0.1 - - [26/Dec/2025:20:26:21 +0000] "GET /products HTTP/1.1" 200 3836 "-" "curl/7.68.0"
10.0.0.1 - - [24/Oct/2025:15:55:49 +0000] "PUT /images/logo.png HTTP/1.1" 200 1366 "-" "Mozilla/5.0 (Macintosh; Intel Mac OS X 10_15_7) Safari/537.36"
192.168.1.1 - - [01/Jul/2025:15:09:56 +0000] "PUT /index.html HTTP/1.1" 404 8767 "-" "Mozilla/5.0 (X11; Linux x86_64) Firefox/120.0"
1.1.1.1 - - [18/Sep/2024:09:58:47 +0000] "PUT /admin HTTP/1.1" 200 7638 "-" "Mozilla/5.0 (Windows NT 10.0; Win64; x64) Chrome/120.0.0.0"
8.8.8.8 - - [20/Aug/2024:17:41:24 +0000] "PUT /images/logo.png HTTP/1.1" 200 5231 "-" "Mozilla/5.0 (Macintosh; Intel Mac OS X 10_15_7) Safari/537.36"
10.0.0.1 - - [14/Jan/2024:18:18:43 +0000] "PUT /index.html HTTP/1.1" 200 1036 "-" "Mozilla/5.0 (Macintosh; Intel Mac OS X 10_15_7) Safari/537.36"
192.168.1.1 - - [20/May/2025:13:16:58 +0000] "GET /admin HTTP/1.1" 301 7494 "-" "Mozilla/5.0 (iPhone; CPU iPhone OS 17_0 like Mac OS X)"
8.8.8.8 - - [11/Jul/2024:21:35:37 +0000] "GET /cart HTTP/1.1" 200 4619 "-" "Mozilla/5.0 (Macintosh; Intel Mac OS X 10_15_7) Safari/537.36"
1.1.1.1 - - [08/Nov/2025:23:26:47 +0000] "PUT /index.html HTTP/1.1" 200 2185 "-" "Mozilla/5.0 (Windows NT 10.0; Win64; x64) Chrome/120.0.0.0"
1.1.1.1 - - [27/Jan/2025:22:40:52 +0000] "GET /cart HTTP/1.1" 200 1411 "-" "Mozilla/5.0 (iPhone; CPU iPhone OS 17_0 like Mac OS X)"
192.168.1.1 - - [07/Mar/2025:16:15:32 +0000] "PUT /about HTTP/1.1" 301 1700 "-" "Mozilla/5.0 (iPhone; CPU iPhone OS 17_0 like Mac OS X)"
10.0.0.1 - - [05/Feb/2025:04:31:51 +0000] "POST /about HTTP/1.1" 200 8070 "-" "Mozilla/5.0 (Windows NT 10.0; Win64; x64) Chrome/120.0.0.0"
1.1.1.1 - - [08/Dec/2024:10:42:25 +0000] "GET /index.html HTTP/1.1" 500 7783 "-" "Mozilla/5.0 (X11; Linux x86_64) Firefox/120.0"
8.8.8.8 - - [28/Oct/2024:16:47:22 +0000] "PUT /admin HTTP/1.1" 200 1826 "-" "Mozilla/5.0 (iPhone; CPU iPhone OS 17_0 like Mac OS X)"
1.1.1.1 - - [28/Apr/2025:01:11:18 +0000] "DELETE /index.html HTTP/1.1" 200 3128 "-" "Mozilla/5.0 (Windows NT 10.0; Win64; x64) Chrome/120.0.0.0"
192.168.1.1 - - [19/May/2025:09:18:54 +0000] "DELETE /images/logo.png HTTP/1.1" 301 3485 "-" "Mozilla/5.0 (X11; Linux x86_64) Firefox/120.0"
8.8.8.8 - - [11/Feb/2025:21:43:49 +0000] "PUT /cart HTTP/1.1" 301 6319 "-" "curl/7.68.0"
192.168.1.1 - - [28/Sep/2025:08:06:03 +0000] "DELETE /about HTTP/1.1" 301 5744 "-" "curl/7.68.0"
8.8.8.8 - - [04/Jan/2024:00:19:26 +0000] "PUT /index.html HTTP/1.1" 200 8402 "-" "curl/7.68.0"
1.1.1.1 - - [02/Mar/2024:18:37:57 +0000] "GET /cart HTTP/1.1" 404 3973 "-" "Mozilla/5.0 (iPhone; CPU iPhone OS 17_0 like Mac OS X)"
10.0.0.1 - - [17/Sep/2025:14:21:15 +0000] "PUT /admin HTTP/1.1" 200 9962 "-" "Mozilla/5.0 (Macintosh; Intel Mac OS X 10_15_7) Safari/537.36"
8.8.8.8 - - [18/Nov/2025:00:23:45 +0000] "POST /admin HTTP/1.1" 200 1388 "-" "curl/7.68.0"
172.16.0.1 - - [12/Oct/2025:18:12:54 +0000] "PUT /about HTTP/1.1" 301 9976 "-" "Mozilla/5.0 (iPhone; CPU iPhone OS 17_0 like Mac OS X)"
10.0.0.1 - - [17/Feb/2024:04:23:35 +0000] "DELETE /about HTTP/1.1" 200 10021 "-" "Mozilla/5.0 (iPhone; CPU iPhone OS 17_0 like Mac OS X)"
172.16.0.1 - - [09/Jan/2025:02:32:07 +0000] "GET /cart HTTP/1.1" 301 3752 "-" "Mozilla/5.0 (iPhone; CPU iPhone OS 17_0 like Mac OS X)"
10.0.0.1 - - [23/Dec/2025:13:31:30 +0000] "DELETE /products HTTP/1.1" 301 7183 "-" "Mozilla/5.0 (Macintosh; Intel Mac OS X 10_15_7) Safari/537.36"
1.1.1.1 - - [26/May/2025:17:25:23 +0000] "DELETE /cart HTTP/1.1" 200 2743 "-" "Mozilla/5.0 (iPhone; CPU iPhone OS 17_0 like Mac OS X)"
8.8.8.8 - - [04/Mar/2025:12:48:51 +0000] "POST /index.html HTTP/1.1" 404 5459 "-" "Mozilla/5.0 (Windows NT 10.0; Win64; x64) Chrome/120.0.0.0"
192.168.1.1 - - [16/Jun/2024:16:25:25 +0000] "GET /index.html HTTP/1.1" 200 3372 "-" "Mozilla/5.0 (Macintosh; Intel Mac OS X 10_15_7) Safari/537.36"
172.16.0.1 - - [06/Mar/2025:21:36:45 +0000] "DELETE /about HTTP/1.1" 200 7365 "-" "Mozilla/5.0 (X11; Linux x86_64) Firefox/120.0"
192.168.1.1 - - [15/Jan/2024:05:11:36 +0000] "PUT /images/logo.png HTTP/1.1" 200 3741 "-" "curl/7.68.0"
10.0.0.1 - - [07/Nov/2024:09:22:01 +0000] "DELETE /index.html HTTP/1.1" 301 6927 "-" "Mozilla/5.0 (Macintosh; Intel Mac OS X 10_15_7) Safari/537.36"
1.1.1.1 - - [07/Sep/2024:18:59:35 +0000] "PUT /images/logo.png HTTP/1.1" 200 3527 "-" "Mozilla/5.0 (iPhone; CPU iPhone OS 17_0 like Mac OS X)"
1.1.1.1 - - [15/Oct/2025:19:08:58 +0000] "POST /api/users HTTP/1.1" 200 7796 "-" "Mozilla/5.0 (Macintosh; Intel Mac OS X 10_15_7) Safari/537.36"
10.0.0.1 - - [11/May/2025:01:59:40 +0000] "GET /admin HTTP/1.1" 500 6324 "-" "Mozilla/5.0 (Windows NT 10.0; Win64; x64) Chrome/120.0.0.0"
8.8.8.8 - - [23/Nov/2025:06:55:49 +0000] "GET /index.html HTTP/1.1" 500 2808 "-" "curl/7.68.0"
10.0.0.1 - - [23/Jan/2024:11:35:48 +0000] "DELETE /cart HTTP/1.1" 200 1304 "-" "Mozilla/5.0 (X11; Linux x86_64) Firefox/120.0"
192.168.1.1 - - [02/Aug/2025:03:29:12 +0000] "GET /images/logo.png HTTP/1.1" 500 4670 "-" "Mozilla/5.0 (Macintosh; Intel Mac OS X 10_15_7) Safari/537.36"
192.168.1.1 - - [12/Jan/2025:22:19:49 +0000] "DELETE /products HTTP/1.1" 200 4479 "-" "curl/7.68.0"
1.1.1.1 - - [16/Oct/2024:21:12:02 +0000] "GET /cart HTTP/1.1" 200 6278 "-" "Mozilla/5.0 (iPhone; CPU iPhone OS 17_0 like Mac OS X)"
192.168.1.1 - - [02/May/2025:21:02:59 +0000] "PUT /index.html HTTP/1.1" 200 3826 "-" "Mozilla/5.0 (X11; Linux x86_64) Firefox/120.0"
1.1.1.1 - - [20/May/2025:12:32:33 +0000] "DELETE /admin HTTP/1.1" 200 9218 "-" "Mozilla/5.0 (Windows NT 10.0; Win64; x64) Chrome/120.0.0.0"
1.1.1.1 - - [09/Nov/2024:08:49:51 +0000] "POST /products HTTP/1.1" 200 10039 "-" "curl/7.68.0"
172.16.0.1 - - [21/Sep/2024:19:51:36 +0000] "POST /api/users HTTP/1.1" 200 1338 "-" "curl/7.68.0"
8.8.8.8 - - [27/Nov/2024:23:12:35 +0000] "PUT /about HTTP/1.1" 200 5885 "-" "Mozilla/5.0 (Macintosh; Intel Mac OS X 10_15_7) Safari/537.36"
172.16.0.1 - - [13/Jul/2024:15:20:00 +0000] "PUT /cart HTTP/1.1" 200 1659 "-" "Mozilla/5.0 (Macintosh; Intel Mac OS X 10_15_7) Safari/537.36"
1.1.1.1 - - [14/Nov/2025:17:49:11 +0000] "POST /products HTTP/1.1" 200 7157 "-" "Mozilla/5.0 (Macintosh; Intel Mac OS X 10_15_7) Safari/537.36"
1.1.1.1 - - [27/Feb/2025:12:51:17 +0000] "POST /about HTTP/1.1" 500 4234 "-" "Mozilla/5.0 (Macintosh; Intel Mac OS X 10_15_7) Safari/537.36"
172.16.0.1 - - [16/Oct/2024:17:57:35 +0000] "PUT /images/logo.png HTTP/1.1" 404 4286 "-" "Mozilla/5.0 (Windows NT 10.0; Win64; x64) Chrome/120.0.0.0"
172.16.0.1 - - [11/Jan/2025:19:45:08 +0000] "PUT /admin HTTP/1.1" 200 3890 "-" "curl/7.68.0"
10.0.0.1 - - [03/Mar/2025:00:25:31 +0000] "POST /api/users HTTP/1.1" 200 7294 "-" "Mozilla/5.0 (X11; Linux x86_64) Firefox/120.0"
172.16.0.1 - - [28/Mar/2025:20:02:58 +0000] "DELETE /about HTTP/1.1" 404 230 "-" "Mozilla/5.0 (X11; Linux x86_64) Firefox/120.0"
172.16.0.1 - - [02/Dec/2025:09:08:44 +0000] "DELETE /products HTTP/1.1" 301 7082 "-" "Mozilla/5.0 (Macintosh; Intel Mac OS X 10_15_7) Safari/537.36"
8.8.8.8 - - [24/May/2024:11:38:35 +0000] "DELETE /api/users HTTP/1.1" 500 6171 "-" "Mozilla/5.0 (iPhone; CPU iPhone OS 17_0 like Mac OS X)"
172.16.0.1 - - [22/May/2024:02:40:49 +0000] "DELETE /about HTTP/1.1" 500 1132 "-" "Mozilla/5.0 (Windows NT 10.0; Win64; x64) Chrome/120.0.0.0"
10.0.0.1 - - [07/Mar/2025:06:22:08 +0000] "PUT /api/users HTTP/1.1" 200 5129 "-" "Mozilla/5.0 (Macintosh; Intel Mac OS X 10_15_7) Safari/537.36"
10.0.0.1 - - [13/Oct/2025:15:14:59 +0000] "GET /api/users HTTP/1.1" 200 8811 "-" "Mozilla/5.0 (Macintosh; Intel Mac OS X 10_15_7) Safari/537.36"
192.168.1.1 - - [19/Nov/2025:10:15:40 +0000] "DELETE /images/logo.png HTTP/1.1" 500 1427 "-" "Mozilla/5.0 (X11; Linux x86_64) Firefox/120.0"
8.8.8.8 - - [21/Dec/2024:07:27:06 +0000] "GET /admin HTTP/1.1" 200 4399 "-" "Mozilla/5.0 (X11; Linux x86_64) Firefox/120.0"
8.8.8.8 - - [24/Jul/2025:09:02:38 +0000] "GET /products HTTP/1.1" 301 5912 "-" "Mozilla/5.0 (X11; Linux x86_64) Firefox/120.0"
172.16.0.1 - - [25/Jun/2025:16:15:16 +0000] "PUT /api/users HTTP/1.1" 200 5831 "-" "curl/7.68.0"
1.1.1.1 - - [23/Jun/2024:01:43:01 +0000] "DELETE /cart HTTP/1.1" 200 6602 "-" "Mozilla/5.0 (X11; Linux x86_64) Firefox/120.0"
8.8.8.8 - - [16/Dec/2025:06:05:28 +0000] "POST /admin HTTP/1.1" 404 4830 "-" "Mozilla/5.0 (Windows NT 10.0; Win64; x64) Chrome/120.0.0.0"
1.1.1.1 - - [07/May/2025:08:40:30 +0000] "GET /about HTTP/1.1" 301 7425 "-" "Mozilla/5.0 (Windows NT 10.0; Win64; x64) Chrome/120.0.0.0"
1.1.1.1 - - [13/Dec/2024:17:17:39 +0000] "POST /admin HTTP/1.1" 200 7743 "-" "Mozilla/5.0 (iPhone; CPU iPhone OS 17_0 like Mac OS X)"
192.168.1.1 - - [28/Aug/2025:11:41:20 +0000] "DELETE /cart HTTP/1.1" 301 3495 "-" "Mozilla/5.0 (Windows NT 10.0; Win64; x64) Chrome/120.0.0.0"
10.0.0.1 - - [06/Feb/2025:09:04:02 +0000] "POST /about HTTP/1.1" 200 866 "-" "Mozilla/5.0 (Windows NT 10.0; Win64; x64) Chrome/120.0.0.0"
172.16.0.1 - - [16/Feb/2025:10:30:31 +0000] "POST /about HTTP/1.1" 200 4780 "-" "Mozilla/5.0 (Macintosh; Intel Mac OS X 10_15_7) Safari/537.36"
172.16.0.1 - - [25/Nov/2024:02:53:48 +0000] "POST /products HTTP/1.1" 200 3088 "-" "Mozilla/5.0 (Windows NT 10.0; Win64; x64) Chrome/120.0.0.0"
192.168.1.1 - - [05/Jul/2025:08:41:49 +0000] "POST /index.html HTTP/1.1" 200 8091 "-" "Mozilla/5.0 (X11; Linux x86_64) Firefox/120.0"
172.16.0.1 - - [25/Aug/2024:02:44:13 +0000] "GET /products HTTP/1.1" 200 6773 "-" "Mozilla/5.0 (Windows NT 10.0; Win64; x64) Chrome/120.0.0.0"
1.1.1.1 - - [09/Jul/2025:11:01:57 +0000] "PUT /images/logo.png HTTP/1.1" 404 287 "-" "curl/7.68.0"
1.1.1.1 - - [08/Jun/2025:10:54:57 +0000] "DELETE /api/users HTTP/1.1" 404 6693 "-" "Mozilla/5.0 (Macintosh; Intel Mac OS X 10_15_7) Safari/537.36"
192.168.1.1 - - [18/Nov/2025:19:53:59 +0000] "PUT /api/users HTTP/1.1" 404 3752 "-" "Mozilla/5.0 (Windows NT 10.0; Win64; x64) Chrome/120.0.0.0"
1.1.1.1 - - [13/Jul/2024:04:37:55 +0000] "GET /about HTTP/1.1" 404 7417 "-" "curl/7.68.0"
172.16.0.1 - - [04/Dec/2025:01:19:07 +0000] "PUT /products HTTP/1.1" 200 869 "-" "Mozilla/5.0 (Windows NT 10.0; Win64; x64) Chrome/120.0.0.0"
192.168.1.1 - - [22/Dec/2024:04:45:56 +0000] "PUT /products HTTP/1.1" 301 6408 "-" "Mozilla/5.0 (Windows NT 10.0; Win64; x64) Chrome/120.0.0.0"
8.8.8.8 - - [20/Sep/2025:19:15:10 +0000] "GET /index.html HTTP/1.1" 200 7916 "-" "curl/7.68.0"
8.8.8.8 - - [02/Jan/2024:02:59:47 +0000] "GET /api/users HTTP/1.1" 301 1860 "-" "Mozilla/5.0 (Macintosh; Intel Mac OS X 10_15_7) Safari/537.36"
172.16.0.1 - - [26/Jul/2024:09:38:10 +0000] "DELETE /cart HTTP/1.1" 200 7352 "-" "curl/7.68.0"
1.1.1.1 - - [02/Aug/2025:00:17:12 +0000] "PUT /images/logo.png HTTP/1.1" 500 3010 "-" "Mozilla/5.0 (Windows NT 10.0; Win64; x64) Chrome/120.0.0.0"
8.8.8.8 - - [13/Feb/2025:21:56:14 +0000] "GET /index.html HTTP/1.1" 200 6741 "-" "Mozilla/5.0 (Macintosh; Intel Mac OS X 10_15_7) Safari/537.36"
172.16.0.1 - - [26/Jun/2024:17:18:26 +0000] "PUT /index.html HTTP/1.1" 500 2350 "-" "Mozilla/5.0 (X11; Linux x86_64) Firefox/120.0"
1.1.1.1 - - [11/Oct/2024:08:43:58 +0000] "POST /about HTTP/1.1" 404 1409 "-" "curl/7.68.0"
1.1.1.1 - - [28/Feb/2025:22:29:08 +0000] "DELETE /admin HTTP/1.1" 200 5777 "-" "Mozilla/5.0 (Windows NT 10.0; Win64; x64) Chrome/120.0.0.0"
1.1.1.1 - - [27/Mar/2025:19:34:27 +0000] "DELETE /api/users HTTP/1.1" 200 7226 "-" "Mozilla/5.0 (Windows NT 10.0; Win64; x64) Chrome/120.0.0.0"
8.8.8.8 - - [11/Mar/2025:18:19:34 +0000] "POST /images/logo.png HTTP/1.1" 301 2250 "-" "Mozilla/5.0 (Windows NT 10.0; Win64; x64) Chrome/120.0.0.0"
8.8.8.8 - - [24/Nov/2024:09:28:24 +0000] "PUT /products HTTP/1.1" 500 3657 "-" "Mozilla/5.0 (iPhone; CPU iPhone OS 17_0 like Mac OS X)"
10.0.0.1 - - [07/Jan/2024:06:30:07 +0000] "GET /products HTTP/1.1" 500 9954 "-" "Mozilla/5.0 (X11; Linux x86_64) Firefox/120.0"
192.168.1.1 - - [08/Jul/2024:13:57:11 +0000] "POST /images/logo.png HTTP/1.1" 200 888 "-" "Mozilla/5.0 (X11; Linux x86_64) Firefox/120.0"
10.0.0.1 - - [19/Oct/2025:12:28:54 +0000] "DELETE /products HTTP/1.1" 200 7600 "-" "curl/7.68.0"
10.0.0.1 - - [28/Oct/2024:08:56:12 +0000] "POST /cart HTTP/1.1" 200 7140 "-" "Mozilla/5.0 (Windows NT 10.0; Win64; x64) Chrome/120.0.0.0"
192.168.1.1 - - [11/Dec/2024:14:18:45 +0000] "GET /images/logo.png HTTP/1.1" 404 874 "-" "Mozilla/5.0 (X11; Linux x86_64) Firefox/120.0"
10.0.0.1 - - [09/Jul/2024:19:25:37 +0000] "GET /cart HTTP/1.1" 500 8373 "-" "Mozilla/5.0 (X11; Linux x86_64) Firefox/120.0"
10.0.0.1 - - [11/Feb/2024:06:09:59 +0000] "POST /products HTTP/1.1" 200 5607 "-" "Mozilla/5.0 (X11; Linux x86_64) Firefox/120.0"
1.1.1.1 - - [24/Jun/2025:01:58:58 +0000] "DELETE /index.html HTTP/1.1" 200 2637 "-" "Mozilla/5.0 (X11; Linux x86_64) Firefox/120.0"
172.16.0.1 - - [24/Sep/2024:16:21:21 +0000] "POST /index.html HTTP/1.1" 200 2931 "-" "curl/7.68.0"
10.0.0.1 - - [21/Dec/2025:12:38:42 +0000] "POST /admin HTTP/1.1" 404 6232 "-" "curl/7.68.0"
1.1.1.1 - - [28/Jan/2025:05:44:06 +0000] "PUT /about HTTP/1.1" 404 4293 "-" "Mozilla/5.0 (X11; Linux x86_64) Firefox/120.0"
10.0.0.1 - - [13/Nov/2025:16:05:55 +0000] "GET /cart HTTP/1.1" 404 4721 "-" "Mozilla/5.0 (Macintosh; Intel Mac OS X 10_15_7) Safari/537.36"
172.16.0.1 - - [06/May/2024:19:22:22 +0000] "DELETE /products HTTP/1.1" 301 2684 "-" "Mozilla/5.0 (Windows NT 10.0; Win64; x64) Chrome/120.0.0.0"
8.8.8.8 - - [08/Aug/2025:23:09:02 +0000] "PUT /products HTTP/1.1" 200 8288 "-" "Mozilla/5.0 (X11; Linux x86_64) Firefox/120.0"
192.168.1.1 - - [28/Nov/2025:02:14:17 +0000] "POST /index.html HTTP/1.1" 301 9542 "-" "Mozilla/5.0 (Windows NT 10.0; Win64; x64) Chrome/120.0.0.0"
172.16.0.1 - - [11/Nov/2025:22:42:37 +0000] "DELETE /about HTTP/1.1" 200 2600 "-" "Mozilla/5.0 (Macintosh; Intel Mac OS X 10_15_7) Safari/537.36"
1.1.1.1 - - [26/Oct/2024:02:12:46 +0000] "PUT /cart HTTP/1.1" 500 1847 "-" "curl/7.68.0"
10.0.0.1 - - [05/Jun/2025:07:48:58 +0000] "GET /index.html HTTP/1.1" 200 6916 "-" "Mozilla/5.0 (iPhone; CPU iPhone OS 17_0 like Mac OS X)"
172.16.0.1 - - [06/Aug/2024:20:27:04 +0000] "PUT /about HTTP/1.1" 200 3927 "-" "Mozilla/5.0 (Macintosh; Intel Mac OS X 10_15_7) Safari/537.36"
8.8.8.8 - - [12/Feb/2025:15:36:01 +0000] "POST /products HTTP/1.1" 404 5630 "-" "Mozilla/5.0 (Windows NT 10.0; Win64; x64) Chrome/120.0.0.0"
10.0.0.1 - - [19/Apr/2025:12:01:02 +0000] "GET /images/logo.png HTTP/1.1" 200 3447 "-" "Mozilla/5.0 (Macintosh; Intel Mac OS X 10_15_7) Safari/537.36"
192.168.1.1 - - [12/Jul/2024:13:57:13 +0000] "GET /images/logo.png HTTP/1.1" 404 8590 "-" "curl/7.68.0"
10.0.0.1 - - [15/Jul/2024:23:02:25 +0000] "DELETE /images/logo.png HTTP/1.1" 301 10081 "-" "Mozilla/5.0 (X11; Linux x86_64) Firefox/120.0"
10.0.0.1 - - [20/Jan/2024:04:46:58 +0000] "PUT /cart HTTP/1.1" 500 6180 "-" "Mozilla/5.0 (Macintosh; Intel Mac OS X 10_15_7) Safari/537.36"
192.168.1.1 - - [10/Jun/2025:18:45:24 +0000] "PUT /about HTTP/1.1" 200 8580 "-" "curl/7.68.0"
172.16.0.1 - - [14/Jun/2025:18:28:42 +0000] "PUT /api/users HTTP/1.1" 500 2043 "-" "Mozilla/5.0 (Windows NT 10.0; Win64; x64) Chrome/120.0.0.0"
10.0.0.1 - - [20/Jun/2024:21:27:30 +0000] "POST /admin HTTP/1.1" 200 5388 "-" "Mozilla/5.0 (iPhone; CPU iPhone OS 17_0 like Mac OS X)"
192.168.1.1 - - [25/Feb/2024:01:25:16 +0000] "POST /cart HTTP/1.1" 301 9519 "-" "curl/7.68.0"
8.8.8.8 - - [04/Apr/2025:01:12:42 +0000] "DELETE /about HTTP/1.1" 301 307 "-" "Mozilla/5.0 (Macintosh; Intel Mac OS X 10_15_7) Safari/537.36"
1.1.1.1 - - [06/Aug/2025:22:37:15 +0000] "GET /index.html HTTP/1.1" 200 2403 "-" "curl/7.68.0"
192.168.1.1 - - [27/Jul/2025:07:19:02 +0000] "POST /api/users HTTP/1.1" 404 3747 "-" "Mozilla/5.0 (Windows NT 10.0; Win64; x64) Chrome/120.0.0.0"
192.168.1.1 - - [02/Dec/2025:16:02:24 +0000] "DELETE /admin HTTP/1.1" 500 1893 "-" "curl/7.68.0"
10.0.0.1 - - [10/Aug/2024:22:35:03 +0000] "PUT /about HTTP/1.1" 404 8883 "-" "Mozilla/5.0 (Windows NT 10.0; Win64; x64) Chrome/120.0.0.0"
192.168.1.1 - - [27/Dec/2024:16:31:29 +0000] "GET /cart HTTP/1.1" 200 6039 "-" "Mozilla/5.0 (X11; Linux x86_64) Firefox/120.0"
8.8.8.8 - - [08/Oct/2025:02:08:24 +0000] "DELETE /images/logo.png HTTP/1.1" 200 9963 "-" "Mozilla/5.0 (Macintosh; Intel Mac OS X 10_15_7) Safari/537.36"
10.0.0.1 - - [22/Oct/2024:09:29:33 +0000] "GET /products HTTP/1.1" 404 205 "-" "Mozilla/5.0 (Macintosh; Intel Mac OS X 10_15_7) Safari/537.36"
172.16.0.1 - - [24/Dec/2025:03:05:51 +0000] "GET /api/users HTTP/1.1" 404 9717 "-" "Mozilla/5.0 (Windows NT 10.0; Win64; x64) Chrome/120.0.0.0"
10.0.0.1 - - [03/May/2025:11:47:06 +0000] "PUT /admin HTTP/1.1" 200 6264 "-" "Mozilla/5.0 (X11; Linux x86_64) Firefox/120.0"
8.8.8.8 - - [14/May/2024:14:51:33 +0000] "GET /about HTTP/1.1" 500 7406 "-" "Mozilla/5.0 (iPhone; CPU iPhone OS 17_0 like Mac OS X)"
172.16.0.1 - - [15/Aug/2025:20:16:32 +0000] "POST /images/logo.png HTTP/1.1" 200 4107 "-" "curl/7.68.0"
10.0.0.1 - - [01/Apr/2024:03:49:37 +0000] "GET /about HTTP/1.1" 301 3582 "-" "Mozilla/5.0 (X11; Linux x86_64) Firefox/120.0"
1.1.1.1 - - [23/Jun/2024:05:08:47 +0000] "GET /api/users HTTP/1.1" 200 1369 "-" "Mozilla/5.0 (Macintosh; Intel Mac OS X 10_15_7) Safari/537.36"
8.8.8.8 - - [04/Jun/2025:01:01:10 +0000] "DELETE /admin HTTP/1.1" 500 6226 "-" "Mozilla/5.0 (Windows NT 10.0; Win64; x64) Chrome/120.0.0.0"
172.16.0.1 - - [13/Jun/2025:12:48:23 +0000] "GET /about HTTP/1.1" 404 9159 "-" "Mozilla/5.0 (Windows NT 10.0; Win64; x64) Chrome/120.0.0.0"
192.168.1.1 - - [17/Jun/2024:10:58:32 +0000] "DELETE /images/logo.png HTTP/1.1" 200 1656 "-" "Mozilla/5.0 (Windows NT 10.0; Win64; x64) Chrome/120.0.0.0"
8.8.8.8 - - [18/Apr/2024:03:47:46 +0000] "DELETE /products HTTP/1.1" 200 2894 "-" "Mozilla/5.0 (iPhone; CPU iPhone OS 17_0 like Mac OS X)"
172.16.0.1 - - [18/May/2025:04:21:05 +0000] "GET /admin HTTP/1.1" 404 7463 "-" "Mozilla/5.0 (iPhone; CPU iPhone OS 17_0 like Mac OS X)"
1.1.1.1 - - [26/Jan/2025:11:43:36 +0000] "DELETE /admin HTTP/1.1" 200 6521 "-" "curl/7.68.0"
8.8.8.8 - - [07/Apr/2025:12:10:11 +0000] "PUT /images/logo.png HTTP/1.1" 301 4894 "-" "curl/7.68.0"
1.1.1.1 - - [13/Feb/2025:01:38:29 +0000] "DELETE /api/users HTTP/1.1" 200 2117 "-" "Mozilla/5.0 (Macintosh; Intel Mac OS X 10_15_7) Safari/537.36"
8.8.8.8 - - [23/Nov/2025:22:35:53 +0000] "PUT /api/users HTTP/1.1" 200 4231 "-" "Mozilla/5.0 (Windows NT 10.0; Win64; x64) Chrome/120.0.0.0"
192.168.1.1 - - [05/Oct/2024:06:42:29 +0000] "GET /index.html HTTP/1.1" 500 4669 "-" "Mozilla/5.0 (X11; Linux x86_64) Firefox/120.0"
1.1.1.1 - - [08/May/2025:15:35:39 +0000] "GET /admin HTTP/1.1" 200 5027 "-" "curl/7.68.0"
1.1.1.1 - - [22/Mar/2025:17:52:45 +0000] "DELETE /admin HTTP/1.1" 500 7135 "-" "curl/7.68.0"
10.0.0.1 - - [18/Jul/2024:16:21:15 +0000] "DELETE /about HTTP/1.1" 200 135 "-" "curl/7.68.0"
8.8.8.8 - - [18/Jan/2024:01:02:47 +0000] "POST /admin HTTP/1.1" 200 4553 "-" "Mozilla/5.0 (Macintosh; Intel Mac OS X 10_15_7) Safari/537.36"
1.1.1.1 - - [24/Aug/2024:15:48:25 +0000] "POST /index.html HTTP/1.1" 200 9864 "-" "Mozilla/5.0 (Macintosh; Intel Mac OS X 10_15_7) Safari/537.36"
172.16.0.1 - - [25/Sep/2025:08:24:45 +0000] "GET /cart HTTP/1.1" 301 6748 "-" "Mozilla/5.0 (Macintosh; Intel Mac OS X 10_15_7) Safari/537.36"
10.0.0.1 - - [03/Nov/2025:22:19:47 +0000] "GET /about HTTP/1.1" 301 3813 "-" "curl/7.68.0"
10.0.0.1 - - [09/Jun/2025:13:07:21 +0000] "PUT /about HTTP/1.1" 500 4719 "-" "Mozilla/5.0 (X11; Linux x86_64) Firefox/120.0"
1.1.1.1 - - [27/Apr/2025:04:28:23 +0000] "DELETE /index.html HTTP/1.1" 200 8225 "-" "Mozilla/5.0 (X11; Linux x86_64) Firefox/120.0"
10.0.0.1 - - [22/Jun/2024:10:10:52 +0000] "GET /cart HTTP/1.1" 500 2886 "-" "Mozilla/5.0 (X11; Linux x86_64) Firefox/120.0"
172.16.0.1 - - [14/Jun/2024:02:29:44 +0000] "GET /api/users HTTP/1.1" 200 7616 "-" "curl/7.68.0"
10.0.0.1 - - [02/May/2024:21:12:50 +0000] "DELETE /cart HTTP/1.1" 500 3920 "-" "Mozilla/5.0 (Macintosh; Intel Mac OS X 10_15_7) Safari/537.36"
8.8.8.8 - - [13/Oct/2025:20:22:14 +0000] "DELETE /cart HTTP/1.1" 200 4495 "-" "Mozilla/5.0 (Windows NT 10.0; Win64; x64) Chrome/120.0.0.0"
172.16.0.1 - - [11/May/2024:12:17:59 +0000] "PUT /index.html HTTP/1.1" 200 2196 "-" "Mozilla/5.0 (iPhone; CPU iPhone OS 17_0 like Mac OS X)"
192.168.1.1 - - [24/Jan/2025:23:12:20 +0000] "POST /about HTTP/1.1" 200 4967 "-" "Mozilla/5.0 (Windows NT 10.0; Win64; x64) Chrome/120.0.0.0"
192.168.1.1 - - [09/Sep/2025:23:15:50 +0000] "PUT /cart HTTP/1.1" 404 7999 "-" "Mozilla/5.0 (iPhone; CPU iPhone OS 17_0 like Mac OS X)"
1.1.1.1 - - [27/Dec/2024:21:01:21 +0000] "GET /api/users HTTP/1.1" 404 1827 "-" "Mozilla/5.0 (X11; Linux x86_64) Firefox/120.0"
192.168.1.1 - - [09/Aug/2024:07:09:11 +0000] "PUT /cart HTTP/1.1" 301 3506 "-" "Mozilla/5.0 (X11; Linux x86_64) Firefox/120.0"
172.16.0.1 - - [18/Apr/2024:21:57:25 +0000] "PUT /index.html HTTP/1.1" 200 719 "-" "Mozilla/5.0 (Macintosh; Intel Mac OS X 10_15_7) Safari/537.36"
1.1.1.1 - - [25/Sep/2024:20:47:20 +0000] "POST /images/logo.png HTTP/1.1" 200 6157 "-" "Mozilla/5.0 (X11; Linux x86_64) Firefox/120.0"
1.1.1.1 - - [17/Nov/2024:09:50:18 +0000] "POST /products HTTP/1.1" 404 8938 "-" "Mozilla/5.0 (Macintosh; Intel Mac OS X 10_15_7) Safari/537.36"
8.8.8.8 - - [14/Sep/2025:07:40:39 +0000] "POST /index.html HTTP/1.1" 500 9319 "-" "Mozilla/5.0 (Macintosh; Intel Mac OS X 10_15_7) Safari/537.36"
1.1.1.1 - - [21/Jul/2024:06:34:27 +0000] "PUT /about HTTP/1.1" 500 9248 "-" "curl/7.68.0"
8.8.8.8 - - [08/May/2024:22:42:56 +0000] "POST /api/users HTTP/1.1" 301 494 "-" "Mozilla/5.0 (X11; Linux x86_64) Firefox/120.0"
10.0.0.1 - - [03/Sep/2025:14:43:58 +0000] "PUT /index.html HTTP/1.1" 200 3582 "-" "Mozilla/5.0 (X11; Linux x86_64) Firefox/120.0"
10.0.0.1 - - [22/Feb/2025:07:46:27 +0000] "PUT /images/logo.png HTTP/1.1" 200 1825 "-" "Mozilla/5.0 (Windows NT 10.0; Win64; x64) Chrome/120.0.0.0"
1.1.1.1 - - [27/Nov/2024:02:46:47 +0000] "POST /index.html HTTP/1.1" 301 7261 "-" "Mozilla/5.0 (iPhone; CPU iPhone OS 17_0 like Mac OS X)"
172.16.0.1 - - [28/Apr/2024:06:15:46 +0000] "PUT /admin HTTP/1.1" 200 6815 "-" "Mozilla/5.0 (Windows NT 10.0; Win64; x64) Chrome/120.0.0.0"
1.1.1.1 - - [23/Aug/2025:22:07:55 +0000] "DELETE /admin HTTP/1.1" 404 6335 "-" "Mozilla/5.0 (Macintosh; Intel Mac OS X 10_15_7) Safari/537.36"
8.8.8.8 - - [18/Jan/2025:19:53:59 +0000] "POST /api/users HTTP/1.1" 500 1731 "-" "curl/7.68.0"
10.0.0.1 - - [05/Apr/2025:13:25:46 +0000] "GET /index.html HTTP/1.1" 404 9960 "-" "curl/7.68.0"
172.16.0.1 - - [23/Oct/2024:17:26:36 +0000] "POST /cart HTTP/1.1" 404 4599 "-" "Mozilla/5.0 (Windows NT 10.0; Win64; x64) Chrome/120.0.0.0"
172.16.0.1 - - [02/Aug/2025:18:31:31 +0000] "PUT /index.html HTTP/1.1" 200 9451 "-" "curl/7.68.0"
192.168.1.1 - - [13/May/2025:17:02:16 +0000] "POST /products HTTP/1.1" 404 8651 "-" "Mozilla/5.0 (Macintosh; Intel Mac OS X 10_15_7) Safari/537.36"
172.16.0.1 - - [15/Aug/2024:06:53:42 +0000] "PUT /api/users HTTP/1.1" 301 6903 "-" "Mozilla/5.0 (X11; Linux x86_64) Firefox/120.0"
192.168.1.1 - - [16/Jun/2024:03:11:20 +0000] "POST /index.html HTTP/1.1" 500 8652 "-" "Mozilla/5.0 (Windows NT 10.0; Win64; x64) Chrome/120.0.0.0"
1.1.1.1 - - [22/Mar/2024:00:50:24 +0000] "GET /index.html HTTP/1.1" 404 5313 "-" "Mozilla/5.0 (Macintosh; Intel Mac OS X 10_15_7) Safari/537.36"
172.16.0.1 - - [17/Mar/2024:02:05:30 +0000] "PUT /api/users HTTP/1.1" 200 6053 "-" "Mozilla/5.0 (Macintosh; Intel Mac OS X 10_15_7) Safari/537.36"
10.0.0.1 - - [08/Aug/2025:15:45:25 +0000] "POST /cart HTTP/1.1" 500 5495 "-" "curl/7.68.0"
192.168.1.1 - - [10/May/2024:12:02:25 +0000] "DELETE /admin HTTP/1.1" 200 3822 "-" "Mozilla/5.0 (Macintosh; Intel Mac OS X 10_15_7) Safari/537.36"
172.16.0.1 - - [05/Feb/2025:03:42:46 +0000] "DELETE /api/users HTTP/1.1" 200 8335 "-" "Mozilla/5.0 (Macintosh; Intel Mac OS X 10_15_7) Safari/537.36"
10.0.0.1 - - [14/Jun/2025:07:17:48 +0000] "GET /about HTTP/1.1" 500 473 "-" "Mozilla/5.0 (Windows NT 10.0; Win64; x64) Chrome/120.0.0.0"
10.0.0.1 - - [25/Sep/2024:12:31:42 +0000] "DELETE /index.html HTTP/1.1" 200 7403 "-" "Mozilla/5.0 (Macintosh; Intel Mac OS X 10_15_7) Safari/537.36"
10.0.0.1 - - [20/Aug/2025:10:03:41 +0000] "PUT /about HTTP/1.1" 200 283 "-" "Mozilla/5.0 (iPhone; CPU iPhone OS 17_0 like Mac OS X)"
1.1.1.1 - - [09/Dec/2024:01:19:37 +0000] "PUT /api/users HTTP/1.1" 404 8953 "-" "Mozilla/5.0 (iPhone; CPU iPhone OS 17_0 like Mac OS X)"
10.0.0.1 - - [02/Sep/2024:00:31:23 +0000] "GET /index.html HTTP/1.1" 500 1688 "-" "curl/7.68.0"
192.168.1.1 - - [22/Jun/2024:05:14:16 +0000] "DELETE /products HTTP/1.1" 200 4607 "-" "curl/7.68.0"
1.1.1.1 - - [16/Nov/2024:18:11:04 +0000] "GET /images/logo.png HTTP/1.1" 500 8826 "-" "Mozilla/5.0 (iPhone; CPU iPhone OS 17_0 like Mac OS X)"
172.16.0.1 - - [01/Oct/2025:00:02:32 +0000] "GET /index.html HTTP/1.1" 301 2309 "-" "Mozilla/5.0 (Windows NT 10.0; Win64; x64) Chrome/120.0.0.0"
1.1.1.1 - - [27/Jan/2024:22:31:37 +0000] "DELETE /products HTTP/1.1" 500 7917 "-" "Mozilla/5.0 (iPhone; CPU iPhone OS 17_0 like Mac OS X)"
10.0.0.1 - - [12/Aug/2025:02:28:08 +0000] "POST /index.html HTTP/1.1" 200 4358 "-" "Mozilla/5.0 (Windows NT 10.0; Win64; x64) Chrome/120.0.0.0"
8.8.8.8 - - [18/Apr/2024:13:52:07 +0000] "GET /api/users HTTP/1.1" 200 428 "-" "Mozilla/5.0 (Windows NT 10.0; Win64; x64) Chrome/120.0.0.0"
1.1.1.1 - - [02/May/2025:22:21:26 +0000] "POST /about HTTP/1.1" 200 1142 "-" "Mozilla/5.0 (Macintosh; Intel Mac OS X 10_15_7) Safari/537.36"
10.0.0.1 - - [23/Aug/2024:07:37:18 +0000] "DELETE /admin HTTP/1.1" 500 2408 "-" "curl/7.68.0"
1.1.1.1 - - [15/Sep/2025:05:44:51 +0000] "DELETE /images/logo.png HTTP/1.1" 301 4654 "-" "Mozilla/5.0 (X11; Linux x86_64) Firefox/120.0"
172.16.0.1 - - [19/Jun/2025:16:18:00 +0000] "PUT /index.html HTTP/1.1" 500 9745 "-" "Mozilla/5.0 (Macintosh; Intel Mac OS X 10_15_7) Safari/537.36"
172.16.0.1 - - [06/Aug/2024:13:29:35 +0000] "DELETE /api/users HTTP/1.1" 404 8673 "-" "Mozilla/5.0 (X11; Linux x86_64) Firefox/120.0"
1.1.1.1 - - [03/Nov/2024:01:00:21 +0000] "PUT /cart HTTP/1.1" 200 6454 "-" "Mozilla/5.0 (X11; Linux x86_64) Firefox/120.0"
8.8.8.8 - - [22/Dec/2024:06:41:46 +0000] "POST /about HTTP/1.1" 404 6374 "-" "curl/7.68.0"
8.8.8.8 - - [10/Jan/2024:20:16:28 +0000] "DELETE /admin HTTP/1.1" 200 9172 "-" "curl/7.68.0"
10.0.0.1 - - [06/May/2024:00:14:05 +0000] "POST /cart HTTP/1.1" 200 4611 "-" "Mozilla/5.0 (Macintosh; Intel Mac OS X 10_15_7) Safari/537.36"
8.8.8.8 - - [14/May/2024:23:42:59 +0000] "PUT /cart HTTP/1.1" 200 232 "-" "Mozilla/5.0 (Macintosh; Intel Mac OS X 10_15_7) Safari/537.36"
172.16.0.1 - - [07/Jun/2025:16:04:31 +0000] "GET /images/logo.png HTTP/1.1" 200 3874 "-" "curl/7.68.0"
172.16.0.1 - - [01/Jun/2025:01:00:22 +0000] "PUT /about HTTP/1.1" 404 5545 "-" "Mozilla/5.0 (iPhone; CPU iPhone OS 17_0 like Mac OS X)"
10.0.0.1 - - [18/Apr/2025:18:55:39 +0000] "GET /images/logo.png HTTP/1.1" 200 4970 "-" "curl/7.68.0"
10.0.0.1 - - [16/Aug/2025:23:43:17 +0000] "PUT /cart HTTP/1.1" 301 9849 "-" "Mozilla/5.0 (Macintosh; Intel Mac OS X 10_15_7) Safari/537.36"
10.0.0.1 - - [04/Jan/2025:20:37:25 +0000] "PUT /index.html HTTP/1.1" 200 315 "-" "curl/7.68.0"
8.8.8.8 - - [11/Dec/2024:20:52:11 +0000] "PUT /cart HTTP/1.1" 500 467 "-" "Mozilla/5.0 (Windows NT 10.0; Win64; x64) Chrome/120.0.0.0"
172.16.0.1 - - [17/Aug/2025:23:23:19 +0000] "PUT /api/users HTTP/1.1" 404 3705 "-" "Mozilla/5.0 (Windows NT 10.0; Win64; x64) Chrome/120.0.0.0"
172.16.0.1 - - [07/Jun/2024:07:48:13 +0000] "GET /api/users HTTP/1.1" 200 4348 "-" "curl/7.68.0"
192.168.1.1 - - [12/May/2025:06:38:30 +0000] "DELETE /cart HTTP/1.1" 500 6642 "-" "Mozilla/5.0 (Windows NT 10.0; Win64; x64) Chrome/120.0.0.0"
10.0.0.1 - - [13/Jan/2024:12:18:34 +0000] "POST /products HTTP/1.1" 200 3525 "-" "Mozilla/5.0 (iPhone; CPU iPhone OS 17_0 like Mac OS X)"
192.168.1.1 - - [13/Jul/2024:16:26:51 +0000] "DELETE /cart HTTP/1.1" 200 3225 "-" "Mozilla/5.0 (Macintosh; Intel Mac OS X 10_15_7) Safari/537.36"
172.16.0.1 - - [22/Sep/2024:00:10:14 +0000] "PUT /index.html HTTP/1.1" 200 4906 "-" "Mozilla/5.0 (iPhone; CPU iPhone OS 17_0 like Mac OS X)"
10.0.0.1 - - [23/Apr/2024:06:38:32 +0000] "GET /cart HTTP/1.1" 404 6808 "-" "Mozilla/5.0 (Windows NT 10.0; Win64; x64) Chrome/120.0.0.0"
172.16.0.1 - - [12/Apr/2024:21:14:56 +0000] "DELETE /admin HTTP/1.1" 404 4507 "-" "curl/7.68.0"
8.8.8.8 - - [10/Jan/2025:18:01:43 +0000] "PUT /api/users HTTP/1.1" 500 8952 "-" "Mozilla/5.0 (X11; Linux x86_64) Firefox/120.0"
192.168.1.1 - - [17/Jan/2024:02:53:34 +0000] "POST /index.html HTTP/1.1" 500 4191 "-" "Mozilla/5.0 (Windows NT 10.0; Win64; x64) Chrome/120.0.0.0"
8.8.8.8 - - [12/Oct/2024:05:29:28 +0000] "PUT /products HTTP/1.1" 200 6306 "-" "Mozilla/5.0 (X11; Linux x86_64) Firefox/120.0"
192.168.1.1 - - [20/Apr/2025:14:25:31 +0000] "GET /about HTTP/1.1" 404 976 "-" "curl/7.68.0"
10.0.0.1 - - [05/Jun/2025:19:22:42 +0000] "GET /api/users HTTP/1.1" 404 5105 "-" "Mozilla/5.0 (iPhone; CPU iPhone OS 17_0 like Mac OS X)"
10.0.0.1 - - [01/Sep/2024:01:14:30 +0000] "POST /index.html HTTP/1.1" 404 3151 "-" "curl/7.68.0"
1.1.1.1 - - [15/Jul/2024:12:02:42 +0000] "PUT /index.html HTTP/1.1" 500 4507 "-" "Mozilla/5.0 (Macintosh; Intel Mac OS X 10_15_7) Safari/537.36"
172.16.0.1 - - [01/Aug/2024:15:42:06 +0000] "GET /api/users HTTP/1.1" 200 4510 "-" "curl/7.68.0"
192.168.1.1 - - [07/Sep/2024:11:13:43 +0000] "PUT /products HTTP/1.1" 301 9830 "-" "Mozilla/5.0 (iPhone; CPU iPhone OS 17_0 like Mac OS X)"
172.16.0.1 - - [02/Apr/2025:05:40:52 +0000] "GET /about HTTP/1.1" 500 6168 "-" "Mozilla/5.0 (Windows NT 10.0; Win64; x64) Chrome/120.0.0.0"
172.16.0.1 - - [15/Mar/2024:21:01:21 +0000] "PUT /about HTTP/1.1" 200 3708 "-" "Mozilla/5.0 (Macintosh; Intel Mac OS X 10_15_7) Safari/537.36"
1.1.1.1 - - [18/Nov/2025:07:59:11 +0000] "PUT /index.html HTTP/1.1" 500 6509 "-" "Mozilla/5.0 (iPhone; CPU iPhone OS 17_0 like Mac OS X)"
192.168.1.1 - - [15/Feb/2024:01:12:28 +0000] "GET /index.html HTTP/1.1" 200 5462 "-" "Mozilla/5.0 (Windows NT 10.0; Win64; x64) Chrome/120.0.0.0"
8.8.8.8 - - [24/Mar/2025:15:27:26 +0000] "GET /api/users HTTP/1.1" 301 1336 "-" "curl/7.68.0"
172.16.0.1 - - [24/Dec/2024:07:46:12 +0000] "PUT /products HTTP/1.1" 200 2748 "-" "Mozilla/5.0 (iPhone; CPU iPhone OS 17_0 like Mac OS X)"
10.0.0.1 - - [19/Jul/2025:15:15:06 +0000] "POST /admin HTTP/1.1" 301 10024 "-" "Mozilla/5.0 (iPhone; CPU iPhone OS 17_0 like Mac OS X)"
172.16.0.1 - - [06/Sep/2024:05:14:28 +0000] "GET /admin HTTP/1.1" 200 6833 "-" "curl/7.68.0"
172.16.0.1 - - [26/Nov/2025:04:07:14 +0000] "DELETE /index.html HTTP/1.1" 200 7986 "-" "curl/7.68.0"
8.8.8.8 - - [28/May/2025:13:49:57 +0000] "GET /products HTTP/1.1" 200 773 "-" "Mozilla/5.0 (Windows NT 10.0; Win64; x64) Chrome/120.0.0.0"
10.0.0.1 - - [15/Nov/2025:10:56:49 +0000] "DELETE /products HTTP/1.1" 200 581 "-" "Mozilla/5.0 (X11; Linux x86_64) Firefox/120.0"
1.1.1.1 - - [05/Sep/2024:09:07:38 +0000] "POST /images/logo.png HTTP/1.1" 200 7771 "-" "Mozilla/5.0 (X11; Linux x86_64) Firefox/120.0"
192.168.1.1 - - [15/Mar/2024:13:56:00 +0000] "PUT /products HTTP/1.1" 200 7814 "-" "Mozilla/5.0 (Windows NT 10.0; Win64; x64) Chrome/120.0.0.0"
10.0.0.1 - - [26/Apr/2025:01:57:21 +0000] "DELETE /index.html HTTP/1.1" 200 6208 "-" "Mozilla/5.0 (iPhone; CPU iPhone OS 17_0 like Mac OS X)"
192.168.1.1 - - [19/Oct/2025:15:00:34 +0000] "DELETE /images/logo.png HTTP/1.1" 200 7858 "-" "Mozilla/5.0 (Windows NT 10.0; Win64; x64) Chrome/120.0.0.0"
8.8.8.8 - - [25/May/2025:15:16:28 +0000] "PUT /products HTTP/1.1" 200 3845 "-" "Mozilla/5.0 (Windows NT 10.0; Win64; x64) Chrome/120.0.0.0"
192.168.1.1 - - [23/Aug/2024:15:30:26 +0000] "PUT /products HTTP/1.1" 200 3085 "-" "curl/7.68.0"
192.168.1.1 - - [04/Jul/2024:02:23:38 +0000] "GET /admin HTTP/1.1" 500 7688 "-" "Mozilla/5.0 (iPhone; CPU iPhone OS 17_0 like Mac OS X)"
10.0.0.1 - - [24/Jun/2025:10:40:17 +0000] "PUT /cart HTTP/1.1" 200 3362 "-" "Mozilla/5.0 (Windows NT 10.0; Win64; x64) Chrome/120.0.0.0"
1.1.1.1 - - [06/Mar/2024:05:52:47 +0000] "DELETE /index.html HTTP/1.1" 200 1361 "-" "Mozilla/5.0 (Windows NT 10.0; Win64; x64) Chrome/120.0.0.0"
1.1.1.1 - - [15/Mar/2025:02:10:51 +0000] "GET /images/logo.png HTTP/1.1" 200 6224 "-" "Mozilla/5.0 (iPhone; CPU iPhone OS 17_0 like Mac OS X)"
8.8.8.8 - - [01/Jun/2024:02:03:00 +0000] "GET /cart HTTP/1.1" 200 1928 "-" "Mozilla/5.0 (X11; Linux x86_64) Firefox/120.0"
8.8.8.8 - - [14/Jun/2024:06:21:08 +0000] "POST /index.html HTTP/1.1" 404 2457 "-" "curl/7.68.0"
1.1.1.1 - - [01/Sep/2024:21:04:37 +0000] "PUT /products HTTP/1.1" 200 7178 "-" "Mozilla/5.0 (iPhone; CPU iPhone OS 17_0 like Mac OS X)"
8.8.8.8 - - [26/Jul/2025:00:43:21 +0000] "DELETE /products HTTP/1.1" 200 233 "-" "Mozilla/5.0 (X11; Linux x86_64) Firefox/120.0"
192.168.1.1 - - [04/Jul/2024:01:48:03 +0000] "DELETE /images/logo.png HTTP/1.1" 200 9086 "-" "Mozilla/5.0 (Macintosh; Intel Mac OS X 10_15_7) Safari/537.36"
10.0.0.1 - - [25/Sep/2024:23:03:38 +0000] "DELETE /index.html HTTP/1.1" 500 3265 "-" "curl/7.68.0"
172.16.0.1 - - [14/Aug/2024:18:05:02 +0000] "PUT /api/users HTTP/1.1" 404 7020 "-" "Mozilla/5.0 (X11; Linux x86_64) Firefox/120.0"
10.0.0.1 - - [23/Jul/2024:21:47:36 +0000] "PUT /products HTTP/1.1" 500 1220 "-" "Mozilla/5.0 (X11; Linux x86_64) Firefox/120.0"
172.16.0.1 - - [01/Nov/2025:13:15:07 +0000] "DELETE /admin HTTP/1.1" 500 8643 "-" "Mozilla/5.0 (iPhone; CPU iPhone OS 17_0 like Mac OS X)"
8.8.8.8 - - [07/Apr/2024:21:40:54 +0000] "GET /images/logo.png HTTP/1.1" 200 9678 "-" "Mozilla/5.0 (Macintosh; Intel Mac OS X 10_15_7) Safari/537.36"
10.0.0.1 - - [13/Sep/2024:07:43:31 +0000] "DELETE /admin HTTP/1.1" 200 8177 "-" "Mozilla/5.0 (iPhone; CPU iPhone OS 17_0 like Mac OS X)"
172.16.0.1 - - [06/May/2024:10:21:44 +0000] "PUT /api/users HTTP/1.1" 301 10025 "-" "Mozilla/5.0 (Macintosh; Intel Mac OS X 10_15_7) Safari/537.36"
172.16.0.1 - - [21/Aug/2024:00:38:35 +0000] "DELETE /images/logo.png HTTP/1.1" 301 9411 "-" "Mozilla/5.0 (Macintosh; Intel Mac OS X 10_15_7) Safari/537.36"
10.0.0.1 - - [20/Apr/2025:01:39:38 +0000] "DELETE /products HTTP/1.1" 404 1162 "-" "Mozilla/5.0 (Macintosh; Intel Mac OS X 10_15_7) Safari/537.36"
1.1.1.1 - - [11/Apr/2024:16:59:48 +0000] "GET /images/logo.png HTTP/1.1" 301 4566 "-" "curl/7.68.0"
8.8.8.8 - - [08/Oct/2024:11:08:26 +0000] "POST /api/users HTTP/1.1" 200 3460 "-" "Mozilla/5.0 (iPhone; CPU iPhone OS 17_0 like Mac OS X)"
192.168.1.1 - - [10/Nov/2025:04:15:26 +0000] "DELETE /images/logo.png HTTP/1.1" 200 769 "-" "curl/7.68.0"
10.0.0.1 - - [03/Nov/2025:18:01:46 +0000] "GET /api/users HTTP/1.1" 200 1712 "-" "Mozilla/5.0 (iPhone; CPU iPhone OS 17_0 like Mac OS X)"
10.0.0.1 - - [05/Nov/2025:17:29:59 +0000] "DELETE /products HTTP/1.1" 301 2222 "-" "Mozilla/5.0 (Windows NT 10.0; Win64; x64) Chrome/120.0.0.0"
192.168.1.1 - - [19/Oct/2025:15:53:11 +0000] "GET /cart HTTP/1.1" 500 706 "-" "Mozilla/5.0 (Macintosh; Intel Mac OS X 10_15_7) Safari/537.36"
172.16.0.1 - - [05/Aug/2025:18:34:27 +0000] "POST /about HTTP/1.1" 301 177 "-" "curl/7.68.0"
172.16.0.1 - - [15/Mar/2025:00:58:45 +0000] "POST /images/logo.png HTTP/1.1" 301 3629 "-" "Mozilla/5.0 (iPhone; CPU iPhone OS 17_0 like Mac OS X)"
172.16.0.1 - - [11/Dec/2025:08:48:34 +0000] "GET /about HTTP/1.1" 301 3287 "-" "Mozilla/5.0 (Windows NT 10.0; Win64; x64) Chrome/120.0.0.0"
172.16.0.1 - - [20/Jun/2024:07:06:22 +0000] "POST /about HTTP/1.1" 200 2549 "-" "curl/7.68.0"
10.0.0.1 - - [16/Jan/2024:00:12:21 +0000] "GET /index.html HTTP/1.1" 200 4576 "-" "Mozilla/5.0 (X11; Linux x86_64) Firefox/120.0"
1.1.1.1 - - [26/Jun/2025:19:37:25 +0000] "PUT /index.html HTTP/1.1" 500 6209 "-" "Mozilla/5.0 (X11; Linux x86_64) Firefox/120.0"
10.0.0.1 - - [27/Feb/2024:11:31:45 +0000] "DELETE /about HTTP/1.1" 200 8193 "-" "Mozilla/5.0 (iPhone; CPU iPhone OS 17_0 like Mac OS X)"
172.16.0.1 - - [08/Feb/2025:23:01:26 +0000] "DELETE /products HTTP/1.1" 404 555 "-" "Mozilla/5.0 (Macintosh; Intel Mac OS X 10_15_7) Safari/537.36"
10.0.0.1 - - [10/Aug/2024:08:41:06 +0000] "GET /cart HTTP/1.1" 200 2188 "-" "Mozilla/5.0 (Windows NT 10.0; Win64; x64) Chrome/120.0.0.0"
192.168.1.1 - - [24/Nov/2024:20:46:37 +0000] "DELETE /about HTTP/1.1" 200 3387 "-" "Mozilla/5.0 (X11; Linux x86_64) Firefox/120.0"
10.0.0.1 - - [11/Jul/2025:13:46:37 +0000] "GET /images/logo.png HTTP/1.1" 301 3764 "-" "Mozilla/5.0 (iPhone; CPU iPhone OS 17_0 like Mac OS X)"
8.8.8.8 - - [28/Apr/2024:23:25:17 +0000] "GET /cart HTTP/1.1" 301 7175 "-" "Mozilla/5.0 (iPhone; CPU iPhone OS 17_0 like Mac OS X)"
1.1.1.1 - - [15/Jan/2025:15:40:00 +0000] "PUT /about HTTP/1.1" 200 2126 "-" "Mozilla/5.0 (Macintosh; Intel Mac OS X 10_15_7) Safari/537.36"
10.0.0.1 - - [07/May/2025:01:52:25 +0000] "GET /products HTTP/1.1" 500 9563 "-" "Mozilla/5.0 (X11; Linux x86_64) Firefox/120.0"
10.0.0.1 - - [28/Aug/2025:18:39:28 +0000] "DELETE /about HTTP/1.1" 200 8967 "-" "Mozilla/5.0 (Windows NT 10.0; Win64; x64) Chrome/120.0.0.0"
1.1.1.1 - - [11/Jun/2024:22:22:41 +0000] "PUT /index.html HTTP/1.1" 200 2854 "-" "Mozilla/5.0 (Windows NT 10.0; Win64; x64) Chrome/120.0.0.0"
10.0.0.1 - - [21/Mar/2024:12:49:23 +0000] "GET /cart HTTP/1.1" 500 3991 "-" "Mozilla/5.0 (X11; Linux x86_64) Firefox/120.0"
1.1.1.1 - - [08/Dec/2024:11:47:45 +0000] "POST /api/users HTTP/1.1" 200 6554 "-" "curl/7.68.0"
10.0.0.1 - - [22/Sep/2024:11:03:00 +0000] "DELETE /api/users HTTP/1.1" 301 7565 "-" "Mozilla/5.0 (X11; Linux x86_64) Firefox/120.0"
172.16.0.1 - - [12/Jul/2025:02:02:13 +0000] "POST /index.html HTTP/1.1" 500 1312 "-" "Mozilla/5.0 (iPhone; CPU iPhone OS 17_0 like Mac OS X)"
1.1.1.1 - - [14/Jan/2025:23:29:40 +0000] "GET /index.html HTTP/1.1" 200 9352 "-" "Mozilla/5.0 (iPhone; CPU iPhone OS 17_0 like Mac OS X)"
172.16.0.1 - - [01/Feb/2024:05:40:47 +0000] "PUT /cart HTTP/1.1" 200 2731 "-" "Mozilla/5.0 (Windows NT 10.0; Win64; x64) Chrome/120.0.0.0"
192.168.1.1 - - [25/May/2025:05:51:03 +0000] "PUT /cart HTTP/1.1" 404 5377 "-" "curl/7.68.0"
172.16.0.1 - - [13/Jan/2024:10:35:24 +0000] "DELETE /cart HTTP/1.1" 200 2417 "-" "Mozilla/5.0 (Windows NT 10.0; Win64; x64) Chrome/120.0.0.0"
8.8.8.8 - - [27/Mar/2025:09:32:59 +0000] "POST /products HTTP/1.1" 200 3772 "-" "curl/7.68.0"
8.8.8.8 - - [09/Aug/2024:08:12:13 +0000] "PUT /api/users HTTP/1.1" 301 4275 "-" "Mozilla/5.0 (iPhone; CPU iPhone OS 17_0 like Mac OS X)"
10.0.0.1 - - [13/May/2024:08:40:04 +0000] "PUT /index.html HTTP/1.1" 200 9514 "-" "Mozilla/5.0 (iPhone; CPU iPhone OS 17_0 like Mac OS X)"
1.1.1.1 - - [04/Aug/2025:22:15:32 +0000] "PUT /about HTTP/1.1" 200 4047 "-" "Mozilla/5.0 (Windows NT 10.0; Win64; x64) Chrome/120.0.0.0"
8.8.8.8 - - [05/Jul/2025:17:26:00 +0000] "DELETE /about HTTP/1.1" 404 8326 "-" "Mozilla/5.0 (Macintosh; Intel Mac OS X 10_15_7) Safari/537.36"
8.8.8.8 - - [27/Jun/2024:07:10:36 +0000] "PUT /images/logo.png HTTP/1.1" 200 8004 "-" "Mozilla/5.0 (Windows NT 10.0; Win64; x64) Chrome/120.0.0.0"
192.168.1.1 - - [01/Oct/2024:01:13:48 +0000] "PUT /index.html HTTP/1.1" 301 3235 "-" "Mozilla/5.0 (Windows NT 10.0; Win64; x64) Chrome/120.0.0.0"
10.0.0.1 - - [27/Jun/2025:22:56:10 +0000] "GET /images/logo.png HTTP/1.1" 404 9576 "-" "curl/7.68.0"
8.8.8.8 - - [07/Feb/2025:00:57:38 +0000] "PUT /api/users HTTP/1.1" 200 5753 "-" "Mozilla/5.0 (X11; Linux x86_64) Firefox/120.0"
192.168.1.1 - - [26/Sep/2024:06:24:30 +0000] "PUT /api/users HTTP/1.1" 200 850 "-" "Mozilla/5.0 (Macintosh; Intel Mac OS X 10_15_7) Safari/537.36"
8.8.8.8 - - [02/Aug/2024:21:50:53 +0000] "DELETE /products HTTP/1.1" 200 5821 "-" "Mozilla/5.0 (X11; Linux x86_64) Firefox/120.0"
192.168.1.1 - - [07/Jun/2024:17:26:56 +0000] "POST /admin HTTP/1.1" 301 8315 "-" "Mozilla/5.0 (Windows NT 10.0; Win64; x64) Chrome/120.0.0.0"
192.168.1.1 - - [22/Oct/2024:20:50:48 +0000] "DELETE /api/users HTTP/1.1" 301 192 "-" "Mozilla/5.0 (X11; Linux x86_64) Firefox/120.0"
10.0.0.1 - - [24/Oct/2024:04:15:04 +0000] "POST /images/logo.png HTTP/1.1" 200 6701 "-" "Mozilla/5.0 (Windows NT 10.0; Win64; x64) Chrome/120.0.0.0"
1.1.1.1 - - [23/Dec/2024:02:19:15 +0000] "PUT /images/logo.png HTTP/1.1" 200 5457 "-" "Mozilla/5.0 (iPhone; CPU iPhone OS 17_0 like Mac OS X)"
172.16.0.1 - - [21/Sep/2025:10:16:28 +0000] "PUT /admin HTTP/1.1" 200 8584 "-" "Mozilla/5.0 (Windows NT 10.0; Win64; x64) Chrome/120.0.0.0"
8.8.8.8 - - [05/Mar/2025:21:01:39 +0000] "POST /admin HTTP/1.1" 200 3723 "-" "Mozilla/5.0 (iPhone; CPU iPhone OS 17_0 like Mac OS X)"
8.8.8.8 - - [16/Sep/2024:13:27:43 +0000] "DELETE /index.html HTTP/1.1" 301 1585 "-" "Mozilla/5.0 (X11; Linux x86_64) Firefox/120.0"
172.16.0.1 - - [17/Nov/2025:08:50:39 +0000] "POST /index.html HTTP/1.1" 200 244 "-" "curl/7.68.0"
8.8.8.8 - - [21/Dec/2024:05:01:11 +0000] "PUT /images/logo.png HTTP/1.1" 200 646 "-" "curl/7.68.0"
172.16.0.1 - - [17/Mar/2025:21:44:09 +0000] "GET /images/logo.png HTTP/1.1" 301 4537 "-" "Mozilla/5.0 (Macintosh; Intel Mac OS X 10_15_7) Safari/537.36"
8.8.8.8 - - [09/Apr/2025:20:45:05 +0000] "PUT /api/users HTTP/1.1" 200 886 "-" "Mozilla/5.0 (Windows NT 10.0; Win64; x64) Chrome/120.0.0.0"
172.16.0.1 - - [20/Jan/2025:08:24:58 +0000] "DELETE /products HTTP/1.1" 200 9148 "-" "Mozilla/5.0 (iPhone; CPU iPhone OS 17_0 like Mac OS X)"
192.168.1.1 - - [16/May/2024:03:12:55 +0000] "DELETE /products HTTP/1.1" 200 2437 "-" "Mozilla/5.0 (iPhone; CPU iPhone OS 17_0 like Mac OS X)"
172.16.0.1 - - [14/Feb/2025:23:13:47 +0000] "DELETE /about HTTP/1.1" 200 3780 "-" "Mozilla/5.0 (X11; Linux x86_64) Firefox/120.0"
1.1.1.1 - - [21/Nov/2024:11:33:09 +0000] "POST /about HTTP/1.1" 500 1251 "-" "Mozilla/5.0 (Windows NT 10.0; Win64; x64) Chrome/120.0.0.0"
1.1.1.1 - - [08/Feb/2025:19:40:24 +0000] "GET /index.html HTTP/1.1" 200 9626 "-" "Mozilla/5.0 (Windows NT 10.0; Win64; x64) Chrome/120.0.0.0"
8.8.8.8 - - [18/Sep/2025:21:21:03 +0000] "GET /about HTTP/1.1" 500 9900 "-" "curl/7.68.0"
10.0.0.1 - - [03/Dec/2025:03:43:38 +0000] "PUT /about HTTP/1.1" 200 3021 "-" "curl/7.68.0"
1.1.1.1 - - [21/Jan/2025:01:56:00 +0000] "PUT /admin HTTP/1.1" 200 6929 "-" "curl/7.68.0"
8.8.8.8 - - [04/Dec/2024:16:09:01 +0000] "GET /products HTTP/1.1" 200 577 "-" "curl/7.68.0"
1.1.1.1 - - [15/Aug/2025:13:18:22 +0000] "DELETE /cart HTTP/1.1" 301 5316 "-" "Mozilla/5.0 (Windows NT 10.0; Win64; x64) Chrome/120.0.0.0"
10.0.0.1 - - [06/Jun/2024:11:32:07 +0000] "POST /cart HTTP/1.1" 404 5587 "-" "Mozilla/5.0 (X11; Linux x86_64) Firefox/120.0"
10.0.0.1 - - [01/Jan/2024:23:24:19 +0000] "DELETE /api/users HTTP/1.1" 404 8262 "-" "curl/7.68.0"
1.1.1.1 - - [02/May/2024:22:22:21 +0000] "PUT /index.html HTTP/1.1" 200 9650 "-" "Mozilla/5.0 (Windows NT 10.0; Win64; x64) Chrome/120.0.0.0"
172.16.0.1 - - [16/Oct/2024:13:56:13 +0000] "PUT /api/users HTTP/1.1" 200 7884 "-" "Mozilla/5.0 (X11; Linux x86_64) Firefox/120.0"
172.16.0.1 - - [08/Aug/2025:04:33:27 +0000] "DELETE /index.html HTTP/1.1" 301 10007 "-" "Mozilla/5.0 (Macintosh; Intel Mac OS X 10_15_7) Safari/537.36"
192.168.1.1 - - [25/Aug/2024:13:40:57 +0000] "POST /about HTTP/1.1" 200 4969 "-" "Mozilla/5.0 (X11; Linux x86_64) Firefox/120.0"
1.1.1.1 - - [19/Aug/2024:02:03:46 +0000] "DELETE /images/logo.png HTTP/1.1" 404 9388 "-" "Mozilla/5.0 (Windows NT 10.0; Win64; x64) Chrome/120.0.0.0"
192.168.1.1 - - [16/Dec/2024:16:42:46 +0000] "POST /admin HTTP/1.1" 301 7033 "-" "Mozilla/5.0 (Windows NT 10.0; Win64; x64) Chrome/120.0.0.0"
8.8.8.8 - - [11/Apr/2024:03:41:48 +0000] "DELETE /admin HTTP/1.1" 500 6504 "-" "Mozilla/5.0 (Windows NT 10.0; Win64; x64) Chrome/120.0.0.0"
8.8.8.8 - - [27/May/2025:15:24:32 +0000] "PUT /products HTTP/1.1" 500 498 "-" "Mozilla/5.0 (Windows NT 10.0; Win64; x64) Chrome/120.0.0.0"
172.16.0.1 - - [05/Sep/2024:20:59:52 +0000] "GET /admin HTTP/1.1" 200 1503 "-" "Mozilla/5.0 (Macintosh; Intel Mac OS X 10_15_7) Safari/537.36"
1.1.1.1 - - [10/Dec/2024:13:35:53 +0000] "GET /about HTTP/1.1" 200 8755 "-" "Mozilla/5.0 (Windows NT 10.0; Win64; x64) Chrome/120.0.0.0"
10.0.0.1 - - [16/Nov/2024:00:53:54 +0000] "POST /products HTTP/1.1" 200 624 "-" "Mozilla/5.0 (X11; Linux x86_64) Firefox/120.0"
192.168.1.1 - - [25/Jun/2025:21:54:07 +0000] "POST /products HTTP/1.1" 200 6171 "-" "Mozilla/5.0 (Windows NT 10.0; Win64; x64) Chrome/120.0.0.0"
192.168.1.1 - - [24/Apr/2025:18:37:40 +0000] "GET /products HTTP/1.1" 200 7115 "-" "Mozilla/5.0 (X11; Linux x86_64) Firefox/120.0"
8.8.8.8 - - [18/Nov/2025:22:06:27 +0000] "POST /admin HTTP/1.1" 500 1135 "-" "Mozilla/5.0 (iPhone; CPU iPhone OS 17_0 like Mac OS X)"
8.8.8.8 - - [02/Jan/2024:00:20:57 +0000] "POST /about HTTP/1.1" 200 5802 "-" "Mozilla/5.0 (Windows NT 10.0; Win64; x64) Chrome/120.0.0.0"
192.168.1.1 - - [20/Apr/2025:22:44:53 +0000] "DELETE /admin HTTP/1.1" 404 6005 "-" "Mozilla/5.0 (X11; Linux x86_64) Firefox/120.0"
1.1.1.1 - - [08/Feb/2024:01:23:07 +0000] "GET /about HTTP/1.1" 200 217 "-" "curl/7.68.0"
1.1.1.1 - - [20/Aug/2025:01:56:53 +0000] "POST /products HTTP/1.1" 500 7151 "-" "curl/7.68.0"
10.0.0.1 - - [17/May/2025:07:47:29 +0000] "POST /api/users HTTP/1.1" 200 7208 "-" "Mozilla/5.0 (Windows NT 10.0; Win64; x64) Chrome/120.0.0.0"
10.0.0.1 - - [27/Aug/2025:12:37:38 +0000] "GET /products HTTP/1.1" 200 9040 "-" "Mozilla/5.0 (Macintosh; Intel Mac OS X 10_15_7) Safari/537.36"
172.16.0.1 - - [24/Sep/2025:14:53:17 +0000] "DELETE /about HTTP/1.1" 200 4099 "-" "Mozilla/5.0 (Windows NT 10.0; Win64; x64) Chrome/120.0.0.0"
172.16.0.1 - - [02/Nov/2024:10:51:24 +0000] "POST /index.html HTTP/1.1" 500 9695 "-" "Mozilla/5.0 (iPhone; CPU iPhone OS 17_0 like Mac OS X)"
8.8.8.8 - - [22/Jul/2024:13:08:21 +0000] "PUT /admin HTTP/1.1" 200 6863 "-" "Mozilla/5.0 (Windows NT 10.0; Win64; x64) Chrome/120.0.0.0"
172.16.0.1 - - [11/Aug/2025:12:06:02 +0000] "PUT /images/logo.png HTTP/1.1" 404 5776 "-" "Mozilla/5.0 (X11; Linux x86_64) Firefox/120.0"
1.1.1.1 - - [19/Sep/2025:00:48:52 +0000] "POST /products HTTP/1.1" 200 5939 "-" "curl/7.68.0"
1.1.1.1 - - [10/Nov/2025:04:22:41 +0000] "DELETE /index.html HTTP/1.1" 500 7136 "-" "Mozilla/5.0 (Macintosh; Intel Mac OS X 10_15_7) Safari/537.36"
10.0.0.1 - - [18/Aug/2025:02:36:42 +0000] "DELETE /images/logo.png HTTP/1.1" 404 8416 "-" "Mozilla/5.0 (Macintosh; Intel Mac OS X 10_15_7) Safari/537.36"
1.1.1.1 - - [08/Aug/2025:12:52:18 +0000] "DELETE /about HTTP/1.1" 200 7036 "-" "Mozilla/5.0 (X11; Linux x86_64) Firefox/120.0"
8.8.8.8 - - [08/Apr/2025:17:09:30 +0000] "PUT /api/users HTTP/1.1" 200 3252 "-" "Mozilla/5.0 (iPhone; CPU iPhone OS 17_0 like Mac OS X)"
8.8.8.8 - - [08/Apr/2024:23:57:36 +0000] "POST /api/users HTTP/1.1" 404 3172 "-" "curl/7.68.0"
1.1.1.1 - - [17/Aug/2024:03:54:32 +0000] "PUT /images/logo.png HTTP/1.1" 200 3735 "-" "Mozilla/5.0 (Windows NT 10.0; Win64; x64) Chrome/120.0.0.0"
8.8.8.8 - - [22/Jul/2025:00:25:34 +0000] "DELETE /images/logo.png HTTP/1.1" 404 6256 "-" "Mozilla/5.0 (X11; Linux x86_64) Firefox/120.0"
8.8.8.8 - - [10/Jul/2025:07:18:51 +0000] "POST /about HTTP/1.1" 301 101 "-" "Mozilla/5.0 (Macintosh; Intel Mac OS X 10_15_7) Safari/537.36"
192.168.1.1 - - [02/Mar/2024:12:56:44 +0000] "GET /products HTTP/1.1" 500 5199 "-" "Mozilla/5.0 (X11; Linux x86_64) Firefox/120.0"
10.0.0.1 - - [12/Jan/2025:08:55:43 +0000] "GET /admin HTTP/1.1" 200 1430 "-" "curl/7.68.0"
172.16.0.1 - - [11/Oct/2025:18:06:18 +0000] "GET /api/users HTTP/1.1" 500 2196 "-" "Mozilla/5.0 (Windows NT 10.0; Win64; x64) Chrome/120.0.0.0"
8.8.8.8 - - [21/Jan/2025:21:44:29 +0000] "PUT /products HTTP/1.1" 404 8774 "-" "Mozilla/5.0 (iPhone; CPU iPhone OS 17_0 like Mac OS X)"
192.168.1.1 - - [20/Dec/2025:22:44:48 +0000] "DELETE /admin HTTP/1.1" 200 3219 "-" "curl/7.68.0"
192.168.1.1 - - [16/Mar/2025:19:25:43 +0000] "GET /index.html HTTP/1.1" 500 4722 "-" "Mozilla/5.0 (iPhone; CPU iPhone OS 17_0 like Mac OS X)"
172.16.0.1 - - [17/Apr/2025:12:40:52 +0000] "GET /index.html HTTP/1.1" 200 6260 "-" "Mozilla/5.0 (X11; Linux x86_64) Firefox/120.0"
192.168.1.1 - - [27/Jan/2025:04:17:02 +0000] "DELETE /cart HTTP/1.1" 301 9554 "-" "curl/7.68.0"
192.168.1.1 - - [01/Aug/2025:07:55:54 +0000] "POST /admin HTTP/1.1" 500 810 "-" "Mozilla/5.0 (iPhone; CPU iPhone OS 17_0 like Mac OS X)"
192.168.1.1 - - [08/Jan/2024:06:03:00 +0000] "PUT /admin HTTP/1.1" 301 6623 "-" "curl/7.68.0"
192.168.1.1 - - [04/Nov/2025:15:15:02 +0000] "POST /about HTTP/1.1" 301 3578 "-" "Mozilla/5.0 (Windows NT 10.0; Win64; x64) Chrome/120.0.0.0"
10.0.0.1 - - [27/May/2025:21:49:13 +0000] "POST /products HTTP/1.1" 404 2891 "-" "Mozilla/5.0 (Macintosh; Intel Mac OS X 10_15_7) Safari/537.36"
1.1.1.1 - - [05/Jan/2025:18:04:20 +0000] "GET /products HTTP/1.1" 200 9837 "-" "Mozilla/5.0 (X11; Linux x86_64) Firefox/120.0"
