8.8.8.8 - - [24/Dec/2024:07:22:30 +0000] "GET /about HTTP/1.1" 404 7455 "-" "Mozilla/5.0 (X11; Linux x86_64) Firefox/120.0"
1.1.1.1 - - [23/Aug/2024:18:58:01 +0000] "POST /images/logo.png HTTP/1.1" 404 1995 "-" "Mozilla/5.0 (iPhone; CPU iPhone OS 17_0 like Mac OS X)"
10.0.0.1 - - [16/Jun/2024:17:38:37 +0000] "GET /api/users HTTP/1.1" 200 6004 "-" "Mozilla/5.0 (Windows NT 10.0; Win64; x64) Chrome/120.0.0.0"
10.0.0.1 - - [03/Mar/2025:16:36:14 +0000] "POST /images/logo.png HTTP/1.1" 301 2583 "-" "curl/7.68.0"
10.0.0.1 - - [11/Oct/2024:15:14:34 +0000] "GET /images/logo.png HTTP/1.1" 500 4870 "-" "Mozilla/5.0 (X11; Linux x86_64) Firefox/120.0"
1.1.1.1 - - [12/Oct/2025:02:45:09 +0000] "PUT /admin HTTP/1.1" 301 3349 "-" "Mozilla/5.0 (Macintosh; Intel Mac OS X 10_15_7) Safari/537.36"
192.168.1.1 - - [24/Jun/2025:23:34:53 +0000] "POST /images/logo.png HTTP/1.1" 200 2990 "-" "Mozilla/5.0 (Macintosh; Intel Mac OS X 10_15_7) Safari/537.36"
172.16.0.1 - - [03/Jul/2025:18:39:19 +0000] "PUT /index.html HTTP/1.1" 200 9666 "-" "Mozilla/5.0 (Macintosh; Intel Mac OS X 10_15_7) Safari/537.36"
192.168.1.1 - - [13/May/2025:01:31:00 +0000] "POST /images/logo.png HTTP/1.1" 500 3384 "-" "Mozilla/5.0 (iPhone; CPU iPhone OS 17_0 like Mac OS X)"
8.8.8.8 - - [02/Apr/2024:08:01:13 +0000] "GET /products HTTP/1.1" 404 410 "-" "Mozilla/5.0 (Windows NT 10.0; Win64; x64) Chrome/120.0.0.0"
192.168.1.1 - - [24/Mar/2025:11:56:03 +0000] "GET /index.html HTTP/1.1" 404 4376 "-" "curl/7.68.0"
8.8.8.8 - - [11/Feb/2024:03:47:40 +0000] "DELETE /index.html HTTP/1.1" 404 1953 "-" "Mozilla/5.0 (Windows NT 10.0; Win64; x64) Chrome/120.0.0.0"
172.16.0.1 - - [28/May/2024:23:59:28 +0000] "DELETE /images/logo.png HTTP/1.1" 200 9097 "-" "Mozilla/5.0 (Macintosh; Intel Mac OS X 10_15_7) Safari/537.36"
192.168.1.1 - - [16/Nov/2025:04:46:34 +0000] "POST /admin HTTP/1.1" 500 5208 "-" "Mozilla/5.0 (Windows NT 10.0; Win64; x64) Chrome/120.0.0.0"
172.16.0.1 - - [23/Jun/2024:18:14:20 +0000] "PUT /cart HTTP/1.1" 500 9776 "-" "curl/7.68.0"
10.0.0.1 - - [06/Dec/2024:08:48:29 +0000] "PUT /about HTTP/1.1" 404 8635 "-" "curl/7.68.0"
172.16.0.1 - - [02/Nov/2024:21:24:22 +0000] "DELETE /admin HTTP/1.1" 200 7025 "-" "Mozilla/5.0 (Macintosh; Intel Mac OS X 10_15_7) Safari/537.36"
10.0.0.1 - - [18/Dec/2025:10:31:24 +0000] "DELETE /cart HTTP/1.1" 404 6889 "-" "Mozilla/5.0 (Windows NT 10.0; Win64; x64) Chrome/120.0.0.0"
10.0.0.1 - - [28/Jan/2024:16:21:54 +0000] "PUT /images/logo.png HTTP/1.1" 200 9739 "-" "Mozilla/5.0 (X11; Linux x86_64) Firefox/120.0"
1.1.1.1 - - [22/Dec/2025:03:09:37 +0000] "DELETE /products HTTP/1.1" 200 4204 "-" "Mozilla/5.0 (iPhone; CPU iPhone OS 17_0 like Mac OS X)"
10.0.0.1 - - [06/Nov/2025:20:28:07 +0000] "PUT /admin HTTP/1.1" 200 5717 "-" "Mozilla/5.0 (X11; Linux x86_64) Firefox/120.0"
172.16.0.1 - - [10/Oct/2025:01:39:30 +0000] "PUT /products HTTP/1.1" 200 6385 "-" "Mozilla/5.0 (X11; Linux x86_64) Firefox/120.0"
172.16.0.1 - - [21/Dec/2024:12:41:48 +0000] "PUT /index.html HTTP/1.1" 200 1766 "-" "Mozilla/5.0 (X11; Linux x86_64) Firefox/120.0"
172.16.0.1 - - [21/Sep/2025:07:50:24 +0000] "GET /index.html HTTP/1.1" 404 4925 "-" "Mozilla/5.0 (iPhone; CPU iPhone OS 17_0 like Mac OS X)"
192.168.1.1 - - [27/Dec/2024:17:00:08 +0000] "POST /api/users HTTP/1.1" 200 381 "-" "Mozilla/5.0 (Windows NT 10.0; Win64; x64) Chrome/120.0.0.0"
1.1.1.1 - - [02/Feb/2025:05:03:48 +0000] "PUT /images/logo.png HTTP/1.1" 200 4862 "-" "curl/7.68.0"
10.0.0.1 - - [28/May/2024:04:46:48 +0000] "GET /about HTTP/1.1" 200 9311 "-" "Mozilla/5.0 (Macintosh; Intel Mac OS X 10_15_7) Safari/537.36"
192.168.1.1 - - [07/Dec/2024:01:52:52 +0000] "DELETE /about HTTP/1.1" 404 7919 "-" "curl/7.68.0"
8.8.8.8 - - [19/Oct/2024:08:26:31 +0000] "POST /about HTTP/1.1" 200 1082 "-" "curl/7.68.0"
1.1.1.1 - - [13/Oct/2024:11:51:35 +0000] "GET /about HTTP/1.1" 200 3875 "-" "Mozilla/5.0 (Windows NT 10.0; Win64; x64) Chrome/120.0.0.0"
172.16.0.1 - - [26/Jul/2024:13:29:31 +0000] "POST /products HTTP/1.1" 404 4549 "-" "Mozilla/5.0 (X11; Linux x86_64) Firefox/120.0"
192.168.1.1 - - [21/Jan/2025:12:47:44 +0000] "POST /api/users HTTP/1.1" 200 6785 "-" "Mozilla/5.0 (iPhone; CPU iPhone OS 17_0 like Mac OS X)"
192.168.1.1 - - [03/Apr/2025:15:02:45 +0000] "DELETE /api/users HTTP/1.1" 200 634 "-" "Mozilla/5.0 (Windows NT 10.0; Win64; x64) Chrome/120.0.0.0"
8.8.8.8 - - [04/Sep/2025:18:11:56 +0000] "PUT /products HTTP/1.1" 200 4892 "-" "Mozilla/5.0 (iPhone; CPU iPhone OS 17_0 like Mac OS X)"
172.16.0.1 - - [22/Jan/2025:06:38:26 +0000] "POST /about HTTP/1.1" 200 7016 "-" "Mozilla/5.0 (iPhone; CPU iPhone OS 17_0 like Mac OS X)"
192.168.1.1 - - [25/Nov/2024:17:23:02 +0000] "POST /about HTTP/1.1" 200 9720 "-" "curl/7.68.0"
172.16.0.1 - - [28/Apr/2024:15:34:30 +0000] "POST /about HTTP/1.1" 200 8959 "-" "Mozilla/5.0 (Macintosh; Intel Mac OS X 10_15_7) Safari/537.36"
172.16.0.1 - - [19/Jan/2024:07:29:52 +0000] "GET /api/users HTTP/1.1" 200 177 "-" "Mozilla/5.0 (Windows NT 10.0; Win64; x64) Chrome/120.0.0.0"
10.0.0.1 - - [05/Jul/2024:09:29:14 +0000] "POST /about HTTP/1.1" 404 7307 "-" "Mozilla/5.0 (iPhone; CPU iPhone OS 17_0 like Mac OS X)"
8.8.8.8 - - [10/Jul/2025:06:20:10 +0000] "GET /admin HTTP/1.1" 301 200 "-" "Mozilla/5.0 (Macintosh; Intel Mac OS X 10_15_7) Safari/537.36"
8.8.8.8 - - [13/Jan/2025:10:32:35 +0000] "DELETE /index.html HTTP/1.1" 301 4016 "-" "Mozilla/5.0 (X11; Linux x86_64) Firefox/120.0"
10.0.0.1 - - [13/Aug/2025:06:08:54 +0000] "DELETE /cart HTTP/1.1" 200 8430 "-" "Mozilla/5.0 (Windows NT 10.0; Win64; x64) Chrome/120.0.0.0"
172.16.0.1 - - [19/Nov/2024:17:29:55 +0000] "GET /api/users HTTP/1.1" 200 200 "-" "Mozilla/5.0 (iPhone; CPU iPhone OS 17_0 like Mac OS X)"
10.0.0.1 - - [09/Jul/2025:18:41:53 +0000] "PUT /products HTTP/1.1" 200 369 "-" "Mozilla/5.0 (Macintosh; Intel Mac OS X 10_15_7) Safari/537.36"
192.168.1.1 - - [19/Dec/2024:07:46:38 +0000] "DELETE /admin HTTP/1.1" 200 9718 "-" "Mozilla/5.0 (Windows NT 10.0; Win64; x64) Chrome/120.0.0.0"
8.8.8.8 - - [07/Feb/2025:03:55:00 +0000] "DELETE /images/logo.png HTTP/1.1" 301 7749 "-" "Mozilla/5.0 (Macintosh; Intel Mac OS X 10_15_7) Safari/537.36"
192.168.1.1 - - [03/Dec/2025:18:06:13 +0000] "POST /admin HTTP/1.1" 200 7490 "-" "Mozilla/5.0 (Macintosh; Intel Mac OS X 10_15_7) Safari/537.36"
10.0.0.1 - - [05/Jun/2024:06:29:20 +0000] "PUT /admin HTTP/1.1" 200 1470 "-" "curl/7.68.0"
192.168.1.1 - - [24/May/2025:16:11:39 +0000] "POST /admin HTTP/1.1" 200 6006 "-" "Mozilla/5.0 (X11; Linux x86_64) Firefox/120.0"
1.1.1.1 - - [15/Oct/2025:00:55:06 +0000] "PUT /index.html HTTP/1.1" 301 6865 "-" "Mozilla/5.0 (iPhone; CPU iPhone OS 17_0 like Mac OS X)"
8.8.8.8 - - [22/Mar/2024:09:18:01 +0000] "DELETE /about HTTP/1.1" 404 2519 "-" "Mozilla/5.0 (X11; Linux x86_64) Firefox/120.0"
1.1.1.1 - - [03/Apr/2024:22:09:22 +0000] "POST /api/users HTTP/1.1" 404 9434 "-" "Mozilla/5.0 (iPhone; CPU iPhone OS 17_0 like Mac OS X)"
1.1.1.1 - - [27/Mar/2025:10:26:03 +0000] "POST /api/users HTTP/1.1" 404 6476 "-" "Mozilla/5.0 (iPhone; CPU iPhone OS 17_0 like Mac OS X)"
8.8.8.8 - - [18/Jul/2024:09:50:56 +0000] "DELETE /images/logo.png HTTP/1.1" 200 8064 "-" "Mozilla/5.0 (iPhone; CPU iPhone OS 17_0 like Mac OS X)"
172.16.0.1 - - [07/Oct/2025:15:04:05 +0000] "GET /cart HTTP/1.1" 200 6460 "-" "Mozilla/5.0 (iPhone; CPU iPhone OS 17_0 like Mac OS X)"
1.1.1.1 - - [19/Dec/2024:13:50:44 +0000] "POST /admin HTTP/1.1" 200 1832 "-" "Mozilla/5.0 (Windows NT 10.0; Win64; x64) Chrome/120.0.0.0"
10.0.0.1 - - [22/Nov/2025:20:42:03 +0000] "DELETE /images/logo.png HTTP/1.1" 500 2477 "-" "Mozilla/5.0 (X11; Linux x86_64) Firefox/120.0"
172.16.0.1 - - [06/Nov/2025:10:47:24 +0000] "DELETE /images/logo.png HTTP/1.1" 404 2241 "-" "curl/7.68.0"
1.1.1.1 - - [02/Aug/2024:18:34:46 +0000] "DELETE /about HTTP/1.1" 500 8652 "-" "Mozilla/5.0 (X11; Linux x86_64) Firefox/120.0"
192.168.1.1 - - [25/Mar/2025:17:46:28 +0000] "GET /admin HTTP/1.1" 200 1796 "-" "curl/7.68.0"
172.16.0.1 - - [07/Dec/2024:11:54:22 +0000] "GET /products HTTP/1.1" 200 5809 "-" "Mozilla/5.0 (Windows NT 10.0; Win64; x64) Chrome/120.0.0.0"
192.168.1.1 - - [26/Apr/2024:08:08:26 +0000] "PUT /index.html HTTP/1.1" 404 6978 "-" "Mozilla/5.0 (X11; Linux x86_64) Firefox/120.0"
172.16.0.1 - - [06/Feb/2025:17:13:39 +0000] "DELETE /api/users HTTP/1.1" 404 7985 "-" "Mozilla/5.0 (iPhone; CPU iPhone OS 17_0 like Mac OS X)"
172.16.0.1 - - [03/May/2024:19:30:17 +0000] "PUT /admin HTTP/1.1" 200 6509 "-" "Mozilla/5.0 (Macintosh; Intel Mac OS X 10_15_7) Safari/537.36"
1.1.1.1 - - [20/Sep/2025:06:55:37 +0000] "PUT /about HTTP/1.1" 200 3035 "-" "Mozilla/5.0 (Macintosh; Intel Mac OS X 10_15_7) Safari/537.36"
1.1.1.1 - - [23/Sep/2024:19:44:42 +0000] "PUT /products HTTP/1.1" 200 2054 "-" "Mozilla/5.0 (Macintosh; Intel Mac OS X 10_15_7) Safari/537.36"
10.0.0.1 - - [06/Mar/2025:22:09:17 +0000] "POST /cart HTTP/1.1" 404 339 "-" "Mozilla/5.0 (Macintosh; Intel Mac OS X 10_15_7) Safari/537.36"
172.16.0.1 - - [01/Apr/2025:05:10:00 +0000] "DELETE /index.html HTTP/1.1" 200 1062 "-" "Mozilla/5.0 (Macintosh; Intel Mac OS X 10_15_7) Safari/537.36"
8.8.8.8 - - [27/Apr/2025:17:47:32 +0000] "POST /about HTTP/1.1" 200 4861 "-" "Mozilla/5.0 (Macintosh; Intel Mac OS X 10_15_7) Safari/537.36"
8.8.8.8 - - [02/Oct/2025:08:46:35 +0000] "POST /index.html HTTP/1.1" 404 6234 "-" "Mozilla/5.0 (iPhone; CPU iPhone OS 17_0 like Mac OS X)"
172.16.0.1 - - [13/Apr/2025:09:27:10 +0000] "POST /admin HTTP/1.1" 200 4291 "-" "curl/7.68.0"
1.1.1.1 - - [21/Oct/2024:06:39:14 +0000] "POST /admin HTTP/1.1" 301 699 "-" "Mozilla/5.0 (iPhone; CPU iPhone OS 17_0 like Mac OS X)"
192.168.1.1 - - [17/Feb/2025:20:09:20 +0000] "PUT /products HTTP/1.1" 500 2214 "-" "Mozilla/5.0 (Windows NT 10.0; Win64; x64) Chrome/120.0.0.0"
10.0.0.1 - - [21/Nov/2024:07:34:00 +0000] "DELETE /admin HTTP/1.1" 500 3255 "-" "Mozilla/5.0 (X11; Linux x86_64) Firefox/120.0"
1.1.1.1 - - [02/Nov/2025:19:14:11 +0000] "DELETE /about HTTP/1.1" 200 7425 "-" "curl/7.68.0"
1.1.1.1 - - [13/Nov/2025:23:17:17 +0000] "GET /admin HTTP/1.1" 500 5823 "-" "Mozilla/5.0 (Windows NT 10.0; Win64; x64) Chrome/120.0.0.0"
192.168.1.1 - - [28/Mar/2024:07:58:00 +0000] "DELETE /index.html HTTP/1.1" 200 3786 "-" "Mozilla/5.0 (Macintosh; Intel Mac OS X 10_15_7) Safari/537.36"
8.8.8.8 - - [23/Aug/2025:05:07:03 +0000] "GET /api/users HTTP/1.1" 200 621 "-" "Mozilla/5.0 (Macintosh; Intel Mac OS X 10_15_7) Safari/537.36"
172.16.0.1 - - [15/Jan/2024:12:58:46 +0000] "PUT /products HTTP/1.1" 404 2432 "-" "Mozilla/5.0 (Windows NT 10.0; Win64; x64) Chrome/120.0.0.0"
8.8.8.8 - - [23/May/2024:16:41:51 +0000] "POST /about HTTP/1.1" 500 9153 "-" "Mozilla/5.0 (iPhone; CPU iPhone OS 17_0 like Mac OS X)"
172.16.0.1 - - [13/Apr/2025:19:37:11 +0000] "DELETE /products HTTP/1.1" 200 6427 "-" "Mozilla/5.0 (iPhone; CPU iPhone OS 17_0 like Mac OS X)"
8.8.8.8 - - [27/Feb/2025:11:56:40 +0000] "GET /index.html HTTP/1.1" 500 9772 "-" "Mozilla/5.0 (Windows NT 10.0; Win64; x64) Chrome/120.0.0.0"
1.1.1.1 - - [02/Aug/2024:02:33:38 +0000] "POST /cart HTTP/1.1" 500 2117 "-" "curl/7.68.0"
172.16.0.1 - - [22/Apr/2024:10:22:20 +0000] "POST /products HTTP/1.1" 500 4629 "-" "Mozilla/5.0 (iPhone; CPU iPhone OS 17_0 like Mac OS X)"
1.1.1.1 - - [08/Sep/2024:12:52:03 +0000] "GET /cart HTTP/1.1" 200 2359 "-" "Mozilla/5.0 (X11; Linux x86_64) Firefox/120.0"
1.1.1.1 - - [04/May/2024:21:09:49 +0000] "DELETE /cart HTTP/1.1" 200 1589 "-" "curl/7.68.0"
172.16.0.1 - - [10/Mar/2025:05:51:11 +0000] "DELETE /products HTTP/1.1" 200 7188 "-" "Mozilla/5.0 (iPhone; CPU iPhone OS 17_0 like Mac OS X)"
8.8.8.8 - - [19/Dec/2025:19:20:25 +0000] "GET /images/logo.png HTTP/1.1" 404 4187 "-" "Mozilla/5.0 (Macintosh; Intel Mac OS X 10_15_7) Safari/537.36"
192.168.1.1 - - [03/Jun/2025:15:05:21 +0000] "DELETE /about HTTP/1.1" 301 4631 "-" "Mozilla/5.0 (iPhone; CPU iPhone OS 17_0 like Mac OS X)"
172.16.0.1 - - [27/Apr/2024:17:14:05 +0000] "GET /images/logo.png HTTP/1.1" 200 3710 "-" "Mozilla/5.0 (Windows NT 10.0; Win64; x64) Chrome/120.0.0.0"
8.8.8.8 - - [09/Aug/2025:04:41:09 +0000] "GET /api/users HTTP/1.1" 200 9472 "-" "Mozilla/5.0 (X11; Linux x86_64) Firefox/120.0"
192.168.1.1 - - [26/Jan/2024:01:17:59 +0000] "PUT /products HTTP/1.1" 200 4551 "-" "curl/7.68.0"
192.168.1.1 - - [24/May/2024:18:41:09 +0000] "DELETE /index.html HTTP/1.1" 404 2270 "-" "curl/7.68.0"
172.16.0.1 - - [05/Feb/2024:01:21:25 +0000] "POST /index.html HTTP/1.1" 404 904 "-" "Mozilla/5.0 (iPhone; CPU iPhone OS 17_0 like Mac OS X)"
192.168.1.1 - - [24/Nov/2024:06:12:12 +0000] "DELETE /index.html HTTP/1.1" 200 5379 "-" "Mozilla/5.0 (Windows NT 10.0; Win64; x64) Chrome/120.0.0.0"
192.168.1.1 - - [03/Jun/2025:16:42:40 +0000] "GET /api/users HTTP/1.1" 301 9276 "-" "Mozilla/5.0 (X11; Linux x86_64) Firefox/120.0"
1.1.1.1 - - [25/Nov/2024:22:16:48 +0000] "PUT /admin HTTP/1.1" 500 8501 "-" "Mozilla/5.0 (X11; Linux x86_64) Firefox/120.0"
172.16.0.1 - - [11/Aug/2024:12:01:02 +0000] "PUT /cart HTTP/1.1" 200 2667 "-" "Mozilla/5.0 (Windows NT 10.0; Win64; x64) Chrome/120.0.0.0"
8.8.8.8 - - [14/Aug/2025:15:12:11 +0000] "DELETE /images/logo.png HTTP/1.1" 200 2232 "-" "Mozilla/5.0 (Macintosh; Intel Mac OS X 10_15_7) Safari/537.36"
8.8.8.8 - - [11/Aug/2025:17:09:25 +0000] "DELETE /images/logo.png HTTP/1.1" 200 6234 "-" "curl/7.68.0"
192.168.1.1 - - [15/Oct/2025:08:47:50 +0000] "POST /admin HTTP/1.1" 404 2150 "-" "Mozilla/5.0 (Windows NT 10.0; Win64; x64) Chrome/120.0.0.0"
192.168.1.1 - - [10/Sep/2025:14:28:02 +0000] "POST /cart HTTP/1.1" 200 2358 "-" "Mozilla/5.0 (Windows NT 10.0; Win64; x64) Chrome/120.0.0.0"
172.16.0.1 - - [20/Aug/2025:06:51:35 +0000] "PUT /admin HTTP/1.1" 301 554 "-" "Mozilla/5.0 (Windows NT 10.0; Win64; x64) Chrome/120.0.0.0"
172.16.0.1 - - [04/Jan/2025:04:28:52 +0000] "PUT /cart HTTP/1.1" 500 1700 "-" "Mozilla/5.0 (Macintosh; Intel Mac OS X 10_15_7) Safari/537.36"
1.1.1.1 - - [19/Feb/2024:16:07:37 +0000] "PUT /index.html HTTP/1.1" 200 3608 "-" "Mozilla/5.0 (Macintosh; Intel Mac OS X 10_15_7) Safari/537.36"
172.16.0.1 - - [25/Mar/2024:06:57:46 +0000] "DELETE /about HTTP/1.1" 404 4603 "-" "Mozilla/5.0 (Macintosh; Intel Mac OS X 10_15_7) Safari/537.36"
1.1.1.1 - - [09/Feb/2025:13:56:26 +0000] "DELETE /index.html HTTP/1.1" 200 3604 "-" "Mozilla/5.0 (Macintosh; Intel Mac OS X 10_15_7) Safari/537.36"
1.1.1.1 - - [21/Oct/2024:06:13:17 +0000] "GET /products HTTP/1.1" 200 5508 "-" "curl/7.68.0"
172.16.0.1 - - [06/Aug/2025:08:30:36 +0000] "DELETE /index.html HTTP/1.1" 500 709 "-" "Mozilla/5.0 (X11; Linux x86_64) Firefox/120.0"
10.0.0.1 - - [09/Sep/2024:19:35:17 +0000] "DELETE /index.html HTTP/1.1" 200 5463 "-" "Mozilla/5.0 (iPhone; CPU iPhone OS 17_0 like Mac OS X)"
192.168.1.1 - - [06/Sep/2025:18:45:35 +0000] "DELETE /products HTTP/1.1" 200 6343 "-" "Mozilla/5.0 (iPhone; CPU iPhone OS 17_0 like Mac OS X)"
172.16.0.1 - - [24/Jul/2024:18:39:47 +0000] "POST /admin HTTP/1.1" 404 8116 "-" "Mozilla/5.0 (X11; Linux x86_64) Firefox/120.0"
8.8.8.8 - - [01/Jul/2024:23:33:49 +0000] "GET /cart HTTP/1.1" 301 6577 "-" "Mozilla/5.0 (Windows NT 10.0; Win64; x64) Chrome/120.0.0.0"
10.0.0.1 - - [13/Feb/2024:07:40:24 +0000] "PUT /cart HTTP/1.1" 500 7103 "-" "curl/7.68.0"
8.8.8.8 - - [18/Aug/2025:05:31:53 +0000] "DELETE /about HTTP/1.1" 301 7300 "-" "Mozilla/5.0 (iPhone; CPU iPhone OS 17_0 like Mac OS X)"
172.16.0.1 - - [01/Aug/2024:20:08:43 +0000] "GET /admin HTTP/1.1" 301 7753 "-" "Mozilla/5.0 (Macintosh; Intel Mac OS X 10_15_7) Safari/537.36"
1.1.1.1 - - [13/Jan/2024:06:12:08 +0000] "DELETE /images/logo.png HTTP/1.1" 200 4510 "-" "Mozilla/5.0 (Macintosh; Intel Mac OS X 10_15_7) Safari/537.36"
172.16.0.1 - - [10/Apr/2024:06:08:10 +0000] "POST /cart HTTP/1.1" 200 2572 "-" "Mozilla/5.0 (Macintosh; Intel Mac OS X 10_15_7) Safari/537.36"
192.168.1.1 - - [25/Aug/2024:23:30:24 +0000] "GET /index.html HTTP/1.1" 301 1408 "-" "Mozilla/5.0 (X11; Linux x86_64) Firefox/120.0"
10.0.0.1 - - [11/Jul/2024:05:50:44 +0000] "POST /cart HTTP/1.1" 500 1385 "-" "Mozilla/5.0 (Windows NT 10.0; Win64; x64) Chrome/120.0.0.0"
192.168.1.1 - - [14/Jan/2024:00:27:01 +0000] "GET /images/logo.png HTTP/1.1" 500 4477 "-" "Mozilla/5.0 (iPhone; CPU iPhone OS 17_0 like Mac OS X)"
8.8.8.8 - - [25/Aug/2025:19:19:29 +0000] "PUT /about HTTP/1.1" 200 9968 "-" "curl/7.68.0"
1.1.1.1 - - [20/Jun/2025:06:46:15 +0000] "PUT /about HTTP/1.1" 200 239 "-" "curl/7.68.0"
1.1.1.1 - - [10/Nov/2025:17:02:25 +0000] "POST /images/logo.png HTTP/1.1" 200 6503 "-" "Mozilla/5.0 (X11; Linux x86_64) Firefox/120.0"
192.168.1.1 - - [11/Sep/2024:13:59:19 +0000] "PUT /api/users HTTP/1.1" 200 835 "-" "curl/7.68.0"
10.0.0.1 - - [03/Jul/2025:12:08:26 +0000] "GET /admin HTTP/1.1" 404 9969 "-" "Mozilla/5.0 (iPhone; CPU iPhone OS 17_0 like Mac OS X)"
172.16.0.1 - - [15/Jun/2024:00:57:09 +0000] "DELETE /about HTTP/1.1" 200 8923 "-" "Mozilla/5.0 (iPhone; CPU iPhone OS 17_0 like Mac OS X)"
172.16.0.1 - - [03/Jun/2025:15:29:25 +0000] "POST /about HTTP/1.1" 200 5534 "-" "Mozilla/5.0 (Macintosh; Intel Mac OS X 10_15_7) Safari/537.36"
172.16.0.1 - - [13/Aug/2025:10:50:27 +0000] "GET /admin HTTP/1.1" 500 1849 "-" "Mozilla/5.0 (Macintosh; Intel Mac OS X 10_15_7) Safari/537.36"
172.16.0.1 - - [02/Jun/2024:13:41:10 +0000] "GET /products HTTP/1.1" 500 8652 "-" "Mozilla/5.0 (Windows NT 10.0; Win64; x64) Chrome/120.0.0.0"
8.8.8.8 - - [01/May/2024:00:52:47 +0000] "DELETE /api/users HTTP/1.1" 200 9675 "-" "Mozilla/5.0 (Windows NT 10.0; Win64; x64) Chrome/120.0.0.0"
1.1.1.1 - - [06/Jul/2024:02:02:50 +0000] "PUT /admin HTTP/1.1" 500 2052 "-" "Mozilla/5.0 (Windows NT 10.0; Win64; x64) Chrome/120.0.0.0"
1.1.1.1 - - [17/Apr/2025:19:13:34 +0000] "PUT /cart HTTP/1.1" 200 2908 "-" "Mozilla/5.0 (Macintosh; Intel Mac OS X 10_15_7) Safari/537.36"
172.16.0.1 - - [22/Apr/2025:12:37:08 +0000] "POST /products HTTP/1.1" 404 4054 "-" "Mozilla/5.0 (Macintosh; Intel Mac OS X 10_15_7) Safari/537.36"
192.168.1.1 - - [11/May/2024:23:00:20 +0000] "PUT /images/logo.png HTTP/1.1" 200 8775 "-" "curl/7.68.0"
172.16.0.1 - - [09/Jun/2025:01:14:40 +0000] "DELETE /admin HTTP/1.1" 404 8275 "-" "Mozilla/5.0 (X11; Linux x86_64) Firefox/120.0"
8.8.8.8 - - [16/Jan/2024:18:19:45 +0000] "PUT /index.html HTTP/1.1" 404 7649 "-" "Mozilla/5.0 (X11; Linux x86_64) Firefox/120.0"
192.168.1.1 - - [14/Aug/2024:10:55:27 +0000] "POST /products HTTP/1.1" 200 1211 "-" "curl/7.68.0"
10.0.0.1 - - [03/Jul/2025:14:35:43 +0000] "DELETE /cart HTTP/1.1" 200 3216 "-" "Mozilla/5.0 (Windows NT 10.0; Win64; x64) Chrome/120.0.0.0"
192.168.1.1 - - [03/Jul/2025:07:01:50 +0000] "PUT /cart HTTP/1.1" 404 9210 "-" "curl/7.68.0"
192.168.1.1 - - [01/Dec/2024:11:31:12 +0000] "GET /index.html HTTP/1.1" 200 4272 "-" "Mozilla/5.0 (Macintosh; Intel Mac OS X 10_15_7) Safari/537.36"
10.0.0.1 - - [28/Jan/2025:15:08:41 +0000] "POST /cart HTTP/1.1" 200 6010 "-" "Mozilla/5.0 (iPhone; CPU iPhone OS 17_0 like Mac OS X)"
172.16.0.1 - - [01/Sep/2024:08:32:08 +0000] "GET /index.html HTTP/1.1" 200 1293 "-" "curl/7.68.0"
8.8.8.8 - - [19/Nov/2024:03:36:30 +0000] "PUT /images/logo.png HTTP/1.1" 200 7217 "-" "Mozilla/5.0 (X11; Linux x86_64) Firefox/120.0"
1.1.1.1 - - [28/Feb/2024:03:22:47 +0000] "DELETE /products HTTP/1.1" 200 9170 "-" "Mozilla/5.0 (Macintosh; Intel Mac OS X 10_15_7) Safari/537.36"
172.16.0.1 - - [06/Mar/2025:16:50:15 +0000] "DELETE /cart HTTP/1.1" 404 3207 "-" "Mozilla/5.0 (Macintosh; Intel Mac OS X 10_15_7) Safari/537.36"
1.1.1.1 - - [05/Apr/2025:21:50:14 +0000] "PUT /about HTTP/1.1" 200 7196 "-" "curl/7.68.0"
8.8.8.8 - - [22/Jul/2025:04:29:04 +0000] "PUT /admin HTTP/1.1" 200 5779 "-" "Mozilla/5.0 (X11; Linux x86_64) Firefox/120.0"
8.8.8.8 - - [12/Dec/2024:18:31:45 +0000] "DELETE /images/logo.png HTTP/1.1" 200 1558 "-" "Mozilla/5.0 (iPhone; CPU iPhone OS 17_0 like Mac OS X)"
8.8.8.8 - - [08/Jul/2025:11:52:55 +0000] "DELETE /api/users HTTP/1.1" 301 2040 "-" "Mozilla/5.0 (iPhone; CPU iPhone OS 17_0 like Mac OS X)"
192.168.1.1 - - [08/Nov/2025:15:09:45 +0000] "DELETE /images/logo.png HTTP/1.1" 200 7197 "-" "Mozilla/5.0 (iPhone; CPU iPhone OS 17_0 like Mac OS X)"
1.1.1.1 - - [03/Jan/2025:05:11:25 +0000] "DELETE /admin HTTP/1.1" 500 6544 "-" "Mozilla/5.0 (Macintosh; Intel Mac OS X 10_15_7) Safari/537.36"
10.0.0.1 - - [18/Dec/2024:23:12:39 +0000] "GET /cart HTTP/1.1" 500 2528 "-" "Mozilla/5.0 (Macintosh; Intel Mac OS X 10_15_7) Safari/537.36"
8.8.8.8 - - [25/Apr/2025:08:47:59 +0000] "GET /index.html HTTP/1.1" 200 3248 "-" "Mozilla/5.0 (iPhone; CPU iPhone OS 17_0 like Mac OS X)"
1.1.1.1 - - [11/Jun/2024:07:51:08 +0000] "PUT /admin HTTP/1.1" 200 6163 "-" "curl/7.68.0"
8.8.8.8 - - [18/Mar/2025:01:01:15 +0000] "POST /cart HTTP/1.1" 200 4812 "-" "curl/7.68.0"
192.168.1.1 - - [24/Apr/2024:13:32:27 +0000] "PUT /admin HTTP/1.1" 404 10048 "-" "Mozilla/5.0 (X11; Linux x86_64) Firefox/120.0"
10.0.0.1 - - [03/Mar/2024:23:41:49 +0000] "PUT /images/logo.png HTTP/1.1" 404 1617 "-" "Mozilla/5.0 (X11; Linux x86_64) Firefox/120.0"
10.0.0.1 - - [13/Oct/2025:01:00:32 +0000] "PUT /about HTTP/1.1" 301 9700 "-" "curl/7.68.0"
1.1.1.1 - - [21/May/2025:03:33:24 +0000] "POST /index.html HTTP/1.1" 200 5784 "-" "curl/7.68.0"
1.1.1.1 - - [05/Nov/2024:19:12:04 +0000] "GET /admin HTTP/1.1" 200 9650 "-" "Mozilla/5.0 (Windows NT 10.0; Win64; x64) Chrome/120.0.0.0"
192.168.1.1 - - [08/Jun/2025:21:52:08 +0000] "POST /index.html HTTP/1.1" 404 6724 "-" "Mozilla/5.0 (Windows NT 10.0; Win64; x64) Chrome/120.0.0.0"
172.16.0.1 - - [02/Nov/2025:12:18:32 +0000] "PUT /cart HTTP/1.1" 200 3912 "-" "Mozilla/5.0 (iPhone; CPU iPhone OS 17_0 like Mac OS X)"
8.8.8.8 - - [17/Jun/2024:02:11:02 +0000] "DELETE /admin HTTP/1.1" 200 4300 "-" "curl/7.68.0"
8.8.8.8 - - [19/Mar/2024:03:59:42 +0000] "PUT /index.html HTTP/1.1" 500 4473 "-" "Mozilla/5.0 (Windows NT 10.0; Win64; x64) Chrome/120.0.0.0"
172.16.0.1 - - [08/Dec/2025:17:13:02 +0000] "DELETE /api/users HTTP/1.1" 200 3078 "-" "Mozilla/5.0 (Windows NT 10.0; Win64; x64) Chrome/120.0.0.0"
172.16.0.1 - - [13/Jan/2024:19:59:08 +0000] "GET /products HTTP/1.1" 200 1226 "-" "curl/7.68.0"
1.1.1.1 - - [15/Feb/2025:07:41:28 +0000] "PUT /about HTTP/1.1" 404 1070 "-" "Mozilla/5.0 (Windows NT 10.0; Win64; x64) Chrome/120.0.0.0"
172.16.0.1 - - [06/Sep/2024:00:43:19 +0000] "DELETE /admin HTTP/1.1" 500 9907 "-" "Mozilla/5.0 (Macintosh; Intel Mac OS X 10_15_7) Safari/537.36"
192.168.1.1 - - [28/Mar/2024:12:52:19 +0000] "POST /images/logo.png HTTP/1.1" 301 6727 "-" "Mozilla/5.0 (Windows NT 10.0; Win64; x64) Chrome/120.0.0.0"
172.16.0.1 - - [11/Jan/2025:00:37:31 +0000] "PUT /products HTTP/1.1" 404 4376 "-" "Mozilla/5.0 (X11; Linux x86_64) Firefox/120.0"
10.0.0.1 - - [13/May/2025:06:44:01 +0000] "POST /admin HTTP/1.1" 301 7502 "-" "Mozilla/5.0 (iPhone; CPU iPhone OS 17_0 like Mac OS X)"
10.0.0.1 - - [21/Apr/2025:10:50:32 +0000] "GET /products HTTP/1.1" 404 8325 "-" "curl/7.68.0"
172.16.0.1 - - [20/Jul/2025:21:31:13 +0000] "DELETE /index.html HTTP/1.1" 404 4312 "-" "Mozilla/5.0 (X11; Linux x86_64) Firefox/120.0"
192.168.1.1 - - [09/Mar/2025:01:07:24 +0000] "PUT /index.html HTTP/1.1" 200 9040 "-" "curl/7.68.0"
1.1.1.1 - - [13/Apr/2025:03:24:24 +0000] "DELETE /admin HTTP/1.1" 500 2231 "-" "curl/7.68.0"
172.16.0.1 - - [18/Oct/2025:14:37:56 +0000] "GET /api/users HTTP/1.1" 200 496 "-" "Mozilla/5.0 (iPhone; CPU iPhone OS 17_0 like Mac OS X)"
192.168.1.1 - - [28/Apr/2025:21:14:19 +0000] "POST /products HTTP/1.1" 200 9095 "-" "Mozilla/5.0 (Windows NT 10.0; Win64; x64) Chrome/120.0.0.0"
192.168.1.1 - - [03/Aug/2025:03:58:08 +0000] "DELETE /about HTTP/1.1" 500 8993 "-" "curl/7.68.0"
1.1.1.1 - - [21/May/2025:01:37:37 +0000] "DELETE /admin HTTP/1.1" 200 5864 "-" "curl/7.68.0"
1.1.1.1 - - [02/Jan/2025:18:51:43 +0000] "POST /api/users HTTP/1.1" 200 8565 "-" "Mozilla/5.0 (X11; Linux x86_64) Firefox/120.0"
192.168.1.1 - - [07/Nov/2025:17:18:17 +0000] "POST /about HTTP/1.1" 200 6328 "-" "curl/7.68.0"
1.1.1.1 - - [12/Jul/2025:20:05:31 +0000] "DELETE /about HTTP/1.1" 200 1252 "-" "Mozilla/5.0 (X11; Linux x86_64) Firefox/120.0"
172.16.0.1 - - [28/Feb/2024:20:26:26 +0000] "POST /images/logo.png HTTP/1.1" 301 6000 "-" "Mozilla/5.0 (iPhone; CPU iPhone OS 17_0 like Mac OS X)"
8.8.8.8 - - [27/Mar/2025:09:33:00 +0000] "POST /images/logo.png HTTP/1.1" 200 3477 "-" "Mozilla/5.0 (X11; Linux x86_64) Firefox/120.0"
192.168.1.1 - - [28/Feb/2024:04:29:44 +0000] "DELETE /index.html HTTP/1.1" 200 3068 "-" "Mozilla/5.0 (X11; Linux x86_64) Firefox/120.0"
192.168.1.1 - - [28/Nov/2024:14:21:01 +0000] "GET /images/logo.png HTTP/1.1" 200 5698 "-" "Mozilla/5.0 (X11; Linux x86_64) Firefox/120.0"
1.1.1.1 - - [17/Jan/2024:02:24:57 +0000] "POST /images/logo.png HTTP/1.1" 500 4192 "-" "curl/7.68.0"
1.1.1.1 - - [10/Dec/2024:20:28:51 +0000] "PUT /api/users HTTP/1.1" 200 9126 "-" "Mozilla/5.0 (iPhone; CPU iPhone OS 17_0 like Mac OS X)"
1.1.1.1 - - [14/Nov/2024:04:01:09 +0000] "POST /index.html HTTP/1.1" 301 9064 "-" "Mozilla/5.0 (X11; Linux x86_64) Firefox/120.0"
10.0.0.1 - - [20/Aug/2024:12:08:27 +0000] "POST /about HTTP/1.1" 500 7141 "-" "Mozilla/5.0 (iPhone; CPU iPhone OS 17_0 like Mac OS X)"
1.1.1.1 - - [12/Jul/2025:03:53:47 +0000] "POST /images/logo.png HTTP/1.1" 404 6658 "-" "Mozilla/5.0 (Macintosh; Intel Mac OS X 10_15_7) Safari/537.36"
172.16.0.1 - - [14/Nov/2025:08:02:25 +0000] "PUT /about HTTP/1.1" 200 8998 "-" "curl/7.68.0"
1.1.1.1 - - [01/Jun/2025:17:24:32 +0000] "PUT /images/logo.png HTTP/1.1" 200 175 "-" "Mozilla/5.0 (iPhone; CPU iPhone OS 17_0 like Mac OS X)"
8.8.8.8 - - [27/Nov/2024:13:24:34 +0000] "GET /about HTTP/1.1" 200 3571 "-" "Mozilla/5.0 (Windows NT 10.0; Win64; x64) Chrome/120.0.0.0"
10.0.0.1 - - [26/Dec/2025:06:07:01 +0000] "POST /cart HTTP/1.1" 200 4547 "-" "Mozilla/5.0 (Windows NT 10.0; Win64; x64) Chrome/120.0.0.0"
8.8.8.8 - - [11/Jun/2025:10:29:31 +0000] "POST /images/logo.png HTTP/1.1" 200 5817 "-" "Mozilla/5.0 (Windows NT 10.0; Win64; x64) Chrome/120.0.0.0"
172.16.0.1 - - [15/Nov/2024:00:53:01 +0000] "DELETE /cart HTTP/1.1" 200 1893 "-" "curl/7.68.0"
10.0.0.1 - - [10/Feb/2025:13:40:30 +0000] "GET /images/logo.png HTTP/1.1" 404 3502 "-" "Mozilla/5.0 (X11; Linux x86_64) Firefox/120.0"
172.16.0.1 - - [24/May/2025:23:21:12 +0000] "DELETE /api/users HTTP/1.1" 500 510 "-" "curl/7.68.0"
10.0.0.1 - - [07/Feb/2025:08:14:45 +0000] "PUT /images/logo.png HTTP/1.1" 301 3638 "-" "Mozilla/5.0 (X11; Linux x86_64) Firefox/120.0"
10.0.0.1 - - [27/May/2024:22:22:49 +0000] "GET /index.html HTTP/1.1" 200 1587 "-" "curl/7.68.0"
8.8.8.8 - - [06/Jan/2024:19:48:01 +0000] "DELETE /images/logo.png HTTP/1.1" 200 6377 "-" "Mozilla/5.0 (Windows NT 10.0; Win64; x64) Chrome/120.0.0.0"
192.168.1.1 - - [21/Jul/2024:04:36:35 +0000] "GET /api/users HTTP/1.1" 200 1222 "-" "Mozilla/5.0 (iPhone; CPU iPhone OS 17_0 like Mac OS X)"
1.1.1.1 - - [21/Jun/2024:21:28:57 +0000] "DELETE /admin HTTP/1.1" 301 7348 "-" "Mozilla/5.0 (Windows NT 10.0; Win64; x64) Chrome/120.0.0.0"
172.16.0.1 - - [01/May/2025:20:07:14 +0000] "POST /about HTTP/1.1" 200 6041 "-" "curl/7.68.0"
1.1.1.1 - - [14/Nov/2024:18:55:57 +0000] "PUT /admin HTTP/1.1" 200 1835 "-" "curl/7.68.0"
1.1.1.1 - - [19/Jun/2024:13:54:35 +0000] "DELETE /index.html HTTP/1.1" 500 9747 "-" "curl/7.68.0"
10.0.0.1 - - [08/Sep/2024:12:50:50 +0000] "POST /cart HTTP/1.1" 200 10073 "-" "curl/7.68.0"
192.168.1.1 - - [21/Dec/2024:22:30:43 +0000] "GET /images/logo.png HTTP/1.1" 200 8452 "-" "Mozilla/5.0 (iPhone; CPU iPhone OS 17_0 like Mac OS X)"
10.0.0.1 - - [28/Dec/2025:19:01:39 +0000] "DELETE /cart HTTP/1.1" 500 7723 "-" "Mozilla/5.0 (X11; Linux x86_64) Firefox/120.0"
8.8.8.8 - - [16/Nov/2025:12:07:49 +0000] "GET /api/users HTTP/1.1" 404 4061 "-" "Mozilla/5.0 (Macintosh; Intel Mac OS X 10_15_7) Safari/537.36"
1.1.1.1 - - [03/Mar/2024:10:42:57 +0000] "POST /api/users HTTP/1.1" 404 2087 "-" "Mozilla/5.0 (Windows NT 10.0; Win64; x64) Chrome/120.0.0.0"
10.0.0.1 - - [25/Jun/2025:11:47:17 +0000] "POST /products HTTP/1.1" 200 2330 "-" "Mozilla/5.0 (X11; Linux x86_64) Firefox/120.0"
192.168.1.1 - - [17/Sep/2024:22:24:10 +0000] "PUT /index.html HTTP/1.1" 200 9591 "-" "Mozilla/5.0 (X11; Linux x86_64) Firefox/120.0"
1.1.1.1 - - [14/Jun/2024:07:31:04 +0000] "POST /index.html HTTP/1.1" 200 4467 "-" "Mozilla/5.0 (Macintosh; Intel Mac OS X 10_15_7) Safari/537.36"
1.1.1.1 - - [08/Dec/2024:22:36:28 +0000] "POST /index.html HTTP/1.1" 404 9266 "-" "Mozilla/5.0 (iPhone; CPU iPhone OS 17_0 like Mac OS X)"
10.0.0.1 - - [10/Mar/2025:08:36:16 +0000] "POST /index.html HTTP/1.1" 200 473 "-" "Mozilla/5.0 (Macintosh; Intel Mac OS X 10_15_7) Safari/537.36"
192.168.1.1 - - [08/Jan/2025:14:00:07 +0000] "PUT /images/logo.png HTTP/1.1" 200 365 "-" "Mozilla/5.0 (Macintosh; Intel Mac OS X 10_15_7) Safari/537.36"
8.8.8.8 - - [17/Sep/2025:15:37:45 +0000] "PUT /api/users HTTP/1.1" 500 1409 "-" "curl/7.68.0"
172.16.0.1 - - [14/Sep/2024:19:25:41 +0000] "GET /cart HTTP/1.1" 200 7850 "-" "Mozilla/5.0 (Macintosh; Intel Mac OS X 10_15_7) Safari/537.36"
1.1.1.1 - - [19/Nov/2025:18:54:23 +0000] "POST /api/users HTTP/1.1" 404 5529 "-" "Mozilla/5.0 (Windows NT 10.0; Win64; x64) Chrome/120.0.0.0"
8.8.8.8 - - [02/Jan/2025:05:05:56 +0000] "PUT /index.html HTTP/1.1" 200 2428 "-" "Mozilla/5.0 (Windows NT 10.0; Win64; x64) Chrome/120.0.0.0"
192.168.1.1 - - [27/Aug/2024:12:53:24 +0000] "GET /images/logo.png HTTP/1.1" 500 8893 "-" "Mozilla/5.0 (X11; Linux x86_64) Firefox/120.0"
192.168.1.1 - - [08/Jan/2025:03:29:43 +0000] "PUT /products HTTP/1.1" 500 9297 "-" "Mozilla/5.0 (iPhone; CPU iPhone OS 17_0 like Mac OS X)"
192.168.1.1 - - [19/Jul/2025:16:48:49 +0000] "POST /products HTTP/1.1" 200 5383 "-" "curl/7.68.0"
10.0.0.1 - - [11/Dec/2025:17:34:42 +0000] "POST /images/logo.png HTTP/1.1" 200 2344 "-" "Mozilla/5.0 (iPhone; CPU iPhone OS 17_0 like Mac OS X)"
192.168.1.1 - - [09/May/2024:03:55:10 +0000] "POST /api/users HTTP/1.1" 301 6998 "-" "Mozilla/5.0 (Windows NT 10.0; Win64; x64) Chrome/120.0.0.0"
172.16.0.1 - - [04/Jun/2024:02:16:22 +0000] "POST /admin HTTP/1.1" 200 2557 "-" "Mozilla/5.0 (iPhone; CPU iPhone OS 17_0 like Mac OS X)"
10.0.0.1 - - [12/Oct/2025:07:54:41 +0000] "GET /cart HTTP/1.1" 200 5955 "-" "curl/7.68.0"
10.0.0.1 - - [21/Nov/2024:23:23:04 +0000] "POST /api/users HTTP/1.1" 404 3439 "-" "Mozilla/5.0 (Windows NT 10.0; Win64; x64) Chrome/120.0.0.0"
1.1.1.1 - - [10/Nov/2024:12:13:15 +0000] "GET /about HTTP/1.1" 200 9165 "-" "Mozilla/5.0 (Macintosh; Intel Mac OS X 10_15_7) Safari/537.36"
172.16.0.1 - - [17/Feb/2024:13:00:08 +0000] "PUT /cart HTTP/1.1" 200 5597 "-" "Mozilla/5.0 (Windows NT 10.0; Win64; x64) Chrome/120.0.0.0"
10.0.0.1 - - [25/Jul/2024:05:49:45 +0000] "GET /api/users HTTP/1.1" 500 5856 "-" "Mozilla/5.0 (Windows NT 10.0; Win64; x64) Chrome/120.0.0.0"
192.168.1.1 - - [02/Mar/2024:15:20:13 +0000] "DELETE /images/logo.png HTTP/1.1" 404 3053 "-" "Mozilla/5.0 (Macintosh; Intel Mac OS X 10_15_7) Safari/537.36"
172.16.0.1 - - [03/Oct/2024:00:06:01 +0000] "POST /api/users HTTP/1.1" 500 7246 "-" "curl/7.68.0"
1.1.1.1 - - [09/Oct/2025:17:28:44 +0000] "DELETE /images/logo.png HTTP/1.1" 404 6909 "-" "Mozilla/5.0 (X11; Linux x86_64) Firefox/120.0"
1.1.1.1 - - [25/Aug/2025:06:43:19 +0000] "GET /index.html HTTP/1.1" 500 9912 "-" "Mozilla/5.0 (X11; Linux x86_64) Firefox/120.0"
1.1.1.1 - - [10/Apr/2025:04:43:17 +0000] "GET /products HTTP/1.1" 200 9675 "-" "Mozilla/5.0 (X11; Linux x86_64) Firefox/120.0"
192.168.1.1 - - [09/Sep/2025:21:44:54 +0000] "DELETE /cart HTTP/1.1" 200 5485 "-" "Mozilla/5.0 (Macintosh; Intel Mac OS X 10_15_7) Safari/537.36"
8.8.8.8 - - [20/Oct/2024:17:49:43 +0000] "PUT /index.html HTTP/1.1" 200 5814 "-" "curl/7.68.0"
8.8.8.8 - - [15/Mar/2025:08:37:36 +0000] "PUT /cart HTTP/1.1" 301 893 "-" "Mozilla/5.0 (Windows NT 10.0; Win64; x64) Chrome/120.0.0.0"
172.16.0.1 - - [01/May/2024:06:45:35 +0000] "GET /products HTTP/1.1" 200 3103 "-" "Mozilla/5.0 (Windows NT 10.0; Win64; x64) Chrome/120.0.0.0"
172.16.0.1 - - [12/Sep/2024:08:10:31 +0000] "POST /admin HTTP/1.1" 200 6564 "-" "curl/7.68.0"
1.1.1.1 - - [12/Oct/2025:09:50:45 +0000] "PUT /admin HTTP/1.1" 200 6387 "-" "curl/7.68.0"
1.1.1.1 - - [18/Oct/2024:22:19:43 +0000] "PUT /about HTTP/1.1" 500 3089 "-" "Mozilla/5.0 (Macintosh; Intel Mac OS X 10_15_7) Safari/537.36"
1.1.1.1 - - [05/Oct/2025:14:55:47 +0000] "PUT /about HTTP/1.1" 301 5946 "-" "Mozilla/5.0 (X11; Linux x86_64) Firefox/120.0"
192.168.1.1 - - [18/Sep/2024:15:30:39 +0000] "PUT /cart HTTP/1.1" 301 863 "-" "Mozilla/5.0 (Macintosh; Intel Mac OS X 10_15_7) Safari/537.36"
192.168.1.1 - - [17/Sep/2024:06:54:46 +0000] "PUT /products HTTP/1.1" 404 8903 "-" "curl/7.68.0"
172.16.0.1 - - [08/Jan/2024:01:16:19 +0000] "POST /products HTTP/1.1" 200 5742 "-" "Mozilla/5.0 (Macintosh; Intel Mac OS X 10_15_7) Safari/537.36"
10.0.0.1 - - [13/Jun/2025:01:21:35 +0000] "POST /images/logo.png HTTP/1.1" 200 2901 "-" "Mozilla/5.0 (Windows NT 10.0; Win64; x64) Chrome/120.0.0.0"
8.8.8.8 - - [11/Feb/2025:11:07:08 +0000] "DELETE /api/users HTTP/1.1" 301 8574 "-" "curl/7.68.0"
1.1.1.1 - - [14/Jun/2024:08:23:17 +0000] "PUT /index.html HTTP/1.1" 500 8829 "-" "Mozilla/5.0 (Windows NT 10.0; Win64; x64) Chrome/120.0.0.0"
172.16.0.1 - - [08/Jan/2025:10:04:32 +0000] "GET /cart HTTP/1.1" 301 5085 "-" "Mozilla/5.0 (Macintosh; Intel Mac OS X 10_15_7) Safari/537.36"
8.8.8.8 - - [08/Jun/2025:16:26:18 +0000] "POST /images/logo.png HTTP/1.1" 404 845 "-" "Mozilla/5.0 (Macintosh; Intel Mac OS X 10_15_7) Safari/537.36"
1.1.1.1 - - [15/Jan/2024:02:44:47 +0000] "GET /products HTTP/1.1" 200 2232 "-" "Mozilla/5.0 (Windows NT 10.0; Win64; x64) Chrome/120.0.0.0"
1.1.1.1 - - [01/Jul/2024:21:29:49 +0000] "GET /images/logo.png HTTP/1.1" 404 2059 "-" "Mozilla/5.0 (Macintosh; Intel Mac OS X 10_15_7) Safari/537.36"
1.1.1.1 - - [02/Jul/2025:20:01:53 +0000] "PUT /about HTTP/1.1" 200 8051 "-" "Mozilla/5.0 (Windows NT 10.0; Win64; x64) Chrome/120.0.0.0"
1.1.1.1 - - [25/Feb/2024:15:17:10 +0000] "GET /images/logo.png HTTP/1.1" 200 6248 "-" "Mozilla/5.0 (Windows NT 10.0; Win64; x64) Chrome/120.0.0.0"
192.168.1.1 - - [25/Apr/2025:04:59:34 +0000] "PUT /about HTTP/1.1" 404 393 "-" "Mozilla/5.0 (X11; Linux x86_64) Firefox/120.0"
192.168.1.1 - - [27/Jun/2024:17:29:01 +0000] "GET /images/logo.png HTTP/1.1" 200 5604 "-" "Mozilla/5.0 (Macintosh; Intel Mac OS X 10_15_7) Safari/537.36"
1.1.1.1 - - [09/Jan/2024:18:04:58 +0000] "GET /cart HTTP/1.1" 200 8868 "-" "Mozilla/5.0 (iPhone; CPU iPhone OS 17_0 like Mac OS X)"
10.0.0.1 - - [12/Feb/2024:07:00:59 +0000] "POST /api/users HTTP/1.1" 301 234 "-" "Mozilla/5.0 (Windows NT 10.0; Win64; x64) Chrome/120.0.0.0"
172.16.0.1 - - [28/Nov/2025:21:56:41 +0000] "DELETE /index.html HTTP/1.1" 200 7282 "-" "Mozilla/5.0 (X11; Linux x86_64) Firefox/120.0"
192.168.1.1 - - [27/Mar/2025:15:22:27 +0000] "PUT /api/users HTTP/1.1" 200 1113 "-" "Mozilla/5.0 (Macintosh; Intel Mac OS X 10_15_7) Safari/537.36"
10.0.0.1 - - [15/Nov/2024:08:43:48 +0000] "GET /api/users HTTP/1.1" 301 8059 "-" "Mozilla/5.0 (Windows NT 10.0; Win64; x64) Chrome/120.0.0.0"
10.0.0.1 - - [10/Oct/2025:15:54:18 +0000] "POST /api/users HTTP/1.1" 404 6955 "-" "curl/7.68.0"
8.8.8.8 - - [17/Feb/2025:03:02:43 +0000] "GET /api/users HTTP/1.1" 301 5549 "-" "curl/7.68.0"
1.1.1.1 - - [02/Nov/2024:20:49:55 +0000] "PUT /cart HTTP/1.1" 301 8994 "-" "Mozilla/5.0 (Macintosh; Intel Mac OS X 10_15_7) Safari/537.36"
1.1.1.1 - - [04/Feb/2025:04:47:03 +0000] "GET /cart HTTP/1.1" 200 6197 "-" "curl/7.68.0"
172.16.0.1 - - [12/Jul/2025:20:48:40 +0000] "GET /cart HTTP/1.1" 404 9001 "-" "curl/7.68.0"
8.8.8.8 - - [12/Mar/2024:12:35:18 +0000] "GET /about HTTP/1.1" 200 2023 "-" "Mozilla/5.0 (iPhone; CPU iPhone OS 17_0 like Mac OS X)"
192.168.1.1 - - [07/Feb/2024:10:54:29 +0000] "DELETE /admin HTTP/1.1" 301 9697 "-" "Mozilla/5.0 (X11; Linux x86_64) Firefox/120.0"
10.0.0.1 - - [23/Aug/2024:10:52:30 +0000] "GET /images/logo.png HTTP/1.1" 404 7433 "-" "Mozilla/5.0 (Windows NT 10.0; Win64; x64) Chrome/120.0.0.0"
10.0.0.1 - - [12/Feb/2024:20:36:20 +0000] "POST /images/logo.png HTTP/1.1" 200 8452 "-" "Mozilla/5.0 (Macintosh; Intel Mac OS X 10_15_7) Safari/537.36"
172.16.0.1 - - [17/Oct/2024:18:23:18 +0000] "DELETE /index.html HTTP/1.1" 500 8498 "-" "Mozilla/5.0 (iPhone; CPU iPhone OS 17_0 like Mac OS X)"
8.8.8.8 - - [02/Oct/2024:18:32:00 +0000] "POST /index.html HTTP/1.1" 404 5766 "-" "Mozilla/5.0 (X11; Linux x86_64) Firefox/120.0"
8.8.8.8 - - [09/Mar/2024:09:42:19 +0000] "DELETE /index.html HTTP/1.1" 301 8754 "-" "Mozilla/5.0 (Macintosh; Intel Mac OS X 10_15_7) Safari/537.36"
192.168.1.1 - - [01/Apr/2024:02:29:55 +0000] "POST /admin HTTP/1.1" 200 2851 "-" "Mozilla/5.0 (Windows NT 10.0; Win64; x64) Chrome/120.0.0.0"
172.16.0.1 - - [17/Aug/2025:18:32:31 +0000] "GET /api/users HTTP/1.1" 301 9796 "-" "Mozilla/5.0 (Windows NT 10.0; Win64; x64) Chrome/120.0.0.0"
1.1.1.1 - - [27/Nov/2024:01:15:16 +0000] "DELETE /images/logo.png HTTP/1.1" 200 10047 "-" "curl/7.68.0"
192.168.1.1 - - [11/Sep/2024:14:13:04 +0000] "GET /images/logo.png HTTP/1.1" 301 4580 "-" "Mozilla/5.0 (iPhone; CPU iPhone OS 17_0 like Mac OS X)"
10.0.0.1 - - [13/Feb/2024:16:27:55 +0000] "PUT /index.html HTTP/1.1" 200 8717 "-" "Mozilla/5.0 (Macintosh; Intel Mac OS X 10_15_7) Safari/537.36"
192.168.1.1 - - [24/Jul/2025:01:24:43 +0000] "POST /about HTTP/1.1" 200 221 "-" "Mozilla/5.0 (X11; Linux x86_64) Firefox/120.0"
8.8.8.8 - - [04/Sep/2025:20:45:56 +0000] "POST /admin HTTP/1.1" 200 7153 "-" "Mozilla/5.0 (X11; Linux x86_64) Firefox/120.0"
10.0.0.1 - - [08/Sep/2024:22:06:38 +0000] "POST /products HTTP/1.1" 200 5094 "-" "Mozilla/5.0 (iPhone; CPU iPhone OS 17_0 like Mac OS X)"
192.168.1.1 - - [28/Oct/2025:03:11:08 +0000] "DELETE /index.html HTTP/1.1" 500 8070 "-" "Mozilla/5.0 (X11; Linux x86_64) Firefox/120.0"
10.0.0.1 - - [17/Apr/2025:19:11:45 +0000] "POST /images/logo.png HTTP/1.1" 500 2232 "-" "Mozilla/5.0 (Macintosh; Intel Mac OS X 10_15_7) Safari/537.36"
1.1.1.1 - - [01/Feb/2025:01:10:37 +0000] "GET /api/users HTTP/1.1" 404 3695 "-" "Mozilla/5.0 (Macintosh; Intel Mac OS X 10_15_7) Safari/537.36"
8.8.8.8 - - [24/Jun/2025:13:00:29 +0000] "POST /about HTTP/1.1" 200 4169 "-" "curl/7.68.0"
10.0.0.1 - - [09/Aug/2024:09:42:26 +0000] "PUT /index.html HTTP/1.1" 200 5449 "-" "Mozilla/5.0 (Macintosh; Intel Mac OS X 10_15_7) Safari/537.36"
192.168.1.1 - - [15/Jan/2025:08:32:25 +0000] "POST /admin HTTP/1.1" 200 9934 "-" "Mozilla/5.0 (X11; Linux x86_64) Firefox/120.0"
172.16.0.1 - - [23/Aug/2024:02:39:18 +0000] "GET /cart HTTP/1.1" 200 8440 "-" "curl/7.68.0"
8.8.8.8 - - [14/Sep/2025:22:02:22 +0000] "GET /images/logo.png HTTP/1.1" 200 5382 "-" "Mozilla/5.0 (iPhone; CPU iPhone OS 17_0 like Mac OS X)"
8.8.8.8 - - [15/Jan/2024:11:37:44 +0000] "PUT /products HTTP/1.1" 404 8752 "-" "curl/7.68.0"
192.168.1.1 - - [21/Nov/2024:03:18:05 +0000] "DELETE /cart HTTP/1.1" 404 6479 "-" "Mozilla/5.0 (Windows NT 10.0; Win64; x64) Chrome/120.0.0.0"
8.8.8.8 - - [21/Feb/2024:16:33:46 +0000] "GET /admin HTTP/1.1" 200 3430 "-" "Mozilla/5.0 (Macintosh; Intel Mac OS X 10_15_7) Safari/537.36"
192.168.1.1 - - [08/Jan/2024:04:14:51 +0000] "POST /admin HTTP/1.1" 200 4979 "-" "Mozilla/5.0 (X11; Linux x86_64) Firefox/120.0"
1.1.1.1 - - [02/Jul/2025:07:00:47 +0000] "GET /index.html HTTP/1.1" 200 9352 "-" "Mozilla/5.0 (Macintosh; Intel Mac OS X 10_15_7) Safari/537.36"
1.1.1.1 - - [13/May/2024:11:10:33 +0000] "PUT /api/users HTTP/1.1" 301 2551 "-" "Mozilla/5.0 (iPhone; CPU iPhone OS 17_0 like Mac OS X)"
192.168.1.1 - - [11/Mar/2025:05:47:44 +0000] "GET /products HTTP/1.1" 200 7226 "-" "Mozilla/5.0 (Windows NT 10.0; Win64; x64) Chrome/120.0.0.0"
10.0.0.1 - - [17/Sep/2024:15:44:09 +0000] "POST /products HTTP/1.1" 200 9347 "-" "Mozilla/5.0 (Macintosh; Intel Mac OS X 10_15_7) Safari/537.36"
1.1.1.1 - - [20/Sep/2024:18:58:03 +0000] "PUT /images/logo.png HTTP/1.1" 200 7835 "-" "Mozilla/5.0 (Macintosh; Intel Mac OS X 10_15_7) Safari/537.36"
172.16.0.1 - - [28/Jun/2024:17:12:33 +0000] "PUT /admin HTTP/1.1" 200 940 "-" "Mozilla/5.0 (Windows NT 10.0; Win64; x64) Chrome/120.0.0.0"
1.1.1.1 - - [01/Jan/2024:14:48:16 +0000] "PUT /products HTTP/1.1" 200 8944 "-" "curl/7.68.0"
1.1.1.1 - - [24/Dec/2024:06:29:48 +0000] "DELETE /index.html HTTP/1.1" 200 3193 "-" "Mozilla/5.0 (Macintosh; Intel Mac OS X 10_15_7) Safari/537.36"
1.1.1.1 - - [11/Jun/2025:23:10:16 +0000] "PUT /api/users HTTP/1.1" 200 6678 "-" "Mozilla/5.0 (Macintosh; Intel Mac OS X 10_15_7) Safari/537.36"
192.168.1.1 - - [26/Mar/2024:04:45:21 +0000] "POST /admin HTTP/1.1" 200 5245 "-" "Mozilla/5.0 (iPhone; CPU iPhone OS 17_0 like Mac OS X)"
10.0.0.1 - - [12/Oct/2024:21:04:45 +0000] "POST /cart HTTP/1.1" 200 8034 "-" "curl/7.68.0"
10.0.0.1 - - [06/Apr/2024:10:34:17 +0000] "POST /index.html HTTP/1.1" 200 7873 "-" "curl/7.68.0"
8.8.8.8 - - [16/Jul/2025:01:13:06 +0000] "GET /about HTTP/1.1" 404 430 "-" "Mozilla/5.0 (Windows NT 10.0; Win64; x64) Chrome/120.0.0.0"
10.0.0.1 - - [07/Jun/2024:09:24:43 +0000] "POST /cart HTTP/1.1" 200 3720 "-" "Mozilla/5.0 (iPhone; CPU iPhone OS 17_0 like Mac OS X)"
10.0.0.1 - - [13/Feb/2025:15:03:44 +0000] "POST /api/users HTTP/1.1" 301 7344 "-" "Mozilla/5.0 (Macintosh; Intel Mac OS X 10_15_7) Safari/537.36"
172.16.0.1 - - [26/Dec/2025:15:48:45 +0000] "DELETE /products HTTP/1.1" 200 7777 "-" "Mozilla/5.0 (X11; Linux x86_64) Firefox/120.0"
172.16.0.1 - - [15/Jan/2024:10:52:32 +0000] "GET /images/logo.png HTTP/1.1" 200 5694 "-" "Mozilla/5.0 (Macintosh; Intel Mac OS X 10_15_7) Safari/537.36"
10.0.0.1 - - [24/Apr/2025:05:43:44 +0000] "PUT /cart HTTP/1.1" 200 9175 "-" "Mozilla/5.0 (X11; Linux x86_64) Firefox/120.0"
192.168.1.1 - - [25/Oct/2025:01:00:46 +0000] "DELETE /api/users HTTP/1.1" 200 2425 "-" "Mozilla/5.0 (iPhone; CPU iPhone OS 17_0 like Mac OS X)"
1.1.1.1 - - [03/May/2024:06:47:17 +0000] "GET /about HTTP/1.1" 404 5256 "-" "Mozilla/5.0 (Macintosh; Intel Mac OS X 10_15_7) Safari/537.36"
1.1.1.1 - - [06/May/2024:01:16:48 +0000] "POST /about HTTP/1.1" 200 5416 "-" "Mozilla/5.0 (Macintosh; Intel Mac OS X 10_15_7) Safari/537.36"
10.0.0.1 - - [17/Nov/2025:07:19:36 +0000] "POST /index.html HTTP/1.1" 200 3994 "-" "Mozilla/5.0 (X11; Linux x86_64) Firefox/120.0"
1.1.1.1 - - [24/Aug/2025:01:13:32 +0000] "GET /products HTTP/1.1" 200 6333 "-" "Mozilla/5.0 (Macintosh; Intel Mac OS X 10_15_7) Safari/537.36"
10.0.0.1 - - [25/Nov/2024:13:16:49 +0000] "DELETE /images/logo.png HTTP/1.1" 200 703 "-" "Mozilla/5.0 (X11; Linux x86_64) Firefox/120.0"
172.16.0.1 - - [14/Mar/2025:08:04:39 +0000] "POST /images/logo.png HTTP/1.1" 200 5659 "-" "Mozilla/5.0 (iPhone; CPU iPhone OS 17_0 like Mac OS X)"
172.16.0.1 - - [06/Oct/2024:20:34:39 +0000] "PUT /images/logo.png HTTP/1.1" 500 4260 "-" "Mozilla/5.0 (Macintosh; Intel Mac OS X 10_15_7) Safari/537.36"
8.8.8.8 - - [02/Oct/2025:10:21:21 +0000] "PUT /products HTTP/1.1" 404 8025 "-" "Mozilla/5.0 (X11; Linux x86_64) Firefox/120.0"
172.16.0.1 - - [15/Sep/2025:13:29:04 +0000] "POST /index.html HTTP/1.1" 404 7242 "-" "Mozilla/5.0 (X11; Linux x86_64) Firefox/120.0"
10.0.0.1 - - [01/Aug/2025:03:34:56 +0000] "PUT /index.html HTTP/1.1" 500 4040 "-" "curl/7.68.0"
192.168.1.1 - - [28/Nov/2025:08:24:14 +0000] "DELETE /images/logo.png HTTP/1.1" 404 6606 "-" "Mozilla/5.0 (Windows NT 10.0; Win64; x64) Chrome/120.0.0.0"
172.16.0.1 - - [13/Sep/2025:10:00:00 +0000] "GET /index.html HTTP/1.1" 200 2290 "-" "Mozilla/5.0 (X11; Linux x86_64) Firefox/120.0"
192.168.1.1 - - [07/Oct/2025:04:24:42 +0000] "PUT /products HTTP/1.1" 200 7436 "-" "Mozilla/5.0 (X11; Linux x86_64) Firefox/120.0"
8.8.8.8 - - [19/Sep/2025:16:00:55 +0000] "GET /index.html HTTP/1.1" 200 1054 "-" "Mozilla/5.0 (iPhone; CPU iPhone OS 17_0 like Mac OS X)"
192.168.1.1 - - [03/Feb/2025:13:36:31 +0000] "POST /admin HTTP/1.1" 200 5755 "-" "Mozilla/5.0 (X11; Linux x86_64) Firefox/120.0"
10.0.0.1 - - [19/Dec/2025:15:09:29 +0000] "POST /api/users HTTP/1.1" 301 6967 "-" "Mozilla/5.0 (Windows NT 10.0; Win64; x64) Chrome/120.0.0.0"
1.1.1.1 - - [25/Dec/2025:20:41:41 +0000] "GET /about HTTP/1.1" 200 9706 "-" "Mozilla/5.0 (Windows NT 10.0; Win64; x64) Chrome/120.0.0.0"
1.1.1.1 - - [24/Jan/2024:10:52:40 +0000] "GET /products HTTP/1.1" 500 2373 "-" "Mozilla/5.0 (Macintosh; Intel Mac OS X 10_15_7) Safari/537.36"
172.16.0.1 - - [18/Jan/2025:00:40:13 +0000] "GET /cart HTTP/1.1" 200 4374 "-" "Mozilla/5.0 (Macintosh; Intel Mac OS X 10_15_7) Safari/537.36"
10.0.0.1 - - [04/Dec/2024:05:28:14 +0000] "PUT /api/users HTTP/1.1" 200 7711 "-" "Mozilla/5.0 (iPhone; CPU iPhone OS 17_0 like Mac OS X)"
1.1.1.1 - - [20/Nov/2024:12:42:31 +0000] "DELETE /admin HTTP/1.1" 200 2326 "-" "curl/7.68.0"
10.0.0.1 - - [07/Jan/2024:02:34:05 +0000] "DELETE /about HTTP/1.1" 200 8336 "-" "curl/7.68.0"
1.1.1.1 - - [22/Aug/2024:23:08:41 +0000] "POST /admin HTTP/1.1" 200 1314 "-" "Mozilla/5.0 (X11; Linux x86_64) Firefox/120.0"
172.16.0.1 - - [11/Jan/2024:12:30:48 +0000] "DELETE /admin HTTP/1.1" 200 4113 "-" "Mozilla/5.0 (X11; Linux x86_64) Firefox/120.0"
192.168.1.1 - - [09/Jan/2025:21:20:00 +0000] "DELETE /admin HTTP/1.1" 500 4048 "-" "Mozilla/5.0 (iPhone; CPU iPhone OS 17_0 like Mac OS X)"
172.16.0.1 - - [23/Sep/2025:10:16:29 +0000] "PUT /about HTTP/1.1" 200 7872 "-" "Mozilla/5.0 (Windows NT 10.0; Win64; x64) Chrome/120.0.0.0"
172.16.0.1 - - [27/Oct/2025:11:49:51 +0000] "DELETE /cart HTTP/1.1" 200 748 "-" "curl/7.68.0"
1.1.1.1 - - [04/May/2025:16:53:45 +0000] "GET /about HTTP/1.1" 301 2519 "-" "Mozilla/5.0 (iPhone; CPU iPhone OS 17_0 like Mac OS X)"
192.168.1.1 - - [09/Jun/2025:19:59:41 +0000] "DELETE /admin HTTP/1.1" 200 9356 "-" "Mozilla/5.0 (Macintosh; Intel Mac OS X 10_15_7) Safari/537.36"
8.8.8.8 - - [13/Mar/2024:19:56:37 +0000] "POST /images/logo.png HTTP/1.1" 200 7278 "-" "Mozilla/5.0 (Windows NT 10.0; Win64; x64) Chrome/120.0.0.0"
10.0.0.1 - - [21/Apr/2025:03:58:56 +0000] "GET /products HTTP/1.1" 200 6210 "-" "Mozilla/5.0 (Macintosh; Intel Mac OS X 10_15_7) Safari/537.36"
192.168.1.1 - - [11/Aug/2024:07:42:10 +0000] "POST /products HTTP/1.1" 500 8182 "-" "Mozilla/5.0 (X11; Linux x86_64) Firefox/120.0"
10.0.0.1 - - [11/Apr/2024:07:55:27 +0000] "DELETE /products HTTP/1.1" 200 8253 "-" "curl/7.68.0"
192.168.1.1 - - [09/Aug/2024:11:51:42 +0000] "DELETE /products HTTP/1.1" 200 9014 "-" "Mozilla/5.0 (Macintosh; Intel Mac OS X 10_15_7) Safari/537.36"
1.1.1.1 - - [28/Feb/2024:15:00:48 +0000] "GET /api/users HTTP/1.1" 200 7793 "-" "curl/7.68.0"
172.16.0.1 - - [05/May/2024:05:23:10 +0000] "PUT /products HTTP/1.1" 404 1627 "-" "Mozilla/5.0 (X11; Linux x86_64) Firefox/120.0"
8.8.8.8 - - [07/Feb/2025:18:54:45 +0000] "POST /products HTTP/1.1" 500 1016 "-" "Mozilla/5.0 (Windows NT 10.0; Win64; x64) Chrome/120.0.0.0"
192.168.1.1 - - [01/May/2024:15:12:26 +0000] "POST /api/users HTTP/1.1" 200 4104 "-" "Mozilla/5.0 (X11; Linux x86_64) Firefox/120.0"
1.1.1.1 - - [21/Nov/2024:14:39:43 +0000] "PUT /products HTTP/1.1" 500 2458 "-" "Mozilla/5.0 (Macintosh; Intel Mac OS X 10_15_7) Safari/537.36"
10.0.0.1 - - [02/Mar/2025:03:02:07 +0000] "DELETE /images/logo.png HTTP/1.1" 301 4349 "-" "Mozilla/5.0 (Windows NT 10.0; Win64; x64) Chrome/120.0.0.0"
1.1.1.1 - - [28/Nov/2024:00:37:22 +0000] "DELETE /cart HTTP/1.1" 500 6893 "-" "Mozilla/5.0 (X11; Linux x86_64) Firefox/120.0"
8.8.8.8 - - [02/Oct/2025:18:03:36 +0000] "PUT /index.html HTTP/1.1" 301 1021 "-" "Mozilla/5.0 (X11; Linux x86_64) Firefox/120.0"
1.1.1.1 - - [10/Sep/2025:23:51:16 +0000] "DELETE /admin HTTP/1.1" 301 769 "-" "Mozilla/5.0 (iPhone; CPU iPhone OS 17_0 like Mac OS X)"
8.8.8.8 - - [10/Jun/2024:07:11:37 +0000] "DELETE /index.html HTTP/1.1" 200 6790 "-" "Mozilla/5.0 (Windows NT 10.0; Win64; x64) Chrome/120.0.0.0"
172.16.0.1 - - [15/Jan/2025:19:24:44 +0000] "PUT /index.html HTTP/1.1" 301 7041 "-" "Mozilla/5.0 (Macintosh; Intel Mac OS X 10_15_7) Safari/537.36"
192.168.1.1 - - [13/Mar/2024:11:30:56 +0000] "PUT /index.html HTTP/1.1" 301 9050 "-" "Mozilla/5.0 (iPhone; CPU iPhone OS 17_0 like Mac OS X)"
172.16.0.1 - - [23/Jun/2024:01:54:58 +0000] "POST /images/logo.png HTTP/1.1" 200 4676 "-" "Mozilla/5.0 (Windows NT 10.0; Win64; x64) Chrome/120.0.0.0"
172.16.0.1 - - [19/Jul/2024:12:58:16 +0000] "GET /admin HTTP/1.1" 404 5297 "-" "curl/7.68.0"
192.168.1.1 - - [01/Apr/2025:00:19:30 +0000] "POST /about HTTP/1.1" 200 9339 "-" "Mozilla/5.0 (Windows NT 10.0; Win64; x64) Chrome/120.0.0.0"
172.16.0.1 - - [07/Apr/2025:02:13:40 +0000] "DELETE /images/logo.png HTTP/1.1" 200 10013 "-" "Mozilla/5.0 (Macintosh; Intel Mac OS X 10_15_7) Safari/537.36"
192.168.1.1 - - [15/Jul/2025:09:29:06 +0000] "PUT /cart HTTP/1.1" 200 989 "-" "Mozilla/5.0 (iPhone; CPU iPhone OS 17_0 like Mac OS X)"
10.0.0.1 - - [21/Mar/2024:21:25:58 +0000] "PUT /api/users HTTP/1.1" 200 4281 "-" "Mozilla/5.0 (X11; Linux x86_64) Firefox/120.0"
10.0.0.1 - - [21/Nov/2025:15:32:18 +0000] "PUT /products HTTP/1.1" 200 172 "-" "curl/7.68.0"
172.16.0.1 - - [09/Apr/2025:13:14:24 +0000] "GET /products HTTP/1.1" 404 6754 "-" "Mozilla/5.0 (iPhone; CPU iPhone OS 17_0 like Mac OS X)"
192.168.1.1 - - [27/May/2024:15:56:50 +0000] "POST /about HTTP/1.1" 200 1740 "-" "Mozilla/5.0 (X11; Linux x86_64) Firefox/120.0"
192.168.1.1 - - [18/Dec/2024:20:02:47 +0000] "POST /cart HTTP/1.1" 200 8772 "-" "Mozilla/5.0 (iPhone; CPU iPhone OS 17_0 like Mac OS X)"
172.16.0.1 - - [04/Feb/2025:09:56:16 +0000] "DELETE /images/logo.png HTTP/1.1" 200 2939 "-" "Mozilla/5.0 (iPhone; CPU iPhone OS 17_0 like Mac OS X)"
1.1.1.1 - - [03/Feb/2024:23:39:21 +0000] "GET /cart HTTP/1.1" 200 2608 "-" "curl/7.68.0"
8.8.8.8 - - [08/Sep/2024:09:16:41 +0000] "DELETE /products HTTP/1.1" 301 3132 "-" "curl/7.68.0"
10.0.0.1 - - [06/Nov/2024:20:44:22 +0000] "POST /index.html HTTP/1.1" 200 1235 "-" "curl/7.68.0"
172.16.0.1 - - [16/Apr/2025:22:46:28 +0000] "DELETE /images/logo.png HTTP/1.1" 500 8183 "-" "curl/7.68.0"
8.8.8.8 - - [01/Oct/2025:15:31:22 +0000] "GET /admin HTTP/1.1" 500 3912 "-" "Mozilla/5.0 (Macintosh; Intel Mac OS X 10_15_7) Safari/537.36"
192.168.1.1 - - [04/Nov/2024:22:28:11 +0000] "PUT /images/logo.png HTTP/1.1" 200 8494 "-" "Mozilla/5.0 (Windows NT 10.0; Win64; x64) Chrome/120.0.0.0"
1.1.1.1 - - [19/Dec/2024:13:09:19 +0000] "GET /products HTTP/1.1" 200 3689 "-" "Mozilla/5.0 (X11; Linux x86_64) Firefox/120.0"
10.0.0.1 - - [05/Mar/2024:15:37:56 +0000] "GET /about HTTP/1.1" 301 6998 "-" "Mozilla/5.0 (iPhone; CPU iPhone OS 17_0 like Mac OS X)"
8.8.8.8 - - [17/Nov/2024:20:36:57 +0000] "GET /index.html HTTP/1.1" 200 7946 "-" "Mozilla/5.0 (iPhone; CPU iPhone OS 17_0 like Mac OS X)"
