8.8.8.8 - - [07/Nov/2024:05:32:02 +0000] "DELETE /products HTTP/1.1" 200 134 "-" "Mozilla/5.0 (X11; Linux x86_64) Firefox/120.0"
10.0.0.1 - - [07/Nov/2025:01:54:36 +0000] "POST /index.html HTTP/1.1" 200 4402 "-" "Mozilla/5.0 (X11; Linux x86_64) Firefox/120.0"
192.168.1.1 - - [01/Feb/2025:21:15:41 +0000] "GET /admin HTTP/1.1" 404 3932 "-" "Mozilla/5.0 (Macintosh; Intel Mac OS X 10_15_7) Safari/537.36"
172.16.0.1 - - [16/Mar/2024:17:21:45 +0000] "PUT /index.html HTTP/1.1" 500 9435 "-" "Mozilla/5.0 (X11; Linux x86_64) Firefox/120.0"
172.16.0.1 - - [08/May/2024:21:28:41 +0000] "PUT /index.html HTTP/1.1" 301 2334 "-" "curl/7.68.0"
172.16.0.1 - - [11/Oct/2025:17:39:23 +0000] "PUT /index.html HTTP/1.1" 200 1982 "-" "Mozilla/5.0 (X11; Linux x86_64) Firefox/120.0"
172.16.0.1 - - [11/Mar/2025:03:44:58 +0000] "DELETE /products HTTP/1.1" 200 3012 "-" "Mozilla/5.0 (Macintosh; Intel Mac OS X 10_15_7) Safari/537.36"
10.0.0.1 - - [18/May/2024:08:58:08 +0000] "POST /cart HTTP/1.1" 200 8088 "-" "Mozilla/5.0 (X11; Linux x86_64) Firefox/120.0"
10.0.0.1 - - [14/Nov/2024:11:33:15 +0000] "PUT /images/logo.png HTTP/1.1" 200 8133 "-" "Mozilla/5.0 (X11; Linux x86_64) Firefox/120.0"
172.16.0.1 - - [04/May/2025:15:08:39 +0000] "PUT /api/users HTTP/1.1" 301 1457 "-" "Mozilla/5.0 (Macintosh; Intel Mac OS X 10_15_7) Safari/537.36"
172.16.0.1 - - [26/Oct/2024:21:25:36 +0000] "POST /products HTTP/1.1" 404 7496 "-" "Mozilla/5.0 (Windows NT 10.0; Win64; x64) Chrome/120.0.0.0"
192.168.1.1 - - [16/Aug/2025:01:59:35 +0000] "POST /cart HTTP/1.1" 200 7795 "-" "Mozilla/5.0 (X11; Linux x86_64) Firefox/120.0"
192.168.1.1 - - [12/Feb/2024:01:18:46 +0000] "PUT /products HTTP/1.1" 301 5917 "-" "Mozilla/5.0 (iPhone; CPU iPhone OS 17_0 like Mac OS X)"
8.8.8.8 - - [20/Apr/2025:21:49:33 +0000] "DELETE /products HTTP/1.1" 200 3714 "-" "curl/7.68.0"
172.16.0.1 - - [14/Feb/2025:10:33:08 +0000] "GET /images/logo.png HTTP/1.1" 200 8476 "-" "Mozilla/5.0 (X11; Linux x86_64) Firefox/120.0"
8.8.8.8 - - [09/Feb/2024:13:20:12 +0000] "GET /index.html HTTP/1.1" 200 1736 "-" "Mozilla/5.0 (X11; Linux x86_64) Firefox/120.0"
1.1.1.1 - - [06/Nov/2025:06:26:58 +0000] "GET /products HTTP/1.1" 200 5326 "-" "Mozilla/5.0 (X11; Linux x86_64) Firefox/120.0"
1.1.1.1 - - [09/Nov/2025:20:18:02 +0000] "PUT /images/logo.png HTTP/1.1" 404 7404 "-" "Mozilla/5.0 (Windows NT 10.0; Win64; x64) Chrome/120.0.0.0"
10.0.0.1 - - [26/Sep/2025:11:56:42 +0000] "PUT /cart HTTP/1.1" 404 486 "-" "Mozilla/5.0 (Windows NT 10.0; Win64; x64) Chrome/120.0.0.0"
10.0.0.1 - - [18/Apr/2025:12:26:02 +0000] "PUT /index.html HTTP/1.1" 200 3080 "-" "curl/7.68.0"
8.8.8.8 - - [01/Jan/2024:16:31:51 +0000] "GET /index.html HTTP/1.1" 500 3169 "-" "curl/7.68.0"
172.16.0.1 - - [11/May/2025:15:04:21 +0000] "GET /products HTTP/1.1" 200 3669 "-" "Mozilla/5.0 (X11; Linux x86_64) Firefox/120.0"
10.0.0.1 - - [15/Aug/2025:03:24:34 +0000] "POST /api/users HTTP/1.1" 200 6703 "-" "Mozilla/5.0 (iPhone; CPU iPhone OS 17_0 like Mac OS X)"
10.0.0.1 - - [06/May/2024:02:32:30 +0000] "POST /cart HTTP/1.1" 404 6035 "-" "Mozilla/5.0 (Windows NT 10.0; Win64; x64) Chrome/120.0.0.0"
192.168.1.1 - - [12/Mar/2025:12:08:28 +0000] "POST /images/logo.png HTTP/1.1" 500 9412 "-" "Mozilla/5.0 (iPhone; CPU iPhone OS 17_0 like Mac OS X)"
10.0.0.1 - - [20/Jun/2024:19:30:02 +0000] "DELETE /cart HTTP/1.1" 404 5511 "-" "curl/7.68.0"
192.168.1.1 - - [23/May/2024:01:24:53 +0000] "POST /admin HTTP/1.1" 404 6340 "-" "curl/7.68.0"
8.8.8.8 - - [03/Sep/2024:19:47:41 +0000] "PUT /cart HTTP/1.1" 301 1373 "-" "curl/7.68.0"
192.168.1.1 - - [25/Jun/2025:12:29:49 +0000] "POST /cart HTTP/1.1" 500 8796 "-" "Mozilla/5.0 (Macintosh; Intel Mac OS X 10_15_7) Safari/537.36"
10.0.0.1 - - [09/Feb/2024:03:46:04 +0000] "PUT /about HTTP/1.1" 200 9735 "-" "Mozilla/5.0 (Windows NT 10.0; Win64; x64) Chrome/120.0.0.0"
172.16.0.1 - - [07/Feb/2025:05:51:06 +0000] "DELETE /index.html HTTP/1.1" 301 3597 "-" "Mozilla/5.0 (iPhone; CPU iPhone OS 17_0 like Mac OS X)"
10.0.0.1 - - [20/Jun/2024:10:50:06 +0000] "PUT /about HTTP/1.1" 404 6568 "-" "Mozilla/5.0 (Windows NT 10.0; Win64; x64) Chrome/120.0.0.0"
192.168.1.1 - - [09/Dec/2025:01:45:06 +0000] "DELETE /images/logo.png HTTP/1.1" 404 137 "-" "curl/7.68.0"
192.168.1.1 - - [05/Apr/2024:00:40:42 +0000] "PUT /index.html HTTP/1.1" 500 1500 "-" "Mozilla/5.0 (X11; Linux x86_64) Firefox/120.0"
192.168.1.1 - - [24/Aug/2025:08:14:07 +0000] "GET /products HTTP/1.1" 500 7395 "-" "Mozilla/5.0 (Macintosh; Intel Mac OS X 10_15_7) Safari/537.36"
192.168.1.1 - - [23/Jan/2025:02:38:22 +0000] "GET /index.html HTTP/1.1" 200 6857 "-" "Mozilla/5.0 (X11; Linux x86_64) Firefox/120.0"
10.0.0.1 - - [04/May/2025:00:52:36 +0000] "POST /admin HTTP/1.1" 200 8319 "-" "Mozilla/5.0 (X11; Linux x86_64) Firefox/120.0"
192.168.1.1 - - [13/Feb/2024:05:50:10 +0000] "DELETE /index.html HTTP/1.1" 200 9491 "-" "Mozilla/5.0 (X11; Linux x86_64) Firefox/120.0"
8.8.8.8 - - [18/Feb/2025:09:38:31 +0000] "PUT /products HTTP/1.1" 200 6141 "-" "Mozilla/5.0 (Macintosh; Intel Mac OS X 10_15_7) Safari/537.36"
10.0.0.1 - - [15/Jun/2025:14:57:42 +0000] "PUT /api/users HTTP/1.1" 500 2633 "-" "curl/7.68.0"
172.16.0.1 - - [20/Aug/2025:00:47:52 +0000] "GET /products HTTP/1.1" 301 6848 "-" "curl/7.68.0"
172.16.0.1 - - [13/Jul/2025:17:03:41 +0000] "POST /products HTTP/1.1" 500 3045 "-" "Mozilla/5.0 (X11; Linux x86_64) Firefox/120.0"
172.16.0.1 - - [09/Apr/2025:01:37:13 +0000] "POST /cart HTTP/1.1" 200 4009 "-" "Mozilla/5.0 (Macintosh; Intel Mac OS X 10_15_7) Safari/537.36"
172.16.0.1 - - [11/Jan/2025:15:44:55 +0000] "POST /products HTTP/1.1" 200 1184 "-" "Mozilla/5.0 (X11; Linux x86_64) Firefox/120.0"
172.16.0.1 - - [17/Jul/2024:15:57:34 +0000] "PUT /cart HTTP/1.1" 500 8076 "-" "Mozilla/5.0 (Macintosh; Intel Mac OS X 10_15_7) Safari/537.36"
192.168.1.1 - - [16/Jun/2025:22:54:33 +0000] "DELETE /products HTTP/1.1" 500 5984 "-" "curl/7.68.0"
8.8.8.8 - - [02/Oct/2024:03:03:45 +0000] "GET /cart HTTP/1.1" 200 6532 "-" "Mozilla/5.0 (X11; Linux x86_64) Firefox/120.0"
192.168.1.1 - - [15/Dec/2024:23:34:49 +0000] "POST /cart HTTP/1.1" 200 3910 "-" "curl/7.68.0"
172.16.0.1 - - [09/Feb/2024:15:08:50 +0000] "PUT /api/users HTTP/1.1" 500 6504 "-" "Mozilla/5.0 (Windows NT 10.0; Win64; x64) Chrome/120.0.0.0"
172.16.0.1 - - [27/Oct/2024:09:49:20 +0000] "POST /images/logo.png HTTP/1.1" 200 7868 "-" "Mozilla/5.0 (X11; Linux x86_64) Firefox/120.0"
192.168.1.1 - - [02/Jun/2025:03:46:16 +0000] "GET /products HTTP/1.1" 200 7346 "-" "Mozilla/5.0 (X11; Linux x86_64) Firefox/120.0"
172.16.0.1 - - [23/Feb/2025:12:03:48 +0000] "POST /api/users HTTP/1.1" 404 9645 "-" "Mozilla/5.0 (Windows NT 10.0; Win64; x64) Chrome/120.0.0.0"
192.168.1.1 - - [09/Apr/2025:02:33:13 +0000] "GET /cart HTTP/1.1" 404 8386 "-" "Mozilla/5.0 (Windows NT 10.0; Win64; x64) Chrome/120.0.0.0"
8.8.8.8 - - [10/Aug/2024:10:52:06 +0000] "DELETE /products HTTP/1.1" 500 4364 "-" "Mozilla/5.0 (iPhone; CPU iPhone OS 17_0 like Mac OS X)"
1.1.1.1 - - [28/Jul/2025:23:45:54 +0000] "GET /cart HTTP/1.1" 404 3066 "-" "curl/7.68.0"
172.16.0.1 - - [26/Dec/2024:18:20:03 +0000] "DELETE /cart HTTP/1.1" 200 8022 "-" "curl/7.68.0"
1.1.1.1 - - [17/Jan/2025:13:55:13 +0000] "PUT /about HTTP/1.1" 200 9884 "-" "curl/7.68.0"
10.0.0.1 - - [14/Dec/2024:13:21:50 +0000] "POST /cart HTTP/1.1" 500 9695 "-" "Mozilla/5.0 (Macintosh; Intel Mac OS X 10_15_7) Safari/537.36"
1.1.1.1 - - [27/Mar/2025:06:31:04 +0000] "POST /products HTTP/1.1" 200 4799 "-" "Mozilla/5.0 (Macintosh; Intel Mac OS X 10_15_7) Safari/537.36"
192.168.1.1 - - [23/Feb/2024:18:48:27 +0000] "POST /admin HTTP/1.1" 301 4973 "-" "Mozilla/5.0 (X11; Linux x86_64) Firefox/120.0"
8.8.8.8 - - [23/Oct/2024:15:20:57 +0000] "PUT /products HTTP/1.1" 200 923 "-" "Mozilla/5.0 (iPhone; CPU iPhone OS 17_0 like Mac OS X)"
1.1.1.1 - - [21/Dec/2024:09:42:12 +0000] "PUT /admin HTTP/1.1" 200 5988 "-" "Mozilla/5.0 (Windows NT 10.0; Win64; x64) Chrome/120.0.0.0"
192.168.1.1 - - [12/Sep/2025:05:53:49 +0000] "GET /index.html HTTP/1.1" 200 7560 "-" "curl/7.68.0"
172.16.0.1 - - [19/Sep/2024:23:44:09 +0000] "GET /index.html HTTP/1.1" 200 3288 "-" "Mozilla/5.0 (Windows NT 10.0; Win64; x64) Chrome/120.0.0.0"
8.8.8.8 - - [22/May/2025:20:08:58 +0000] "POST /admin HTTP/1.1" 404 3258 "-" "Mozilla/5.0 (iPhone; CPU iPhone OS 17_0 like Mac OS X)"
192.168.1.1 - - [23/Dec/2025:15:17:28 +0000] "POST /admin HTTP/1.1" 200 4886 "-" "Mozilla/5.0 (X11; Linux x86_64) Firefox/120.0"
10.0.0.1 - - [28/May/2024:22:06:42 +0000] "DELETE /cart HTTP/1.1" 200 9731 "-" "Mozilla/5.0 (Macintosh; Intel Mac OS X 10_15_7) Safari/537.36"
192.168.1.1 - - [15/Feb/2025:14:20:50 +0000] "GET /about HTTP/1.1" 200 1038 "-" "Mozilla/5.0 (Macintosh; Intel Mac OS X 10_15_7) Safari/537.36"
8.8.8.8 - - [23/Mar/2025:16:08:23 +0000] "PUT /products HTTP/1.1" 200 7934 "-" "Mozilla/5.0 (Macintosh; Intel Mac OS X 10_15_7) Safari/537.36"
1.1.1.1 - - [21/Sep/2025:16:06:12 +0000] "DELETE /admin HTTP/1.1" 200 4085 "-" "Mozilla/5.0 (iPhone; CPU iPhone OS 17_0 like Mac OS X)"
10.0.0.1 - - [10/Oct/2025:17:28:16 +0000] "PUT /about HTTP/1.1" 200 5183 "-" "Mozilla/5.0 (iPhone; CPU iPhone OS 17_0 like Mac OS X)"
8.8.8.8 - - [26/Nov/2024:20:58:18 +0000] "PUT /about HTTP/1.1" 301 7609 "-" "Mozilla/5.0 (Windows NT 10.0; Win64; x64) Chrome/120.0.0.0"
172.16.0.1 - - [21/Mar/2025:05:23:41 +0000] "PUT /about HTTP/1.1" 200 8915 "-" "Mozilla/5.0 (X11; Linux x86_64) Firefox/120.0"
172.16.0.1 - - [14/May/2024:16:22:19 +0000] "GET /about HTTP/1.1" 500 6436 "-" "Mozilla/5.0 (X11; Linux x86_64) Firefox/120.0"
8.8.8.8 - - [07/Jan/2024:05:28:50 +0000] "DELETE /images/logo.png HTTP/1.1" 200 9052 "-" "Mozilla/5.0 (X11; Linux x86_64) Firefox/120.0"
1.1.1.1 - - [24/Feb/2024:16:10:48 +0000] "GET /cart HTTP/1.1" 200 2979 "-" "Mozilla/5.0 (iPhone; CPU iPhone OS 17_0 like Mac OS X)"
8.8.8.8 - - [21/Jun/2024:16:34:12 +0000] "POST /about HTTP/1.1" 200 9067 "-" "Mozilla/5.0 (Macintosh; Intel Mac OS X 10_15_7) Safari/537.36"
10.0.0.1 - - [16/Nov/2025:18:05:44 +0000] "DELETE /about HTTP/1.1" 200 7867 "-" "Mozilla/5.0 (Macintosh; Intel Mac OS X 10_15_7) Safari/537.36"
10.0.0.1 - - [12/Oct/2025:06:13:43 +0000] "POST /api/users HTTP/1.1" 200 2611 "-" "Mozilla/5.0 (Macintosh; Intel Mac OS X 10_15_7) Safari/537.36"
10.0.0.1 - - [17/May/2025:14:19:08 +0000] "POST /about HTTP/1.1" 200 8825 "-" "Mozilla/5.0 (Macintosh; Intel Mac OS X 10_15_7) Safari/537.36"
172.16.0.1 - - [26/Aug/2024:19:26:09 +0000] "GET /admin HTTP/1.1" 200 573 "-" "Mozilla/5.0 (iPhone; CPU iPhone OS 17_0 like Mac OS X)"
8.8.8.8 - - [15/Jan/2024:22:07:25 +0000] "PUT /api/users HTTP/1.1" 200 6214 "-" "curl/7.68.0"
1.1.1.1 - - [09/Jan/2024:01:24:31 +0000] "GET /images/logo.png HTTP/1.1" 301 3013 "-" "Mozilla/5.0 (Macintosh; Intel Mac OS X 10_15_7) Safari/537.36"
1.1.1.1 - - [06/Nov/2024:05:04:14 +0000] "DELETE /admin HTTP/1.1" 301 7385 "-" "Mozilla/5.0 (Windows NT 10.0; Win64; x64) Chrome/120.0.0.0"
1.1.1.1 - - [01/Oct/2024:08:11:37 +0000] "GET /products HTTP/1.1" 500 1272 "-" "Mozilla/5.0 (iPhone; CPU iPhone OS 17_0 like Mac OS X)"
172.16.0.1 - - [11/Apr/2024:10:39:27 +0000] "PUT /products HTTP/1.1" 200 10027 "-" "Mozilla/5.0 (Macintosh; Intel Mac OS X 10_15_7) Safari/537.36"
8.8.8.8 - - [24/May/2024:06:57:49 +0000] "DELETE /admin HTTP/1.1" 301 4608 "-" "Mozilla/5.0 (Macintosh; Intel Mac OS X 10_15_7) Safari/537.36"
1.1.1.1 - - [14/Jun/2024:19:13:40 +0000] "PUT /admin HTTP/1.1" 200 4153 "-" "Mozilla/5.0 (Macintosh; Intel Mac OS X 10_15_7) Safari/537.36"
8.8.8.8 - - [21/Nov/2025:17:23:59 +0000] "POST /api/users HTTP/1.1" 200 8953 "-" "Mozilla/5.0 (iPhone; CPU iPhone OS 17_0 like Mac OS X)"
1.1.1.1 - - [16/May/2025:12:40:14 +0000] "DELETE /index.html HTTP/1.1" 500 840 "-" "Mozilla/5.0 (X11; Linux x86_64) Firefox/120.0"
1.1.1.1 - - [12/Apr/2024:08:57:46 +0000] "POST /cart HTTP/1.1" 200 1514 "-" "Mozilla/5.0 (iPhone; CPU iPhone OS 17_0 like Mac OS X)"
8.8.8.8 - - [13/Dec/2025:16:53:53 +0000] "POST /api/users HTTP/1.1" 500 6040 "-" "curl/7.68.0"
172.16.0.1 - - [08/Jun/2024:06:30:27 +0000] "DELETE /api/users HTTP/1.1" 200 8496 "-" "curl/7.68.0"
10.0.0.1 - - [26/Aug/2024:11:33:19 +0000] "GET /index.html HTTP/1.1" 500 6033 "-" "Mozilla/5.0 (Windows NT 10.0; Win64; x64) Chrome/120.0.0.0"
1.1.1.1 - - [26/Apr/2024:22:57:14 +0000] "DELETE /api/users HTTP/1.1" 200 7309 "-" "Mozilla/5.0 (iPhone; CPU iPhone OS 17_0 like Mac OS X)"
172.16.0.1 - - [27/May/2024:01:30:14 +0000] "GET /products HTTP/1.1" 200 6317 "-" "Mozilla/5.0 (Macintosh; Intel Mac OS X 10_15_7) Safari/537.36"
8.8.8.8 - - [21/Apr/2024:03:44:32 +0000] "GET /api/users HTTP/1.1" 404 8585 "-" "curl/7.68.0"
1.1.1.1 - - [13/Feb/2025:03:40:43 +0000] "POST /cart HTTP/1.1" 200 1390 "-" "Mozilla/5.0 (Macintosh; Intel Mac OS X 10_15_7) Safari/537.36"
172.16.0.1 - - [02/Oct/2024:21:20:09 +0000] "GET /api/users HTTP/1.1" 200 234 "-" "Mozilla/5.0 (X11; Linux x86_64) Firefox/120.0"
1.1.1.1 - - [22/Jan/2025:00:08:41 +0000] "PUT /index.html HTTP/1.1" 500 9456 "-" "Mozilla/5.0 (Windows NT 10.0; Win64; x64) Chrome/120.0.0.0"
10.0.0.1 - - [25/Jan/2024:09:24:51 +0000] "PUT /admin HTTP/1.1" 200 721 "-" "Mozilla/5.0 (X11; Linux x86_64) Firefox/120.0"
172.16.0.1 - - [10/Dec/2025:22:09:27 +0000] "DELETE /cart HTTP/1.1" 200 2295 "-" "curl/7.68.0"
172.16.0.1 - - [20/Nov/2024:07:07:19 +0000] "GET /about HTTP/1.1" 200 8803 "-" "Mozilla/5.0 (X11; Linux x86_64) Firefox/120.0"
10.0.0.1 - - [25/Mar/2024:06:09:15 +0000] "DELETE /products HTTP/1.1" 200 1888 "-" "curl/7.68.0"
10.0.0.1 - - [08/Jun/2024:05:10:43 +0000] "POST /images/logo.png HTTP/1.1" 200 9253 "-" "Mozilla/5.0 (Windows NT 10.0; Win64; x64) Chrome/120.0.0.0"
192.168.1.1 - - [22/Dec/2025:12:34:00 +0000] "GET /images/logo.png HTTP/1.1" 200 2257 "-" "Mozilla/5.0 (Macintosh; Intel Mac OS X 10_15_7) Safari/537.36"
10.0.0.1 - - [27/Mar/2025:00:23:28 +0000] "GET /products HTTP/1.1" 200 7946 "-" "curl/7.68.0"
10.0.0.1 - - [22/Jan/2025:08:54:34 +0000] "DELETE /about HTTP/1.1" 301 1908 "-" "Mozilla/5.0 (X11; Linux x86_64) Firefox/120.0"
172.16.0.1 - - [22/Nov/2024:17:08:50 +0000] "GET /api/users HTTP/1.1" 200 6268 "-" "curl/7.68.0"
8.8.8.8 - - [07/May/2025:09:42:45 +0000] "PUT /api/users HTTP/1.1" 200 4333 "-" "Mozilla/5.0 (Windows NT 10.0; Win64; x64) Chrome/120.0.0.0"
172.16.0.1 - - [10/Jun/2024:03:52:32 +0000] "PUT /admin HTTP/1.1" 404 3907 "-" "Mozilla/5.0 (Macintosh; Intel Mac OS X 10_15_7) Safari/537.36"
1.1.1.1 - - [18/Feb/2025:11:23:46 +0000] "DELETE /about HTTP/1.1" 301 3001 "-" "Mozilla/5.0 (Macintosh; Intel Mac OS X 10_15_7) Safari/537.36"
8.8.8.8 - - [15/Mar/2025:01:42:55 +0000] "PUT /images/logo.png HTTP/1.1" 500 4418 "-" "Mozilla/5.0 (Windows NT 10.0; Win64; x64) Chrome/120.0.0.0"
1.1.1.1 - - [11/May/2025:09:01:07 +0000] "GET /admin HTTP/1.1" 301 9924 "-" "Mozilla/5.0 (X11; Linux x86_64) Firefox/120.0"
8.8.8.8 - - [12/Jun/2025:02:43:36 +0000] "POST /api/users HTTP/1.1" 200 3486 "-" "Mozilla/5.0 (Macintosh; Intel Mac OS X 10_15_7) Safari/537.36"
192.168.1.1 - - [28/Feb/2024:00:11:30 +0000] "GET /products HTTP/1.1" 200 8050 "-" "Mozilla/5.0 (X11; Linux x86_64) Firefox/120.0"
1.1.1.1 - - [18/Jul/2025:00:54:20 +0000] "DELETE /admin HTTP/1.1" 301 7250 "-" "curl/7.68.0"
1.1.1.1 - - [07/Feb/2025:03:47:55 +0000] "POST /products HTTP/1.1" 404 5447 "-" "Mozilla/5.0 (Windows NT 10.0; Win64; x64) Chrome/120.0.0.0"
10.0.0.1 - - [26/Jun/2024:22:22:58 +0000] "GET /cart HTTP/1.1" 200 446 "-" "Mozilla/5.0 (Windows NT 10.0; Win64; x64) Chrome/120.0.0.0"
10.0.0.1 - - [18/Mar/2025:05:36:42 +0000] "DELETE /api/users HTTP/1.1" 200 7099 "-" "Mozilla/5.0 (Windows NT 10.0; Win64; x64) Chrome/120.0.0.0"
10.0.0.1 - - [18/Sep/2024:18:36:37 +0000] "GET /cart HTTP/1.1" 200 4428 "-" "curl/7.68.0"
10.0.0.1 - - [28/May/2024:20:13:07 +0000] "GET /api/users HTTP/1.1" 200 8178 "-" "Mozilla/5.0 (Macintosh; Intel Mac OS X 10_15_7) Safari/537.36"
172.16.0.1 - - [15/Oct/2024:15:37:18 +0000] "PUT /cart HTTP/1.1" 200 7043 "-" "Mozilla/5.0 (Macintosh; Intel Mac OS X 10_15_7) Safari/537.36"
1.1.1.1 - - [15/Oct/2024:02:07:30 +0000] "POST /index.html HTTP/1.1" 200 2326 "-" "Mozilla/5.0 (X11; Linux x86_64) Firefox/120.0"
1.1.1.1 - - [13/Jul/2024:05:05:44 +0000] "DELETE /admin HTTP/1.1" 301 5562 "-" "Mozilla/5.0 (iPhone; CPU iPhone OS 17_0 like Mac OS X)"
8.8.8.8 - - [19/Feb/2025:06:38:13 +0000] "DELETE /products HTTP/1.1" 200 988 "-" "Mozilla/5.0 (Macintosh; Intel Mac OS X 10_15_7) Safari/537.36"
172.16.0.1 - - [25/Jan/2024:03:03:17 +0000] "PUT /admin HTTP/1.1" 200 8827 "-" "Mozilla/5.0 (X11; Linux x86_64) Firefox/120.0"
10.0.0.1 - - [12/Nov/2025:04:18:45 +0000] "PUT /admin HTTP/1.1" 200 674 "-" "Mozilla/5.0 (X11; Linux x86_64) Firefox/120.0"
192.168.1.1 - - [26/Aug/2024:21:31:32 +0000] "POST /cart HTTP/1.1" 301 4376 "-" "Mozilla/5.0 (iPhone; CPU iPhone OS 17_0 like Mac OS X)"
8.8.8.8 - - [11/Feb/2025:08:43:16 +0000] "POST /images/logo.png HTTP/1.1" 200 2342 "-" "Mozilla/5.0 (Windows NT 10.0; Win64; x64) Chrome/120.0.0.0"
10.0.0.1 - - [26/Dec/2024:19:17:03 +0000] "POST /admin HTTP/1.1" 200 5673 "-" "Mozilla/5.0 (X11; Linux x86_64) Firefox/120.0"
10.0.0.1 - - [17/Jan/2024:07:20:26 +0000] "DELETE /products HTTP/1.1" 200 6305 "-" "curl/7.68.0"
172.16.0.1 - - [05/Dec/2024:11:13:26 +0000] "POST /cart HTTP/1.1" 301 5858 "-" "Mozilla/5.0 (X11; Linux x86_64) Firefox/120.0"
192.168.1.1 - - [19/Apr/2024:19:52:39 +0000] "PUT /images/logo.png HTTP/1.1" 200 3370 "-" "Mozilla/5.0 (iPhone; CPU iPhone OS 17_0 like Mac OS X)"
10.0.0.1 - - [03/Oct/2024:14:25:12 +0000] "POST /cart HTTP/1.1" 404 5183 "-" "Mozilla/5.0 (iPhone; CPU iPhone OS 17_0 like Mac OS X)"
192.168.1.1 - - [08/Nov/2024:21:58:27 +0000] "PUT /admin HTTP/1.1" 200 2067 "-" "Mozilla/5.0 (Macintosh; Intel Mac OS X 10_15_7) Safari/537.36"
172.16.0.1 - - [24/Jun/2024:02:42:31 +0000] "DELETE /images/logo.png HTTP/1.1" 200 5046 "-" "Mozilla/5.0 (Macintosh; Intel Mac OS X 10_15_7) Safari/537.36"
8.8.8.8 - - [21/Dec/2024:14:52:27 +0000] "PUT /cart HTTP/1.1" 404 1473 "-" "Mozilla/5.0 (Macintosh; Intel Mac OS X 10_15_7) Safari/537.36"
8.8.8.8 - - [05/Jul/2025:23:10:31 +0000] "PUT /images/logo.png HTTP/1.1" 200 7241 "-" "Mozilla/5.0 (iPhone; CPU iPhone OS 17_0 like Mac OS X)"
172.16.0.1 - - [10/Feb/2024:01:16:18 +0000] "POST /api/users HTTP/1.1" 200 5911 "-" "Mozilla/5.0 (Macintosh; Intel Mac OS X 10_15_7) Safari/537.36"
8.8.8.8 - - [01/Mar/2025:22:57:34 +0000] "POST /about HTTP/1.1" 200 2619 "-" "Mozilla/5.0 (iPhone; CPU iPhone OS 17_0 like Mac OS X)"
8.8.8.8 - - [04/Dec/2025:18:16:33 +0000] "GET /about HTTP/1.1" 200 8188 "-" "Mozilla/5.0 (Macintosh; Intel Mac OS X 10_15_7) Safari/537.36"
192.168.1.1 - - [17/Dec/2024:08:30:40 +0000] "DELETE /products HTTP/1.1" 200 992 "-" "Mozilla/5.0 (Macintosh; Intel Mac OS X 10_15_7) Safari/537.36"
1.1.1.1 - - [04/Mar/2024:04:32:37 +0000] "GET /cart HTTP/1.1" 301 5316 "-" "curl/7.68.0"
1.1.1.1 - - [06/Oct/2025:21:04:00 +0000] "DELETE /index.html HTTP/1.1" 200 581 "-" "Mozilla/5.0 (iPhone; CPU iPhone OS 17_0 like Mac OS X)"
192.168.1.1 - - [21/Jun/2024:11:43:09 +0000] "GET /images/logo.png HTTP/1.1" 404 4189 "-" "Mozilla/5.0 (iPhone; CPU iPhone OS 17_0 like Mac OS X)"
10.0.0.1 - - [19/Sep/2024:21:21:04 +0000] "PUT /index.html HTTP/1.1" 200 379 "-" "curl/7.68.0"
192.168.1.1 - - [06/Jun/2025:05:40:17 +0000] "PUT /images/logo.png HTTP/1.1" 301 10024 "-" "Mozilla/5.0 (Macintosh; Intel Mac OS X 10_15_7) Safari/537.36"
10.0.0.1 - - [15/Nov/2024:15:07:10 +0000] "PUT /index.html HTTP/1.1" 301 599 "-" "Mozilla/5.0 (Windows NT 10.0; Win64; x64) Chrome/120.0.0.0"
10.0.0.1 - - [06/Jun/2024:19:51:05 +0000] "POST /admin HTTP/1.1" 500 2431 "-" "curl/7.68.0"
192.168.1.1 - - [02/Feb/2024:13:11:23 +0000] "PUT /api/users HTTP/1.1" 200 8706 "-" "Mozilla/5.0 (Macintosh; Intel Mac OS X 10_15_7) Safari/537.36"
172.16.0.1 - - [13/Nov/2024:07:51:11 +0000] "GET /cart HTTP/1.1" 200 1794 "-" "Mozilla/5.0 (X11; Linux x86_64) Firefox/120.0"
172.16.0.1 - - [05/Apr/2025:05:02:09 +0000] "DELETE /images/logo.png HTTP/1.1" 200 8225 "-" "Mozilla/5.0 (Windows NT 10.0; Win64; x64) Chrome/120.0.0.0"
8.8.8.8 - - [26/May/2024:12:08:51 +0000] "POST /images/logo.png HTTP/1.1" 500 761 "-" "Mozilla/5.0 (Macintosh; Intel Mac OS X 10_15_7) Safari/537.36"
10.0.0.1 - - [04/Dec/2025:08:43:42 +0000] "GET /admin HTTP/1.1" 200 470 "-" "curl/7.68.0"
8.8.8.8 - - [26/May/2024:21:45:49 +0000] "POST /index.html HTTP/1.1" 200 4369 "-" "Mozilla/5.0 (Macintosh; Intel Mac OS X 10_15_7) Safari/537.36"
10.0.0.1 - - [07/May/2024:20:52:08 +0000] "PUT /admin HTTP/1.1" 500 1694 "-" "Mozilla/5.0 (X11; Linux x86_64) Firefox/120.0"
10.0.0.1 - - [25/Aug/2025:10:33:59 +0000] "DELETE /api/users HTTP/1.1" 500 1694 "-" "Mozilla/5.0 (Macintosh; Intel Mac OS X 10_15_7) Safari/537.36"
192.168.1.1 - - [28/May/2025:11:06:56 +0000] "GET /about HTTP/1.1" 200 3634 "-" "Mozilla/5.0 (Windows NT 10.0; Win64; x64) Chrome/120.0.0.0"
10.0.0.1 - - [19/Oct/2024:02:18:32 +0000] "DELETE /about HTTP/1.1" 404 8894 "-" "Mozilla/5.0 (Windows NT 10.0; Win64; x64) Chrome/120.0.0.0"
10.0.0.1 - - [02/Dec/2025:08:49:09 +0000] "POST /index.html HTTP/1.1" 404 3775 "-" "Mozilla/5.0 (iPhone; CPU iPhone OS 17_0 like Mac OS X)"
192.168.1.1 - - [02/Apr/2025:12:54:15 +0000] "DELETE /cart HTTP/1.1" 200 1442 "-" "Mozilla/5.0 (X11; Linux x86_64) Firefox/120.0"
8.8.8.8 - - [19/Dec/2024:20:42:05 +0000] "DELETE /about HTTP/1.1" 200 3154 "-" "Mozilla/5.0 (Macintosh; Intel Mac OS X 10_15_7) Safari/537.36"
172.16.0.1 - - [24/Mar/2024:19:06:54 +0000] "PUT /admin HTTP/1.1" 500 9796 "-" "curl/7.68.0"
172.16.0.1 - - [16/Jan/2024:06:29:35 +0000] "GET /about HTTP/1.1" 200 6621 "-" "Mozilla/5.0 (X11; Linux x86_64) Firefox/120.0"
192.168.1.1 - - [19/Feb/2024:22:06:21 +0000] "DELETE /about HTTP/1.1" 500 4483 "-" "Mozilla/5.0 (Macintosh; Intel Mac OS X 10_15_7) Safari/537.36"
8.8.8.8 - - [25/Jan/2024:08:38:04 +0000] "PUT /admin HTTP/1.1" 200 7108 "-" "Mozilla/5.0 (iPhone; CPU iPhone OS 17_0 like Mac OS X)"
1.1.1.1 - - [28/Mar/2024:13:00:26 +0000] "GET /index.html HTTP/1.1" 301 5423 "-" "Mozilla/5.0 (X11; Linux x86_64) Firefox/120.0"
1.1.1.1 - - [01/May/2025:05:05:18 +0000] "GET /api/users HTTP/1.1" 200 1235 "-" "Mozilla/5.0 (Macintosh; Intel Mac OS X 10_15_7) Safari/537.36"
1.1.1.1 - - [14/Aug/2025:00:25:44 +0000] "POST /products HTTP/1.1" 301 8617 "-" "curl/7.68.0"
1.1.1.1 - - [05/May/2024:09:29:14 +0000] "GET /admin HTTP/1.1" 200 7437 "-" "Mozilla/5.0 (Macintosh; Intel Mac OS X 10_15_7) Safari/537.36"
172.16.0.1 - - [18/Sep/2025:09:45:19 +0000] "GET /products HTTP/1.1" 200 2082 "-" "curl/7.68.0"
10.0.0.1 - - [02/Nov/2025:14:28:53 +0000] "POST /cart HTTP/1.1" 200 6649 "-" "Mozilla/5.0 (iPhone; CPU iPhone OS 17_0 like Mac OS X)"
172.16.0.1 - - [15/Dec/2024:08:02:43 +0000] "GET /images/logo.png HTTP/1.1" 500 8283 "-" "Mozilla/5.0 (X11; Linux x86_64) Firefox/120.0"
1.1.1.1 - - [16/Oct/2024:00:53:23 +0000] "POST /cart HTTP/1.1" 200 4799 "-" "Mozilla/5.0 (X11; Linux x86_64) Firefox/120.0"
8.8.8.8 - - [23/Dec/2025:01:57:15 +0000] "PUT /api/users HTTP/1.1" 500 1503 "-" "curl/7.68.0"
192.168.1.1 - - [20/May/2025:17:46:49 +0000] "POST /admin HTTP/1.1" 200 6592 "-" "curl/7.68.0"
172.16.0.1 - - [16/Mar/2024:14:06:03 +0000] "POST /index.html HTTP/1.1" 404 8317 "-" "Mozilla/5.0 (Windows NT 10.0; Win64; x64) Chrome/120.0.0.0"
8.8.8.8 - - [14/Feb/2025:16:36:54 +0000] "DELETE /products HTTP/1.1" 200 10058 "-" "Mozilla/5.0 (Macintosh; Intel Mac OS X 10_15_7) Safari/537.36"
8.8.8.8 - - [06/Feb/2025:10:49:45 +0000] "POST /about HTTP/1.1" 500 1193 "-" "Mozilla/5.0 (Windows NT 10.0; Win64; x64) Chrome/120.0.0.0"
192.168.1.1 - - [28/Aug/2025:05:29:08 +0000] "GET /products HTTP/1.1" 200 9101 "-" "Mozilla/5.0 (Windows NT 10.0; Win64; x64) Chrome/120.0.0.0"
10.0.0.1 - - [22/Aug/2024:20:55:27 +0000] "DELETE /cart HTTP/1.1" 200 3849 "-" "Mozilla/5.0 (Windows NT 10.0; Win64; x64) Chrome/120.0.0.0"
8.8.8.8 - - [19/Sep/2025:21:10:54 +0000] "PUT /cart HTTP/1.1" 500 6945 "-" "Mozilla/5.0 (Windows NT 10.0; Win64; x64) Chrome/120.0.0.0"
8.8.8.8 - - [28/Jul/2025:11:36:03 +0000] "POST /api/users HTTP/1.1" 404 6773 "-" "Mozilla/5.0 (Macintosh; Intel Mac OS X 10_15_7) Safari/537.36"
1.1.1.1 - - [10/May/2024:13:34:47 +0000] "PUT /about HTTP/1.1" 200 3603 "-" "Mozilla/5.0 (X11; Linux x86_64) Firefox/120.0"
192.168.1.1 - - [20/Jun/2025:19:52:40 +0000] "GET /products HTTP/1.1" 500 4854 "-" "Mozilla/5.0 (X11; Linux x86_64) Firefox/120.0"
172.16.0.1 - - [14/Nov/2024:08:30:30 +0000] "POST /products HTTP/1.1" 200 1505 "-" "Mozilla/5.0 (iPhone; CPU iPhone OS 17_0 like Mac OS X)"
192.168.1.1 - - [13/May/2025:15:23:53 +0000] "DELETE /cart HTTP/1.1" 301 1624 "-" "Mozilla/5.0 (iPhone; CPU iPhone OS 17_0 like Mac OS X)"
10.0.0.1 - - [19/Mar/2024:10:48:24 +0000] "DELETE /images/logo.png HTTP/1.1" 500 331 "-" "Mozilla/5.0 (iPhone; CPU iPhone OS 17_0 like Mac OS X)"
172.16.0.1 - - [14/Feb/2025:19:22:54 +0000] "PUT /admin HTTP/1.1" 200 1411 "-" "Mozilla/5.0 (Windows NT 10.0; Win64; x64) Chrome/120.0.0.0"
10.0.0.1 - - [17/Sep/2025:16:34:02 +0000] "PUT /index.html HTTP/1.1" 301 4217 "-" "Mozilla/5.0 (iPhone; CPU iPhone OS 17_0 like Mac OS X)"
10.0.0.1 - - [23/Aug/2025:11:09:39 +0000] "GET /index.html HTTP/1.1" 301 4514 "-" "Mozilla/5.0 (Macintosh; Intel Mac OS X 10_15_7) Safari/537.36"
8.8.8.8 - - [08/Mar/2025:21:13:47 +0000] "GET /about HTTP/1.1" 200 4011 "-" "Mozilla/5.0 (iPhone; CPU iPhone OS 17_0 like Mac OS X)"
10.0.0.1 - - [07/Oct/2025:09:23:11 +0000] "PUT /admin HTTP/1.1" 200 956 "-" "Mozilla/5.0 (iPhone; CPU iPhone OS 17_0 like Mac OS X)"
172.16.0.1 - - [17/Mar/2024:08:52:01 +0000] "GET /api/users HTTP/1.1" 404 1764 "-" "Mozilla/5.0 (Windows NT 10.0; Win64; x64) Chrome/120.0.0.0"
192.168.1.1 - - [10/Apr/2025:03:14:17 +0000] "POST /images/logo.png HTTP/1.1" 404 1851 "-" "Mozilla/5.0 (iPhone; CPU iPhone OS 17_0 like Mac OS X)"
192.168.1.1 - - [26/Nov/2024:17:55:55 +0000] "GET /images/logo.png HTTP/1.1" 200 1469 "-" "curl/7.68.0"
1.1.1.1 - - [03/Jun/2025:21:32:15 +0000] "POST /admin HTTP/1.1" 301 4871 "-" "Mozilla/5.0 (Macintosh; Intel Mac OS X 10_15_7) Safari/537.36"
172.16.0.1 - - [03/Aug/2024:09:02:37 +0000] "PUT /index.html HTTP/1.1" 301 3975 "-" "Mozilla/5.0 (X11; Linux x86_64) Firefox/120.0"
172.16.0.1 - - [16/Jan/2025:06:38:24 +0000] "POST /products HTTP/1.1" 500 883 "-" "Mozilla/5.0 (Windows NT 10.0; Win64; x64) Chrome/120.0.0.0"
1.1.1.1 - - [03/Jan/2024:04:48:14 +0000] "PUT /products HTTP/1.1" 200 5744 "-" "Mozilla/5.0 (iPhone; CPU iPhone OS 17_0 like Mac OS X)"
8.8.8.8 - - [18/May/2025:13:08:00 +0000] "GET /products HTTP/1.1" 200 4598 "-" "Mozilla/5.0 (iPhone; CPU iPhone OS 17_0 like Mac OS X)"
8.8.8.8 - - [26/Jul/2024:09:43:07 +0000] "PUT /images/logo.png HTTP/1.1" 200 730 "-" "curl/7.68.0"
8.8.8.8 - - [21/Aug/2024:03:18:14 +0000] "DELETE /cart HTTP/1.1" 200 225 "-" "Mozilla/5.0 (Windows NT 10.0; Win64; x64) Chrome/120.0.0.0"
10.0.0.1 - - [09/Jan/2024:14:08:41 +0000] "POST /cart HTTP/1.1" 200 5358 "-" "curl/7.68.0"
192.168.1.1 - - [07/Jul/2025:16:42:40 +0000] "PUT /index.html HTTP/1.1" 301 7929 "-" "Mozilla/5.0 (iPhone; CPU iPhone OS 17_0 like Mac OS X)"
10.0.0.1 - - [08/Nov/2024:03:25:38 +0000] "PUT /api/users HTTP/1.1" 500 6756 "-" "Mozilla/5.0 (iPhone; CPU iPhone OS 17_0 like Mac OS X)"
1.1.1.1 - - [08/Aug/2024:13:27:40 +0000] "GET /cart HTTP/1.1" 200 7892 "-" "Mozilla/5.0 (iPhone; CPU iPhone OS 17_0 like Mac OS X)"
1.1.1.1 - - [25/Oct/2025:13:07:20 +0000] "DELETE /index.html HTTP/1.1" 404 281 "-" "Mozilla/5.0 (Windows NT 10.0; Win64; x64) Chrome/120.0.0.0"
1.1.1.1 - - [28/Nov/2025:07:49:20 +0000] "PUT /index.html HTTP/1.1" 200 2956 "-" "Mozilla/5.0 (Macintosh; Intel Mac OS X 10_15_7) Safari/537.36"
172.16.0.1 - - [15/Jun/2025:09:28:34 +0000] "POST /cart HTTP/1.1" 200 4053 "-" "curl/7.68.0"
172.16.0.1 - - [22/Jan/2024:09:18:35 +0000] "GET /admin HTTP/1.1" 500 6705 "-" "Mozilla/5.0 (Macintosh; Intel Mac OS X 10_15_7) Safari/537.36"
1.1.1.1 - - [24/Mar/2025:05:46:09 +0000] "GET /about HTTP/1.1" 301 7793 "-" "Mozilla/5.0 (iPhone; CPU iPhone OS 17_0 like Mac OS X)"
172.16.0.1 - - [24/Nov/2024:19:08:55 +0000] "GET /products HTTP/1.1" 200 9127 "-" "curl/7.68.0"
192.168.1.1 - - [17/Jun/2025:20:38:42 +0000] "POST /images/logo.png HTTP/1.1" 200 1990 "-" "Mozilla/5.0 (Macintosh; Intel Mac OS X 10_15_7) Safari/537.36"
192.168.1.1 - - [11/May/2024:20:56:24 +0000] "PUT /cart HTTP/1.1" 404 6015 "-" "Mozilla/5.0 (Macintosh; Intel Mac OS X 10_15_7) Safari/537.36"
1.1.1.1 - - [03/Oct/2025:05:52:42 +0000] "POST /about HTTP/1.1" 404 4620 "-" "Mozilla/5.0 (X11; Linux x86_64) Firefox/120.0"
1.1.1.1 - - [08/Aug/2024:04:10:19 +0000] "GET /about HTTP/1.1" 200 3396 "-" "Mozilla/5.0 (iPhone; CPU iPhone OS 17_0 like Mac OS X)"
10.0.0.1 - - [08/Mar/2024:15:48:44 +0000] "PUT /images/logo.png HTTP/1.1" 404 140 "-" "Mozilla/5.0 (iPhone; CPU iPhone OS 17_0 like Mac OS X)"
10.0.0.1 - - [08/Dec/2025:17:28:42 +0000] "DELETE /products HTTP/1.1" 301 4723 "-" "Mozilla/5.0 (Macintosh; Intel Mac OS X 10_15_7) Safari/537.36"
8.8.8.8 - - [15/Dec/2025:17:40:32 +0000] "PUT /index.html HTTP/1.1" 200 2454 "-" "Mozilla/5.0 (Macintosh; Intel Mac OS X 10_15_7) Safari/537.36"
8.8.8.8 - - [17/Jun/2025:17:01:36 +0000] "GET /about HTTP/1.1" 200 1205 "-" "Mozilla/5.0 (X11; Linux x86_64) Firefox/120.0"
192.168.1.1 - - [19/Jan/2025:16:09:19 +0000] "POST /images/logo.png HTTP/1.1" 200 5133 "-" "curl/7.68.0"
10.0.0.1 - - [26/Nov/2025:14:14:50 +0000] "GET /api/users HTTP/1.1" 404 7334 "-" "Mozilla/5.0 (Windows NT 10.0; Win64; x64) Chrome/120.0.0.0"
10.0.0.1 - - [19/Aug/2024:06:18:21 +0000] "DELETE /admin HTTP/1.1" 200 4067 "-" "Mozilla/5.0 (iPhone; CPU iPhone OS 17_0 like Mac OS X)"
8.8.8.8 - - [05/Jun/2025:20:16:47 +0000] "PUT /index.html HTTP/1.1" 301 1226 "-" "Mozilla/5.0 (X11; Linux x86_64) Firefox/120.0"
192.168.1.1 - - [01/Apr/2025:13:59:51 +0000] "POST /api/users HTTP/1.1" 404 8014 "-" "Mozilla/5.0 (X11; Linux x86_64) Firefox/120.0"
10.0.0.1 - - [02/Jul/2025:17:22:01 +0000] "POST /api/users HTTP/1.1" 200 5176 "-" "Mozilla/5.0 (iPhone; CPU iPhone OS 17_0 like Mac OS X)"
8.8.8.8 - - [22/Jul/2025:13:55:29 +0000] "GET /api/users HTTP/1.1" 404 6717 "-" "Mozilla/5.0 (X11; Linux x86_64) Firefox/120.0"
192.168.1.1 - - [16/Dec/2024:18:09:30 +0000] "PUT /products HTTP/1.1" 200 3928 "-" "Mozilla/5.0 (iPhone; CPU iPhone OS 17_0 like Mac OS X)"
192.168.1.1 - - [13/Sep/2025:05:57:23 +0000] "POST /products HTTP/1.1" 200 5713 "-" "Mozilla/5.0 (Windows NT 10.0; Win64; x64) Chrome/120.0.0.0"
192.168.1.1 - - [02/Jan/2024:18:02:30 +0000] "POST /products HTTP/1.1" 500 2990 "-" "Mozilla/5.0 (Windows NT 10.0; Win64; x64) Chrome/120.0.0.0"
10.0.0.1 - - [02/Oct/2024:01:11:37 +0000] "DELETE /cart HTTP/1.1" 200 9424 "-" "Mozilla/5.0 (Macintosh; Intel Mac OS X 10_15_7) Safari/537.36"
192.168.1.1 - - [15/Mar/2025:04:44:17 +0000] "POST /api/users HTTP/1.1" 200 4068 "-" "Mozilla/5.0 (Windows NT 10.0; Win64; x64) Chrome/120.0.0.0"
172.16.0.1 - - [19/Mar/2025:10:43:38 +0000] "DELETE /images/logo.png HTTP/1.1" 200 8810 "-" "Mozilla/5.0 (iPhone; CPU iPhone OS 17_0 like Mac OS X)"
172.16.0.1 - - [15/May/2024:09:51:17 +0000] "GET /index.html HTTP/1.1" 500 5063 "-" "curl/7.68.0"
172.16.0.1 - - [03/Nov/2025:22:26:43 +0000] "PUT /api/users HTTP/1.1" 200 4954 "-" "Mozilla/5.0 (Windows NT 10.0; Win64; x64) Chrome/120.0.0.0"
1.1.1.1 - - [19/Feb/2025:06:50:25 +0000] "DELETE /images/logo.png HTTP/1.1" 301 8512 "-" "Mozilla/5.0 (Macintosh; Intel Mac OS X 10_15_7) Safari/537.36"
1.1.1.1 - - [14/Dec/2024:12:33:24 +0000] "PUT /about HTTP/1.1" 200 7097 "-" "Mozilla/5.0 (iPhone; CPU iPhone OS 17_0 like Mac OS X)"
