10.0.0.1 - - [22/Sep/2025:20:42:56 +0000] "PUT /api/users HTTP/1.1" 500 6062 "-" "Mozilla/5.0 (Macintosh; Intel Mac OS X 10_15_7) Safari/537.36"
1.1.1.1 - - [11/Sep/2024:05:01:12 +0000] "GET /index.html HTTP/1.1" 404 1791 "-" "Mozilla/5.0 (X11; Linux x86_64) Firefox/120.0"
192.168.1.1 - - [23/Oct/2025:06:37:10 +0000] "PUT /products HTTP/1.1" 200 904 "-" "Mozilla/5.0 (Macintosh; Intel Mac OS X 10_15_7) Safari/537.36"
192.168.1.1 - - [25/Apr/2025:12:26:44 +0000] "POST /cart HTTP/1.1" 500 6132 "-" "Mozilla/5.0 (Macintosh; Intel Mac OS X 10_15_7) Safari/537.36"
1.1.1.1 - - [15/Dec/2024:09:51:23 +0000] "DELETE /products HTTP/1.1" 404 9543 "-" "Mozilla/5.0 (Macintosh; Intel Mac OS X 10_15_7) Safari/537.36"
1.1.1.1 - - [03/Feb/2024:17:20:11 +0000] "DELETE /admin HTTP/1.1" 200 9722 "-" "Mozilla/5.0 (iPhone; CPU iPhone OS 17_0 like Mac OS X)"
10.0.0.1 - - [14/Mar/2024:00:28:58 +0000] "PUT /cart HTTP/1.1" 200 7221 "-" "Mozilla/5.0 (Macintosh; Intel Mac OS X 10_15_7) Safari/537.36"
8.8.8.8 - - [18/Jun/2024:20:01:41 +0000] "PUT /cart HTTP/1.1" 200 4407 "-" "Mozilla/5.0 (X11; Linux x86_64) Firefox/120.0"
8.8.8.8 - - [19/Jul/2024:19:48:33 +0000] "GET /admin HTTP/1.1" 200 8990 "-" "curl/7.68.0"
1.1.1.1 - - [08/Aug/2024:14:10:18 +0000] "GET /images/logo.png HTTP/1.1" 200 3279 "-" "Mozilla/5.0 (iPhone; CPU iPhone OS 17_0 like Mac OS X)"
172.16.0.1 - - [19/Nov/2025:02:25:18 +0000] "GET /api/users HTTP/1.1" 200 1917 "-" "curl/7.68.0"
1.1.1.1 - - [21/Jan/2024:17:04:16 +0000] "PUT /cart HTTP/1.1" 301 3969 "-" "curl/7.68.0"
192.168.1.1 - - [03/Aug/2024:00:12:21 +0000] "GET /about HTTP/1.1" 200 4437 "-" "Mozilla/5.0 (Macintosh; Intel Mac OS X 10_15_7) Safari/537.36"
192.168.1.1 - - [27/Feb/2025:12:08:30 +0000] "GET /index.html HTTP/1.1" 200 6254 "-" "curl/7.68.0"
8.8.8.8 - - [08/May/2024:22:52:10 +0000] "PUT /products HTTP/1.1" 301 302 "-" "curl/7.68.0"
8.8.8.8 - - [05/Aug/2024:09:25:50 +0000] "PUT /index.html HTTP/1.1" 200 8342 "-" "Mozilla/5.0 (iPhone; CPU iPhone OS 17_0 like Mac OS X)"
1.1.1.1 - - [01/Sep/2024:13:32:15 +0000] "PUT /images/logo.png HTTP/1.1" 200 8736 "-" "Mozilla/5.0 (Windows NT 10.0; Win64; x64) Chrome/120.0.0.0"
8.8.8.8 - - [14/Jul/2024:01:37:00 +0000] "POST /admin HTTP/1.1" 404 5528 "-" "Mozilla/5.0 (Macintosh; Intel Mac OS X 10_15_7) Safari/537.36"
1.1.1.1 - - [16/Dec/2024:11:58:57 +0000] "GET /about HTTP/1.1" 200 2802 "-" "Mozilla/5.0 (X11; Linux x86_64) Firefox/120.0"
172.16.0.1 - - [05/Aug/2025:00:21:58 +0000] "GET /api/users HTTP/1.1" 200 1433 "-" "Mozilla/5.0 (Macintosh; Intel Mac OS X 10_15_7) Safari/537.36"
1.1.1.1 - - [11/Jul/2024:22:13:44 +0000] "PUT /index.html HTTP/1.1" 200 1046 "-" "Mozilla/5.0 (Windows NT 10.0; Win64; x64) Chrome/120.0.0.0"
172.16.0.1 - - [10/Aug/2025:08:00:39 +0000] "PUT /about HTTP/1.1" 301 195 "-" "Mozilla/5.0 (Macintosh; Intel Mac OS X 10_15_7) Safari/537.36"
8.8.8.8 - - [26/Aug/2025:13:03:43 +0000] "GET /cart HTTP/1.1" 200 3758 "-" "curl/7.68.0"
8.8.8.8 - - [25/Apr/2025:10:01:48 +0000] "POST /about HTTP/1.1" 200 6113 "-" "Mozilla/5.0 (iPhone; CPU iPhone OS 17_0 like Mac OS X)"
1.1.1.1 - - [06/Jan/2024:18:50:30 +0000] "POST /cart HTTP/1.1" 200 1060 "-" "Mozilla/5.0 (Windows NT 10.0; Win64; x64) Chrome/120.0.0.0"
8.8.8.8 - - [17/Jul/2024:16:58:26 +0000] "GET /admin HTTP/1.1" 500 7716 "-" "Mozilla/5.0 (X11; Linux x86_64) Firefox/120.0"
10.0.0.1 - - [18/Jun/2025:20:34:11 +0000] "POST /api/users HTTP/1.1" 200 9547 "-" "Mozilla/5.0 (Windows NT 10.0; Win64; x64) Chrome/120.0.0.0"
8.8.8.8 - - [04/Nov/2025:22:56:37 +0000] "DELETE /images/logo.png HTTP/1.1" 301 4810 "-" "Mozilla/5.0 (Windows NT 10.0; Win64; x64) Chrome/120.0.0.0"
8.8.8.8 - - [26/Jan/2024:08:00:23 +0000] "POST /index.html HTTP/1.1" 200 7266 "-" "Mozilla/5.0 (X11; Linux x86_64) Firefox/120.0"
172.16.0.1 - - [03/Oct/2025:08:19:21 +0000] "POST /products HTTP/1.1" 301 1040 "-" "Mozilla/5.0 (Windows NT 10.0; Win64; x64) Chrome/120.0.0.0"
192.168.1.1 - - [09/Mar/2025:06:28:00 +0000] "GET /about HTTP/1.1" 200 5000 "-" "curl/7.68.0"
192.168.1.1 - - [26/Jan/2025:04:59:58 +0000] "POST /about HTTP/1.1" 200 9018 "-" "Mozilla/5.0 (iPhone; CPU iPhone OS 17_0 like Mac OS X)"
10.0.0.1 - - [18/Jul/2024:21:41:32 +0000] "PUT /about HTTP/1.1" 200 850 "-" "Mozilla/5.0 (Macintosh; Intel Mac OS X 10_15_7) Safari/537.36"
8.8.8.8 - - [14/Mar/2024:03:30:45 +0000] "POST /index.html HTTP/1.1" 404 9201 "-" "Mozilla/5.0 (X11; Linux x86_64) Firefox/120.0"
8.8.8.8 - - [07/Jun/2024:18:26:06 +0000] "PUT /api/users HTTP/1.1" 200 3373 "-" "Mozilla/5.0 (X11; Linux x86_64) Firefox/120.0"
10.0.0.1 - - [16/Apr/2024:04:51:27 +0000] "POST /admin HTTP/1.1" 500 1934 "-" "Mozilla/5.0 (iPhone; CPU iPhone OS 17_0 like Mac OS X)"
10.0.0.1 - - [16/Mar/2025:15:56:52 +0000] "DELETE /index.html HTTP/1.1" 200 3934 "-" "Mozilla/5.0 (X11; Linux x86_64) Firefox/120.0"
1.1.1.1 - - [16/Nov/2024:16:15:48 +0000] "PUT /api/users HTTP/1.1" 301 1302 "-" "Mozilla/5.0 (Macintosh; Intel Mac OS X 10_15_7) Safari/537.36"
172.16.0.1 - - [19/Jul/2025:11:07:09 +0000] "POST /admin HTTP/1.1" 200 1934 "-" "Mozilla/5.0 (iPhone; CPU iPhone OS 17_0 like Mac OS X)"
192.168.1.1 - - [13/Dec/2025:11:52:35 +0000] "GET /images/logo.png HTTP/1.1" 200 3697 "-" "Mozilla/5.0 (Windows NT 10.0; Win64; x64) Chrome/120.0.0.0"
1.1.1.1 - - [20/Jul/2025:23:08:34 +0000] "POST /about HTTP/1.1" 301 3605 "-" "Mozilla/5.0 (iPhone; CPU iPhone OS 17_0 like Mac OS X)"
1.1.1.1 - - [14/Sep/2025:17:16:36 +0000] "POST /about HTTP/1.1" 200 1976 "-" "Mozilla/5.0 (X11; Linux x86_64) Firefox/120.0"
192.168.1.1 - - [05/Jul/2025:22:42:57 +0000] "PUT /cart HTTP/1.1" 500 10053 "-" "Mozilla/5.0 (Windows NT 10.0; Win64; x64) Chrome/120.0.0.0"
8.8.8.8 - - [10/Jul/2024:21:10:45 +0000] "PUT /api/users HTTP/1.1" 404 9275 "-" "Mozilla/5.0 (Windows NT 10.0; Win64; x64) Chrome/120.0.0.0"
172.16.0.1 - - [02/Jul/2024:21:28:47 +0000] "GET /index.html HTTP/1.1" 200 210 "-" "Mozilla/5.0 (iPhone; CPU iPhone OS 17_0 like Mac OS X)"
10.0.0.1 - - [11/Jan/2025:02:27:33 +0000] "POST /about HTTP/1.1" 200 6379 "-" "Mozilla/5.0 (iPhone; CPU iPhone OS 17_0 like Mac OS X)"
10.0.0.1 - - [06/Jul/2024:09:22:11 +0000] "POST /products HTTP/1.1" 200 5207 "-" "Mozilla/5.0 (Macintosh; Intel Mac OS X 10_15_7) Safari/537.36"
192.168.1.1 - - [03/Apr/2025:22:39:01 +0000] "GET /about HTTP/1.1" 200 2473 "-" "curl/7.68.0"
192.168.1.1 - - [17/Dec/2025:04:17:52 +0000] "POST /admin HTTP/1.1" 200 3093 "-" "curl/7.68.0"
8.8.8.8 - - [23/Jul/2024:10:47:24 +0000] "DELETE /index.html HTTP/1.1" 200 6738 "-" "Mozilla/5.0 (X11; Linux x86_64) Firefox/120.0"
8.8.8.8 - - [12/Nov/2025:05:50:14 +0000] "POST /index.html HTTP/1.1" 200 980 "-" "Mozilla/5.0 (X11; Linux x86_64) Firefox/120.0"
192.168.1.1 - - [05/Jun/2024:03:34:54 +0000] "GET /index.html HTTP/1.1" 200 6054 "-" "Mozilla/5.0 (Macintosh; Intel Mac OS X 10_15_7) Safari/537.36"
172.16.0.1 - - [18/Mar/2024:18:29:58 +0000] "DELETE /about HTTP/1.1" 200 9559 "-" "Mozilla/5.0 (Windows NT 10.0; Win64; x64) Chrome/120.0.0.0"
192.168.1.1 - - [04/Jan/2024:15:04:12 +0000] "POST /about HTTP/1.1" 200 6718 "-" "Mozilla/5.0 (iPhone; CPU iPhone OS 17_0 like Mac OS X)"
8.8.8.8 - - [07/Feb/2024:19:46:01 +0000] "POST /products HTTP/1.1" 200 9860 "-" "Mozilla/5.0 (Macintosh; Intel Mac OS X 10_15_7) Safari/537.36"
1.1.1.1 - - [28/Dec/2025:18:18:06 +0000] "PUT /api/users HTTP/1.1" 301 2911 "-" "Mozilla/5.0 (iPhone; CPU iPhone OS 17_0 like Mac OS X)"
10.0.0.1 - - [13/Apr/2024:18:22:54 +0000] "POST /index.html HTTP/1.1" 404 3323 "-" "Mozilla/5.0 (Macintosh; Intel Mac OS X 10_15_7) Safari/537.36"
1.1.1.1 - - [17/Jul/2025:09:55:06 +0000] "GET /admin HTTP/1.1" 200 7024 "-" "Mozilla/5.0 (X11; Linux x86_64) Firefox/120.0"
10.0.0.1 - - [25/May/2024:05:25:16 +0000] "DELETE /admin HTTP/1.1" 200 7796 "-" "Mozilla/5.0 (Windows NT 10.0; Win64; x64) Chrome/120.0.0.0"
172.16.0.1 - - [09/Aug/2025:10:09:05 +0000] "POST /api/users HTTP/1.1" 404 9600 "-" "Mozilla/5.0 (Macintosh; Intel Mac OS X 10_15_7) Safari/537.36"
10.0.0.1 - - [12/Jul/2024:08:50:42 +0000] "PUT /api/users HTTP/1.1" 404 8810 "-" "Mozilla/5.0 (X11; Linux x86_64) Firefox/120.0"
192.168.1.1 - - [06/Jul/2024:11:00:10 +0000] "PUT /api/users HTTP/1.1" 500 7198 "-" "Mozilla/5.0 (Windows NT 10.0; Win64; x64) Chrome/120.0.0.0"
192.168.1.1 - - [07/Nov/2024:05:43:01 +0000] "PUT /about HTTP/1.1" 500 1059 "-" "Mozilla/5.0 (Windows NT 10.0; Win64; x64) Chrome/120.0.0.0"
172.16.0.1 - - [10/Jan/2024:19:41:45 +0000] "DELETE /images/logo.png HTTP/1.1" 200 4594 "-" "Mozilla/5.0 (Macintosh; Intel Mac OS X 10_15_7) Safari/537.36"
8.8.8.8 - - [16/Jan/2025:18:42:40 +0000] "DELETE /about HTTP/1.1" 200 3910 "-" "Mozilla/5.0 (X11; Linux x86_64) Firefox/120.0"
10.0.0.1 - - [23/May/2024:12:35:16 +0000] "PUT /admin HTTP/1.1" 404 7508 "-" "curl/7.68.0"
192.168.1.1 - - [02/Jul/2024:05:47:43 +0000] "DELETE /api/users HTTP/1.1" 200 3497 "-" "Mozilla/5.0 (iPhone; CPU iPhone OS 17_0 like Mac OS X)"
192.168.1.1 - - [15/Jan/2025:00:28:01 +0000] "DELETE /cart HTTP/1.1" 301 5056 "-" "Mozilla/5.0 (Macintosh; Intel Mac OS X 10_15_7) Safari/537.36"
172.16.0.1 - - [08/Jun/2024:23:12:40 +0000] "POST /products HTTP/1.1" 200 9592 "-" "Mozilla/5.0 (Macintosh; Intel Mac OS X 10_15_7) Safari/537.36"
1.1.1.1 - - [03/May/2025:02:29:26 +0000] "DELETE /cart HTTP/1.1" 200 7945 "-" "Mozilla/5.0 (Macintosh; Intel Mac OS X 10_15_7) Safari/537.36"
172.16.0.1 - - [13/Apr/2024:11:50:28 +0000] "POST /index.html HTTP/1.1" 200 1698 "-" "Mozilla/5.0 (Windows NT 10.0; Win64; x64) Chrome/120.0.0.0"
192.168.1.1 - - [08/Jul/2024:22:38:05 +0000] "PUT /images/logo.png HTTP/1.1" 404 8880 "-" "Mozilla/5.0 (Macintosh; Intel Mac OS X 10_15_7) Safari/537.36"
1.1.1.1 - - [16/Oct/2025:01:46:05 +0000] "DELETE /about HTTP/1.1" 500 3097 "-" "curl/7.68.0"
192.168.1.1 - - [08/Dec/2024:07:26:20 +0000] "GET /admin HTTP/1.1" 301 1970 "-" "Mozilla/5.0 (iPhone; CPU iPhone OS 17_0 like Mac OS X)"
10.0.0.1 - - [24/Apr/2025:01:58:34 +0000] "DELETE /index.html HTTP/1.1" 404 570 "-" "Mozilla/5.0 (iPhone; CPU iPhone OS 17_0 like Mac OS X)"
8.8.8.8 - - [16/Oct/2025:11:35:25 +0000] "POST /cart HTTP/1.1" 200 1707 "-" "Mozilla/5.0 (iPhone; CPU iPhone OS 17_0 like Mac OS X)"
8.8.8.8 - - [05/Sep/2025:04:58:46 +0000] "POST /admin HTTP/1.1" 200 7298 "-" "Mozilla/5.0 (X11; Linux x86_64) Firefox/120.0"
192.168.1.1 - - [19/Aug/2024:14:35:20 +0000] "GET /about HTTP/1.1" 200 2827 "-" "Mozilla/5.0 (Windows NT 10.0; Win64; x64) Chrome/120.0.0.0"
10.0.0.1 - - [16/May/2024:03:14:08 +0000] "GET /cart HTTP/1.1" 200 4367 "-" "Mozilla/5.0 (X11; Linux x86_64) Firefox/120.0"
172.16.0.1 - - [25/Feb/2025:20:27:16 +0000] "DELETE /cart HTTP/1.1" 200 534 "-" "Mozilla/5.0 (iPhone; CPU iPhone OS 17_0 like Mac OS X)"
1.1.1.1 - - [05/Jul/2024:17:19:25 +0000] "POST /admin HTTP/1.1" 200 1762 "-" "Mozilla/5.0 (X11; Linux x86_64) Firefox/120.0"
10.0.0.1 - - [25/Mar/2025:22:03:42 +0000] "POST /about HTTP/1.1" 301 3676 "-" "Mozilla/5.0 (Windows NT 10.0; Win64; x64) Chrome/120.0.0.0"
172.16.0.1 - - [02/Jul/2024:02:22:45 +0000] "PUT /about HTTP/1.1" 200 985 "-" "Mozilla/5.0 (iPhone; CPU iPhone OS 17_0 like Mac OS X)"
172.16.0.1 - - [21/Feb/2025:22:16:15 +0000] "DELETE /images/logo.png HTTP/1.1" 200 7740 "-" "Mozilla/5.0 (Windows NT 10.0; Win64; x64) Chrome/120.0.0.0"
8.8.8.8 - - [04/Oct/2024:00:38:52 +0000] "POST /products HTTP/1.1" 200 7658 "-" "Mozilla/5.0 (iPhone; CPU iPhone OS 17_0 like Mac OS X)"
10.0.0.1 - - [07/Jun/2025:18:48:07 +0000] "PUT /api/users HTTP/1.1" 200 6825 "-" "Mozilla/5.0 (iPhone; CPU iPhone OS 17_0 like Mac OS X)"
1.1.1.1 - - [26/Sep/2024:07:51:22 +0000] "GET /products HTTP/1.1" 500 6441 "-" "curl/7.68.0"
192.168.1.1 - - [12/Oct/2024:11:58:27 +0000] "DELETE /cart HTTP/1.1" 200 8506 "-" "Mozilla/5.0 (X11; Linux x86_64) Firefox/120.0"
192.168.1.1 - - [01/Feb/2024:03:57:16 +0000] "DELETE /index.html HTTP/1.1" 200 5007 "-" "curl/7.68.0"
1.1.1.1 - - [08/Aug/2025:01:28:48 +0000] "POST /api/users HTTP/1.1" 200 5960 "-" "Mozilla/5.0 (X11; Linux x86_64) Firefox/120.0"
172.16.0.1 - - [17/Jun/2025:08:50:16 +0000] "POST /admin HTTP/1.1" 200 3631 "-" "Mozilla/5.0 (Macintosh; Intel Mac OS X 10_15_7) Safari/537.36"
172.16.0.1 - - [18/Aug/2025:21:56:56 +0000] "PUT /images/logo.png HTTP/1.1" 500 5022 "-" "Mozilla/5.0 (Macintosh; Intel Mac OS X 10_15_7) Safari/537.36"
10.0.0.1 - - [07/Mar/2025:12:24:10 +0000] "POST /admin HTTP/1.1" 200 5030 "-" "Mozilla/5.0 (Windows NT 10.0; Win64; x64) Chrome/120.0.0.0"
192.168.1.1 - - [05/Jul/2024:19:48:28 +0000] "PUT /admin HTTP/1.1" 200 1126 "-" "Mozilla/5.0 (Windows NT 10.0; Win64; x64) Chrome/120.0.0.0"
1.1.1.1 - - [05/Dec/2025:10:02:48 +0000] "PUT /api/users HTTP/1.1" 301 4870 "-" "Mozilla/5.0 (Windows NT 10.0; Win64; x64) Chrome/120.0.0.0"
8.8.8.8 - - [11/Feb/2025:05:14:45 +0000] "DELETE /admin HTTP/1.1" 200 6857 "-" "Mozilla/5.0 (Windows NT 10.0; Win64; x64) Chrome/120.0.0.0"
8.8.8.8 - - [10/Apr/2024:22:03:33 +0000] "GET /products HTTP/1.1" 200 5186 "-" "Mozilla/5.0 (Windows NT 10.0; Win64; x64) Chrome/120.0.0.0"
1.1.1.1 - - [13/Jul/2025:06:11:23 +0000] "PUT /admin HTTP/1.1" 301 3673 "-" "Mozilla/5.0 (iPhone; CPU iPhone OS 17_0 like Mac OS X)"
172.16.0.1 - - [08/Dec/2024:07:53:23 +0000] "POST /admin HTTP/1.1" 404 2137 "-" "Mozilla/5.0 (X11; Linux x86_64) Firefox/120.0"
10.0.0.1 - - [10/Jan/2024:05:24:20 +0000] "PUT /products HTTP/1.1" 200 5639 "-" "Mozilla/5.0 (Macintosh; Intel Mac OS X 10_15_7) Safari/537.36"
1.1.1.1 - - [16/Jul/2024:17:56:15 +0000] "POST /index.html HTTP/1.1" 301 9518 "-" "Mozilla/5.0 (iPhone; CPU iPhone OS 17_0 like Mac OS X)"
172.16.0.1 - - [12/Jun/2025:12:43:56 +0000] "GET /images/logo.png HTTP/1.1" 200 5345 "-" "Mozilla/5.0 (iPhone; CPU iPhone OS 17_0 like Mac OS X)"
8.8.8.8 - - [16/Nov/2025:15:38:26 +0000] "PUT /about HTTP/1.1" 200 6620 "-" "Mozilla/5.0 (Macintosh; Intel Mac OS X 10_15_7) Safari/537.36"
8.8.8.8 - - [27/Nov/2025:23:37:48 +0000] "PUT /images/logo.png HTTP/1.1" 200 5884 "-" "Mozilla/5.0 (X11; Linux x86_64) Firefox/120.0"
8.8.8.8 - - [01/Feb/2025:19:42:13 +0000] "DELETE /api/users HTTP/1.1" 200 1548 "-" "Mozilla/5.0 (Windows NT 10.0; Win64; x64) Chrome/120.0.0.0"
1.1.1.1 - - [06/Mar/2024:22:44:35 +0000] "PUT /about HTTP/1.1" 200 6815 "-" "Mozilla/5.0 (Windows NT 10.0; Win64; x64) Chrome/120.0.0.0"
8.8.8.8 - - [06/Sep/2024:12:49:26 +0000] "POST /api/users HTTP/1.1" 301 9953 "-" "Mozilla/5.0 (X11; Linux x86_64) Firefox/120.0"
10.0.0.1 - - [21/Jul/2024:09:08:05 +0000] "PUT /about HTTP/1.1" 200 2357 "-" "Mozilla/5.0 (iPhone; CPU iPhone OS 17_0 like Mac OS X)"
192.168.1.1 - - [01/Dec/2025:12:53:06 +0000] "DELETE /about HTTP/1.1" 200 2197 "-" "Mozilla/5.0 (Macintosh; Intel Mac OS X 10_15_7) Safari/537.36"
1.1.1.1 - - [27/Apr/2024:03:03:59 +0000] "PUT /images/logo.png HTTP/1.1" 404 9595 "-" "Mozilla/5.0 (Macintosh; Intel Mac OS X 10_15_7) Safari/537.36"
8.8.8.8 - - [23/Oct/2025:09:23:41 +0000] "PUT /images/logo.png HTTP/1.1" 500 1684 "-" "Mozilla/5.0 (iPhone; CPU iPhone OS 17_0 like Mac OS X)"
192.168.1.1 - - [17/Sep/2025:18:06:58 +0000] "GET /api/users HTTP/1.1" 200 7805 "-" "Mozilla/5.0 (iPhone; CPU iPhone OS 17_0 like Mac OS X)"
172.16.0.1 - - [28/Feb/2024:17:31:59 +0000] "POST /images/logo.png HTTP/1.1" 404 7104 "-" "Mozilla/5.0 (Windows NT 10.0; Win64; x64) Chrome/120.0.0.0"
192.168.1.1 - - [12/Jun/2024:21:35:30 +0000] "GET /index.html HTTP/1.1" 301 6175 "-" "curl/7.68.0"
10.0.0.1 - - [09/Apr/2025:08:10:28 +0000] "GET /cart HTTP/1.1" 404 10027 "-" "Mozilla/5.0 (Macintosh; Intel Mac OS X 10_15_7) Safari/537.36"
10.0.0.1 - - [04/Dec/2025:06:16:37 +0000] "GET /admin HTTP/1.1" 200 5939 "-" "Mozilla/5.0 (iPhone; CPU iPhone OS 17_0 like Mac OS X)"
1.1.1.1 - - [12/Mar/2024:14:08:54 +0000] "GET /cart HTTP/1.1" 200 8882 "-" "Mozilla/5.0 (Macintosh; Intel Mac OS X 10_15_7) Safari/537.36"
192.168.1.1 - - [19/Oct/2025:03:18:39 +0000] "POST /cart HTTP/1.1" 404 5256 "-" "Mozilla/5.0 (X11; Linux x86_64) Firefox/120.0"
1.1.1.1 - - [01/Nov/2024:07:06:56 +0000] "PUT /index.html HTTP/1.1" 200 8075 "-" "Mozilla/5.0 (Macintosh; Intel Mac OS X 10_15_7) Safari/537.36"
10.0.0.1 - - [11/May/2025:19:16:11 +0000] "DELETE /products HTTP/1.1" 200 1072 "-" "Mozilla/5.0 (Windows NT 10.0; Win64; x64) Chrome/120.0.0.0"
10.0.0.1 - - [07/Dec/2024:15:51:17 +0000] "POST /images/logo.png HTTP/1.1" 404 2766 "-" "curl/7.68.0"
8.8.8.8 - - [12/Mar/2025:02:32:09 +0000] "POST /cart HTTP/1.1" 200 7083 "-" "Mozilla/5.0 (Windows NT 10.0; Win64; x64) Chrome/120.0.0.0"
192.168.1.1 - - [15/Nov/2025:10:15:53 +0000] "PUT /products HTTP/1.1" 200 3463 "-" "Mozilla/5.0 (Windows NT 10.0; Win64; x64) Chrome/120.0.0.0"
192.168.1.1 - - [19/Aug/2024:13:57:12 +0000] "GET /index.html HTTP/1.1" 500 3300 "-" "curl/7.68.0"
8.8.8.8 - - [13/Dec/2024:08:54:58 +0000] "POST /api/users HTTP/1.1" 404 3125 "-" "Mozilla/5.0 (Macintosh; Intel Mac OS X 10_15_7) Safari/537.36"
8.8.8.8 - - [05/Feb/2024:23:02:40 +0000] "GET /api/users HTTP/1.1" 200 2271 "-" "Mozilla/5.0 (Macintosh; Intel Mac OS X 10_15_7) Safari/537.36"
8.8.8.8 - - [28/Sep/2024:05:26:10 +0000] "PUT /api/users HTTP/1.1" 404 2299 "-" "Mozilla/5.0 (Windows NT 10.0; Win64; x64) Chrome/120.0.0.0"
1.1.1.1 - - [16/Dec/2024:16:49:59 +0000] "POST /products HTTP/1.1" 500 2293 "-" "Mozilla/5.0 (Macintosh; Intel Mac OS X 10_15_7) Safari/537.36"
8.8.8.8 - - [23/Feb/2025:18:40:24 +0000] "DELETE /images/logo.png HTTP/1.1" 200 2329 "-" "curl/7.68.0"
10.0.0.1 - - [11/May/2025:13:45:00 +0000] "POST /admin HTTP/1.1" 200 1511 "-" "curl/7.68.0"
8.8.8.8 - - [21/May/2025:20:17:12 +0000] "PUT /cart HTTP/1.1" 404 5154 "-" "Mozilla/5.0 (iPhone; CPU iPhone OS 17_0 like Mac OS X)"
172.16.0.1 - - [14/Apr/2024:03:55:29 +0000] "PUT /about HTTP/1.1" 200 1856 "-" "Mozilla/5.0 (iPhone; CPU iPhone OS 17_0 like Mac OS X)"
10.0.0.1 - - [01/May/2025:02:33:40 +0000] "DELETE /products HTTP/1.1" 200 8422 "-" "Mozilla/5.0 (X11; Linux x86_64) Firefox/120.0"
1.1.1.1 - - [18/May/2024:06:13:45 +0000] "POST /cart HTTP/1.1" 200 2558 "-" "Mozilla/5.0 (Windows NT 10.0; Win64; x64) Chrome/120.0.0.0"
192.168.1.1 - - [07/Jul/2025:04:04:21 +0000] "DELETE /index.html HTTP/1.1" 200 4416 "-" "Mozilla/5.0 (Windows NT 10.0; Win64; x64) Chrome/120.0.0.0"
192.168.1.1 - - [20/Oct/2024:23:00:17 +0000] "PUT /cart HTTP/1.1" 500 5086 "-" "Mozilla/5.0 (Windows NT 10.0; Win64; x64) Chrome/120.0.0.0"
10.0.0.1 - - [06/Jan/2025:15:20:54 +0000] "GET /cart HTTP/1.1" 200 9493 "-" "Mozilla/5.0 (Windows NT 10.0; Win64; x64) Chrome/120.0.0.0"
1.1.1.1 - - [23/Dec/2024:01:04:14 +0000] "GET /about HTTP/1.1" 200 658 "-" "Mozilla/5.0 (iPhone; CPU iPhone OS 17_0 like Mac OS X)"
8.8.8.8 - - [04/Jan/2025:09:28:31 +0000] "PUT /cart HTTP/1.1" 200 4525 "-" "Mozilla/5.0 (Windows NT 10.0; Win64; x64) Chrome/120.0.0.0"
192.168.1.1 - - [06/Jun/2025:04:45:29 +0000] "PUT /admin HTTP/1.1" 500 7134 "-" "Mozilla/5.0 (iPhone; CPU iPhone OS 17_0 like Mac OS X)"
10.0.0.1 - - [22/Apr/2025:07:54:17 +0000] "POST /cart HTTP/1.1" 301 8010 "-" "Mozilla/5.0 (iPhone; CPU iPhone OS 17_0 like Mac OS X)"
192.168.1.1 - - [09/Dec/2024:05:56:29 +0000] "PUT /products HTTP/1.1" 404 3685 "-" "Mozilla/5.0 (iPhone; CPU iPhone OS 17_0 like Mac OS X)"
192.168.1.1 - - [20/Nov/2024:21:43:42 +0000] "PUT /about HTTP/1.1" 301 4036 "-" "Mozilla/5.0 (X11; Linux x86_64) Firefox/120.0"
1.1.1.1 - - [10/Feb/2024:04:22:12 +0000] "PUT /index.html HTTP/1.1" 301 734 "-" "Mozilla/5.0 (Windows NT 10.0; Win64; x64) Chrome/120.0.0.0"
1.1.1.1 - - [14/Nov/2025:05:28:52 +0000] "GET /cart HTTP/1.1" 200 9703 "-" "Mozilla/5.0 (Macintosh; Intel Mac OS X 10_15_7) Safari/537.36"
10.0.0.1 - - [07/Nov/2025:23:31:41 +0000] "PUT /admin HTTP/1.1" 200 9917 "-" "Mozilla/5.0 (Macintosh; Intel Mac OS X 10_15_7) Safari/537.36"
192.168.1.1 - - [19/May/2025:08:37:26 +0000] "GET /admin HTTP/1.1" 200 6297 "-" "Mozilla/5.0 (X11; Linux x86_64) Firefox/120.0"
172.16.0.1 - - [23/Dec/2025:10:26:10 +0000] "DELETE /index.html HTTP/1.1" 404 2691 "-" "Mozilla/5.0 (X11; Linux x86_64) Firefox/120.0"
172.16.0.1 - - [09/May/2025:00:37:17 +0000] "POST /cart HTTP/1.1" 200 8037 "-" "Mozilla/5.0 (Macintosh; Intel Mac OS X 10_15_7) Safari/537.36"
8.8.8.8 - - [22/May/2025:03:51:59 +0000] "GET /index.html HTTP/1.1" 301 4388 "-" "curl/7.68.0"
8.8.8.8 - - [23/Jan/2024:05:13:01 +0000] "POST /api/users HTTP/1.1" 404 2309 "-" "Mozilla/5.0 (X11; Linux x86_64) Firefox/120.0"
1.1.1.1 - - [04/Oct/2024:09:10:50 +0000] "DELETE /cart HTTP/1.1" 301 6454 "-" "Mozilla/5.0 (Macintosh; Intel Mac OS X 10_15_7) Safari/537.36"
8.8.8.8 - - [21/Mar/2025:08:14:06 +0000] "GET /cart HTTP/1.1" 200 5382 "-" "Mozilla/5.0 (X11; Linux x86_64) Firefox/120.0"
172.16.0.1 - - [23/Mar/2024:13:52:03 +0000] "PUT /products HTTP/1.1" 200 5646 "-" "Mozilla/5.0 (iPhone; CPU iPhone OS 17_0 like Mac OS X)"
10.0.0.1 - - [25/Dec/2024:00:23:13 +0000] "DELETE /cart HTTP/1.1" 200 9414 "-" "Mozilla/5.0 (X11; Linux x86_64) Firefox/120.0"
1.1.1.1 - - [11/Oct/2025:22:40:42 +0000] "PUT /images/logo.png HTTP/1.1" 200 3714 "-" "Mozilla/5.0 (Windows NT 10.0; Win64; x64) Chrome/120.0.0.0"
10.0.0.1 - - [06/Dec/2025:15:15:52 +0000] "DELETE /cart HTTP/1.1" 200 6378 "-" "Mozilla/5.0 (Macintosh; Intel Mac OS X 10_15_7) Safari/537.36"
172.16.0.1 - - [24/Jul/2024:18:25:06 +0000] "DELETE /products HTTP/1.1" 404 3681 "-" "Mozilla/5.0 (X11; Linux x86_64) Firefox/120.0"
1.1.1.1 - - [21/Dec/2025:07:39:22 +0000] "DELETE /api/users HTTP/1.1" 200 5328 "-" "Mozilla/5.0 (X11; Linux x86_64) Firefox/120.0"
8.8.8.8 - - [09/Oct/2025:06:57:42 +0000] "PUT /products HTTP/1.1" 301 3289 "-" "curl/7.68.0"
172.16.0.1 - - [15/Jun/2025:02:16:45 +0000] "POST /cart HTTP/1.1" 404 2826 "-" "Mozilla/5.0 (iPhone; CPU iPhone OS 17_0 like Mac OS X)"
10.0.0.1 - - [10/Sep/2025:20:00:44 +0000] "PUT /products HTTP/1.1" 404 8550 "-" "curl/7.68.0"
8.8.8.8 - - [23/Mar/2024:21:42:15 +0000] "PUT /admin HTTP/1.1" 200 2184 "-" "Mozilla/5.0 (iPhone; CPU iPhone OS 17_0 like Mac OS X)"
1.1.1.1 - - [03/May/2025:19:33:54 +0000] "GET /index.html HTTP/1.1" 200 8295 "-" "Mozilla/5.0 (X11; Linux x86_64) Firefox/120.0"
172.16.0.1 - - [19/Jan/2024:23:01:16 +0000] "PUT /index.html HTTP/1.1" 404 4972 "-" "Mozilla/5.0 (Macintosh; Intel Mac OS X 10_15_7) Safari/537.36"
172.16.0.1 - - [09/May/2024:21:08:07 +0000] "GET /cart HTTP/1.1" 404 8340 "-" "Mozilla/5.0 (iPhone; CPU iPhone OS 17_0 like Mac OS X)"
8.8.8.8 - - [14/May/2024:03:30:06 +0000] "PUT /api/users HTTP/1.1" 200 6226 "-" "Mozilla/5.0 (Windows NT 10.0; Win64; x64) Chrome/120.0.0.0"
192.168.1.1 - - [17/Feb/2024:12:25:35 +0000] "POST /index.html HTTP/1.1" 404 7187 "-" "Mozilla/5.0 (X11; Linux x86_64) Firefox/120.0"
8.8.8.8 - - [01/Sep/2024:18:05:22 +0000] "PUT /index.html HTTP/1.1" 200 2937 "-" "Mozilla/5.0 (iPhone; CPU iPhone OS 17_0 like Mac OS X)"
8.8.8.8 - - [16/Dec/2025:17:52:25 +0000] "PUT /admin HTTP/1.1" 200 1629 "-" "Mozilla/5.0 (iPhone; CPU iPhone OS 17_0 like Mac OS X)"
8.8.8.8 - - [10/Oct/2024:18:48:49 +0000] "PUT /index.html HTTP/1.1" 301 8059 "-" "Mozilla/5.0 (Windows NT 10.0; Win64; x64) Chrome/120.0.0.0"
172.16.0.1 - - [27/May/2025:06:10:43 +0000] "GET /about HTTP/1.1" 200 3323 "-" "Mozilla/5.0 (Macintosh; Intel Mac OS X 10_15_7) Safari/537.36"
10.0.0.1 - - [25/May/2024:17:34:22 +0000] "DELETE /images/logo.png HTTP/1.1" 500 8109 "-" "Mozilla/5.0 (Windows NT 10.0; Win64; x64) Chrome/120.0.0.0"
8.8.8.8 - - [14/Sep/2024:06:00:48 +0000] "PUT /admin HTTP/1.1" 200 9382 "-" "Mozilla/5.0 (X11; Linux x86_64) Firefox/120.0"
1.1.1.1 - - [02/Oct/2025:13:29:57 +0000] "POST /index.html HTTP/1.1" 500 6710 "-" "Mozilla/5.0 (Macintosh; Intel Mac OS X 10_15_7) Safari/537.36"
172.16.0.1 - - [05/Apr/2025:05:20:32 +0000] "PUT /admin HTTP/1.1" 404 3648 "-" "Mozilla/5.0 (Macintosh; Intel Mac OS X 10_15_7) Safari/537.36"
10.0.0.1 - - [25/Dec/2025:04:34:02 +0000] "GET /about HTTP/1.1" 200 5814 "-" "Mozilla/5.0 (Macintosh; Intel Mac OS X 10_15_7) Safari/537.36"
172.16.0.1 - - [09/Aug/2025:11:57:05 +0000] "GET /cart HTTP/1.1" 200 1668 "-" "Mozilla/5.0 (iPhone; CPU iPhone OS 17_0 like Mac OS X)"
1.1.1.1 - - [06/Jan/2024:01:04:10 +0000] "GET /api/users HTTP/1.1" 301 9487 "-" "Mozilla/5.0 (Windows NT 10.0; Win64; x64) Chrome/120.0.0.0"
192.168.1.1 - - [10/Jan/2025:16:30:17 +0000] "POST /products HTTP/1.1" 500 5171 "-" "Mozilla/5.0 (Windows NT 10.0; Win64; x64) Chrome/120.0.0.0"
8.8.8.8 - - [16/Aug/2025:17:41:07 +0000] "POST /index.html HTTP/1.1" 404 2833 "-" "Mozilla/5.0 (X11; Linux x86_64) Firefox/120.0"
192.168.1.1 - - [15/Mar/2025:23:08:32 +0000] "DELETE /about HTTP/1.1" 200 6773 "-" "Mozilla/5.0 (iPhone; CPU iPhone OS 17_0 like Mac OS X)"
1.1.1.1 - - [19/Oct/2024:19:37:04 +0000] "PUT /about HTTP/1.1" 301 3776 "-" "Mozilla/5.0 (Windows NT 10.0; Win64; x64) Chrome/120.0.0.0"
10.0.0.1 - - [28/Oct/2025:08:40:28 +0000] "GET /products HTTP/1.1" 200 8519 "-" "Mozilla/5.0 (X11; Linux x86_64) Firefox/120.0"
172.16.0.1 - - [22/Apr/2024:19:55:39 +0000] "PUT /images/logo.png HTTP/1.1" 301 1233 "-" "Mozilla/5.0 (Windows NT 10.0; Win64; x64) Chrome/120.0.0.0"
10.0.0.1 - - [07/Nov/2024:11:33:20 +0000] "GET /api/users HTTP/1.1" 200 1996 "-" "Mozilla/5.0 (iPhone; CPU iPhone OS 17_0 like Mac OS X)"
10.0.0.1 - - [24/Mar/2024:01:55:01 +0000] "PUT /admin HTTP/1.1" 200 6792 "-" "Mozilla/5.0 (X11; Linux x86_64) Firefox/120.0"
192.168.1.1 - - [14/Aug/2025:01:48:47 +0000] "POST /images/logo.png HTTP/1.1" 404 8947 "-" "curl/7.68.0"
8.8.8.8 - - [23/Mar/2024:11:25:49 +0000] "PUT /api/users HTTP/1.1" 200 343 "-" "Mozilla/5.0 (X11; Linux x86_64) Firefox/120.0"
8.8.8.8 - - [11/Dec/2025:04:29:24 +0000] "DELETE /admin HTTP/1.1" 500 3093 "-" "Mozilla/5.0 (Windows NT 10.0; Win64; x64) Chrome/120.0.0.0"
172.16.0.1 - - [02/Dec/2025:20:28:08 +0000] "PUT /products HTTP/1.1" 200 3915 "-" "curl/7.68.0"
8.8.8.8 - - [17/Oct/2025:20:53:29 +0000] "PUT /about HTTP/1.1" 200 4942 "-" "Mozilla/5.0 (Windows NT 10.0; Win64; x64) Chrome/120.0.0.0"
10.0.0.1 - - [03/Jul/2024:05:25:15 +0000] "DELETE /admin HTTP/1.1" 200 3030 "-" "Mozilla/5.0 (iPhone; CPU iPhone OS 17_0 like Mac OS X)"
1.1.1.1 - - [01/Aug/2025:13:23:27 +0000] "POST /admin HTTP/1.1" 200 905 "-" "Mozilla/5.0 (Macintosh; Intel Mac OS X 10_15_7) Safari/537.36"
1.1.1.1 - - [18/Apr/2025:20:13:09 +0000] "PUT /about HTTP/1.1" 200 5145 "-" "Mozilla/5.0 (iPhone; CPU iPhone OS 17_0 like Mac OS X)"
10.0.0.1 - - [09/Jul/2025:17:49:07 +0000] "POST /api/users HTTP/1.1" 404 3923 "-" "curl/7.68.0"
172.16.0.1 - - [23/Sep/2025:03:28:22 +0000] "PUT /products HTTP/1.1" 200 9080 "-" "Mozilla/5.0 (Windows NT 10.0; Win64; x64) Chrome/120.0.0.0"
1.1.1.1 - - [08/Feb/2025:19:52:47 +0000] "PUT /api/users HTTP/1.1" 200 1125 "-" "curl/7.68.0"
172.16.0.1 - - [26/Nov/2024:19:18:36 +0000] "GET /products HTTP/1.1" 500 5276 "-" "Mozilla/5.0 (X11; Linux x86_64) Firefox/120.0"
10.0.0.1 - - [17/Sep/2024:00:49:45 +0000] "PUT /admin HTTP/1.1" 200 9275 "-" "Mozilla/5.0 (Windows NT 10.0; Win64; x64) Chrome/120.0.0.0"
192.168.1.1 - - [23/Dec/2025:05:50:28 +0000] "POST /images/logo.png HTTP/1.1" 200 5522 "-" "curl/7.68.0"
172.16.0.1 - - [12/Oct/2025:19:33:08 +0000] "PUT /index.html HTTP/1.1" 200 4503 "-" "Mozilla/5.0 (X11; Linux x86_64) Firefox/120.0"
10.0.0.1 - - [17/Mar/2025:00:07:55 +0000] "GET /admin HTTP/1.1" 301 5371 "-" "Mozilla/5.0 (Macintosh; Intel Mac OS X 10_15_7) Safari/537.36"
192.168.1.1 - - [13/Dec/2024:17:23:59 +0000] "POST /admin HTTP/1.1" 301 6970 "-" "Mozilla/5.0 (Macintosh; Intel Mac OS X 10_15_7) Safari/537.36"
172.16.0.1 - - [05/Sep/2025:00:39:44 +0000] "PUT /admin HTTP/1.1" 301 1081 "-" "Mozilla/5.0 (iPhone; CPU iPhone OS 17_0 like Mac OS X)"
192.168.1.1 - - [09/Jul/2025:09:29:14 +0000] "POST /products HTTP/1.1" 200 7420 "-" "Mozilla/5.0 (X11; Linux x86_64) Firefox/120.0"
10.0.0.1 - - [27/Apr/2025:20:05:33 +0000] "POST /index.html HTTP/1.1" 200 7933 "-" "Mozilla/5.0 (Windows NT 10.0; Win64; x64) Chrome/120.0.0.0"
10.0.0.1 - - [19/Mar/2025:09:41:17 +0000] "PUT /about HTTP/1.1" 200 6895 "-" "Mozilla/5.0 (Macintosh; Intel Mac OS X 10_15_7) Safari/537.36"
192.168.1.1 - - [19/Apr/2025:08:45:44 +0000] "PUT /admin HTTP/1.1" 500 4236 "-" "Mozilla/5.0 (X11; Linux x86_64) Firefox/120.0"
172.16.0.1 - - [12/Sep/2024:03:58:18 +0000] "POST /index.html HTTP/1.1" 200 5034 "-" "Mozilla/5.0 (X11; Linux x86_64) Firefox/120.0"
172.16.0.1 - - [06/Jul/2025:15:26:23 +0000] "GET /images/logo.png HTTP/1.1" 500 3530 "-" "Mozilla/5.0 (X11; Linux x86_64) Firefox/120.0"
1.1.1.1 - - [17/Aug/2025:00:52:11 +0000] "GET /cart HTTP/1.1" 200 313 "-" "Mozilla/5.0 (iPhone; CPU iPhone OS 17_0 like Mac OS X)"
10.0.0.1 - - [08/Oct/2024:02:05:35 +0000] "DELETE /about HTTP/1.1" 301 3071 "-" "Mozilla/5.0 (Macintosh; Intel Mac OS X 10_15_7) Safari/537.36"
172.16.0.1 - - [21/Feb/2024:08:43:55 +0000] "GET /about HTTP/1.1" 404 3797 "-" "curl/7.68.0"
1.1.1.1 - - [20/Apr/2024:10:36:45 +0000] "POST /about HTTP/1.1" 200 3660 "-" "Mozilla/5.0 (Windows NT 10.0; Win64; x64) Chrome/120.0.0.0"
1.1.1.1 - - [08/Jul/2025:08:22:06 +0000] "DELETE /about HTTP/1.1" 301 2195 "-" "Mozilla/5.0 (Windows NT 10.0; Win64; x64) Chrome/120.0.0.0"
192.168.1.1 - - [21/Jun/2024:03:59:15 +0000] "PUT /api/users HTTP/1.1" 404 1419 "-" "Mozilla/5.0 (Macintosh; Intel Mac OS X 10_15_7) Safari/537.36"
10.0.0.1 - - [24/Nov/2025:09:51:15 +0000] "POST /api/users HTTP/1.1" 500 5733 "-" "Mozilla/5.0 (X11; Linux x86_64) Firefox/120.0"
172.16.0.1 - - [26/Jul/2024:03:57:50 +0000] "DELETE /about HTTP/1.1" 500 10043 "-" "Mozilla/5.0 (iPhone; CPU iPhone OS 17_0 like Mac OS X)"
172.16.0.1 - - [20/Nov/2025:20:57:37 +0000] "PUT /api/users HTTP/1.1" 500 4755 "-" "Mozilla/5.0 (Windows NT 10.0; Win64; x64) Chrome/120.0.0.0"
8.8.8.8 - - [14/Dec/2025:21:13:06 +0000] "PUT /index.html HTTP/1.1" 200 2810 "-" "Mozilla/5.0 (iPhone; CPU iPhone OS 17_0 like Mac OS X)"
192.168.1.1 - - [06/Sep/2025:19:09:31 +0000] "GET /index.html HTTP/1.1" 200 1417 "-" "curl/7.68.0"
172.16.0.1 - - [21/May/2024:08:40:51 +0000] "POST /api/users HTTP/1.1" 200 9449 "-" "Mozilla/5.0 (iPhone; CPU iPhone OS 17_0 like Mac OS X)"
172.16.0.1 - - [13/Aug/2025:01:44:24 +0000] "POST /products HTTP/1.1" 500 5802 "-" "Mozilla/5.0 (X11; Linux x86_64) Firefox/120.0"
8.8.8.8 - - [12/Jan/2024:01:15:02 +0000] "PUT /api/users HTTP/1.1" 500 9113 "-" "Mozilla/5.0 (iPhone; CPU iPhone OS 17_0 like Mac OS X)"
1.1.1.1 - - [09/Jan/2025:03:39:55 +0000] "GET /about HTTP/1.1" 200 1157 "-" "Mozilla/5.0 (iPhone; CPU iPhone OS 17_0 like Mac OS X)"
1.1.1.1 - - [07/Aug/2024:08:53:13 +0000] "DELETE /cart HTTP/1.1" 200 1459 "-" "Mozilla/5.0 (X11; Linux x86_64) Firefox/120.0"
1.1.1.1 - - [01/May/2024:07:10:46 +0000] "DELETE /about HTTP/1.1" 200 4612 "-" "curl/7.68.0"
172.16.0.1 - - [26/Jan/2024:21:49:13 +0000] "POST /cart HTTP/1.1" 200 9220 "-" "Mozilla/5.0 (iPhone; CPU iPhone OS 17_0 like Mac OS X)"
1.1.1.1 - - [13/Feb/2024:23:39:10 +0000] "DELETE /index.html HTTP/1.1" 500 7624 "-" "Mozilla/5.0 (Macintosh; Intel Mac OS X 10_15_7) Safari/537.36"
10.0.0.1 - - [26/Jul/2024:17:27:34 +0000] "GET /images/logo.png HTTP/1.1" 404 3395 "-" "Mozilla/5.0 (iPhone; CPU iPhone OS 17_0 like Mac OS X)"
8.8.8.8 - - [05/Feb/2025:09:10:01 +0000] "GET /index.html HTTP/1.1" 200 6098 "-" "Mozilla/5.0 (Macintosh; Intel Mac OS X 10_15_7) Safari/537.36"
8.8.8.8 - - [16/Jul/2024:03:26:33 +0000] "DELETE /admin HTTP/1.1" 200 8864 "-" "Mozilla/5.0 (Macintosh; Intel Mac OS X 10_15_7) Safari/537.36"
8.8.8.8 - - [14/Nov/2024:00:38:08 +0000] "PUT /index.html HTTP/1.1" 200 7606 "-" "Mozilla/5.0 (X11; Linux x86_64) Firefox/120.0"
192.168.1.1 - - [27/Mar/2024:03:00:33 +0000] "POST /api/users HTTP/1.1" 200 6883 "-" "Mozilla/5.0 (X11; Linux x86_64) Firefox/120.0"
192.168.1.1 - - [21/Aug/2024:20:28:04 +0000] "PUT /about HTTP/1.1" 301 6085 "-" "curl/7.68.0"
172.16.0.1 - - [01/Aug/2024:07:48:23 +0000] "DELETE /index.html HTTP/1.1" 200 1968 "-" "Mozilla/5.0 (Macintosh; Intel Mac OS X 10_15_7) Safari/537.36"
10.0.0.1 - - [03/Apr/2024:16:37:36 +0000] "POST /cart HTTP/1.1" 200 4024 "-" "Mozilla/5.0 (iPhone; CPU iPhone OS 17_0 like Mac OS X)"
10.0.0.1 - - [01/Sep/2024:21:50:57 +0000] "DELETE /api/users HTTP/1.1" 500 7506 "-" "Mozilla/5.0 (Macintosh; Intel Mac OS X 10_15_7) Safari/537.36"
172.16.0.1 - - [18/Jun/2025:11:49:58 +0000] "PUT /images/logo.png HTTP/1.1" 500 1448 "-" "Mozilla/5.0 (Windows NT 10.0; Win64; x64) Chrome/120.0.0.0"
192.168.1.1 - - [04/Jan/2024:19:44:35 +0000] "POST /products HTTP/1.1" 500 7591 "-" "Mozilla/5.0 (X11; Linux x86_64) Firefox/120.0"
10.0.0.1 - - [01/Feb/2025:18:08:07 +0000] "POST /products HTTP/1.1" 301 1714 "-" "Mozilla/5.0 (iPhone; CPU iPhone OS 17_0 like Mac OS X)"
10.0.0.1 - - [08/May/2025:08:31:52 +0000] "POST /index.html HTTP/1.1" 200 6563 "-" "Mozilla/5.0 (Windows NT 10.0; Win64; x64) Chrome/120.0.0.0"
10.0.0.1 - - [08/Apr/2025:20:48:48 +0000] "PUT /index.html HTTP/1.1" 200 6502 "-" "Mozilla/5.0 (iPhone; CPU iPhone OS 17_0 like Mac OS X)"
172.16.0.1 - - [01/Oct/2024:05:14:56 +0000] "GET /products HTTP/1.1" 301 2350 "-" "Mozilla/5.0 (Macintosh; Intel Mac OS X 10_15_7) Safari/537.36"
8.8.8.8 - - [18/Jul/2025:10:56:38 +0000] "POST /cart HTTP/1.1" 200 5482 "-" "Mozilla/5.0 (Windows NT 10.0; Win64; x64) Chrome/120.0.0.0"
172.16.0.1 - - [01/Jul/2024:17:03:37 +0000] "PUT /about HTTP/1.1" 301 9510 "-" "curl/7.68.0"
1.1.1.1 - - [02/Feb/2025:22:15:02 +0000] "GET /cart HTTP/1.1" 404 4209 "-" "Mozilla/5.0 (iPhone; CPU iPhone OS 17_0 like Mac OS X)"
8.8.8.8 - - [19/Apr/2024:10:55:45 +0000] "POST /admin HTTP/1.1" 404 3557 "-" "curl/7.68.0"
8.8.8.8 - - [04/Aug/2024:15:23:10 +0000] "POST /images/logo.png HTTP/1.1" 200 6623 "-" "Mozilla/5.0 (Windows NT 10.0; Win64; x64) Chrome/120.0.0.0"
8.8.8.8 - - [16/Mar/2024:03:57:02 +0000] "GET /admin HTTP/1.1" 200 2187 "-" "Mozilla/5.0 (iPhone; CPU iPhone OS 17_0 like Mac OS X)"
10.0.0.1 - - [27/Apr/2025:00:44:34 +0000] "PUT /images/logo.png HTTP/1.1" 200 7955 "-" "Mozilla/5.0 (X11; Linux x86_64) Firefox/120.0"
8.8.8.8 - - [10/Apr/2024:09:47:01 +0000] "PUT /admin HTTP/1.1" 200 2568 "-" "Mozilla/5.0 (X11; Linux x86_64) Firefox/120.0"
192.168.1.1 - - [13/Apr/2024:11:03:46 +0000] "DELETE /index.html HTTP/1.1" 200 3600 "-" "Mozilla/5.0 (iPhone; CPU iPhone OS 17_0 like Mac OS X)"
1.1.1.1 - - [08/Jul/2025:17:17:20 +0000] "DELETE /index.html HTTP/1.1" 200 4812 "-" "Mozilla/5.0 (Windows NT 10.0; Win64; x64) Chrome/120.0.0.0"
172.16.0.1 - - [25/Nov/2024:12:49:21 +0000] "DELETE /products HTTP/1.1" 200 7567 "-" "Mozilla/5.0 (Windows NT 10.0; Win64; x64) Chrome/120.0.0.0"
172.16.0.1 - - [08/Jul/2024:16:03:51 +0000] "GET /cart HTTP/1.1" 404 4935 "-" "Mozilla/5.0 (X11; Linux x86_64) Firefox/120.0"
10.0.0.1 - - [27/Sep/2024:12:28:36 +0000] "PUT /products HTTP/1.1" 404 4238 "-" "Mozilla/5.0 (Macintosh; Intel Mac OS X 10_15_7) Safari/537.36"
10.0.0.1 - - [12/Nov/2025:15:25:57 +0000] "PUT /about HTTP/1.1" 500 7014 "-" "curl/7.68.0"
10.0.0.1 - - [20/Aug/2024:20:35:05 +0000] "DELETE /products HTTP/1.1" 200 5241 "-" "Mozilla/5.0 (Windows NT 10.0; Win64; x64) Chrome/120.0.0.0"
1.1.1.1 - - [12/Mar/2024:09:39:58 +0000] "DELETE /cart HTTP/1.1" 404 4794 "-" "Mozilla/5.0 (X11; Linux x86_64) Firefox/120.0"
10.0.0.1 - - [03/Sep/2024:05:00:54 +0000] "DELETE /about HTTP/1.1" 200 5072 "-" "curl/7.68.0"
8.8.8.8 - - [19/Jan/2024:03:01:10 +0000] "PUT /api/users HTTP/1.1" 200 381 "-" "Mozilla/5.0 (Windows NT 10.0; Win64; x64) Chrome/120.0.0.0"
1.1.1.1 - - [18/Jun/2024:02:13:43 +0000] "POST /cart HTTP/1.1" 200 1519 "-" "Mozilla/5.0 (Macintosh; Intel Mac OS X 10_15_7) Safari/537.36"
172.16.0.1 - - [06/May/2024:13:58:11 +0000] "PUT /about HTTP/1.1" 500 6054 "-" "Mozilla/5.0 (X11; Linux x86_64) Firefox/120.0"
8.8.8.8 - - [11/Sep/2025:03:29:08 +0000] "DELETE /api/users HTTP/1.1" 301 8987 "-" "Mozilla/5.0 (X11; Linux x86_64) Firefox/120.0"
172.16.0.1 - - [11/May/2024:02:01:23 +0000] "PUT /cart HTTP/1.1" 200 9169 "-" "Mozilla/5.0 (Macintosh; Intel Mac OS X 10_15_7) Safari/537.36"
10.0.0.1 - - [19/Dec/2025:05:14:06 +0000] "GET /products HTTP/1.1" 200 4667 "-" "Mozilla/5.0 (Windows NT 10.0; Win64; x64) Chrome/120.0.0.0"
10.0.0.1 - - [20/Dec/2024:04:25:20 +0000] "POST /products HTTP/1.1" 500 4801 "-" "Mozilla/5.0 (X11; Linux x86_64) Firefox/120.0"
10.0.0.1 - - [20/Jan/2024:01:54:47 +0000] "GET /admin HTTP/1.1" 301 4841 "-" "curl/7.68.0"
1.1.1.1 - - [26/Jun/2024:00:16:46 +0000] "PUT /images/logo.png HTTP/1.1" 200 4541 "-" "curl/7.68.0"
172.16.0.1 - - [07/Jan/2025:22:23:22 +0000] "DELETE /about HTTP/1.1" 301 4937 "-" "Mozilla/5.0 (X11; Linux x86_64) Firefox/120.0"
192.168.1.1 - - [25/Aug/2025:16:46:50 +0000] "DELETE /about HTTP/1.1" 200 3030 "-" "Mozilla/5.0 (iPhone; CPU iPhone OS 17_0 like Mac OS X)"
192.168.1.1 - - [25/May/2025:17:00:58 +0000] "GET /images/logo.png HTTP/1.1" 200 3267 "-" "Mozilla/5.0 (X11; Linux x86_64) Firefox/120.0"
10.0.0.1 - - [19/May/2025:12:45:40 +0000] "DELETE /admin HTTP/1.1" 200 3127 "-" "Mozilla/5.0 (Windows NT 10.0; Win64; x64) Chrome/120.0.0.0"
172.16.0.1 - - [20/Mar/2025:16:35:43 +0000] "POST /images/logo.png HTTP/1.1" 301 7325 "-" "Mozilla/5.0 (X11; Linux x86_64) Firefox/120.0"
10.0.0.1 - - [25/Mar/2024:20:13:28 +0000] "GET /api/users HTTP/1.1" 200 7334 "-" "Mozilla/5.0 (iPhone; CPU iPhone OS 17_0 like Mac OS X)"
172.16.0.1 - - [03/Nov/2024:13:57:27 +0000] "DELETE /images/logo.png HTTP/1.1" 301 6414 "-" "Mozilla/5.0 (Macintosh; Intel Mac OS X 10_15_7) Safari/537.36"
1.1.1.1 - - [06/Jan/2025:06:14:48 +0000] "POST /images/logo.png HTTP/1.1" 200 410 "-" "Mozilla/5.0 (Windows NT 10.0; Win64; x64) Chrome/120.0.0.0"
10.0.0.1 - - [02/Jun/2025:10:44:12 +0000] "GET /admin HTTP/1.1" 200 6521 "-" "Mozilla/5.0 (Macintosh; Intel Mac OS X 10_15_7) Safari/537.36"
1.1.1.1 - - [02/Aug/2024:02:31:03 +0000] "GET /about HTTP/1.1" 200 1235 "-" "Mozilla/5.0 (Macintosh; Intel Mac OS X 10_15_7) Safari/537.36"
192.168.1.1 - - [18/Feb/2025:09:45:02 +0000] "DELETE /about HTTP/1.1" 500 7278 "-" "Mozilla/5.0 (Windows NT 10.0; Win64; x64) Chrome/120.0.0.0"
10.0.0.1 - - [01/May/2025:08:42:31 +0000] "DELETE /admin HTTP/1.1" 500 2718 "-" "Mozilla/5.0 (Windows NT 10.0; Win64; x64) Chrome/120.0.0.0"
1.1.1.1 - - [20/Jun/2024:08:57:59 +0000] "GET /cart HTTP/1.1" 200 7733 "-" "Mozilla/5.0 (Macintosh; Intel Mac OS X 10_15_7) Safari/537.36"
172.16.0.1 - - [28/Nov/2025:22:13:55 +0000] "GET /api/users HTTP/1.1" 404 1949 "-" "curl/7.68.0"
10.0.0.1 - - [23/May/2025:21:03:22 +0000] "POST /index.html HTTP/1.1" 200 6864 "-" "Mozilla/5.0 (Windows NT 10.0; Win64; x64) Chrome/120.0.0.0"
172.16.0.1 - - [04/Aug/2025:04:34:59 +0000] "DELETE /about HTTP/1.1" 404 6040 "-" "Mozilla/5.0 (Windows NT 10.0; Win64; x64) Chrome/120.0.0.0"
192.168.1.1 - - [10/Aug/2025:09:25:25 +0000] "GET /admin HTTP/1.1" 301 8719 "-" "Mozilla/5.0 (Macintosh; Intel Mac OS X 10_15_7) Safari/537.36"
8.8.8.8 - - [02/Feb/2025:03:34:27 +0000] "GET /index.html HTTP/1.1" 301 1819 "-" "Mozilla/5.0 (Windows NT 10.0; Win64; x64) Chrome/120.0.0.0"
192.168.1.1 - - [05/Aug/2025:06:02:35 +0000] "POST /cart HTTP/1.1" 200 6325 "-" "Mozilla/5.0 (Macintosh; Intel Mac OS X 10_15_7) Safari/537.36"
10.0.0.1 - - [08/Oct/2024:22:30:18 +0000] "DELETE /cart HTTP/1.1" 500 3841 "-" "Mozilla/5.0 (X11; Linux x86_64) Firefox/120.0"
172.16.0.1 - - [05/Nov/2025:20:22:49 +0000] "GET /products HTTP/1.1" 301 6365 "-" "Mozilla/5.0 (Macintosh; Intel Mac OS X 10_15_7) Safari/537.36"
8.8.8.8 - - [22/Nov/2024:10:55:56 +0000] "PUT /products HTTP/1.1" 500 8533 "-" "Mozilla/5.0 (Windows NT 10.0; Win64; x64) Chrome/120.0.0.0"
192.168.1.1 - - [05/Mar/2025:16:27:48 +0000] "POST /cart HTTP/1.1" 404 2095 "-" "Mozilla/5.0 (iPhone; CPU iPhone OS 17_0 like Mac OS X)"
192.168.1.1 - - [15/Dec/2024:07:54:54 +0000] "POST /admin HTTP/1.1" 404 1218 "-" "curl/7.68.0"
10.0.0.1 - - [08/Mar/2024:02:08:50 +0000] "POST /api/users HTTP/1.1" 500 5174 "-" "Mozilla/5.0 (Macintosh; Intel Mac OS X 10_15_7) Safari/537.36"
8.8.8.8 - - [17/Sep/2025:08:06:24 +0000] "POST /about HTTP/1.1" 301 3320 "-" "Mozilla/5.0 (Macintosh; Intel Mac OS X 10_15_7) Safari/537.36"
10.0.0.1 - - [12/Sep/2024:14:36:05 +0000] "PUT /products HTTP/1.1" 200 6845 "-" "Mozilla/5.0 (Macintosh; Intel Mac OS X 10_15_7) Safari/537.36"
8.8.8.8 - - [02/Oct/2025:05:26:48 +0000] "POST /admin HTTP/1.1" 200 6476 "-" "Mozilla/5.0 (iPhone; CPU iPhone OS 17_0 like Mac OS X)"
172.16.0.1 - - [18/Dec/2024:10:04:11 +0000] "POST /api/users HTTP/1.1" 200 2543 "-" "Mozilla/5.0 (iPhone; CPU iPhone OS 17_0 like Mac OS X)"
192.168.1.1 - - [26/Apr/2024:08:47:27 +0000] "POST /cart HTTP/1.1" 200 1409 "-" "curl/7.68.0"
192.168.1.1 - - [28/Feb/2024:00:54:02 +0000] "DELETE /admin HTTP/1.1" 200 8751 "-" "Mozilla/5.0 (Macintosh; Intel Mac OS X 10_15_7) Safari/537.36"
8.8.8.8 - - [25/Jan/2024:05:35:10 +0000] "POST /index.html HTTP/1.1" 500 9299 "-" "curl/7.68.0"
192.168.1.1 - - [06/Oct/2025:14:35:40 +0000] "PUT /images/logo.png HTTP/1.1" 404 4139 "-" "Mozilla/5.0 (iPhone; CPU iPhone OS 17_0 like Mac OS X)"
172.16.0.1 - - [09/Feb/2025:04:54:09 +0000] "POST /index.html HTTP/1.1" 200 7332 "-" "curl/7.68.0"
192.168.1.1 - - [23/Aug/2025:20:14:10 +0000] "PUT /cart HTTP/1.1" 500 8387 "-" "Mozilla/5.0 (iPhone; CPU iPhone OS 17_0 like Mac OS X)"
8.8.8.8 - - [13/Apr/2025:18:36:26 +0000] "GET /about HTTP/1.1" 200 3583 "-" "Mozilla/5.0 (iPhone; CPU iPhone OS 17_0 like Mac OS X)"
1.1.1.1 - - [08/Apr/2024:04:01:23 +0000] "GET /images/logo.png HTTP/1.1" 200 2412 "-" "Mozilla/5.0 (X11; Linux x86_64) Firefox/120.0"
192.168.1.1 - - [03/Oct/2025:17:48:15 +0000] "DELETE /about HTTP/1.1" 404 9541 "-" "Mozilla/5.0 (Windows NT 10.0; Win64; x64) Chrome/120.0.0.0"
172.16.0.1 - - [28/Mar/2024:09:23:22 +0000] "POST /index.html HTTP/1.1" 404 2807 "-" "Mozilla/5.0 (iPhone; CPU iPhone OS 17_0 like Mac OS X)"
8.8.8.8 - - [04/Nov/2025:00:14:11 +0000] "GET /api/users HTTP/1.1" 301 2497 "-" "Mozilla/5.0 (Macintosh; Intel Mac OS X 10_15_7) Safari/537.36"
8.8.8.8 - - [07/Jul/2024:13:56:22 +0000] "PUT /images/logo.png HTTP/1.1" 200 7452 "-" "Mozilla/5.0 (Macintosh; Intel Mac OS X 10_15_7) Safari/537.36"
10.0.0.1 - - [13/May/2024:21:20:12 +0000] "DELETE /cart HTTP/1.1" 200 4139 "-" "curl/7.68.0"
1.1.1.1 - - [27/Aug/2025:16:36:07 +0000] "GET /images/logo.png HTTP/1.1" 200 2579 "-" "Mozilla/5.0 (X11; Linux x86_64) Firefox/120.0"
8.8.8.8 - - [03/Mar/2024:14:35:39 +0000] "GET /about HTTP/1.1" 200 8993 "-" "Mozilla/5.0 (Windows NT 10.0; Win64; x64) Chrome/120.0.0.0"
8.8.8.8 - - [04/Jul/2025:05:22:13 +0000] "DELETE /api/users HTTP/1.1" 500 5275 "-" "Mozilla/5.0 (Windows NT 10.0; Win64; x64) Chrome/120.0.0.0"
192.168.1.1 - - [10/Jun/2024:01:55:03 +0000] "GET /products HTTP/1.1" 301 8167 "-" "Mozilla/5.0 (iPhone; CPU iPhone OS 17_0 like Mac OS X)"
8.8.8.8 - - [12/Aug/2024:10:28:12 +0000] "DELETE /api/users HTTP/1.1" 200 1340 "-" "Mozilla/5.0 (iPhone; CPU iPhone OS 17_0 like Mac OS X)"
1.1.1.1 - - [04/Dec/2024:16:21:22 +0000] "GET /images/logo.png HTTP/1.1" 301 588 "-" "Mozilla/5.0 (X11; Linux x86_64) Firefox/120.0"
172.16.0.1 - - [26/Feb/2024:23:49:24 +0000] "GET /about HTTP/1.1" 200 7111 "-" "curl/7.68.0"
8.8.8.8 - - [24/Aug/2025:16:12:55 +0000] "GET /index.html HTTP/1.1" 200 5247 "-" "curl/7.68.0"
10.0.0.1 - - [24/Aug/2025:03:39:35 +0000] "POST /cart HTTP/1.1" 200 1744 "-" "curl/7.68.0"
8.8.8.8 - - [17/May/2025:00:05:01 +0000] "GET /admin HTTP/1.1" 200 7527 "-" "Mozilla/5.0 (X11; Linux x86_64) Firefox/120.0"
8.8.8.8 - - [19/Oct/2024:00:36:30 +0000] "PUT /images/logo.png HTTP/1.1" 404 457 "-" "Mozilla/5.0 (X11; Linux x86_64) Firefox/120.0"
8.8.8.8 - - [06/Jul/2025:17:06:49 +0000] "POST /products HTTP/1.1" 404 3936 "-" "Mozilla/5.0 (iPhone; CPU iPhone OS 17_0 like Mac OS X)"
172.16.0.1 - - [03/Nov/2024:12:12:29 +0000] "PUT /admin HTTP/1.1" 500 3217 "-" "Mozilla/5.0 (Windows NT 10.0; Win64; x64) Chrome/120.0.0.0"
172.16.0.1 - - [05/Nov/2024:17:40:15 +0000] "POST /admin HTTP/1.1" 200 6148 "-" "curl/7.68.0"
8.8.8.8 - - [01/Mar/2024:01:18:26 +0000] "POST /admin HTTP/1.1" 200 9321 "-" "Mozilla/5.0 (Windows NT 10.0; Win64; x64) Chrome/120.0.0.0"
192.168.1.1 - - [13/Jul/2025:07:06:57 +0000] "GET /images/logo.png HTTP/1.1" 200 4857 "-" "Mozilla/5.0 (Macintosh; Intel Mac OS X 10_15_7) Safari/537.36"
1.1.1.1 - - [13/Jan/2025:15:49:00 +0000] "POST /images/logo.png HTTP/1.1" 500 9217 "-" "curl/7.68.0"
1.1.1.1 - - [22/Aug/2025:22:48:57 +0000] "DELETE /products HTTP/1.1" 500 8219 "-" "Mozilla/5.0 (X11; Linux x86_64) Firefox/120.0"
10.0.0.1 - - [05/Apr/2025:14:40:14 +0000] "DELETE /api/users HTTP/1.1" 200 6039 "-" "curl/7.68.0"
8.8.8.8 - - [12/Jan/2025:23:18:19 +0000] "PUT /admin HTTP/1.1" 404 1532 "-" "curl/7.68.0"
172.16.0.1 - - [17/Oct/2024:14:06:36 +0000] "GET /about HTTP/1.1" 404 6560 "-" "curl/7.68.0"
8.8.8.8 - - [26/Oct/2025:04:18:00 +0000] "DELETE /images/logo.png HTTP/1.1" 301 4128 "-" "Mozilla/5.0 (Windows NT 10.0; Win64; x64) Chrome/120.0.0.0"
172.16.0.1 - - [18/May/2024:08:53:05 +0000] "PUT /admin HTTP/1.1" 200 8911 "-" "curl/7.68.0"
10.0.0.1 - - [24/Dec/2024:00:53:29 +0000] "GET /index.html HTTP/1.1" 301 1442 "-" "curl/7.68.0"
172.16.0.1 - - [07/Apr/2024:06:39:15 +0000] "GET /index.html HTTP/1.1" 200 681 "-" "Mozilla/5.0 (iPhone; CPU iPhone OS 17_0 like Mac OS X)"
8.8.8.8 - - [28/Jan/2025:16:27:07 +0000] "GET /products HTTP/1.1" 200 5760 "-" "Mozilla/5.0 (Macintosh; Intel Mac OS X 10_15_7) Safari/537.36"
192.168.1.1 - - [27/Dec/2024:05:58:25 +0000] "GET /images/logo.png HTTP/1.1" 301 328 "-" "Mozilla/5.0 (iPhone; CPU iPhone OS 17_0 like Mac OS X)"
8.8.8.8 - - [21/Mar/2025:11:16:57 +0000] "POST /about HTTP/1.1" 200 4681 "-" "Mozilla/5.0 (iPhone; CPU iPhone OS 17_0 like Mac OS X)"
172.16.0.1 - - [20/Sep/2025:11:02:26 +0000] "POST /admin HTTP/1.1" 500 5702 "-" "Mozilla/5.0 (X11; Linux x86_64) Firefox/120.0"
10.0.0.1 - - [02/Apr/2025:06:39:45 +0000] "GET /admin HTTP/1.1" 200 9833 "-" "Mozilla/5.0 (iPhone; CPU iPhone OS 17_0 like Mac OS X)"
192.168.1.1 - - [10/Jul/2025:11:11:33 +0000] "POST /api/users HTTP/1.1" 200 5506 "-" "Mozilla/5.0 (iPhone; CPU iPhone OS 17_0 like Mac OS X)"
8.8.8.8 - - [16/Nov/2025:08:54:48 +0000] "POST /images/logo.png HTTP/1.1" 200 3832 "-" "Mozilla/5.0 (Windows NT 10.0; Win64; x64) Chrome/120.0.0.0"
10.0.0.1 - - [19/Dec/2025:00:59:28 +0000] "GET /images/logo.png HTTP/1.1" 500 872 "-" "Mozilla/5.0 (X11; Linux x86_64) Firefox/120.0"
172.16.0.1 - - [04/Aug/2024:02:53:37 +0000] "DELETE /admin HTTP/1.1" 404 6087 "-" "curl/7.68.0"
192.168.1.1 - - [15/Mar/2024:17:29:54 +0000] "POST /about HTTP/1.1" 200 6714 "-" "Mozilla/5.0 (Macintosh; Intel Mac OS X 10_15_7) Safari/537.36"
172.16.0.1 - - [01/Jul/2025:08:21:38 +0000] "DELETE /admin HTTP/1.1" 500 8446 "-" "Mozilla/5.0 (X11; Linux x86_64) Firefox/120.0"
172.16.0.1 - - [25/Jul/2025:08:29:01 +0000] "POST /index.html HTTP/1.1" 200 8078 "-" "Mozilla/5.0 (iPhone; CPU iPhone OS 17_0 like Mac OS X)"
172.16.0.1 - - [20/Sep/2025:17:57:10 +0000] "DELETE /index.html HTTP/1.1" 301 7191 "-" "Mozilla/5.0 (X11; Linux x86_64) Firefox/120.0"
8.8.8.8 - - [21/May/2025:08:52:22 +0000] "GET /index.html HTTP/1.1" 200 6492 "-" "curl/7.68.0"
172.16.0.1 - - [15/Dec/2025:23:52:18 +0000] "GET /index.html HTTP/1.1" 404 3467 "-" "Mozilla/5.0 (iPhone; CPU iPhone OS 17_0 like Mac OS X)"
8.8.8.8 - - [13/Dec/2024:17:26:13 +0000] "DELETE /about HTTP/1.1" 200 2878 "-" "Mozilla/5.0 (X11; Linux x86_64) Firefox/120.0"
10.0.0.1 - - [26/Nov/2025:14:20:55 +0000] "PUT /images/logo.png HTTP/1.1" 500 9349 "-" "Mozilla/5.0 (iPhone; CPU iPhone OS 17_0 like Mac OS X)"
192.168.1.1 - - [04/May/2024:16:47:13 +0000] "POST /index.html HTTP/1.1" 500 2717 "-" "Mozilla/5.0 (Windows NT 10.0; Win64; x64) Chrome/120.0.0.0"
172.16.0.1 - - [25/Oct/2025:15:04:19 +0000] "POST /index.html HTTP/1.1" 500 2752 "-" "Mozilla/5.0 (X11; Linux x86_64) Firefox/120.0"
192.168.1.1 - - [21/Oct/2025:19:00:02 +0000] "DELETE /cart HTTP/1.1" 500 1996 "-" "Mozilla/5.0 (iPhone; CPU iPhone OS 17_0 like Mac OS X)"
192.168.1.1 - - [27/Apr/2024:14:30:46 +0000] "GET /api/users HTTP/1.1" 200 8590 "-" "Mozilla/5.0 (Macintosh; Intel Mac OS X 10_15_7) Safari/537.36"
1.1.1.1 - - [23/Jan/2025:19:55:39 +0000] "PUT /admin HTTP/1.1" 301 888 "-" "Mozilla/5.0 (iPhone; CPU iPhone OS 17_0 like Mac OS X)"
172.16.0.1 - - [26/Jan/2024:12:01:52 +0000] "POST /products HTTP/1.1" 301 5819 "-" "Mozilla/5.0 (X11; Linux x86_64) Firefox/120.0"
1.1.1.1 - - [05/Jan/2025:00:45:43 +0000] "GET /index.html HTTP/1.1" 200 7916 "-" "Mozilla/5.0 (Windows NT 10.0; Win64; x64) Chrome/120.0.0.0"
10.0.0.1 - - [23/Mar/2025:03:32:42 +0000] "GET /api/users HTTP/1.1" 301 7453 "-" "Mozilla/5.0 (iPhone; CPU iPhone OS 17_0 like Mac OS X)"
1.1.1.1 - - [08/Mar/2024:05:02:36 +0000] "POST /about HTTP/1.1" 500 4462 "-" "Mozilla/5.0 (iPhone; CPU iPhone OS 17_0 like Mac OS X)"
10.0.0.1 - - [25/Jul/2025:14:09:39 +0000] "POST /api/users HTTP/1.1" 200 9213 "-" "Mozilla/5.0 (X11; Linux x86_64) Firefox/120.0"
192.168.1.1 - - [03/Feb/2024:20:00:16 +0000] "GET /products HTTP/1.1" 200 9578 "-" "curl/7.68.0"
10.0.0.1 - - [14/Jul/2024:13:10:30 +0000] "DELETE /products HTTP/1.1" 200 8503 "-" "curl/7.68.0"
10.0.0.1 - - [21/Jun/2025:08:39:48 +0000] "DELETE /api/users HTTP/1.1" 200 2559 "-" "Mozilla/5.0 (iPhone; CPU iPhone OS 17_0 like Mac OS X)"
8.8.8.8 - - [17/Dec/2025:16:29:36 +0000] "PUT /api/users HTTP/1.1" 301 9400 "-" "Mozilla/5.0 (iPhone; CPU iPhone OS 17_0 like Mac OS X)"
10.0.0.1 - - [26/Oct/2024:23:46:46 +0000] "PUT /images/logo.png HTTP/1.1" 404 1959 "-" "curl/7.68.0"
10.0.0.1 - - [03/Apr/2025:03:10:41 +0000] "DELETE /products HTTP/1.1" 404 3832 "-" "Mozilla/5.0 (X11; Linux x86_64) Firefox/120.0"
192.168.1.1 - - [07/Nov/2025:17:16:07 +0000] "GET /products HTTP/1.1" 500 8552 "-" "curl/7.68.0"
192.168.1.1 - - [24/Oct/2024:06:05:20 +0000] "DELETE /images/logo.png HTTP/1.1" 404 4529 "-" "Mozilla/5.0 (iPhone; CPU iPhone OS 17_0 like Mac OS X)"
1.1.1.1 - - [15/Sep/2025:17:08:10 +0000] "DELETE /images/logo.png HTTP/1.1" 200 5288 "-" "Mozilla/5.0 (Macintosh; Intel Mac OS X 10_15_7) Safari/537.36"
10.0.0.1 - - [02/Sep/2024:20:39:24 +0000] "DELETE /api/users HTTP/1.1" 200 5624 "-" "Mozilla/5.0 (iPhone; CPU iPhone OS 17_0 like Mac OS X)"
172.16.0.1 - - [19/Mar/2024:11:43:06 +0000] "DELETE /api/users HTTP/1.1" 404 892 "-" "Mozilla/5.0 (iPhone; CPU iPhone OS 17_0 like Mac OS X)"
192.168.1.1 - - [26/Oct/2025:03:32:04 +0000] "POST /admin HTTP/1.1" 200 206 "-" "Mozilla/5.0 (Macintosh; Intel Mac OS X 10_15_7) Safari/537.36"
172.16.0.1 - - [17/Dec/2025:09:10:37 +0000] "PUT /index.html HTTP/1.1" 200 1912 "-" "Mozilla/5.0 (Macintosh; Intel Mac OS X 10_15_7) Safari/537.36"
