192.168.1.1 - - [20/Oct/2025:17:01:44 +0000] "DELETE /about HTTP/1.1" 200 8833 "-" "Mozilla/5.0 (X11; Linux x86_64) Firefox/120.0"
8.8.8.8 - - [24/Nov/2025:05:09:37 +0000] "GET /admin HTTP/1.1" 200 2754 "-" "curl/7.68.0"
8.8.8.8 - - [06/Mar/2024:09:28:05 +0000] "PUT /index.html HTTP/1.1" 200 3643 "-" "Mozilla/5.0 (Windows NT 10.0; Win64; x64) Chrome/120.0.0.0"
8.8.8.8 - - [14/Mar/2024:00:33:49 +0000] "GET /products HTTP/1.1" 404 7432 "-" "Mozilla/5.0 (iPhone; CPU iPhone OS 17_0 like Mac OS X)"
1.1.1.1 - - [26/Feb/2024:11:06:23 +0000] "PUT /cart HTTP/1.1" 200 4665 "-" "Mozilla/5.0 (X11; Linux x86_64) Firefox/120.0"
172.16.0.1 - - [24/Feb/2024:20:42:04 +0000] "POST /images/logo.png HTTP/1.1" 200 9295 "-" "curl/7.68.0"
8.8.8.8 - - [11/Jan/2024:10:47:49 +0000] "POST /api/users HTTP/1.1" 301 2931 "-" "curl/7.68.0"
1.1.1.1 - - [04/Mar/2024:03:26:21 +0000] "GET /images/logo.png HTTP/1.1" 301 6928 "-" "Mozilla/5.0 (Macintosh; Intel Mac OS X 10_15_7) Safari/537.36"
172.16.0.1 - - [06/May/2025:00:49:24 +0000] "PUT /about HTTP/1.1" 200 2223 "-" "Mozilla/5.0 (Macintosh; Intel Mac OS X 10_15_7) Safari/537.36"
172.16.0.1 - - [25/Dec/2025:21:00:57 +0000] "GET /admin HTTP/1.1" 301 5311 "-" "Mozilla/5.0 (Macintosh; Intel Mac OS X 10_15_7) Safari/537.36"
192.168.1.1 - - [15/Mar/2025:21:27:16 +0000] "POST /admin HTTP/1.1" 200 5855 "-" "Mozilla/5.0 (Macintosh; Intel Mac OS X 10_15_7) Safari/537.36"
8.8.8.8 - - [02/Jun/2025:20:22:31 +0000] "DELETE /products HTTP/1.1" 500 436 "-" "Mozilla/5.0 (Macintosh; Intel Mac OS X 10_15_7) Safari/537.36"
172.16.0.1 - - [11/Jul/2024:23:56:54 +0000] "DELETE /cart HTTP/1.1" 200 7644 "-" "curl/7.68.0"
8.8.8.8 - - [22/Jan/2024:11:49:56 +0000] "POST /cart HTTP/1.1" 404 3282 "-" "Mozilla/5.0 (Macintosh; Intel Mac OS X 10_15_7) Safari/537.36"
8.8.8.8 - - [03/Nov/2024:13:11:56 +0000] "PUT /cart HTTP/1.1" 404 4984 "-" "Mozilla/5.0 (Macintosh; Intel Mac OS X 10_15_7) Safari/537.36"
192.168.1.1 - - [01/Aug/2025:12:06:46 +0000] "PUT /images/logo.png HTTP/1.1" 200 4726 "-" "Mozilla/5.0 (Windows NT 10.0; Win64; x64) Chrome/120.0.0.0"
1.1.1.1 - - [19/Jun/2025:15:35:30 +0000] "DELETE /products HTTP/1.1" 200 4284 "-" "Mozilla/5.0 (iPhone; CPU iPhone OS 17_0 like Mac OS X)"
192.168.1.1 - - [14/Apr/2025:12:50:43 +0000] "POST /products HTTP/1.1" 200 7619 "-" "curl/7.68.0"
172.16.0.1 - - [14/Mar/2025:15:50:05 +0000] "DELETE /api/users HTTP/1.1" 404 9677 "-" "Mozilla/5.0 (iPhone; CPU iPhone OS 17_0 like Mac OS X)"
1.1.1.1 - - [25/Apr/2024:00:34:58 +0000] "GET /index.html HTTP/1.1" 200 9787 "-" "Mozilla/5.0 (iPhone; CPU iPhone OS 17_0 like Mac OS X)"
10.0.0.1 - - [18/Apr/2024:05:12:22 +0000] "DELETE /index.html HTTP/1.1" 200 4590 "-" "Mozilla/5.0 (iPhone; CPU iPhone OS 17_0 like Mac OS X)"
192.168.1.1 - - [26/Sep/2024:05:01:29 +0000] "POST /admin HTTP/1.1" 200 7515 "-" "Mozilla/5.0 (iPhone; CPU iPhone OS 17_0 like Mac OS X)"
172.16.0.1 - - [19/Oct/2024:16:59:55 +0000] "POST /about HTTP/1.1" 404 303 "-" "Mozilla/5.0 (Macintosh; Intel Mac OS X 10_15_7) Safari/537.36"
10.0.0.1 - - [14/Dec/2024:21:49:23 +0000] "PUT /admin HTTP/1.1" 200 4989 "-" "Mozilla/5.0 (iPhone; CPU iPhone OS 17_0 like Mac OS X)"
10.0.0.1 - - [11/Feb/2025:00:52:54 +0000] "GET /products HTTP/1.1" 200 3792 "-" "curl/7.68.0"
1.1.1.1 - - [22/Jul/2025:10:30:02 +0000] "GET /images/logo.png HTTP/1.1" 200 7356 "-" "Mozilla/5.0 (Macintosh; Intel Mac OS X 10_15_7) Safari/537.36"
192.168.1.1 - - [01/Mar/2024:23:03:57 +0000] "DELETE /admin HTTP/1.1" 200 2832 "-" "Mozilla/5.0 (Windows NT 10.0; Win64; x64) Chrome/120.0.0.0"
1.1.1.1 - - [20/Aug/2024:05:25:19 +0000] "POST /api/users HTTP/1.1" 200 9444 "-" "Mozilla/5.0 (Windows NT 10.0; Win64; x64) Chrome/120.0.0.0"
8.8.8.8 - - [02/Jul/2024:17:34:25 +0000] "POST /index.html HTTP/1.1" 200 2617 "-" "Mozilla/5.0 (X11; Linux x86_64) Firefox/120.0"
172.16.0.1 - - [19/Oct/2024:19:56:16 +0000] "GET /images/logo.png HTTP/1.1" 404 758 "-" "Mozilla/5.0 (Macintosh; Intel Mac OS X 10_15_7) Safari/537.36"
192.168.1.1 - - [13/May/2025:04:26:13 +0000] "POST /products HTTP/1.1" 500 195 "-" "Mozilla/5.0 (X11; Linux x86_64) Firefox/120.0"
172.16.0.1 - - [25/Nov/2024:14:26:15 +0000] "PUT /products HTTP/1.1" 301 3640 "-" "Mozilla/5.0 (Windows NT 10.0; Win64; x64) Chrome/120.0.0.0"
1.1.1.1 - - [09/Aug/2024:00:25:29 +0000] "POST /images/logo.png HTTP/1.1" 200 4264 "-" "Mozilla/5.0 (X11; Linux x86_64) Firefox/120.0"
172.16.0.1 - - [22/Nov/2024:01:02:05 +0000] "DELETE /cart HTTP/1.1" 200 4006 "-" "curl/7.68.0"
8.8.8.8 - - [15/Dec/2025:15:10:21 +0000] "DELETE /cart HTTP/1.1" 200 8160 "-" "Mozilla/5.0 (Windows NT 10.0; Win64; x64) Chrome/120.0.0.0"
10.0.0.1 - - [04/Feb/2025:06:52:46 +0000] "PUT /about HTTP/1.1" 500 1414 "-" "Mozilla/5.0 (Windows NT 10.0; Win64; x64) Chrome/120.0.0.0"
172.16.0.1 - - [22/Dec/2024:23:56:31 +0000] "DELETE /index.html HTTP/1.1" 200 3046 "-" "Mozilla/5.0 (X11; Linux x86_64) Firefox/120.0"
172.16.0.1 - - [26/Mar/2024:08:26:30 +0000] "DELETE /index.html HTTP/1.1" 200 9021 "-" "Mozilla/5.0 (iPhone; CPU iPhone OS 17_0 like Mac OS X)"
172.16.0.1 - - [11/May/2025:08:11:17 +0000] "GET /products HTTP/1.1" 200 506 "-" "curl/7.68.0"
192.168.1.1 - - [19/Dec/2025:18:26:06 +0000] "PUT /admin HTTP/1.1" 500 5476 "-" "Mozilla/5.0 (iPhone; CPU iPhone OS 17_0 like Mac OS X)"
172.16.0.1 - - [20/Dec/2024:16:23:33 +0000] "PUT /about HTTP/1.1" 200 5411 "-" "Mozilla/5.0 (Macintosh; Intel Mac OS X 10_15_7) Safari/537.36"
10.0.0.1 - - [25/Sep/2024:05:43:41 +0000] "POST /admin HTTP/1.1" 301 7372 "-" "Mozilla/5.0 (Macintosh; Intel Mac OS X 10_15_7) Safari/537.36"
8.8.8.8 - - [20/Feb/2024:23:56:19 +0000] "DELETE /products HTTP/1.1" 200 3533 "-" "Mozilla/5.0 (iPhone; CPU iPhone OS 17_0 like Mac OS X)"
192.168.1.1 - - [15/Sep/2024:05:57:35 +0000] "POST /products HTTP/1.1" 500 9732 "-" "Mozilla/5.0 (iPhone; CPU iPhone OS 17_0 like Mac OS X)"
1.1.1.1 - - [08/Aug/2024:23:00:34 +0000] "POST /admin HTTP/1.1" 404 4416 "-" "Mozilla/5.0 (X11; Linux x86_64) Firefox/120.0"
8.8.8.8 - - [07/Aug/2025:13:46:00 +0000] "POST /admin HTTP/1.1" 200 6026 "-" "curl/7.68.0"
1.1.1.1 - - [06/Sep/2025:20:50:09 +0000] "DELETE /cart HTTP/1.1" 500 5755 "-" "Mozilla/5.0 (Macintosh; Intel Mac OS X 10_15_7) Safari/537.36"
1.1.1.1 - - [13/Oct/2024:19:53:38 +0000] "DELETE /api/users HTTP/1.1" 404 5883 "-" "curl/7.68.0"
172.16.0.1 - - [12/Jun/2025:11:17:25 +0000] "GET /cart HTTP/1.1" 200 3408 "-" "Mozilla/5.0 (iPhone; CPU iPhone OS 17_0 like Mac OS X)"
10.0.0.1 - - [26/Oct/2025:04:49:16 +0000] "GET /products HTTP/1.1" 301 3902 "-" "Mozilla/5.0 (X11; Linux x86_64) Firefox/120.0"
192.168.1.1 - - [18/Jun/2024:05:51:27 +0000] "PUT /products HTTP/1.1" 200 454 "-" "Mozilla/5.0 (X11; Linux x86_64) Firefox/120.0"
192.168.1.1 - - [08/Jul/2024:23:10:06 +0000] "PUT /cart HTTP/1.1" 200 5526 "-" "Mozilla/5.0 (X11; Linux x86_64) Firefox/120.0"
10.0.0.1 - - [22/Dec/2024:09:40:39 +0000] "POST /index.html HTTP/1.1" 301 4963 "-" "Mozilla/5.0 (Windows NT 10.0; Win64; x64) Chrome/120.0.0.0"
172.16.0.1 - - [25/Sep/2024:12:20:58 +0000] "GET /about HTTP/1.1" 500 786 "-" "Mozilla/5.0 (X11; Linux x86_64) Firefox/120.0"
192.168.1.1 - - [01/Jun/2025:08:52:54 +0000] "DELETE /images/logo.png HTTP/1.1" 200 6727 "-" "Mozilla/5.0 (iPhone; CPU iPhone OS 17_0 like Mac OS X)"
1.1.1.1 - - [09/Mar/2024:04:25:56 +0000] "POST /index.html HTTP/1.1" 200 7102 "-" "Mozilla/5.0 (iPhone; CPU iPhone OS 17_0 like Mac OS X)"
172.16.0.1 - - [21/Oct/2024:21:19:54 +0000] "GET /images/logo.png HTTP/1.1" 200 4621 "-" "curl/7.68.0"
10.0.0.1 - - [26/Apr/2025:19:01:50 +0000] "DELETE /cart HTTP/1.1" 500 7163 "-" "Mozilla/5.0 (iPhone; CPU iPhone OS 17_0 like Mac OS X)"
1.1.1.1 - - [14/May/2025:13:18:17 +0000] "DELETE /about HTTP/1.1" 200 6969 "-" "curl/7.68.0"
10.0.0.1 - - [01/Jul/2024:00:29:38 +0000] "GET /images/logo.png HTTP/1.1" 200 6409 "-" "Mozilla/5.0 (iPhone; CPU iPhone OS 17_0 like Mac OS X)"
192.168.1.1 - - [24/Apr/2024:10:09:00 +0000] "DELETE /api/users HTTP/1.1" 301 2153 "-" "Mozilla/5.0 (Windows NT 10.0; Win64; x64) Chrome/120.0.0.0"
10.0.0.1 - - [15/Feb/2024:16:51:42 +0000] "GET /index.html HTTP/1.1" 500 3983 "-" "Mozilla/5.0 (Windows NT 10.0; Win64; x64) Chrome/120.0.0.0"
172.16.0.1 - - [21/Feb/2025:01:20:31 +0000] "DELETE /products HTTP/1.1" 404 3422 "-" "Mozilla/5.0 (Windows NT 10.0; Win64; x64) Chrome/120.0.0.0"
1.1.1.1 - - [25/Apr/2025:13:53:51 +0000] "POST /about HTTP/1.1" 200 1415 "-" "curl/7.68.0"
172.16.0.1 - - [13/Mar/2024:04:41:13 +0000] "PUT /api/users HTTP/1.1" 500 4026 "-" "Mozilla/5.0 (Macintosh; Intel Mac OS X 10_15_7) Safari/537.36"
172.16.0.1 - - [20/May/2025:02:03:11 +0000] "POST /products HTTP/1.1" 200 4908 "-" "Mozilla/5.0 (X11; Linux x86_64) Firefox/120.0"
172.16.0.1 - - [27/Jul/2024:09:38:13 +0000] "DELETE /about HTTP/1.1" 200 4404 "-" "curl/7.68.0"
10.0.0.1 - - [20/Jul/2025:04:12:56 +0000] "PUT /products HTTP/1.1" 500 5287 "-" "Mozilla/5.0 (iPhone; CPU iPhone OS 17_0 like Mac OS X)"
8.8.8.8 - - [28/Jan/2024:21:07:27 +0000] "GET /cart HTTP/1.1" 200 1121 "-" "Mozilla/5.0 (Macintosh; Intel Mac OS X 10_15_7) Safari/537.36"
172.16.0.1 - - [03/Jan/2025:02:12:34 +0000] "PUT /images/logo.png HTTP/1.1" 404 2988 "-" "Mozilla/5.0 (iPhone; CPU iPhone OS 17_0 like Mac OS X)"
10.0.0.1 - - [21/Jul/2024:13:26:21 +0000] "PUT /products HTTP/1.1" 301 8062 "-" "curl/7.68.0"
192.168.1.1 - - [05/Feb/2024:04:01:02 +0000] "DELETE /admin HTTP/1.1" 301 3780 "-" "curl/7.68.0"
172.16.0.1 - - [02/Dec/2025:23:22:55 +0000] "PUT /api/users HTTP/1.1" 200 3979 "-" "Mozilla/5.0 (Windows NT 10.0; Win64; x64) Chrome/120.0.0.0"
8.8.8.8 - - [11/Aug/2025:21:14:22 +0000] "GET /about HTTP/1.1" 200 7841 "-" "Mozilla/5.0 (X11; Linux x86_64) Firefox/120.0"
192.168.1.1 - - [20/Feb/2025:16:38:18 +0000] "GET /index.html HTTP/1.1" 200 1620 "-" "Mozilla/5.0 (iPhone; CPU iPhone OS 17_0 like Mac OS X)"
8.8.8.8 - - [26/Oct/2025:05:57:23 +0000] "PUT /about HTTP/1.1" 500 4502 "-" "Mozilla/5.0 (X11; Linux x86_64) Firefox/120.0"
172.16.0.1 - - [07/Dec/2025:05:46:07 +0000] "DELETE /api/users HTTP/1.1" 500 946 "-" "Mozilla/5.0 (Windows NT 10.0; Win64; x64) Chrome/120.0.0.0"
192.168.1.1 - - [25/Sep/2025:15:33:08 +0000] "DELETE /about HTTP/1.1" 301 5039 "-" "curl/7.68.0"
1.1.1.1 - - [03/Nov/2024:10:02:06 +0000] "GET /images/logo.png HTTP/1.1" 200 913 "-" "Mozilla/5.0 (Windows NT 10.0; Win64; x64) Chrome/120.0.0.0"
8.8.8.8 - - [05/Jan/2024:05:03:52 +0000] "DELETE /cart HTTP/1.1" 500 543 "-" "curl/7.68.0"
1.1.1.1 - - [19/Feb/2024:07:12:36 +0000] "PUT /index.html HTTP/1.1" 200 1249 "-" "Mozilla/5.0 (iPhone; CPU iPhone OS 17_0 like Mac OS X)"
10.0.0.1 - - [24/Feb/2024:12:02:07 +0000] "POST /index.html HTTP/1.1" 200 4413 "-" "Mozilla/5.0 (X11; Linux x86_64) Firefox/120.0"
192.168.1.1 - - [15/Apr/2024:14:30:53 +0000] "DELETE /index.html HTTP/1.1" 301 4969 "-" "Mozilla/5.0 (Macintosh; Intel Mac OS X 10_15_7) Safari/537.36"
1.1.1.1 - - [02/Dec/2024:10:11:13 +0000] "PUT /api/users HTTP/1.1" 200 1207 "-" "Mozilla/5.0 (Macintosh; Intel Mac OS X 10_15_7) Safari/537.36"
172.16.0.1 - - [19/Dec/2025:11:24:42 +0000] "POST /about HTTP/1.1" 200 7583 "-" "Mozilla/5.0 (Macintosh; Intel Mac OS X 10_15_7) Safari/537.36"
8.8.8.8 - - [25/Jan/2025:21:10:49 +0000] "PUT /index.html HTTP/1.1" 404 9367 "-" "Mozilla/5.0 (Macintosh; Intel Mac OS X 10_15_7) Safari/537.36"
192.168.1.1 - - [03/Jun/2025:08:39:07 +0000] "GET /images/logo.png HTTP/1.1" 500 5132 "-" "Mozilla/5.0 (Macintosh; Intel Mac OS X 10_15_7) Safari/537.36"
8.8.8.8 - - [02/Nov/2024:23:19:07 +0000] "GET /images/logo.png HTTP/1.1" 404 9096 "-" "Mozilla/5.0 (X11; Linux x86_64) Firefox/120.0"
1.1.1.1 - - [15/May/2024:23:35:06 +0000] "PUT /index.html HTTP/1.1" 500 257 "-" "Mozilla/5.0 (Windows NT 10.0; Win64; x64) Chrome/120.0.0.0"
1.1.1.1 - - [26/Mar/2025:08:03:14 +0000] "POST /index.html HTTP/1.1" 500 1776 "-" "Mozilla/5.0 (Macintosh; Intel Mac OS X 10_15_7) Safari/537.36"
1.1.1.1 - - [11/Nov/2024:01:12:15 +0000] "PUT /index.html HTTP/1.1" 200 6985 "-" "Mozilla/5.0 (Macintosh; Intel Mac OS X 10_15_7) Safari/537.36"
1.1.1.1 - - [23/Sep/2024:05:08:50 +0000] "GET /admin HTTP/1.1" 200 8806 "-" "Mozilla/5.0 (Windows NT 10.0; Win64; x64) Chrome/120.0.0.0"
10.0.0.1 - - [02/Nov/2024:14:11:58 +0000] "POST /api/users HTTP/1.1" 404 4989 "-" "curl/7.68.0"
192.168.1.1 - - [07/Oct/2024:01:32:26 +0000] "DELETE /about HTTP/1.1" 404 1871 "-" "curl/7.68.0"
1.1.1.1 - - [11/Jun/2025:10:06:59 +0000] "DELETE /index.html HTTP/1.1" 404 5541 "-" "Mozilla/5.0 (Windows NT 10.0; Win64; x64) Chrome/120.0.0.0"
192.168.1.1 - - [20/Oct/2025:03:09:07 +0000] "DELETE /products HTTP/1.1" 500 5608 "-" "Mozilla/5.0 (X11; Linux x86_64) Firefox/120.0"
8.8.8.8 - - [01/Jun/2024:03:01:22 +0000] "PUT /admin HTTP/1.1" 200 8330 "-" "Mozilla/5.0 (X11; Linux x86_64) Firefox/120.0"
172.16.0.1 - - [22/May/2024:01:30:53 +0000] "POST /images/logo.png HTTP/1.1" 200 5373 "-" "Mozilla/5.0 (Macintosh; Intel Mac OS X 10_15_7) Safari/537.36"
1.1.1.1 - - [11/Jul/2025:09:46:19 +0000] "POST /products HTTP/1.1" 301 1922 "-" "Mozilla/5.0 (Windows NT 10.0; Win64; x64) Chrome/120.0.0.0"
192.168.1.1 - - [02/Jun/2025:00:27:41 +0000] "GET /images/logo.png HTTP/1.1" 200 7411 "-" "curl/7.68.0"
192.168.1.1 - - [04/Sep/2024:01:31:09 +0000] "DELETE /about HTTP/1.1" 200 1478 "-" "Mozilla/5.0 (Windows NT 10.0; Win64; x64) Chrome/120.0.0.0"
1.1.1.1 - - [01/Apr/2024:12:11:46 +0000] "POST /images/logo.png HTTP/1.1" 200 341 "-" "Mozilla/5.0 (Windows NT 10.0; Win64; x64) Chrome/120.0.0.0"
192.168.1.1 - - [16/Mar/2025:20:12:37 +0000] "DELETE /cart HTTP/1.1" 200 263 "-" "Mozilla/5.0 (iPhone; CPU iPhone OS 17_0 like Mac OS X)"
192.168.1.1 - - [25/Dec/2024:22:19:58 +0000] "POST /about HTTP/1.1" 200 4316 "-" "Mozilla/5.0 (Windows NT 10.0; Win64; x64) Chrome/120.0.0.0"
172.16.0.1 - - [26/May/2024:15:44:22 +0000] "POST /admin HTTP/1.1" 200 4459 "-" "Mozilla/5.0 (Windows NT 10.0; Win64; x64) Chrome/120.0.0.0"
172.16.0.1 - - [06/Oct/2025:20:35:42 +0000] "PUT /api/users HTTP/1.1" 500 8570 "-" "Mozilla/5.0 (iPhone; CPU iPhone OS 17_0 like Mac OS X)"
1.1.1.1 - - [19/May/2025:19:09:17 +0000] "POST /images/logo.png HTTP/1.1" 200 1738 "-" "Mozilla/5.0 (Windows NT 10.0; Win64; x64) Chrome/120.0.0.0"
192.168.1.1 - - [16/Aug/2025:17:23:14 +0000] "GET /products HTTP/1.1" 200 3332 "-" "Mozilla/5.0 (iPhone; CPU iPhone OS 17_0 like Mac OS X)"
10.0.0.1 - - [02/Dec/2024:01:42:23 +0000] "PUT /index.html HTTP/1.1" 404 6684 "-" "Mozilla/5.0 (iPhone; CPU iPhone OS 17_0 like Mac OS X)"
172.16.0.1 - - [04/Sep/2025:09:30:06 +0000] "DELETE /admin HTTP/1.1" 404 4169 "-" "Mozilla/5.0 (X11; Linux x86_64) Firefox/120.0"
172.16.0.1 - - [22/Aug/2025:01:17:10 +0000] "DELETE /admin HTTP/1.1" 200 3532 "-" "curl/7.68.0"
8.8.8.8 - - [24/May/2025:22:56:47 +0000] "GET /images/logo.png HTTP/1.1" 200 2232 "-" "Mozilla/5.0 (X11; Linux x86_64) Firefox/120.0"
8.8.8.8 - - [25/Dec/2024:21:16:37 +0000] "POST /api/users HTTP/1.1" 200 6531 "-" "Mozilla/5.0 (Macintosh; Intel Mac OS X 10_15_7) Safari/537.36"
172.16.0.1 - - [11/Aug/2025:16:01:40 +0000] "PUT /index.html HTTP/1.1" 301 9184 "-" "Mozilla/5.0 (X11; Linux x86_64) Firefox/120.0"
1.1.1.1 - - [03/Nov/2025:22:34:21 +0000] "PUT /index.html HTTP/1.1" 200 1839 "-" "Mozilla/5.0 (Macintosh; Intel Mac OS X 10_15_7) Safari/537.36"
8.8.8.8 - - [20/Jul/2024:08:24:50 +0000] "PUT /products HTTP/1.1" 200 3840 "-" "Mozilla/5.0 (Macintosh; Intel Mac OS X 10_15_7) Safari/537.36"
10.0.0.1 - - [26/Apr/2024:09:27:52 +0000] "GET /products HTTP/1.1" 200 5666 "-" "Mozilla/5.0 (iPhone; CPU iPhone OS 17_0 like Mac OS X)"
192.168.1.1 - - [23/Apr/2025:04:27:13 +0000] "GET /index.html HTTP/1.1" 200 9985 "-" "Mozilla/5.0 (iPhone; CPU iPhone OS 17_0 like Mac OS X)"
1.1.1.1 - - [03/Mar/2024:07:00:21 +0000] "PUT /products HTTP/1.1" 200 2594 "-" "Mozilla/5.0 (Macintosh; Intel Mac OS X 10_15_7) Safari/537.36"
1.1.1.1 - - [15/Apr/2024:19:27:21 +0000] "PUT /cart HTTP/1.1" 200 7615 "-" "curl/7.68.0"
192.168.1.1 - - [25/Jul/2025:06:23:59 +0000] "GET /api/users HTTP/1.1" 301 3301 "-" "Mozilla/5.0 (iPhone; CPU iPhone OS 17_0 like Mac OS X)"
172.16.0.1 - - [08/Dec/2024:14:30:14 +0000] "GET /index.html HTTP/1.1" 200 1841 "-" "curl/7.68.0"
8.8.8.8 - - [13/Oct/2024:05:42:53 +0000] "DELETE /index.html HTTP/1.1" 200 1981 "-" "Mozilla/5.0 (iPhone; CPU iPhone OS 17_0 like Mac OS X)"
172.16.0.1 - - [24/May/2025:22:04:58 +0000] "PUT /admin HTTP/1.1" 404 8658 "-" "Mozilla/5.0 (iPhone; CPU iPhone OS 17_0 like Mac OS X)"
8.8.8.8 - - [08/Sep/2025:12:08:07 +0000] "POST /products HTTP/1.1" 200 602 "-" "curl/7.68.0"
1.1.1.1 - - [19/Feb/2024:11:46:02 +0000] "GET /index.html HTTP/1.1" 500 3761 "-" "Mozilla/5.0 (X11; Linux x86_64) Firefox/120.0"
8.8.8.8 - - [13/Oct/2025:18:42:16 +0000] "POST /products HTTP/1.1" 200 1640 "-" "curl/7.68.0"
1.1.1.1 - - [14/Nov/2024:06:43:46 +0000] "PUT /products HTTP/1.1" 500 9072 "-" "Mozilla/5.0 (Macintosh; Intel Mac OS X 10_15_7) Safari/537.36"
1.1.1.1 - - [01/Jun/2025:10:20:54 +0000] "POST /api/users HTTP/1.1" 200 6494 "-" "Mozilla/5.0 (iPhone; CPU iPhone OS 17_0 like Mac OS X)"
8.8.8.8 - - [23/Jul/2024:22:01:25 +0000] "POST /api/users HTTP/1.1" 200 3676 "-" "Mozilla/5.0 (iPhone; CPU iPhone OS 17_0 like Mac OS X)"
172.16.0.1 - - [06/Mar/2024:21:25:23 +0000] "PUT /api/users HTTP/1.1" 500 4105 "-" "Mozilla/5.0 (Windows NT 10.0; Win64; x64) Chrome/120.0.0.0"
8.8.8.8 - - [28/May/2025:06:34:59 +0000] "DELETE /about HTTP/1.1" 500 3963 "-" "Mozilla/5.0 (Macintosh; Intel Mac OS X 10_15_7) Safari/537.36"
192.168.1.1 - - [17/Aug/2024:16:07:39 +0000] "DELETE /api/users HTTP/1.1" 500 7335 "-" "Mozilla/5.0 (iPhone; CPU iPhone OS 17_0 like Mac OS X)"
172.16.0.1 - - [26/Oct/2025:08:51:35 +0000] "POST /admin HTTP/1.1" 200 515 "-" "curl/7.68.0"
10.0.0.1 - - [01/Jun/2024:18:02:11 +0000] "DELETE /index.html HTTP/1.1" 200 964 "-" "Mozilla/5.0 (Windows NT 10.0; Win64; x64) Chrome/120.0.0.0"
172.16.0.1 - - [15/Apr/2025:21:29:16 +0000] "DELETE /images/logo.png HTTP/1.1" 200 4718 "-" "Mozilla/5.0 (X11; Linux x86_64) Firefox/120.0"
10.0.0.1 - - [08/Feb/2024:08:53:48 +0000] "POST /index.html HTTP/1.1" 301 5331 "-" "Mozilla/5.0 (iPhone; CPU iPhone OS 17_0 like Mac OS X)"
172.16.0.1 - - [24/Oct/2024:18:56:11 +0000] "DELETE /about HTTP/1.1" 200 6054 "-" "Mozilla/5.0 (iPhone; CPU iPhone OS 17_0 like Mac OS X)"
10.0.0.1 - - [03/Dec/2024:01:14:21 +0000] "POST /admin HTTP/1.1" 200 5557 "-" "curl/7.68.0"
10.0.0.1 - - [11/Feb/2025:18:37:21 +0000] "POST /images/logo.png HTTP/1.1" 301 8023 "-" "Mozilla/5.0 (Windows NT 10.0; Win64; x64) Chrome/120.0.0.0"
8.8.8.8 - - [09/May/2025:18:51:00 +0000] "POST /api/users HTTP/1.1" 200 3586 "-" "Mozilla/5.0 (X11; Linux x86_64) Firefox/120.0"
172.16.0.1 - - [20/Apr/2025:05:40:54 +0000] "GET /admin HTTP/1.1" 200 4991 "-" "Mozilla/5.0 (Macintosh; Intel Mac OS X 10_15_7) Safari/537.36"
192.168.1.1 - - [01/Apr/2024:16:00:17 +0000] "PUT /admin HTTP/1.1" 301 139 "-" "Mozilla/5.0 (Windows NT 10.0; Win64; x64) Chrome/120.0.0.0"
192.168.1.1 - - [17/Jun/2024:10:22:34 +0000] "DELETE /cart HTTP/1.1" 301 7527 "-" "Mozilla/5.0 (Macintosh; Intel Mac OS X 10_15_7) Safari/537.36"
10.0.0.1 - - [07/Jan/2025:14:13:34 +0000] "DELETE /images/logo.png HTTP/1.1" 200 528 "-" "Mozilla/5.0 (X11; Linux x86_64) Firefox/120.0"
172.16.0.1 - - [09/Nov/2024:23:59:51 +0000] "GET /about HTTP/1.1" 301 6730 "-" "curl/7.68.0"
8.8.8.8 - - [02/Apr/2024:02:47:44 +0000] "DELETE /images/logo.png HTTP/1.1" 500 3163 "-" "Mozilla/5.0 (Macintosh; Intel Mac OS X 10_15_7) Safari/537.36"
8.8.8.8 - - [01/Mar/2024:03:50:02 +0000] "GET /api/users HTTP/1.1" 200 10071 "-" "Mozilla/5.0 (Macintosh; Intel Mac OS X 10_15_7) Safari/537.36"
10.0.0.1 - - [07/Oct/2025:10:54:01 +0000] "GET /index.html HTTP/1.1" 200 8045 "-" "Mozilla/5.0 (Macintosh; Intel Mac OS X 10_15_7) Safari/537.36"
192.168.1.1 - - [02/Jun/2025:21:41:05 +0000] "PUT /api/users HTTP/1.1" 200 412 "-" "curl/7.68.0"
8.8.8.8 - - [20/Feb/2025:04:09:39 +0000] "PUT /api/users HTTP/1.1" 200 9926 "-" "Mozilla/5.0 (X11; Linux x86_64) Firefox/120.0"
8.8.8.8 - - [20/Sep/2024:13:41:46 +0000] "GET /cart HTTP/1.1" 500 3655 "-" "Mozilla/5.0 (Macintosh; Intel Mac OS X 10_15_7) Safari/537.36"
172.16.0.1 - - [07/Mar/2025:11:44:45 +0000] "PUT /admin HTTP/1.1" 301 7355 "-" "curl/7.68.0"
8.8.8.8 - - [21/Dec/2025:07:07:20 +0000] "PUT /products HTTP/1.1" 200 5162 "-" "curl/7.68.0"
192.168.1.1 - - [13/Feb/2024:10:58:32 +0000] "POST /admin HTTP/1.1" 404 920 "-" "Mozilla/5.0 (Windows NT 10.0; Win64; x64) Chrome/120.0.0.0"
1.1.1.1 - - [20/May/2025:14:58:58 +0000] "PUT /cart HTTP/1.1" 301 5456 "-" "Mozilla/5.0 (X11; Linux x86_64) Firefox/120.0"
10.0.0.1 - - [17/Jun/2025:15:14:26 +0000] "POST /cart HTTP/1.1" 200 4766 "-" "curl/7.68.0"
8.8.8.8 - - [06/Jun/2024:21:59:14 +0000] "POST /api/users HTTP/1.1" 404 7749 "-" "curl/7.68.0"
1.1.1.1 - - [09/Aug/2024:17:57:33 +0000] "GET /api/users HTTP/1.1" 200 8822 "-" "Mozilla/5.0 (Macintosh; Intel Mac OS X 10_15_7) Safari/537.36"
192.168.1.1 - - [08/Apr/2025:14:11:09 +0000] "PUT /products HTTP/1.1" 404 5342 "-" "Mozilla/5.0 (X11; Linux x86_64) Firefox/120.0"
192.168.1.1 - - [15/Sep/2025:07:46:10 +0000] "PUT /index.html HTTP/1.1" 200 7708 "-" "Mozilla/5.0 (Windows NT 10.0; Win64; x64) Chrome/120.0.0.0"
172.16.0.1 - - [26/Sep/2024:09:44:41 +0000] "POST /about HTTP/1.1" 301 8510 "-" "Mozilla/5.0 (iPhone; CPU iPhone OS 17_0 like Mac OS X)"
192.168.1.1 - - [17/Jan/2024:09:19:35 +0000] "DELETE /cart HTTP/1.1" 404 1733 "-" "Mozilla/5.0 (X11; Linux x86_64) Firefox/120.0"
10.0.0.1 - - [25/Feb/2024:00:43:21 +0000] "PUT /api/users HTTP/1.1" 500 713 "-" "curl/7.68.0"
1.1.1.1 - - [23/Aug/2024:11:27:50 +0000] "PUT /api/users HTTP/1.1" 404 5293 "-" "Mozilla/5.0 (iPhone; CPU iPhone OS 17_0 like Mac OS X)"
8.8.8.8 - - [19/Aug/2024:22:41:34 +0000] "DELETE /products HTTP/1.1" 200 4823 "-" "Mozilla/5.0 (Windows NT 10.0; Win64; x64) Chrome/120.0.0.0"
10.0.0.1 - - [25/Nov/2025:05:56:37 +0000] "PUT /about HTTP/1.1" 200 6738 "-" "Mozilla/5.0 (Windows NT 10.0; Win64; x64) Chrome/120.0.0.0"
1.1.1.1 - - [26/Apr/2024:03:36:50 +0000] "GET /api/users HTTP/1.1" 200 8822 "-" "Mozilla/5.0 (Macintosh; Intel Mac OS X 10_15_7) Safari/537.36"
10.0.0.1 - - [16/Nov/2024:09:41:22 +0000] "POST /cart HTTP/1.1" 500 9319 "-" "Mozilla/5.0 (iPhone; CPU iPhone OS 17_0 like Mac OS X)"
172.16.0.1 - - [18/May/2024:01:11:06 +0000] "DELETE /index.html HTTP/1.1" 200 7325 "-" "curl/7.68.0"
172.16.0.1 - - [14/Feb/2025:13:48:31 +0000] "POST /admin HTTP/1.1" 500 1510 "-" "Mozilla/5.0 (Windows NT 10.0; Win64; x64) Chrome/120.0.0.0"
192.168.1.1 - - [23/Jun/2025:13:10:21 +0000] "GET /images/logo.png HTTP/1.1" 404 1790 "-" "Mozilla/5.0 (iPhone; CPU iPhone OS 17_0 like Mac OS X)"
172.16.0.1 - - [15/May/2024:01:14:41 +0000] "PUT /about HTTP/1.1" 200 1793 "-" "Mozilla/5.0 (iPhone; CPU iPhone OS 17_0 like Mac OS X)"
192.168.1.1 - - [28/Sep/2025:07:00:21 +0000] "GET /cart HTTP/1.1" 301 3015 "-" "curl/7.68.0"
8.8.8.8 - - [20/Aug/2025:07:11:20 +0000] "PUT /cart HTTP/1.1" 200 10076 "-" "Mozilla/5.0 (Macintosh; Intel Mac OS X 10_15_7) Safari/537.36"
192.168.1.1 - - [18/Jan/2025:15:28:47 +0000] "POST /products HTTP/1.1" 200 550 "-" "Mozilla/5.0 (Macintosh; Intel Mac OS X 10_15_7) Safari/537.36"
192.168.1.1 - - [03/Nov/2024:21:18:08 +0000] "POST /index.html HTTP/1.1" 200 6214 "-" "curl/7.68.0"
1.1.1.1 - - [07/Oct/2025:21:19:28 +0000] "PUT /cart HTTP/1.1" 200 7850 "-" "curl/7.68.0"
172.16.0.1 - - [15/Mar/2024:01:38:26 +0000] "GET /images/logo.png HTTP/1.1" 301 2229 "-" "curl/7.68.0"
8.8.8.8 - - [05/May/2024:18:20:57 +0000] "POST /admin HTTP/1.1" 200 7357 "-" "curl/7.68.0"
10.0.0.1 - - [13/Aug/2025:03:04:25 +0000] "POST /about HTTP/1.1" 200 8104 "-" "Mozilla/5.0 (Macintosh; Intel Mac OS X 10_15_7) Safari/537.36"
1.1.1.1 - - [17/May/2025:23:20:25 +0000] "DELETE /index.html HTTP/1.1" 200 9353 "-" "Mozilla/5.0 (Macintosh; Intel Mac OS X 10_15_7) Safari/537.36"
10.0.0.1 - - [26/Jan/2025:19:15:56 +0000] "DELETE /products HTTP/1.1" 500 9691 "-" "Mozilla/5.0 (Windows NT 10.0; Win64; x64) Chrome/120.0.0.0"
192.168.1.1 - - [04/Feb/2025:04:42:04 +0000] "GET /index.html HTTP/1.1" 200 2051 "-" "Mozilla/5.0 (Windows NT 10.0; Win64; x64) Chrome/120.0.0.0"
192.168.1.1 - - [07/May/2024:15:56:48 +0000] "POST /products HTTP/1.1" 404 8329 "-" "Mozilla/5.0 (X11; Linux x86_64) Firefox/120.0"
1.1.1.1 - - [11/Jan/2024:15:50:41 +0000] "GET /admin HTTP/1.1" 301 2453 "-" "Mozilla/5.0 (X11; Linux x86_64) Firefox/120.0"
192.168.1.1 - - [18/Sep/2024:05:19:19 +0000] "POST /admin HTTP/1.1" 200 9136 "-" "Mozilla/5.0 (X11; Linux x86_64) Firefox/120.0"
1.1.1.1 - - [03/Apr/2024:09:14:59 +0000] "GET /about HTTP/1.1" 301 6865 "-" "curl/7.68.0"
8.8.8.8 - - [13/Jan/2024:06:30:42 +0000] "POST /admin HTTP/1.1" 301 2058 "-" "Mozilla/5.0 (iPhone; CPU iPhone OS 17_0 like Mac OS X)"
10.0.0.1 - - [06/Jan/2025:05:30:53 +0000] "GET /products HTTP/1.1" 500 3323 "-" "Mozilla/5.0 (Macintosh; Intel Mac OS X 10_15_7) Safari/537.36"
192.168.1.1 - - [04/Oct/2025:06:42:40 +0000] "GET /index.html HTTP/1.1" 200 5665 "-" "Mozilla/5.0 (Macintosh; Intel Mac OS X 10_15_7) Safari/537.36"
172.16.0.1 - - [12/May/2024:04:00:16 +0000] "DELETE /images/logo.png HTTP/1.1" 200 4706 "-" "curl/7.68.0"
172.16.0.1 - - [21/Sep/2024:00:48:51 +0000] "PUT /about HTTP/1.1" 200 9814 "-" "Mozilla/5.0 (iPhone; CPU iPhone OS 17_0 like Mac OS X)"
172.16.0.1 - - [23/Nov/2024:14:37:57 +0000] "DELETE /products HTTP/1.1" 301 769 "-" "Mozilla/5.0 (Windows NT 10.0; Win64; x64) Chrome/120.0.0.0"
1.1.1.1 - - [14/Jan/2025:00:42:17 +0000] "POST /api/users HTTP/1.1" 301 6095 "-" "Mozilla/5.0 (Windows NT 10.0; Win64; x64) Chrome/120.0.0.0"
1.1.1.1 - - [20/Jan/2024:02:46:49 +0000] "GET /images/logo.png HTTP/1.1" 200 9839 "-" "Mozilla/5.0 (iPhone; CPU iPhone OS 17_0 like Mac OS X)"
192.168.1.1 - - [16/Dec/2024:13:49:59 +0000] "PUT /images/logo.png HTTP/1.1" 200 1711 "-" "Mozilla/5.0 (Macintosh; Intel Mac OS X 10_15_7) Safari/537.36"
192.168.1.1 - - [02/Mar/2025:23:51:10 +0000] "PUT /admin HTTP/1.1" 200 906 "-" "Mozilla/5.0 (iPhone; CPU iPhone OS 17_0 like Mac OS X)"
172.16.0.1 - - [28/Apr/2024:20:34:46 +0000] "GET /cart HTTP/1.1" 200 609 "-" "Mozilla/5.0 (X11; Linux x86_64) Firefox/120.0"
192.168.1.1 - - [07/Oct/2024:05:04:01 +0000] "DELETE /api/users HTTP/1.1" 200 866 "-" "Mozilla/5.0 (Windows NT 10.0; Win64; x64) Chrome/120.0.0.0"
8.8.8.8 - - [06/Oct/2024:17:12:15 +0000] "DELETE /about HTTP/1.1" 200 4956 "-" "Mozilla/5.0 (iPhone; CPU iPhone OS 17_0 like Mac OS X)"
1.1.1.1 - - [06/Jan/2025:08:34:47 +0000] "DELETE /api/users HTTP/1.1" 200 1828 "-" "Mozilla/5.0 (Windows NT 10.0; Win64; x64) Chrome/120.0.0.0"
10.0.0.1 - - [07/Jul/2025:13:57:09 +0000] "GET /images/logo.png HTTP/1.1" 301 2332 "-" "Mozilla/5.0 (iPhone; CPU iPhone OS 17_0 like Mac OS X)"
172.16.0.1 - - [24/Jan/2025:02:17:52 +0000] "POST /images/logo.png HTTP/1.1" 200 8738 "-" "Mozilla/5.0 (iPhone; CPU iPhone OS 17_0 like Mac OS X)"
172.16.0.1 - - [16/Dec/2025:04:23:45 +0000] "PUT /admin HTTP/1.1" 200 207 "-" "Mozilla/5.0 (iPhone; CPU iPhone OS 17_0 like Mac OS X)"
192.168.1.1 - - [03/Oct/2024:05:12:28 +0000] "PUT /images/logo.png HTTP/1.1" 500 3002 "-" "Mozilla/5.0 (Macintosh; Intel Mac OS X 10_15_7) Safari/537.36"
172.16.0.1 - - [20/Sep/2024:00:14:27 +0000] "PUT /admin HTTP/1.1" 200 6302 "-" "Mozilla/5.0 (X11; Linux x86_64) Firefox/120.0"
8.8.8.8 - - [08/Dec/2025:19:49:00 +0000] "POST /about HTTP/1.1" 200 6858 "-" "Mozilla/5.0 (Windows NT 10.0; Win64; x64) Chrome/120.0.0.0"
172.16.0.1 - - [04/Sep/2024:13:01:53 +0000] "DELETE /about HTTP/1.1" 301 7916 "-" "Mozilla/5.0 (X11; Linux x86_64) Firefox/120.0"
8.8.8.8 - - [24/Aug/2025:03:16:16 +0000] "DELETE /admin HTTP/1.1" 301 1647 "-" "Mozilla/5.0 (Windows NT 10.0; Win64; x64) Chrome/120.0.0.0"
1.1.1.1 - - [20/Mar/2025:14:59:05 +0000] "DELETE /api/users HTTP/1.1" 500 3293 "-" "Mozilla/5.0 (Windows NT 10.0; Win64; x64) Chrome/120.0.0.0"
1.1.1.1 - - [21/Jan/2025:09:36:13 +0000] "PUT /products HTTP/1.1" 200 2672 "-" "curl/7.68.0"
172.16.0.1 - - [20/Feb/2025:04:02:30 +0000] "POST /admin HTTP/1.1" 404 8852 "-" "Mozilla/5.0 (iPhone; CPU iPhone OS 17_0 like Mac OS X)"
8.8.8.8 - - [18/Aug/2025:01:22:50 +0000] "POST /products HTTP/1.1" 200 1691 "-" "Mozilla/5.0 (iPhone; CPU iPhone OS 17_0 like Mac OS X)"
10.0.0.1 - - [25/Oct/2025:17:05:47 +0000] "DELETE /about HTTP/1.1" 200 6896 "-" "curl/7.68.0"
192.168.1.1 - - [03/Aug/2025:22:34:36 +0000] "DELETE /about HTTP/1.1" 200 6644 "-" "Mozilla/5.0 (Windows NT 10.0; Win64; x64) Chrome/120.0.0.0"
192.168.1.1 - - [01/Feb/2024:05:22:16 +0000] "POST /products HTTP/1.1" 500 7505 "-" "Mozilla/5.0 (X11; Linux x86_64) Firefox/120.0"
8.8.8.8 - - [09/Nov/2025:09:58:33 +0000] "DELETE /index.html HTTP/1.1" 200 1581 "-" "curl/7.68.0"
8.8.8.8 - - [27/Aug/2025:02:12:50 +0000] "PUT /products HTTP/1.1" 404 8156 "-" "Mozilla/5.0 (Windows NT 10.0; Win64; x64) Chrome/120.0.0.0"
1.1.1.1 - - [22/Jun/2024:18:05:17 +0000] "DELETE /cart HTTP/1.1" 500 3233 "-" "curl/7.68.0"
1.1.1.1 - - [04/Jun/2025:14:45:38 +0000] "POST /images/logo.png HTTP/1.1" 200 5736 "-" "curl/7.68.0"
10.0.0.1 - - [05/Sep/2024:14:23:59 +0000] "DELETE /admin HTTP/1.1" 301 5603 "-" "Mozilla/5.0 (iPhone; CPU iPhone OS 17_0 like Mac OS X)"
8.8.8.8 - - [14/Jan/2025:21:35:59 +0000] "POST /admin HTTP/1.1" 301 5620 "-" "Mozilla/5.0 (iPhone; CPU iPhone OS 17_0 like Mac OS X)"
10.0.0.1 - - [07/Mar/2024:16:39:03 +0000] "POST /about HTTP/1.1" 500 2184 "-" "Mozilla/5.0 (Windows NT 10.0; Win64; x64) Chrome/120.0.0.0"
192.168.1.1 - - [14/Jun/2025:00:46:09 +0000] "PUT /about HTTP/1.1" 301 1090 "-" "Mozilla/5.0 (Macintosh; Intel Mac OS X 10_15_7) Safari/537.36"
10.0.0.1 - - [22/Jul/2024:12:20:07 +0000] "GET /cart HTTP/1.1" 200 10059 "-" "Mozilla/5.0 (iPhone; CPU iPhone OS 17_0 like Mac OS X)"
1.1.1.1 - - [05/Jan/2025:10:11:09 +0000] "DELETE /cart HTTP/1.1" 200 6670 "-" "Mozilla/5.0 (iPhone; CPU iPhone OS 17_0 like Mac OS X)"
8.8.8.8 - - [24/May/2025:00:47:08 +0000] "GET /api/users HTTP/1.1" 200 6783 "-" "Mozilla/5.0 (X11; Linux x86_64) Firefox/120.0"
192.168.1.1 - - [20/Jul/2024:00:04:29 +0000] "PUT /products HTTP/1.1" 200 7721 "-" "Mozilla/5.0 (iPhone; CPU iPhone OS 17_0 like Mac OS X)"
172.16.0.1 - - [04/Mar/2024:16:14:03 +0000] "GET /admin HTTP/1.1" 500 5028 "-" "Mozilla/5.0 (Windows NT 10.0; Win64; x64) Chrome/120.0.0.0"
10.0.0.1 - - [07/Feb/2024:02:53:16 +0000] "DELETE /products HTTP/1.1" 404 963 "-" "Mozilla/5.0 (Windows NT 10.0; Win64; x64) Chrome/120.0.0.0"
192.168.1.1 - - [04/Feb/2024:21:17:52 +0000] "DELETE /index.html HTTP/1.1" 200 7858 "-" "Mozilla/5.0 (Macintosh; Intel Mac OS X 10_15_7) Safari/537.36"
10.0.0.1 - - [08/Jul/2024:17:00:15 +0000] "PUT /index.html HTTP/1.1" 404 2400 "-" "Mozilla/5.0 (Windows NT 10.0; Win64; x64) Chrome/120.0.0.0"
1.1.1.1 - - [03/Jun/2024:10:07:43 +0000] "DELETE /about HTTP/1.1" 200 4262 "-" "Mozilla/5.0 (iPhone; CPU iPhone OS 17_0 like Mac OS X)"
10.0.0.1 - - [03/Jul/2025:22:00:57 +0000] "POST /about HTTP/1.1" 200 8425 "-" "Mozilla/5.0 (X11; Linux x86_64) Firefox/120.0"
8.8.8.8 - - [11/Feb/2025:01:00:33 +0000] "GET /products HTTP/1.1" 500 9636 "-" "curl/7.68.0"
1.1.1.1 - - [16/Aug/2024:00:12:34 +0000] "POST /api/users HTTP/1.1" 200 6939 "-" "curl/7.68.0"
192.168.1.1 - - [19/Oct/2024:07:26:18 +0000] "PUT /admin HTTP/1.1" 200 8376 "-" "Mozilla/5.0 (Windows NT 10.0; Win64; x64) Chrome/120.0.0.0"
192.168.1.1 - - [27/Jan/2025:19:42:14 +0000] "POST /products HTTP/1.1" 301 2647 "-" "Mozilla/5.0 (Macintosh; Intel Mac OS X 10_15_7) Safari/537.36"
192.168.1.1 - - [20/Jan/2024:17:22:52 +0000] "PUT /admin HTTP/1.1" 200 1766 "-" "curl/7.68.0"
10.0.0.1 - - [23/Apr/2025:13:29:03 +0000] "PUT /products HTTP/1.1" 200 6483 "-" "Mozilla/5.0 (Macintosh; Intel Mac OS X 10_15_7) Safari/537.36"
1.1.1.1 - - [26/Dec/2024:05:31:44 +0000] "PUT /index.html HTTP/1.1" 200 8774 "-" "Mozilla/5.0 (X11; Linux x86_64) Firefox/120.0"
1.1.1.1 - - [04/Mar/2024:01:09:34 +0000] "POST /products HTTP/1.1" 301 8420 "-" "Mozilla/5.0 (Windows NT 10.0; Win64; x64) Chrome/120.0.0.0"
192.168.1.1 - - [12/Jun/2024:17:32:13 +0000] "GET /cart HTTP/1.1" 500 3757 "-" "Mozilla/5.0 (Windows NT 10.0; Win64; x64) Chrome/120.0.0.0"
8.8.8.8 - - [14/Nov/2024:02:29:10 +0000] "PUT /index.html HTTP/1.1" 500 9125 "-" "Mozilla/5.0 (X11; Linux x86_64) Firefox/120.0"
192.168.1.1 - - [06/Aug/2025:18:23:35 +0000] "PUT /products HTTP/1.1" 404 4091 "-" "Mozilla/5.0 (iPhone; CPU iPhone OS 17_0 like Mac OS X)"
192.168.1.1 - - [16/Feb/2025:00:00:03 +0000] "POST /images/logo.png HTTP/1.1" 200 7387 "-" "Mozilla/5.0 (Windows NT 10.0; Win64; x64) Chrome/120.0.0.0"
8.8.8.8 - - [01/Nov/2025:10:06:02 +0000] "GET /products HTTP/1.1" 500 6104 "-" "Mozilla/5.0 (iPhone; CPU iPhone OS 17_0 like Mac OS X)"
192.168.1.1 - - [12/Apr/2024:06:13:38 +0000] "DELETE /index.html HTTP/1.1" 500 1358 "-" "curl/7.68.0"
192.168.1.1 - - [28/Jul/2024:21:54:14 +0000] "PUT /admin HTTP/1.1" 200 5272 "-" "Mozilla/5.0 (iPhone; CPU iPhone OS 17_0 like Mac OS X)"
10.0.0.1 - - [19/Nov/2024:03:44:15 +0000] "GET /products HTTP/1.1" 500 3845 "-" "Mozilla/5.0 (X11; Linux x86_64) Firefox/120.0"
10.0.0.1 - - [12/Oct/2025:06:19:41 +0000] "POST /images/logo.png HTTP/1.1" 200 873 "-" "Mozilla/5.0 (X11; Linux x86_64) Firefox/120.0"
1.1.1.1 - - [24/Jan/2024:18:27:08 +0000] "POST /images/logo.png HTTP/1.1" 500 10019 "-" "Mozilla/5.0 (Windows NT 10.0; Win64; x64) Chrome/120.0.0.0"
172.16.0.1 - - [27/May/2024:09:48:26 +0000] "GET /about HTTP/1.1" 200 6185 "-" "curl/7.68.0"
10.0.0.1 - - [20/Dec/2025:22:54:40 +0000] "GET /admin HTTP/1.1" 404 9368 "-" "Mozilla/5.0 (Macintosh; Intel Mac OS X 10_15_7) Safari/537.36"
8.8.8.8 - - [27/Dec/2024:15:56:29 +0000] "PUT /products HTTP/1.1" 404 2425 "-" "Mozilla/5.0 (Windows NT 10.0; Win64; x64) Chrome/120.0.0.0"
10.0.0.1 - - [18/Sep/2024:23:01:57 +0000] "PUT /admin HTTP/1.1" 500 10041 "-" "Mozilla/5.0 (Windows NT 10.0; Win64; x64) Chrome/120.0.0.0"
1.1.1.1 - - [12/May/2025:18:04:23 +0000] "GET /products HTTP/1.1" 200 935 "-" "Mozilla/5.0 (Macintosh; Intel Mac OS X 10_15_7) Safari/537.36"
8.8.8.8 - - [11/Jul/2025:06:12:46 +0000] "GET /index.html HTTP/1.1" 200 8385 "-" "curl/7.68.0"
8.8.8.8 - - [08/Dec/2024:01:36:01 +0000] "PUT /images/logo.png HTTP/1.1" 200 2144 "-" "Mozilla/5.0 (Macintosh; Intel Mac OS X 10_15_7) Safari/537.36"
172.16.0.1 - - [05/Mar/2025:17:52:14 +0000] "POST /admin HTTP/1.1" 301 7870 "-" "Mozilla/5.0 (X11; Linux x86_64) Firefox/120.0"
192.168.1.1 - - [11/Nov/2024:19:18:55 +0000] "DELETE /index.html HTTP/1.1" 200 7223 "-" "Mozilla/5.0 (iPhone; CPU iPhone OS 17_0 like Mac OS X)"
192.168.1.1 - - [16/Jul/2025:01:09:45 +0000] "PUT /admin HTTP/1.1" 200 673 "-" "Mozilla/5.0 (X11; Linux x86_64) Firefox/120.0"
192.168.1.1 - - [24/Jun/2024:07:55:30 +0000] "PUT /cart HTTP/1.1" 500 5109 "-" "Mozilla/5.0 (iPhone; CPU iPhone OS 17_0 like Mac OS X)"
8.8.8.8 - - [21/Sep/2025:11:17:10 +0000] "DELETE /index.html HTTP/1.1" 301 8511 "-" "Mozilla/5.0 (Macintosh; Intel Mac OS X 10_15_7) Safari/537.36"
8.8.8.8 - - [06/Sep/2025:23:07:03 +0000] "PUT /products HTTP/1.1" 200 3411 "-" "curl/7.68.0"
1.1.1.1 - - [11/Jul/2025:02:36:22 +0000] "GET /admin HTTP/1.1" 500 2031 "-" "curl/7.68.0"
172.16.0.1 - - [18/Sep/2024:08:18:19 +0000] "PUT /admin HTTP/1.1" 404 8973 "-" "Mozilla/5.0 (iPhone; CPU iPhone OS 17_0 like Mac OS X)"
192.168.1.1 - - [07/Jun/2025:01:47:19 +0000] "PUT /about HTTP/1.1" 301 4643 "-" "Mozilla/5.0 (Windows NT 10.0; Win64; x64) Chrome/120.0.0.0"
8.8.8.8 - - [07/Aug/2024:12:36:40 +0000] "GET /api/users HTTP/1.1" 301 9749 "-" "Mozilla/5.0 (Windows NT 10.0; Win64; x64) Chrome/120.0.0.0"
172.16.0.1 - - [04/Feb/2025:15:32:33 +0000] "POST /admin HTTP/1.1" 500 2509 "-" "Mozilla/5.0 (Macintosh; Intel Mac OS X 10_15_7) Safari/537.36"
1.1.1.1 - - [25/May/2025:19:45:24 +0000] "POST /index.html HTTP/1.1" 500 8072 "-" "Mozilla/5.0 (Macintosh; Intel Mac OS X 10_15_7) Safari/537.36"
8.8.8.8 - - [12/Jan/2024:21:40:36 +0000] "GET /index.html HTTP/1.1" 200 4951 "-" "Mozilla/5.0 (iPhone; CPU iPhone OS 17_0 like Mac OS X)"
192.168.1.1 - - [01/Sep/2024:16:06:37 +0000] "PUT /index.html HTTP/1.1" 200 6913 "-" "Mozilla/5.0 (X11; Linux x86_64) Firefox/120.0"
8.8.8.8 - - [06/Oct/2024:20:01:54 +0000] "GET /api/users HTTP/1.1" 200 6403 "-" "Mozilla/5.0 (Windows NT 10.0; Win64; x64) Chrome/120.0.0.0"
172.16.0.1 - - [21/Jul/2025:17:02:18 +0000] "DELETE /products HTTP/1.1" 200 7912 "-" "Mozilla/5.0 (iPhone; CPU iPhone OS 17_0 like Mac OS X)"
10.0.0.1 - - [22/Aug/2024:12:54:56 +0000] "GET /about HTTP/1.1" 500 5925 "-" "Mozilla/5.0 (Windows NT 10.0; Win64; x64) Chrome/120.0.0.0"
192.168.1.1 - - [27/May/2025:03:54:36 +0000] "DELETE /about HTTP/1.1" 500 5943 "-" "Mozilla/5.0 (Windows NT 10.0; Win64; x64) Chrome/120.0.0.0"
8.8.8.8 - - [13/May/2025:07:09:34 +0000] "GET /products HTTP/1.1" 200 8939 "-" "Mozilla/5.0 (X11; Linux x86_64) Firefox/120.0"
192.168.1.1 - - [05/Sep/2024:05:43:24 +0000] "POST /index.html HTTP/1.1" 200 5414 "-" "Mozilla/5.0 (Windows NT 10.0; Win64; x64) Chrome/120.0.0.0"
8.8.8.8 - - [15/Dec/2025:05:14:06 +0000] "POST /products HTTP/1.1" 200 3138 "-" "curl/7.68.0"
8.8.8.8 - - [06/Jun/2025:16:36:22 +0000] "PUT /about HTTP/1.1" 301 7300 "-" "Mozilla/5.0 (X11; Linux x86_64) Firefox/120.0"
8.8.8.8 - - [20/Apr/2025:10:18:37 +0000] "GET /products HTTP/1.1" 200 7872 "-" "Mozilla/5.0 (X11; Linux x86_64) Firefox/120.0"
192.168.1.1 - - [10/Mar/2025:16:22:27 +0000] "PUT /index.html HTTP/1.1" 301 9149 "-" "Mozilla/5.0 (Windows NT 10.0; Win64; x64) Chrome/120.0.0.0"
172.16.0.1 - - [17/Jul/2024:04:47:11 +0000] "PUT /cart HTTP/1.1" 301 9726 "-" "Mozilla/5.0 (Macintosh; Intel Mac OS X 10_15_7) Safari/537.36"
192.168.1.1 - - [21/May/2024:12:48:56 +0000] "POST /about HTTP/1.1" 200 5582 "-" "Mozilla/5.0 (iPhone; CPU iPhone OS 17_0 like Mac OS X)"
10.0.0.1 - - [27/Apr/2025:14:09:45 +0000] "DELETE /products HTTP/1.1" 200 1106 "-" "Mozilla/5.0 (Windows NT 10.0; Win64; x64) Chrome/120.0.0.0"
8.8.8.8 - - [22/Jan/2025:12:44:09 +0000] "GET /images/logo.png HTTP/1.1" 200 6520 "-" "Mozilla/5.0 (iPhone; CPU iPhone OS 17_0 like Mac OS X)"
10.0.0.1 - - [02/Oct/2024:22:29:17 +0000] "DELETE /index.html HTTP/1.1" 500 8205 "-" "Mozilla/5.0 (X11; Linux x86_64) Firefox/120.0"
172.16.0.1 - - [10/Feb/2025:15:04:37 +0000] "POST /api/users HTTP/1.1" 500 3863 "-" "Mozilla/5.0 (iPhone; CPU iPhone OS 17_0 like Mac OS X)"
1.1.1.1 - - [04/Oct/2024:16:46:31 +0000] "POST /about HTTP/1.1" 200 3442 "-" "curl/7.68.0"
10.0.0.1 - - [09/Sep/2024:20:32:41 +0000] "PUT /cart HTTP/1.1" 200 3610 "-" "Mozilla/5.0 (X11; Linux x86_64) Firefox/120.0"
1.1.1.1 - - [26/Jul/2024:05:40:15 +0000] "POST /api/users HTTP/1.1" 404 7402 "-" "Mozilla/5.0 (Macintosh; Intel Mac OS X 10_15_7) Safari/537.36"
10.0.0.1 - - [11/Feb/2024:17:28:56 +0000] "PUT /images/logo.png HTTP/1.1" 301 4296 "-" "curl/7.68.0"
10.0.0.1 - - [28/Mar/2024:13:42:48 +0000] "POST /admin HTTP/1.1" 200 1409 "-" "Mozilla/5.0 (iPhone; CPU iPhone OS 17_0 like Mac OS X)"
10.0.0.1 - - [03/Sep/2024:08:21:50 +0000] "DELETE /admin HTTP/1.1" 500 9925 "-" "curl/7.68.0"
172.16.0.1 - - [24/Apr/2025:18:21:56 +0000] "DELETE /products HTTP/1.1" 200 6183 "-" "Mozilla/5.0 (X11; Linux x86_64) Firefox/120.0"
1.1.1.1 - - [04/Jan/2025:21:31:58 +0000] "GET /products HTTP/1.1" 200 1940 "-" "Mozilla/5.0 (Windows NT 10.0; Win64; x64) Chrome/120.0.0.0"
172.16.0.1 - - [28/Jan/2024:21:02:43 +0000] "POST /admin HTTP/1.1" 200 7238 "-" "Mozilla/5.0 (iPhone; CPU iPhone OS 17_0 like Mac OS X)"
8.8.8.8 - - [18/Oct/2025:04:35:49 +0000] "PUT /images/logo.png HTTP/1.1" 200 8312 "-" "Mozilla/5.0 (iPhone; CPU iPhone OS 17_0 like Mac OS X)"
8.8.8.8 - - [12/Jan/2024:13:51:24 +0000] "GET /products HTTP/1.1" 200 5737 "-" "curl/7.68.0"
192.168.1.1 - - [11/Feb/2025:02:37:26 +0000] "GET /about HTTP/1.1" 500 7530 "-" "Mozilla/5.0 (Macintosh; Intel Mac OS X 10_15_7) Safari/537.36"
172.16.0.1 - - [03/Apr/2025:22:55:36 +0000] "DELETE /admin HTTP/1.1" 404 3994 "-" "Mozilla/5.0 (X11; Linux x86_64) Firefox/120.0"
8.8.8.8 - - [06/Aug/2025:06:07:47 +0000] "GET /images/logo.png HTTP/1.1" 200 8200 "-" "curl/7.68.0"
172.16.0.1 - - [12/May/2025:22:11:49 +0000] "POST /products HTTP/1.1" 301 9728 "-" "Mozilla/5.0 (X11; Linux x86_64) Firefox/120.0"
10.0.0.1 - - [06/Oct/2024:04:06:16 +0000] "GET /index.html HTTP/1.1" 200 3473 "-" "Mozilla/5.0 (Macintosh; Intel Mac OS X 10_15_7) Safari/537.36"
172.16.0.1 - - [06/Mar/2025:12:23:45 +0000] "PUT /cart HTTP/1.1" 200 8748 "-" "Mozilla/5.0 (Windows NT 10.0; Win64; x64) Chrome/120.0.0.0"
192.168.1.1 - - [03/Aug/2024:07:54:51 +0000] "DELETE /cart HTTP/1.1" 200 3316 "-" "curl/7.68.0"
10.0.0.1 - - [08/Jun/2024:19:06:34 +0000] "GET /admin HTTP/1.1" 200 7887 "-" "Mozilla/5.0 (Windows NT 10.0; Win64; x64) Chrome/120.0.0.0"
8.8.8.8 - - [25/Jan/2024:18:19:08 +0000] "DELETE /cart HTTP/1.1" 200 663 "-" "Mozilla/5.0 (Windows NT 10.0; Win64; x64) Chrome/120.0.0.0"
192.168.1.1 - - [06/Apr/2024:13:46:43 +0000] "POST /about HTTP/1.1" 200 10038 "-" "Mozilla/5.0 (Macintosh; Intel Mac OS X 10_15_7) Safari/537.36"
8.8.8.8 - - [25/Oct/2024:08:02:43 +0000] "POST /cart HTTP/1.1" 500 8029 "-" "Mozilla/5.0 (iPhone; CPU iPhone OS 17_0 like Mac OS X)"
10.0.0.1 - - [23/Jun/2024:00:05:22 +0000] "DELETE /admin HTTP/1.1" 301 1205 "-" "Mozilla/5.0 (Windows NT 10.0; Win64; x64) Chrome/120.0.0.0"
8.8.8.8 - - [14/May/2025:02:47:21 +0000] "DELETE /products HTTP/1.1" 200 2154 "-" "Mozilla/5.0 (iPhone; CPU iPhone OS 17_0 like Mac OS X)"
192.168.1.1 - - [01/Aug/2025:07:38:26 +0000] "POST /images/logo.png HTTP/1.1" 200 7494 "-" "Mozilla/5.0 (iPhone; CPU iPhone OS 17_0 like Mac OS X)"
8.8.8.8 - - [16/Oct/2025:04:55:46 +0000] "PUT /cart HTTP/1.1" 200 6340 "-" "curl/7.68.0"
172.16.0.1 - - [16/Aug/2024:00:21:36 +0000] "GET /api/users HTTP/1.1" 200 2318 "-" "curl/7.68.0"
10.0.0.1 - - [07/Feb/2024:06:41:35 +0000] "GET /images/logo.png HTTP/1.1" 404 2268 "-" "Mozilla/5.0 (Macintosh; Intel Mac OS X 10_15_7) Safari/537.36"
10.0.0.1 - - [14/Jul/2024:06:37:34 +0000] "POST /about HTTP/1.1" 200 3793 "-" "curl/7.68.0"
172.16.0.1 - - [05/Mar/2024:03:55:23 +0000] "POST /admin HTTP/1.1" 200 5725 "-" "Mozilla/5.0 (Macintosh; Intel Mac OS X 10_15_7) Safari/537.36"
1.1.1.1 - - [11/Mar/2025:08:57:43 +0000] "PUT /cart HTTP/1.1" 301 953 "-" "Mozilla/5.0 (Windows NT 10.0; Win64; x64) Chrome/120.0.0.0"
1.1.1.1 - - [13/Jan/2024:03:09:53 +0000] "PUT /api/users HTTP/1.1" 200 5915 "-" "Mozilla/5.0 (iPhone; CPU iPhone OS 17_0 like Mac OS X)"
10.0.0.1 - - [05/Jun/2025:05:44:07 +0000] "DELETE /index.html HTTP/1.1" 200 2716 "-" "Mozilla/5.0 (X11; Linux x86_64) Firefox/120.0"
172.16.0.1 - - [24/Oct/2025:02:11:20 +0000] "GET /products HTTP/1.1" 200 2930 "-" "Mozilla/5.0 (X11; Linux x86_64) Firefox/120.0"
1.1.1.1 - - [23/Feb/2025:02:10:54 +0000] "DELETE /images/logo.png HTTP/1.1" 301 3167 "-" "Mozilla/5.0 (Macintosh; Intel Mac OS X 10_15_7) Safari/537.36"
8.8.8.8 - - [01/Feb/2024:11:10:45 +0000] "DELETE /about HTTP/1.1" 200 5673 "-" "Mozilla/5.0 (iPhone; CPU iPhone OS 17_0 like Mac OS X)"
8.8.8.8 - - [07/Aug/2024:07:52:38 +0000] "GET /images/logo.png HTTP/1.1" 404 8141 "-" "Mozilla/5.0 (iPhone; CPU iPhone OS 17_0 like Mac OS X)"
172.16.0.1 - - [18/May/2025:21:46:15 +0000] "PUT /products HTTP/1.1" 200 8471 "-" "curl/7.68.0"
10.0.0.1 - - [03/Mar/2025:13:03:25 +0000] "GET /cart HTTP/1.1" 200 2939 "-" "Mozilla/5.0 (Windows NT 10.0; Win64; x64) Chrome/120.0.0.0"
192.168.1.1 - - [08/Nov/2024:22:12:26 +0000] "PUT /about HTTP/1.1" 200 2180 "-" "Mozilla/5.0 (Macintosh; Intel Mac OS X 10_15_7) Safari/537.36"
1.1.1.1 - - [27/Sep/2024:18:11:41 +0000] "DELETE /api/users HTTP/1.1" 301 798 "-" "Mozilla/5.0 (X11; Linux x86_64) Firefox/120.0"
10.0.0.1 - - [04/Apr/2024:08:15:11 +0000] "POST /index.html HTTP/1.1" 200 923 "-" "Mozilla/5.0 (Macintosh; Intel Mac OS X 10_15_7) Safari/537.36"
192.168.1.1 - - [08/Jan/2025:00:58:24 +0000] "GET /index.html HTTP/1.1" 301 2501 "-" "Mozilla/5.0 (X11; Linux x86_64) Firefox/120.0"
172.16.0.1 - - [17/Aug/2025:19:11:31 +0000] "GET /images/logo.png HTTP/1.1" 200 3654 "-" "Mozilla/5.0 (iPhone; CPU iPhone OS 17_0 like Mac OS X)"
192.168.1.1 - - [02/Apr/2024:14:46:23 +0000] "GET /images/logo.png HTTP/1.1" 301 6506 "-" "Mozilla/5.0 (Windows NT 10.0; Win64; x64) Chrome/120.0.0.0"
192.168.1.1 - - [08/Sep/2025:05:36:19 +0000] "POST /index.html HTTP/1.1" 200 5756 "-" "Mozilla/5.0 (Windows NT 10.0; Win64; x64) Chrome/120.0.0.0"
10.0.0.1 - - [14/Dec/2024:09:16:04 +0000] "GET /index.html HTTP/1.1" 404 2279 "-" "Mozilla/5.0 (Windows NT 10.0; Win64; x64) Chrome/120.0.0.0"
10.0.0.1 - - [20/Jan/2025:06:35:34 +0000] "PUT /api/users HTTP/1.1" 200 522 "-" "Mozilla/5.0 (iPhone; CPU iPhone OS 17_0 like Mac OS X)"
8.8.8.8 - - [09/Aug/2025:17:24:32 +0000] "POST /admin HTTP/1.1" 500 7734 "-" "Mozilla/5.0 (iPhone; CPU iPhone OS 17_0 like Mac OS X)"
172.16.0.1 - - [03/Nov/2024:07:26:18 +0000] "DELETE /cart HTTP/1.1" 200 7900 "-" "Mozilla/5.0 (iPhone; CPU iPhone OS 17_0 like Mac OS X)"
10.0.0.1 - - [13/Jun/2024:11:01:39 +0000] "GET /cart HTTP/1.1" 200 4883 "-" "Mozilla/5.0 (iPhone; CPU iPhone OS 17_0 like Mac OS X)"
192.168.1.1 - - [25/Apr/2025:22:53:25 +0000] "GET /api/users HTTP/1.1" 200 2347 "-" "Mozilla/5.0 (Windows NT 10.0; Win64; x64) Chrome/120.0.0.0"
172.16.0.1 - - [27/Feb/2024:10:58:04 +0000] "POST /products HTTP/1.1" 301 1363 "-" "curl/7.68.0"
192.168.1.1 - - [19/Jul/2024:21:11:54 +0000] "PUT /admin HTTP/1.1" 500 3687 "-" "Mozilla/5.0 (iPhone; CPU iPhone OS 17_0 like Mac OS X)"
172.16.0.1 - - [28/Jun/2024:07:55:57 +0000] "PUT /images/logo.png HTTP/1.1" 301 9126 "-" "Mozilla/5.0 (X11; Linux x86_64) Firefox/120.0"
172.16.0.1 - - [13/Jan/2024:17:47:32 +0000] "GET /admin HTTP/1.1" 200 3175 "-" "Mozilla/5.0 (Windows NT 10.0; Win64; x64) Chrome/120.0.0.0"
10.0.0.1 - - [27/Jan/2025:14:06:36 +0000] "PUT /images/logo.png HTTP/1.1" 500 8665 "-" "Mozilla/5.0 (Windows NT 10.0; Win64; x64) Chrome/120.0.0.0"
10.0.0.1 - - [02/Sep/2024:00:59:41 +0000] "PUT /about HTTP/1.1" 200 9299 "-" "Mozilla/5.0 (X11; Linux x86_64) Firefox/120.0"
10.0.0.1 - - [04/Oct/2024:15:08:35 +0000] "PUT /cart HTTP/1.1" 200 7313 "-" "curl/7.68.0"
1.1.1.1 - - [14/Apr/2024:06:51:41 +0000] "DELETE /images/logo.png HTTP/1.1" 200 3323 "-" "curl/7.68.0"
8.8.8.8 - - [21/Mar/2024:23:36:07 +0000] "GET /admin HTTP/1.1" 200 8330 "-" "curl/7.68.0"
8.8.8.8 - - [14/Jul/2024:17:37:04 +0000] "GET /index.html HTTP/1.1" 404 7100 "-" "Mozilla/5.0 (Windows NT 10.0; Win64; x64) Chrome/120.0.0.0"
192.168.1.1 - - [13/Mar/2024:07:32:06 +0000] "DELETE /api/users HTTP/1.1" 200 1313 "-" "Mozilla/5.0 (iPhone; CPU iPhone OS 17_0 like Mac OS X)"
192.168.1.1 - - [24/Sep/2024:17:52:49 +0000] "GET /index.html HTTP/1.1" 500 6178 "-" "Mozilla/5.0 (X11; Linux x86_64) Firefox/120.0"
8.8.8.8 - - [24/Apr/2024:05:20:12 +0000] "GET /index.html HTTP/1.1" 200 1716 "-" "Mozilla/5.0 (Windows NT 10.0; Win64; x64) Chrome/120.0.0.0"
10.0.0.1 - - [06/Sep/2025:21:19:01 +0000] "DELETE /index.html HTTP/1.1" 200 2927 "-" "Mozilla/5.0 (iPhone; CPU iPhone OS 17_0 like Mac OS X)"
8.8.8.8 - - [27/Nov/2024:17:22:27 +0000] "POST /images/logo.png HTTP/1.1" 200 3164 "-" "Mozilla/5.0 (X11; Linux x86_64) Firefox/120.0"
8.8.8.8 - - [07/May/2024:23:28:53 +0000] "DELETE /products HTTP/1.1" 200 7105 "-" "curl/7.68.0"
192.168.1.1 - - [27/Dec/2024:18:43:28 +0000] "POST /admin HTTP/1.1" 200 8847 "-" "Mozilla/5.0 (Windows NT 10.0; Win64; x64) Chrome/120.0.0.0"
10.0.0.1 - - [26/May/2025:23:29:52 +0000] "GET /index.html HTTP/1.1" 200 789 "-" "Mozilla/5.0 (X11; Linux x86_64) Firefox/120.0"
8.8.8.8 - - [04/Jun/2024:01:34:05 +0000] "POST /about HTTP/1.1" 200 3777 "-" "Mozilla/5.0 (Macintosh; Intel Mac OS X 10_15_7) Safari/537.36"
192.168.1.1 - - [02/Jun/2024:04:20:41 +0000] "GET /images/logo.png HTTP/1.1" 301 2875 "-" "curl/7.68.0"
192.168.1.1 - - [01/Jun/2025:23:06:26 +0000] "POST /about HTTP/1.1" 301 8768 "-" "Mozilla/5.0 (Windows NT 10.0; Win64; x64) Chrome/120.0.0.0"
172.16.0.1 - - [09/Apr/2024:10:41:10 +0000] "PUT /products HTTP/1.1" 500 2712 "-" "Mozilla/5.0 (X11; Linux x86_64) Firefox/120.0"
1.1.1.1 - - [18/Jun/2024:03:16:43 +0000] "GET /api/users HTTP/1.1" 404 7061 "-" "Mozilla/5.0 (iPhone; CPU iPhone OS 17_0 like Mac OS X)"
1.1.1.1 - - [21/Sep/2024:18:33:31 +0000] "POST /index.html HTTP/1.1" 200 7396 "-" "Mozilla/5.0 (Windows NT 10.0; Win64; x64) Chrome/120.0.0.0"
8.8.8.8 - - [28/Dec/2024:12:51:23 +0000] "GET /index.html HTTP/1.1" 200 3776 "-" "curl/7.68.0"
192.168.1.1 - - [23/Feb/2024:07:17:48 +0000] "DELETE /cart HTTP/1.1" 200 1502 "-" "Mozilla/5.0 (X11; Linux x86_64) Firefox/120.0"
8.8.8.8 - - [20/Mar/2024:10:57:12 +0000] "GET /api/users HTTP/1.1" 200 6321 "-" "Mozilla/5.0 (iPhone; CPU iPhone OS 17_0 like Mac OS X)"
1.1.1.1 - - [24/Aug/2025:14:33:47 +0000] "GET /index.html HTTP/1.1" 404 6941 "-" "curl/7.68.0"
10.0.0.1 - - [13/May/2024:23:20:15 +0000] "PUT /products HTTP/1.1" 200 1539 "-" "Mozilla/5.0 (X11; Linux x86_64) Firefox/120.0"
8.8.8.8 - - [11/Aug/2025:08:59:56 +0000] "DELETE /images/logo.png HTTP/1.1" 200 749 "-" "Mozilla/5.0 (Windows NT 10.0; Win64; x64) Chrome/120.0.0.0"
172.16.0.1 - - [25/Aug/2024:19:56:36 +0000] "GET /products HTTP/1.1" 200 8758 "-" "Mozilla/5.0 (Windows NT 10.0; Win64; x64) Chrome/120.0.0.0"
192.168.1.1 - - [09/Oct/2025:20:24:58 +0000] "GET /api/users HTTP/1.1" 301 2774 "-" "Mozilla/5.0 (Macintosh; Intel Mac OS X 10_15_7) Safari/537.36"
172.16.0.1 - - [28/Oct/2024:00:30:54 +0000] "PUT /products HTTP/1.1" 200 4959 "-" "curl/7.68.0"
192.168.1.1 - - [23/Mar/2024:04:38:18 +0000] "POST /index.html HTTP/1.1" 500 6892 "-" "Mozilla/5.0 (Windows NT 10.0; Win64; x64) Chrome/120.0.0.0"
172.16.0.1 - - [09/Jan/2024:06:35:58 +0000] "DELETE /images/logo.png HTTP/1.1" 200 2530 "-" "curl/7.68.0"
10.0.0.1 - - [16/May/2025:18:05:21 +0000] "PUT /cart HTTP/1.1" 200 4179 "-" "Mozilla/5.0 (Windows NT 10.0; Win64; x64) Chrome/120.0.0.0"
172.16.0.1 - - [16/Apr/2024:19:17:30 +0000] "PUT /index.html HTTP/1.1" 500 7457 "-" "Mozilla/5.0 (Windows NT 10.0; Win64; x64) Chrome/120.0.0.0"
1.1.1.1 - - [17/Jul/2024:03:25:38 +0000] "DELETE /index.html HTTP/1.1" 500 1899 "-" "curl/7.68.0"
10.0.0.1 - - [21/Jan/2025:14:09:10 +0000] "POST /api/users HTTP/1.1" 404 8083 "-" "Mozilla/5.0 (X11; Linux x86_64) Firefox/120.0"
192.168.1.1 - - [27/Mar/2025:03:04:06 +0000] "DELETE /products HTTP/1.1" 200 1687 "-" "Mozilla/5.0 (Windows NT 10.0; Win64; x64) Chrome/120.0.0.0"
192.168.1.1 - - [25/Jan/2025:08:44:36 +0000] "DELETE /api/users HTTP/1.1" 301 1697 "-" "Mozilla/5.0 (X11; Linux x86_64) Firefox/120.0"
