172.16.0.1 - - [04/Mar/2025:11:14:42 +0000] "DELETE /about HTTP/1.1" 200 9687 "-" "Mozilla/5.0 (Windows NT 10.0; Win64; x64) Chrome/120.0.0.0"
10.0.0.1 - - [04/Jan/2025:04:48:51 +0000] "POST /index.html HTTP/1.1" 200 3827 "-" "Mozilla/5.0 (Macintosh; Intel Mac OS X 10_15_7) Safari/537.36"
10.0.0.1 - - [01/Dec/2025:18:56:25 +0000] "POST /index.html HTTP/1.1" 404 3750 "-" "Mozilla/5.0 (Macintosh; Intel Mac OS X 10_15_7) Safari/537.36"
10.0.0.1 - - [23/May/2025:06:12:47 +0000] "GET /about HTTP/1.1" 200 5073 "-" "Mozilla/5.0 (iPhone; CPU iPhone OS 17_0 like Mac OS X)"
8.8.8.8 - - [03/Oct/2025:03:03:32 +0000] "GET /images/logo.png HTTP/1.1" 301 1644 "-" "curl/7.68.0"
8.8.8.8 - - [15/May/2025:12:29:00 +0000] "PUT /about HTTP/1.1" 200 2907 "-" "curl/7.68.0"
8.8.8.8 - - [22/Oct/2025:15:35:48 +0000] "GET /admin HTTP/1.1" 200 8473 "-" "Mozilla/5.0 (Macintosh; Intel Mac OS X 10_15_7) Safari/537.36"
192.168.1.1 - - [09/Apr/2024:09:14:06 +0000] "POST /about HTTP/1.1" 404 4325 "-" "Mozilla/5.0 (Macintosh; Intel Mac OS X 10_15_7) Safari/537.36"
192.168.1.1 - - [23/May/2025:12:29:40 +0000] "PUT /api/users HTTP/1.1" 500 7711 "-" "curl/7.68.0"
10.0.0.1 - - [08/Oct/2025:17:54:18 +0000] "PUT /cart HTTP/1.1" 301 6505 "-" "curl/7.68.0"
8.8.8.8 - - [16/Feb/2025:00:47:41 +0000] "GET /products HTTP/1.1" 200 7122 "-" "Mozilla/5.0 (X11; Linux x86_64) Firefox/120.0"
10.0.0.1 - - [28/Jul/2024:06:11:24 +0000] "DELETE /products HTTP/1.1" 500 7713 "-" "Mozilla/5.0 (Windows NT 10.0; Win64; x64) Chrome/120.0.0.0"
10.0.0.1 - - [21/Apr/2024:09:14:07 +0000] "DELETE /admin HTTP/1.1" 200 3068 "-" "Mozilla/5.0 (Windows NT 10.0; Win64; x64) Chrome/120.0.0.0"
1.1.1.1 - - [15/Apr/2025:07:42:32 +0000] "DELETE /about HTTP/1.1" 301 9732 "-" "Mozilla/5.0 (Windows NT 10.0; Win64; x64) Chrome/120.0.0.0"
10.0.0.1 - - [10/Mar/2024:06:45:40 +0000] "GET /admin HTTP/1.1" 200 2295 "-" "Mozilla/5.0 (iPhone; CPU iPhone OS 17_0 like Mac OS X)"
172.16.0.1 - - [20/Jan/2025:19:07:25 +0000] "PUT /products HTTP/1.1" 301 895 "-" "Mozilla/5.0 (X11; Linux x86_64) Firefox/120.0"
192.168.1.1 - - [27/Mar/2025:21:09:18 +0000] "POST /about HTTP/1.1" 404 6088 "-" "Mozilla/5.0 (Macintosh; Intel Mac OS X 10_15_7) Safari/537.36"
8.8.8.8 - - [08/Jul/2024:02:34:59 +0000] "DELETE /products HTTP/1.1" 404 408 "-" "Mozilla/5.0 (Macintosh; Intel Mac OS X 10_15_7) Safari/537.36"
8.8.8.8 - - [20/Jun/2024:10:54:32 +0000] "POST /images/logo.png HTTP/1.1" 500 9015 "-" "Mozilla/5.0 (X11; Linux x86_64) Firefox/120.0"
192.168.1.1 - - [04/Mar/2024:13:26:04 +0000] "PUT /about HTTP/1.1" 200 9780 "-" "Mozilla/5.0 (iPhone; CPU iPhone OS 17_0 like Mac OS X)"
192.168.1.1 - - [11/Apr/2025:15:54:19 +0000] "GET /cart HTTP/1.1" 404 7912 "-" "Mozilla/5.0 (X11; Linux x86_64) Firefox/120.0"
1.1.1.1 - - [06/Apr/2025:20:51:32 +0000] "POST /cart HTTP/1.1" 301 6150 "-" "curl/7.68.0"
8.8.8.8 - - [19/Dec/2025:20:08:14 +0000] "POST /cart HTTP/1.1" 200 9190 "-" "Mozilla/5.0 (X11; Linux x86_64) Firefox/120.0"
8.8.8.8 - - [12/Jul/2025:03:34:34 +0000] "GET /images/logo.png HTTP/1.1" 200 2058 "-" "Mozilla/5.0 (X11; Linux x86_64) Firefox/120.0"
8.8.8.8 - - [20/Nov/2024:10:44:46 +0000] "PUT /admin HTTP/1.1" 200 6730 "-" "curl/7.68.0"
10.0.0.1 - - [10/Aug/2024:19:10:42 +0000] "GET /api/users HTTP/1.1" 200 7857 "-" "Mozilla/5.0 (iPhone; CPU iPhone OS 17_0 like Mac OS X)"
8.8.8.8 - - [23/Aug/2024:05:55:14 +0000] "GET /index.html HTTP/1.1" 301 7459 "-" "curl/7.68.0"
172.16.0.1 - - [28/Jan/2024:20:52:17 +0000] "POST /about HTTP/1.1" 200 7393 "-" "Mozilla/5.0 (X11; Linux x86_64) Firefox/120.0"
192.168.1.1 - - [15/Nov/2025:18:10:53 +0000] "POST /admin HTTP/1.1" 404 5229 "-" "Mozilla/5.0 (Windows NT 10.0; Win64; x64) Chrome/120.0.0.0"
172.16.0.1 - - [24/Mar/2024:02:45:21 +0000] "POST /images/logo.png HTTP/1.1" 500 1896 "-" "Mozilla/5.0 (Macintosh; Intel Mac OS X 10_15_7) Safari/537.36"
1.1.1.1 - - [12/Jan/2024:01:22:46 +0000] "PUT /cart HTTP/1.1" 200 6077 "-" "Mozilla/5.0 (Macintosh; Intel Mac OS X 10_15_7) Safari/537.36"
172.16.0.1 - - [11/Jul/2025:19:05:58 +0000] "POST /index.html HTTP/1.1" 200 9589 "-" "curl/7.68.0"
1.1.1.1 - - [04/Jun/2024:19:19:12 +0000] "GET /admin HTTP/1.1" 200 7687 "-" "Mozilla/5.0 (X11; Linux x86_64) Firefox/120.0"
192.168.1.1 - - [05/Oct/2024:14:48:10 +0000] "GET /products HTTP/1.1" 200 3020 "-" "Mozilla/5.0 (iPhone; CPU iPhone OS 17_0 like Mac OS X)"
172.16.0.1 - - [03/Feb/2024:03:14:15 +0000] "PUT /api/users HTTP/1.1" 404 7816 "-" "curl/7.68.0"
8.8.8.8 - - [05/Mar/2024:01:36:23 +0000] "PUT /products HTTP/1.1" 500 6047 "-" "Mozilla/5.0 (iPhone; CPU iPhone OS 17_0 like Mac OS X)"
10.0.0.1 - - [13/Dec/2025:17:37:59 +0000] "DELETE /images/logo.png HTTP/1.1" 200 5376 "-" "Mozilla/5.0 (Macintosh; Intel Mac OS X 10_15_7) Safari/537.36"
172.16.0.1 - - [21/Mar/2025:12:32:50 +0000] "PUT /api/users HTTP/1.1" 200 4387 "-" "curl/7.68.0"
10.0.0.1 - - [09/Jan/2024:06:55:40 +0000] "PUT /about HTTP/1.1" 500 2955 "-" "Mozilla/5.0 (X11; Linux x86_64) Firefox/120.0"
8.8.8.8 - - [23/Dec/2025:18:05:30 +0000] "DELETE /products HTTP/1.1" 500 3983 "-" "Mozilla/5.0 (Windows NT 10.0; Win64; x64) Chrome/120.0.0.0"
10.0.0.1 - - [28/Dec/2024:16:45:21 +0000] "POST /cart HTTP/1.1" 200 2245 "-" "Mozilla/5.0 (Macintosh; Intel Mac OS X 10_15_7) Safari/537.36"
1.1.1.1 - - [05/Apr/2024:02:30:01 +0000] "DELETE /api/users HTTP/1.1" 200 2463 "-" "Mozilla/5.0 (X11; Linux x86_64) Firefox/120.0"
192.168.1.1 - - [14/Oct/2024:20:18:51 +0000] "DELETE /index.html HTTP/1.1" 200 1595 "-" "Mozilla/5.0 (Macintosh; Intel Mac OS X 10_15_7) Safari/537.36"
172.16.0.1 - - [14/Jan/2024:08:09:19 +0000] "POST /cart HTTP/1.1" 200 2885 "-" "Mozilla/5.0 (Macintosh; Intel Mac OS X 10_15_7) Safari/537.36"
10.0.0.1 - - [01/Jul/2025:07:57:18 +0000] "GET /admin HTTP/1.1" 200 3178 "-" "Mozilla/5.0 (Macintosh; Intel Mac OS X 10_15_7) Safari/537.36"
192.168.1.1 - - [07/Jul/2024:03:03:53 +0000] "PUT /images/logo.png HTTP/1.1" 200 3721 "-" "Mozilla/5.0 (Macintosh; Intel Mac OS X 10_15_7) Safari/537.36"
1.1.1.1 - - [25/Oct/2025:23:10:16 +0000] "GET /about HTTP/1.1" 500 8443 "-" "curl/7.68.0"
1.1.1.1 - - [27/Jun/2024:06:52:45 +0000] "GET /index.html HTTP/1.1" 301 6960 "-" "Mozilla/5.0 (X11; Linux x86_64) Firefox/120.0"
172.16.0.1 - - [08/Jul/2024:11:28:10 +0000] "PUT /about HTTP/1.1" 200 1863 "-" "Mozilla/5.0 (Macintosh; Intel Mac OS X 10_15_7) Safari/537.36"
1.1.1.1 - - [28/Sep/2025:15:32:55 +0000] "PUT /admin HTTP/1.1" 404 8499 "-" "curl/7.68.0"
10.0.0.1 - - [05/Oct/2024:07:30:24 +0000] "DELETE /cart HTTP/1.1" 200 8960 "-" "Mozilla/5.0 (X11; Linux x86_64) Firefox/120.0"
172.16.0.1 - - [03/Feb/2024:09:54:38 +0000] "DELETE /api/users HTTP/1.1" 200 5034 "-" "curl/7.68.0"
172.16.0.1 - - [17/Apr/2025:14:32:50 +0000] "POST /products HTTP/1.1" 200 5562 "-" "Mozilla/5.0 (iPhone; CPU iPhone OS 17_0 like Mac OS X)"
8.8.8.8 - - [17/Jul/2025:03:36:37 +0000] "PUT /images/logo.png HTTP/1.1" 200 9777 "-" "Mozilla/5.0 (Windows NT 10.0; Win64; x64) Chrome/120.0.0.0"
10.0.0.1 - - [14/Feb/2025:01:23:59 +0000] "PUT /images/logo.png HTTP/1.1" 200 3776 "-" "Mozilla/5.0 (iPhone; CPU iPhone OS 17_0 like Mac OS X)"
8.8.8.8 - - [12/Jun/2025:09:04:50 +0000] "POST /admin HTTP/1.1" 500 3500 "-" "Mozilla/5.0 (X11; Linux x86_64) Firefox/120.0"
1.1.1.1 - - [28/Nov/2024:02:45:25 +0000] "PUT /images/logo.png HTTP/1.1" 500 7550 "-" "Mozilla/5.0 (Windows NT 10.0; Win64; x64) Chrome/120.0.0.0"
172.16.0.1 - - [26/May/2024:23:53:52 +0000] "DELETE /api/users HTTP/1.1" 200 1702 "-" "Mozilla/5.0 (X11; Linux x86_64) Firefox/120.0"
172.16.0.1 - - [13/May/2025:20:27:50 +0000] "PUT /products HTTP/1.1" 200 551 "-" "curl/7.68.0"
1.1.1.1 - - [08/Apr/2025:22:53:11 +0000] "DELETE /products HTTP/1.1" 200 7284 "-" "Mozilla/5.0 (Windows NT 10.0; Win64; x64) Chrome/120.0.0.0"
192.168.1.1 - - [27/Sep/2024:19:47:36 +0000] "PUT /cart HTTP/1.1" 301 1251 "-" "Mozilla/5.0 (Macintosh; Intel Mac OS X 10_15_7) Safari/537.36"
192.168.1.1 - - [12/Jun/2025:21:15:46 +0000] "GET /images/logo.png HTTP/1.1" 500 3137 "-" "Mozilla/5.0 (Macintosh; Intel Mac OS X 10_15_7) Safari/537.36"
192.168.1.1 - - [10/Dec/2025:07:50:19 +0000] "GET /index.html HTTP/1.1" 301 7167 "-" "Mozilla/5.0 (iPhone; CPU iPhone OS 17_0 like Mac OS X)"
192.168.1.1 - - [10/Jun/2025:11:13:38 +0000] "POST /products HTTP/1.1" 404 5818 "-" "Mozilla/5.0 (Macintosh; Intel Mac OS X 10_15_7) Safari/537.36"
10.0.0.1 - - [19/Dec/2025:17:47:34 +0000] "POST /products HTTP/1.1" 200 940 "-" "Mozilla/5.0 (Windows NT 10.0; Win64; x64) Chrome/120.0.0.0"
172.16.0.1 - - [03/Jun/2024:12:28:40 +0000] "POST /about HTTP/1.1" 404 4999 "-" "Mozilla/5.0 (X11; Linux x86_64) Firefox/120.0"
8.8.8.8 - - [16/Dec/2024:17:02:59 +0000] "DELETE /api/users HTTP/1.1" 500 8124 "-" "Mozilla/5.0 (X11; Linux x86_64) Firefox/120.0"
1.1.1.1 - - [13/May/2024:07:48:37 +0000] "DELETE /api/users HTTP/1.1" 301 4176 "-" "Mozilla/5.0 (Macintosh; Intel Mac OS X 10_15_7) Safari/537.36"
10.0.0.1 - - [10/Oct/2025:21:09:58 +0000] "POST /admin HTTP/1.1" 301 4356 "-" "Mozilla/5.0 (iPhone; CPU iPhone OS 17_0 like Mac OS X)"
192.168.1.1 - - [17/Jan/2024:22:40:02 +0000] "DELETE /api/users HTTP/1.1" 404 9629 "-" "Mozilla/5.0 (X11; Linux x86_64) Firefox/120.0"
10.0.0.1 - - [18/Aug/2024:23:31:11 +0000] "PUT /cart HTTP/1.1" 200 3213 "-" "Mozilla/5.0 (Macintosh; Intel Mac OS X 10_15_7) Safari/537.36"
192.168.1.1 - - [01/May/2024:06:53:16 +0000] "PUT /api/users HTTP/1.1" 200 1781 "-" "curl/7.68.0"
10.0.0.1 - - [12/Mar/2024:05:33:59 +0000] "GET /index.html HTTP/1.1" 200 720 "-" "Mozilla/5.0 (iPhone; CPU iPhone OS 17_0 like Mac OS X)"
1.1.1.1 - - [15/Jan/2025:15:44:41 +0000] "POST /cart HTTP/1.1" 404 4469 "-" "Mozilla/5.0 (iPhone; CPU iPhone OS 17_0 like Mac OS X)"
8.8.8.8 - - [05/Jan/2024:01:56:17 +0000] "PUT /cart HTTP/1.1" 200 7712 "-" "curl/7.68.0"
10.0.0.1 - - [25/Mar/2025:20:50:19 +0000] "GET /images/logo.png HTTP/1.1" 301 2428 "-" "curl/7.68.0"
172.16.0.1 - - [07/Dec/2025:10:45:05 +0000] "PUT /index.html HTTP/1.1" 200 807 "-" "Mozilla/5.0 (Macintosh; Intel Mac OS X 10_15_7) Safari/537.36"
1.1.1.1 - - [01/Apr/2025:06:27:53 +0000] "PUT /index.html HTTP/1.1" 200 8040 "-" "Mozilla/5.0 (X11; Linux x86_64) Firefox/120.0"
10.0.0.1 - - [09/Nov/2025:09:04:55 +0000] "POST /about HTTP/1.1" 500 126 "-" "Mozilla/5.0 (Macintosh; Intel Mac OS X 10_15_7) Safari/537.36"
192.168.1.1 - - [14/Oct/2024:10:15:53 +0000] "PUT /admin HTTP/1.1" 200 4395 "-" "Mozilla/5.0 (Macintosh; Intel Mac OS X 10_15_7) Safari/537.36"
172.16.0.1 - - [04/May/2024:01:36:29 +0000] "PUT /images/logo.png HTTP/1.1" 500 2323 "-" "Mozilla/5.0 (Macintosh; Intel Mac OS X 10_15_7) Safari/537.36"
8.8.8.8 - - [28/Sep/2025:00:54:24 +0000] "GET /cart HTTP/1.1" 200 1167 "-" "curl/7.68.0"
1.1.1.1 - - [04/Oct/2025:04:29:55 +0000] "DELETE /admin HTTP/1.1" 404 3491 "-" "curl/7.68.0"
10.0.0.1 - - [26/Nov/2025:01:08:37 +0000] "PUT /index.html HTTP/1.1" 500 9587 "-" "Mozilla/5.0 (iPhone; CPU iPhone OS 17_0 like Mac OS X)"
172.16.0.1 - - [18/Apr/2024:01:39:08 +0000] "PUT /admin HTTP/1.1" 301 6446 "-" "curl/7.68.0"
8.8.8.8 - - [18/Mar/2025:20:52:26 +0000] "DELETE /api/users HTTP/1.1" 200 1773 "-" "Mozilla/5.0 (X11; Linux x86_64) Firefox/120.0"
1.1.1.1 - - [03/Mar/2024:15:47:21 +0000] "DELETE /products HTTP/1.1" 200 989 "-" "Mozilla/5.0 (Macintosh; Intel Mac OS X 10_15_7) Safari/537.36"
10.0.0.1 - - [24/Dec/2024:15:09:39 +0000] "PUT /api/users HTTP/1.1" 500 7252 "-" "curl/7.68.0"
192.168.1.1 - - [01/Dec/2024:23:50:48 +0000] "PUT /api/users HTTP/1.1" 301 8814 "-" "curl/7.68.0"
1.1.1.1 - - [07/Aug/2024:19:52:18 +0000] "PUT /about HTTP/1.1" 200 4113 "-" "curl/7.68.0"
10.0.0.1 - - [11/Apr/2025:18:18:23 +0000] "GET /about HTTP/1.1" 200 5372 "-" "Mozilla/5.0 (iPhone; CPU iPhone OS 17_0 like Mac OS X)"
1.1.1.1 - - [20/Oct/2024:04:44:54 +0000] "DELETE /about HTTP/1.1" 200 3754 "-" "curl/7.68.0"
10.0.0.1 - - [19/Feb/2024:20:07:28 +0000] "POST /images/logo.png HTTP/1.1" 200 8301 "-" "Mozilla/5.0 (iPhone; CPU iPhone OS 17_0 like Mac OS X)"
192.168.1.1 - - [04/Nov/2024:17:13:53 +0000] "POST /about HTTP/1.1" 200 8049 "-" "curl/7.68.0"
172.16.0.1 - - [04/Apr/2024:00:54:37 +0000] "GET /images/logo.png HTTP/1.1" 200 3930 "-" "Mozilla/5.0 (Windows NT 10.0; Win64; x64) Chrome/120.0.0.0"
10.0.0.1 - - [09/Nov/2024:05:59:57 +0000] "PUT /about HTTP/1.1" 200 3037 "-" "Mozilla/5.0 (Macintosh; Intel Mac OS X 10_15_7) Safari/537.36"
10.0.0.1 - - [01/Jun/2024:01:38:25 +0000] "PUT /admin HTTP/1.1" 404 8809 "-" "Mozilla/5.0 (Windows NT 10.0; Win64; x64) Chrome/120.0.0.0"
1.1.1.1 - - [12/Jan/2024:11:23:10 +0000] "DELETE /about HTTP/1.1" 404 6915 "-" "Mozilla/5.0 (Macintosh; Intel Mac OS X 10_15_7) Safari/537.36"
192.168.1.1 - - [18/Sep/2025:19:14:39 +0000] "PUT /admin HTTP/1.1" 301 8449 "-" "Mozilla/5.0 (Windows NT 10.0; Win64; x64) Chrome/120.0.0.0"
1.1.1.1 - - [08/Aug/2025:18:09:34 +0000] "GET /admin HTTP/1.1" 200 7321 "-" "curl/7.68.0"
192.168.1.1 - - [21/Sep/2024:03:51:02 +0000] "PUT /products HTTP/1.1" 200 6101 "-" "Mozilla/5.0 (iPhone; CPU iPhone OS 17_0 like Mac OS X)"
192.168.1.1 - - [02/Jun/2024:05:32:17 +0000] "GET /about HTTP/1.1" 404 2668 "-" "Mozilla/5.0 (Windows NT 10.0; Win64; x64) Chrome/120.0.0.0"
10.0.0.1 - - [02/Jan/2025:03:09:56 +0000] "DELETE /admin HTTP/1.1" 404 172 "-" "Mozilla/5.0 (Macintosh; Intel Mac OS X 10_15_7) Safari/537.36"
10.0.0.1 - - [27/Feb/2025:15:26:53 +0000] "PUT /about HTTP/1.1" 200 8599 "-" "Mozilla/5.0 (iPhone; CPU iPhone OS 17_0 like Mac OS X)"
192.168.1.1 - - [21/Nov/2025:11:48:38 +0000] "GET /index.html HTTP/1.1" 500 2884 "-" "Mozilla/5.0 (Macintosh; Intel Mac OS X 10_15_7) Safari/537.36"
172.16.0.1 - - [12/Jul/2024:18:28:43 +0000] "DELETE /cart HTTP/1.1" 301 9424 "-" "Mozilla/5.0 (Windows NT 10.0; Win64; x64) Chrome/120.0.0.0"
10.0.0.1 - - [03/May/2024:03:41:49 +0000] "POST /index.html HTTP/1.1" 200 7889 "-" "Mozilla/5.0 (Windows NT 10.0; Win64; x64) Chrome/120.0.0.0"
1.1.1.1 - - [20/Aug/2025:23:26:34 +0000] "PUT /api/users HTTP/1.1" 200 4741 "-" "Mozilla/5.0 (Windows NT 10.0; Win64; x64) Chrome/120.0.0.0"
192.168.1.1 - - [24/Jan/2024:00:04:27 +0000] "PUT /admin HTTP/1.1" 200 9403 "-" "Mozilla/5.0 (X11; Linux x86_64) Firefox/120.0"
1.1.1.1 - - [28/Sep/2024:13:43:50 +0000] "PUT /index.html HTTP/1.1" 200 4246 "-" "curl/7.68.0"
172.16.0.1 - - [09/Dec/2025:08:54:45 +0000] "POST /index.html HTTP/1.1" 200 8243 "-" "Mozilla/5.0 (Macintosh; Intel Mac OS X 10_15_7) Safari/537.36"
192.168.1.1 - - [21/Oct/2025:02:34:25 +0000] "PUT /index.html HTTP/1.1" 200 446 "-" "Mozilla/5.0 (Windows NT 10.0; Win64; x64) Chrome/120.0.0.0"
192.168.1.1 - - [19/May/2024:20:37:04 +0000] "PUT /admin HTTP/1.1" 200 3466 "-" "curl/7.68.0"
10.0.0.1 - - [23/Sep/2024:12:30:31 +0000] "GET /api/users HTTP/1.1" 200 1303 "-" "Mozilla/5.0 (Windows NT 10.0; Win64; x64) Chrome/120.0.0.0"
172.16.0.1 - - [20/Sep/2025:22:30:06 +0000] "GET /cart HTTP/1.1" 200 8579 "-" "curl/7.68.0"
10.0.0.1 - - [14/May/2025:18:57:34 +0000] "DELETE /cart HTTP/1.1" 200 576 "-" "Mozilla/5.0 (Macintosh; Intel Mac OS X 10_15_7) Safari/537.36"
1.1.1.1 - - [25/May/2025:05:53:11 +0000] "POST /about HTTP/1.1" 200 6839 "-" "curl/7.68.0"
8.8.8.8 - - [16/Sep/2024:05:06:09 +0000] "POST /images/logo.png HTTP/1.1" 200 9384 "-" "Mozilla/5.0 (iPhone; CPU iPhone OS 17_0 like Mac OS X)"
192.168.1.1 - - [22/Jan/2024:20:55:40 +0000] "PUT /products HTTP/1.1" 200 7286 "-" "Mozilla/5.0 (X11; Linux x86_64) Firefox/120.0"
192.168.1.1 - - [25/Mar/2024:13:05:26 +0000] "PUT /about HTTP/1.1" 200 8993 "-" "Mozilla/5.0 (iPhone; CPU iPhone OS 17_0 like Mac OS X)"
8.8.8.8 - - [06/Apr/2024:04:58:43 +0000] "PUT /images/logo.png HTTP/1.1" 500 4462 "-" "Mozilla/5.0 (Windows NT 10.0; Win64; x64) Chrome/120.0.0.0"
8.8.8.8 - - [04/Feb/2025:16:50:31 +0000] "PUT /api/users HTTP/1.1" 301 6409 "-" "Mozilla/5.0 (X11; Linux x86_64) Firefox/120.0"
10.0.0.1 - - [14/Sep/2024:09:36:13 +0000] "DELETE /index.html HTTP/1.1" 404 4940 "-" "curl/7.68.0"
1.1.1.1 - - [20/Aug/2025:20:55:43 +0000] "GET /api/users HTTP/1.1" 200 9266 "-" "Mozilla/5.0 (X11; Linux x86_64) Firefox/120.0"
8.8.8.8 - - [08/Sep/2024:16:54:26 +0000] "PUT /cart HTTP/1.1" 200 7975 "-" "curl/7.68.0"
10.0.0.1 - - [15/Apr/2025:17:55:39 +0000] "POST /about HTTP/1.1" 500 9303 "-" "Mozilla/5.0 (Windows NT 10.0; Win64; x64) Chrome/120.0.0.0"
1.1.1.1 - - [07/May/2025:17:18:35 +0000] "DELETE /images/logo.png HTTP/1.1" 200 2399 "-" "Mozilla/5.0 (iPhone; CPU iPhone OS 17_0 like Mac OS X)"
1.1.1.1 - - [21/Jan/2024:09:27:18 +0000] "PUT /about HTTP/1.1" 200 8443 "-" "Mozilla/5.0 (X11; Linux x86_64) Firefox/120.0"
10.0.0.1 - - [01/Apr/2024:08:15:00 +0000] "DELETE /admin HTTP/1.1" 500 6012 "-" "Mozilla/5.0 (Macintosh; Intel Mac OS X 10_15_7) Safari/537.36"
172.16.0.1 - - [11/Oct/2024:00:33:21 +0000] "GET /index.html HTTP/1.1" 200 5527 "-" "Mozilla/5.0 (Macintosh; Intel Mac OS X 10_15_7) Safari/537.36"
8.8.8.8 - - [22/May/2024:13:20:38 +0000] "POST /index.html HTTP/1.1" 404 2662 "-" "Mozilla/5.0 (iPhone; CPU iPhone OS 17_0 like Mac OS X)"
172.16.0.1 - - [15/Sep/2024:23:09:31 +0000] "GET /index.html HTTP/1.1" 200 2410 "-" "Mozilla/5.0 (Windows NT 10.0; Win64; x64) Chrome/120.0.0.0"
1.1.1.1 - - [08/Jul/2024:13:34:52 +0000] "PUT /products HTTP/1.1" 404 5015 "-" "curl/7.68.0"
8.8.8.8 - - [16/Feb/2025:20:06:51 +0000] "GET /index.html HTTP/1.1" 200 9082 "-" "Mozilla/5.0 (Windows NT 10.0; Win64; x64) Chrome/120.0.0.0"
172.16.0.1 - - [18/Aug/2024:20:04:07 +0000] "DELETE /images/logo.png HTTP/1.1" 301 196 "-" "Mozilla/5.0 (iPhone; CPU iPhone OS 17_0 like Mac OS X)"
8.8.8.8 - - [13/Mar/2024:17:46:01 +0000] "GET /products HTTP/1.1" 404 1733 "-" "curl/7.68.0"
8.8.8.8 - - [15/May/2025:00:31:30 +0000] "DELETE /images/logo.png HTTP/1.1" 200 6677 "-" "curl/7.68.0"
192.168.1.1 - - [26/May/2025:08:45:01 +0000] "GET /admin HTTP/1.1" 500 123 "-" "Mozilla/5.0 (Windows NT 10.0; Win64; x64) Chrome/120.0.0.0"
8.8.8.8 - - [17/Apr/2024:12:21:21 +0000] "DELETE /images/logo.png HTTP/1.1" 200 835 "-" "Mozilla/5.0 (Windows NT 10.0; Win64; x64) Chrome/120.0.0.0"
8.8.8.8 - - [03/Jan/2025:17:43:49 +0000] "POST /cart HTTP/1.1" 301 2691 "-" "Mozilla/5.0 (X11; Linux x86_64) Firefox/120.0"
8.8.8.8 - - [21/Dec/2025:11:28:12 +0000] "PUT /products HTTP/1.1" 200 1163 "-" "Mozilla/5.0 (X11; Linux x86_64) Firefox/120.0"
1.1.1.1 - - [22/Feb/2025:07:26:58 +0000] "GET /admin HTTP/1.1" 200 2865 "-" "Mozilla/5.0 (iPhone; CPU iPhone OS 17_0 like Mac OS X)"
10.0.0.1 - - [25/Aug/2025:00:44:35 +0000] "GET /images/logo.png HTTP/1.1" 301 3393 "-" "Mozilla/5.0 (Macintosh; Intel Mac OS X 10_15_7) Safari/537.36"
1.1.1.1 - - [15/Feb/2024:00:47:32 +0000] "GET /cart HTTP/1.1" 404 6663 "-" "Mozilla/5.0 (Windows NT 10.0; Win64; x64) Chrome/120.0.0.0"
10.0.0.1 - - [09/Aug/2024:22:00:23 +0000] "PUT /about HTTP/1.1" 200 10093 "-" "curl/7.68.0"
192.168.1.1 - - [21/Jun/2025:06:04:27 +0000] "PUT /images/logo.png HTTP/1.1" 500 1535 "-" "Mozilla/5.0 (iPhone; CPU iPhone OS 17_0 like Mac OS X)"
1.1.1.1 - - [12/Dec/2025:07:43:59 +0000] "POST /about HTTP/1.1" 200 9926 "-" "Mozilla/5.0 (Windows NT 10.0; Win64; x64) Chrome/120.0.0.0"
192.168.1.1 - - [07/Apr/2025:18:30:15 +0000] "GET /images/logo.png HTTP/1.1" 200 6026 "-" "Mozilla/5.0 (iPhone; CPU iPhone OS 17_0 like Mac OS X)"
10.0.0.1 - - [14/Oct/2024:18:29:36 +0000] "PUT /admin HTTP/1.1" 200 4878 "-" "Mozilla/5.0 (iPhone; CPU iPhone OS 17_0 like Mac OS X)"
8.8.8.8 - - [05/May/2024:17:22:17 +0000] "PUT /admin HTTP/1.1" 200 2147 "-" "Mozilla/5.0 (X11; Linux x86_64) Firefox/120.0"
8.8.8.8 - - [21/Sep/2025:08:33:39 +0000] "GET /images/logo.png HTTP/1.1" 200 9118 "-" "Mozilla/5.0 (iPhone; CPU iPhone OS 17_0 like Mac OS X)"
1.1.1.1 - - [04/Sep/2024:14:06:57 +0000] "PUT /about HTTP/1.1" 404 10001 "-" "curl/7.68.0"
172.16.0.1 - - [26/May/2024:20:08:42 +0000] "DELETE /admin HTTP/1.1" 301 5683 "-" "Mozilla/5.0 (X11; Linux x86_64) Firefox/120.0"
192.168.1.1 - - [26/Apr/2025:18:35:16 +0000] "PUT /cart HTTP/1.1" 301 8316 "-" "Mozilla/5.0 (Windows NT 10.0; Win64; x64) Chrome/120.0.0.0"
192.168.1.1 - - [08/Aug/2024:23:24:09 +0000] "POST /cart HTTP/1.1" 200 8383 "-" "Mozilla/5.0 (Windows NT 10.0; Win64; x64) Chrome/120.0.0.0"
10.0.0.1 - - [23/Nov/2024:03:02:20 +0000] "GET /images/logo.png HTTP/1.1" 301 4999 "-" "Mozilla/5.0 (Macintosh; Intel Mac OS X 10_15_7) Safari/537.36"
10.0.0.1 - - [14/Jul/2025:09:14:48 +0000] "DELETE /images/logo.png HTTP/1.1" 200 4418 "-" "Mozilla/5.0 (X11; Linux x86_64) Firefox/120.0"
192.168.1.1 - - [28/Aug/2025:00:27:48 +0000] "POST /admin HTTP/1.1" 200 9574 "-" "curl/7.68.0"
1.1.1.1 - - [03/May/2024:09:18:52 +0000] "DELETE /images/logo.png HTTP/1.1" 200 6876 "-" "Mozilla/5.0 (Windows NT 10.0; Win64; x64) Chrome/120.0.0.0"
172.16.0.1 - - [27/May/2025:18:53:18 +0000] "DELETE /api/users HTTP/1.1" 200 1168 "-" "Mozilla/5.0 (Macintosh; Intel Mac OS X 10_15_7) Safari/537.36"
172.16.0.1 - - [09/Dec/2024:02:50:04 +0000] "GET /products HTTP/1.1" 500 3390 "-" "Mozilla/5.0 (Windows NT 10.0; Win64; x64) Chrome/120.0.0.0"
172.16.0.1 - - [20/Oct/2024:20:41:13 +0000] "GET /index.html HTTP/1.1" 301 9265 "-" "curl/7.68.0"
172.16.0.1 - - [20/May/2025:04:19:45 +0000] "POST /images/logo.png HTTP/1.1" 200 8270 "-" "Mozilla/5.0 (Macintosh; Intel Mac OS X 10_15_7) Safari/537.36"
172.16.0.1 - - [17/Aug/2025:15:40:59 +0000] "GET /products HTTP/1.1" 301 7215 "-" "Mozilla/5.0 (X11; Linux x86_64) Firefox/120.0"
10.0.0.1 - - [02/Jul/2024:16:18:12 +0000] "GET /index.html HTTP/1.1" 200 5127 "-" "Mozilla/5.0 (Macintosh; Intel Mac OS X 10_15_7) Safari/537.36"
8.8.8.8 - - [15/Mar/2025:10:33:41 +0000] "DELETE /cart HTTP/1.1" 200 7577 "-" "Mozilla/5.0 (iPhone; CPU iPhone OS 17_0 like Mac OS X)"
192.168.1.1 - - [13/Dec/2025:23:37:30 +0000] "POST /images/logo.png HTTP/1.1" 200 8619 "-" "Mozilla/5.0 (Macintosh; Intel Mac OS X 10_15_7) Safari/537.36"
8.8.8.8 - - [09/Jun/2025:00:54:30 +0000] "POST /api/users HTTP/1.1" 404 5925 "-" "Mozilla/5.0 (Macintosh; Intel Mac OS X 10_15_7) Safari/537.36"
172.16.0.1 - - [12/Feb/2025:00:45:14 +0000] "GET /about HTTP/1.1" 301 538 "-" "Mozilla/5.0 (Macintosh; Intel Mac OS X 10_15_7) Safari/537.36"
192.168.1.1 - - [27/Oct/2024:13:36:50 +0000] "POST /products HTTP/1.1" 200 1146 "-" "Mozilla/5.0 (Windows NT 10.0; Win64; x64) Chrome/120.0.0.0"
8.8.8.8 - - [20/Dec/2025:09:32:57 +0000] "PUT /products HTTP/1.1" 500 8273 "-" "Mozilla/5.0 (X11; Linux x86_64) Firefox/120.0"
1.1.1.1 - - [25/Feb/2025:22:40:47 +0000] "PUT /cart HTTP/1.1" 404 1806 "-" "Mozilla/5.0 (iPhone; CPU iPhone OS 17_0 like Mac OS X)"
1.1.1.1 - - [09/Feb/2024:16:10:25 +0000] "DELETE /admin HTTP/1.1" 200 2724 "-" "curl/7.68.0"
192.168.1.1 - - [21/Feb/2024:03:17:55 +0000] "GET /products HTTP/1.1" 200 9615 "-" "Mozilla/5.0 (Macintosh; Intel Mac OS X 10_15_7) Safari/537.36"
1.1.1.1 - - [19/Feb/2024:14:49:18 +0000] "POST /index.html HTTP/1.1" 301 5238 "-" "Mozilla/5.0 (X11; Linux x86_64) Firefox/120.0"
8.8.8.8 - - [01/Jun/2024:01:14:22 +0000] "DELETE /cart HTTP/1.1" 200 3385 "-" "curl/7.68.0"
8.8.8.8 - - [08/Dec/2024:09:21:35 +0000] "DELETE /images/logo.png HTTP/1.1" 200 4952 "-" "curl/7.68.0"
192.168.1.1 - - [01/Feb/2025:04:33:56 +0000] "DELETE /api/users HTTP/1.1" 200 8024 "-" "curl/7.68.0"
1.1.1.1 - - [23/Oct/2025:04:42:14 +0000] "GET /products HTTP/1.1" 404 675 "-" "Mozilla/5.0 (Macintosh; Intel Mac OS X 10_15_7) Safari/537.36"
172.16.0.1 - - [26/Apr/2025:15:50:02 +0000] "GET /about HTTP/1.1" 404 6018 "-" "Mozilla/5.0 (iPhone; CPU iPhone OS 17_0 like Mac OS X)"
10.0.0.1 - - [11/Jan/2024:16:38:30 +0000] "GET /admin HTTP/1.1" 200 9506 "-" "Mozilla/5.0 (Macintosh; Intel Mac OS X 10_15_7) Safari/537.36"
1.1.1.1 - - [26/Apr/2024:23:55:04 +0000] "DELETE /images/logo.png HTTP/1.1" 500 1785 "-" "curl/7.68.0"
10.0.0.1 - - [09/Oct/2024:19:57:59 +0000] "POST /cart HTTP/1.1" 200 932 "-" "Mozilla/5.0 (X11; Linux x86_64) Firefox/120.0"
172.16.0.1 - - [23/May/2024:02:23:07 +0000] "GET /products HTTP/1.1" 200 6644 "-" "curl/7.68.0"
10.0.0.1 - - [05/Apr/2024:12:07:43 +0000] "PUT /cart HTTP/1.1" 301 2226 "-" "Mozilla/5.0 (iPhone; CPU iPhone OS 17_0 like Mac OS X)"
172.16.0.1 - - [10/Mar/2024:08:09:25 +0000] "PUT /cart HTTP/1.1" 301 3724 "-" "Mozilla/5.0 (Windows NT 10.0; Win64; x64) Chrome/120.0.0.0"
172.16.0.1 - - [06/Jan/2025:00:29:47 +0000] "POST /cart HTTP/1.1" 404 7453 "-" "Mozilla/5.0 (iPhone; CPU iPhone OS 17_0 like Mac OS X)"
8.8.8.8 - - [17/Jan/2024:15:29:21 +0000] "GET /api/users HTTP/1.1" 200 1559 "-" "Mozilla/5.0 (X11; Linux x86_64) Firefox/120.0"
1.1.1.1 - - [24/Oct/2025:02:35:43 +0000] "POST /products HTTP/1.1" 404 6824 "-" "curl/7.68.0"
172.16.0.1 - - [27/Dec/2025:06:53:51 +0000] "POST /admin HTTP/1.1" 404 4179 "-" "curl/7.68.0"
8.8.8.8 - - [15/Mar/2025:07:48:51 +0000] "DELETE /api/users HTTP/1.1" 200 9385 "-" "Mozilla/5.0 (iPhone; CPU iPhone OS 17_0 like Mac OS X)"
192.168.1.1 - - [23/Mar/2025:03:33:49 +0000] "POST /products HTTP/1.1" 500 8345 "-" "Mozilla/5.0 (Windows NT 10.0; Win64; x64) Chrome/120.0.0.0"
1.1.1.1 - - [07/May/2025:18:32:52 +0000] "GET /images/logo.png HTTP/1.1" 301 6684 "-" "curl/7.68.0"
8.8.8.8 - - [22/Oct/2025:22:23:43 +0000] "PUT /index.html HTTP/1.1" 200 10009 "-" "Mozilla/5.0 (X11; Linux x86_64) Firefox/120.0"
192.168.1.1 - - [19/Sep/2024:23:17:14 +0000] "DELETE /products HTTP/1.1" 500 9542 "-" "curl/7.68.0"
10.0.0.1 - - [22/Feb/2025:23:24:34 +0000] "POST /images/logo.png HTTP/1.1" 301 7168 "-" "Mozilla/5.0 (X11; Linux x86_64) Firefox/120.0"
1.1.1.1 - - [08/May/2025:17:35:13 +0000] "GET /admin HTTP/1.1" 200 6480 "-" "Mozilla/5.0 (iPhone; CPU iPhone OS 17_0 like Mac OS X)"
10.0.0.1 - - [09/Jan/2024:14:51:18 +0000] "DELETE /images/logo.png HTTP/1.1" 404 4437 "-" "Mozilla/5.0 (Macintosh; Intel Mac OS X 10_15_7) Safari/537.36"
10.0.0.1 - - [15/Feb/2024:20:25:19 +0000] "PUT /api/users HTTP/1.1" 200 3472 "-" "Mozilla/5.0 (Windows NT 10.0; Win64; x64) Chrome/120.0.0.0"
192.168.1.1 - - [03/Oct/2024:07:19:13 +0000] "POST /about HTTP/1.1" 200 7572 "-" "Mozilla/5.0 (iPhone; CPU iPhone OS 17_0 like Mac OS X)"
1.1.1.1 - - [17/Feb/2024:13:26:32 +0000] "DELETE /about HTTP/1.1" 200 4961 "-" "Mozilla/5.0 (Windows NT 10.0; Win64; x64) Chrome/120.0.0.0"
172.16.0.1 - - [23/Jul/2025:09:24:07 +0000] "POST /images/logo.png HTTP/1.1" 200 736 "-" "Mozilla/5.0 (Windows NT 10.0; Win64; x64) Chrome/120.0.0.0"
172.16.0.1 - - [01/Sep/2024:21:34:04 +0000] "DELETE /api/users HTTP/1.1" 404 2482 "-" "Mozilla/5.0 (X11; Linux x86_64) Firefox/120.0"
192.168.1.1 - - [17/Sep/2024:17:05:52 +0000] "DELETE /cart HTTP/1.1" 301 9755 "-" "Mozilla/5.0 (iPhone; CPU iPhone OS 17_0 like Mac OS X)"
1.1.1.1 - - [28/Feb/2024:04:29:52 +0000] "PUT /products HTTP/1.1" 404 5732 "-" "Mozilla/5.0 (Macintosh; Intel Mac OS X 10_15_7) Safari/537.36"
1.1.1.1 - - [05/Feb/2025:17:47:08 +0000] "GET /products HTTP/1.1" 200 709 "-" "Mozilla/5.0 (Macintosh; Intel Mac OS X 10_15_7) Safari/537.36"
1.1.1.1 - - [02/Dec/2024:18:24:10 +0000] "POST /products HTTP/1.1" 200 3311 "-" "Mozilla/5.0 (Windows NT 10.0; Win64; x64) Chrome/120.0.0.0"
8.8.8.8 - - [15/Feb/2025:00:53:40 +0000] "POST /index.html HTTP/1.1" 404 3643 "-" "Mozilla/5.0 (X11; Linux x86_64) Firefox/120.0"
8.8.8.8 - - [19/Jan/2024:21:12:51 +0000] "DELETE /products HTTP/1.1" 200 8396 "-" "curl/7.68.0"
1.1.1.1 - - [01/May/2025:00:54:11 +0000] "DELETE /products HTTP/1.1" 500 6482 "-" "Mozilla/5.0 (Macintosh; Intel Mac OS X 10_15_7) Safari/537.36"
8.8.8.8 - - [03/Apr/2024:09:59:53 +0000] "DELETE /api/users HTTP/1.1" 404 1183 "-" "Mozilla/5.0 (X11; Linux x86_64) Firefox/120.0"
8.8.8.8 - - [27/Apr/2024:13:04:30 +0000] "POST /api/users HTTP/1.1" 200 1404 "-" "Mozilla/5.0 (X11; Linux x86_64) Firefox/120.0"
10.0.0.1 - - [11/Dec/2025:06:50:20 +0000] "DELETE /products HTTP/1.1" 200 5536 "-" "Mozilla/5.0 (Macintosh; Intel Mac OS X 10_15_7) Safari/537.36"
1.1.1.1 - - [20/Jul/2025:21:31:58 +0000] "PUT /api/users HTTP/1.1" 200 7452 "-" "Mozilla/5.0 (iPhone; CPU iPhone OS 17_0 like Mac OS X)"
192.168.1.1 - - [13/Sep/2025:17:42:12 +0000] "GET /admin HTTP/1.1" 200 5869 "-" "Mozilla/5.0 (Macintosh; Intel Mac OS X 10_15_7) Safari/537.36"
10.0.0.1 - - [01/Jan/2025:06:41:08 +0000] "PUT /about HTTP/1.1" 301 5548 "-" "Mozilla/5.0 (Windows NT 10.0; Win64; x64) Chrome/120.0.0.0"
172.16.0.1 - - [11/Nov/2025:07:28:31 +0000] "GET /index.html HTTP/1.1" 200 5459 "-" "curl/7.68.0"
10.0.0.1 - - [10/Sep/2024:23:06:45 +0000] "DELETE /images/logo.png HTTP/1.1" 200 4922 "-" "curl/7.68.0"
10.0.0.1 - - [08/Jun/2024:04:24:27 +0000] "POST /cart HTTP/1.1" 500 6340 "-" "Mozilla/5.0 (iPhone; CPU iPhone OS 17_0 like Mac OS X)"
10.0.0.1 - - [26/Dec/2024:19:41:07 +0000] "GET /index.html HTTP/1.1" 404 3482 "-" "Mozilla/5.0 (Macintosh; Intel Mac OS X 10_15_7) Safari/537.36"
1.1.1.1 - - [17/Mar/2025:19:55:26 +0000] "DELETE /about HTTP/1.1" 200 9323 "-" "Mozilla/5.0 (Windows NT 10.0; Win64; x64) Chrome/120.0.0.0"
10.0.0.1 - - [04/Nov/2024:00:11:01 +0000] "GET /admin HTTP/1.1" 200 5320 "-" "Mozilla/5.0 (Macintosh; Intel Mac OS X 10_15_7) Safari/537.36"
10.0.0.1 - - [11/Nov/2025:12:08:36 +0000] "POST /products HTTP/1.1" 404 3075 "-" "Mozilla/5.0 (Windows NT 10.0; Win64; x64) Chrome/120.0.0.0"
10.0.0.1 - - [07/Jul/2024:12:50:19 +0000] "PUT /images/logo.png HTTP/1.1" 200 3089 "-" "Mozilla/5.0 (Macintosh; Intel Mac OS X 10_15_7) Safari/537.36"
8.8.8.8 - - [15/Feb/2024:05:59:16 +0000] "PUT /images/logo.png HTTP/1.1" 200 8323 "-" "Mozilla/5.0 (Macintosh; Intel Mac OS X 10_15_7) Safari/537.36"
192.168.1.1 - - [19/Sep/2024:12:04:07 +0000] "GET /api/users HTTP/1.1" 500 9602 "-" "Mozilla/5.0 (iPhone; CPU iPhone OS 17_0 like Mac OS X)"
192.168.1.1 - - [21/Apr/2024:16:23:41 +0000] "DELETE /images/logo.png HTTP/1.1" 500 5184 "-" "Mozilla/5.0 (Macintosh; Intel Mac OS X 10_15_7) Safari/537.36"
1.1.1.1 - - [22/Aug/2024:09:19:17 +0000] "GET /admin HTTP/1.1" 200 2210 "-" "Mozilla/5.0 (iPhone; CPU iPhone OS 17_0 like Mac OS X)"
10.0.0.1 - - [23/Aug/2025:00:56:23 +0000] "POST /about HTTP/1.1" 301 135 "-" "curl/7.68.0"
192.168.1.1 - - [19/Dec/2025:05:45:00 +0000] "PUT /products HTTP/1.1" 200 5817 "-" "Mozilla/5.0 (Windows NT 10.0; Win64; x64) Chrome/120.0.0.0"
1.1.1.1 - - [11/Dec/2024:02:00:37 +0000] "PUT /products HTTP/1.1" 200 4403 "-" "Mozilla/5.0 (iPhone; CPU iPhone OS 17_0 like Mac OS X)"
172.16.0.1 - - [21/Jul/2025:00:37:24 +0000] "DELETE /cart HTTP/1.1" 200 7090 "-" "Mozilla/5.0 (X11; Linux x86_64) Firefox/120.0"
192.168.1.1 - - [19/Feb/2025:04:36:57 +0000] "PUT /images/logo.png HTTP/1.1" 500 8319 "-" "Mozilla/5.0 (X11; Linux x86_64) Firefox/120.0"
8.8.8.8 - - [28/Apr/2025:15:31:36 +0000] "PUT /api/users HTTP/1.1" 301 3643 "-" "Mozilla/5.0 (X11; Linux x86_64) Firefox/120.0"
8.8.8.8 - - [28/Aug/2025:03:44:38 +0000] "DELETE /cart HTTP/1.1" 500 9653 "-" "curl/7.68.0"
192.168.1.1 - - [23/Nov/2025:17:46:06 +0000] "GET /products HTTP/1.1" 404 2122 "-" "Mozilla/5.0 (Macintosh; Intel Mac OS X 10_15_7) Safari/537.36"
172.16.0.1 - - [02/Feb/2025:09:43:33 +0000] "DELETE /index.html HTTP/1.1" 404 7290 "-" "curl/7.68.0"
192.168.1.1 - - [25/Dec/2024:03:02:43 +0000] "PUT /about HTTP/1.1" 500 2280 "-" "Mozilla/5.0 (Macintosh; Intel Mac OS X 10_15_7) Safari/537.36"
172.16.0.1 - - [05/Jun/2024:23:33:01 +0000] "POST /images/logo.png HTTP/1.1" 301 4264 "-" "Mozilla/5.0 (Windows NT 10.0; Win64; x64) Chrome/120.0.0.0"
172.16.0.1 - - [13/Nov/2025:20:11:56 +0000] "GET /images/logo.png HTTP/1.1" 500 1471 "-" "Mozilla/5.0 (Macintosh; Intel Mac OS X 10_15_7) Safari/537.36"
8.8.8.8 - - [04/Mar/2024:08:17:09 +0000] "DELETE /products HTTP/1.1" 301 3548 "-" "Mozilla/5.0 (Windows NT 10.0; Win64; x64) Chrome/120.0.0.0"
172.16.0.1 - - [17/Apr/2024:21:40:54 +0000] "GET /images/logo.png HTTP/1.1" 200 5425 "-" "Mozilla/5.0 (Windows NT 10.0; Win64; x64) Chrome/120.0.0.0"
8.8.8.8 - - [17/Jan/2025:12:14:19 +0000] "POST /cart HTTP/1.1" 200 5870 "-" "Mozilla/5.0 (X11; Linux x86_64) Firefox/120.0"
10.0.0.1 - - [01/Dec/2025:23:37:32 +0000] "GET /index.html HTTP/1.1" 200 5053 "-" "Mozilla/5.0 (X11; Linux x86_64) Firefox/120.0"
192.168.1.1 - - [08/Jan/2025:20:54:08 +0000] "POST /products HTTP/1.1" 200 9863 "-" "curl/7.68.0"
8.8.8.8 - - [10/Feb/2025:20:47:43 +0000] "PUT /api/users HTTP/1.1" 500 1327 "-" "Mozilla/5.0 (X11; Linux x86_64) Firefox/120.0"
172.16.0.1 - - [21/Jun/2025:07:34:08 +0000] "POST /api/users HTTP/1.1" 404 4161 "-" "Mozilla/5.0 (Windows NT 10.0; Win64; x64) Chrome/120.0.0.0"
1.1.1.1 - - [04/May/2024:06:33:11 +0000] "GET /cart HTTP/1.1" 200 9414 "-" "Mozilla/5.0 (Macintosh; Intel Mac OS X 10_15_7) Safari/537.36"
10.0.0.1 - - [04/Jan/2024:22:10:20 +0000] "PUT /admin HTTP/1.1" 200 8197 "-" "Mozilla/5.0 (Macintosh; Intel Mac OS X 10_15_7) Safari/537.36"
192.168.1.1 - - [08/Jun/2025:04:11:34 +0000] "DELETE /images/logo.png HTTP/1.1" 200 312 "-" "Mozilla/5.0 (Macintosh; Intel Mac OS X 10_15_7) Safari/537.36"
172.16.0.1 - - [11/Mar/2025:18:01:06 +0000] "POST /about HTTP/1.1" 500 9828 "-" "curl/7.68.0"
1.1.1.1 - - [19/Sep/2025:21:43:08 +0000] "GET /cart HTTP/1.1" 200 2522 "-" "curl/7.68.0"
192.168.1.1 - - [09/Oct/2024:18:24:31 +0000] "DELETE /admin HTTP/1.1" 200 3250 "-" "Mozilla/5.0 (Macintosh; Intel Mac OS X 10_15_7) Safari/537.36"
1.1.1.1 - - [17/Jun/2025:16:30:06 +0000] "DELETE /images/logo.png HTTP/1.1" 200 2923 "-" "Mozilla/5.0 (Macintosh; Intel Mac OS X 10_15_7) Safari/537.36"
172.16.0.1 - - [27/Dec/2024:23:53:07 +0000] "DELETE /about HTTP/1.1" 200 4573 "-" "Mozilla/5.0 (Windows NT 10.0; Win64; x64) Chrome/120.0.0.0"
192.168.1.1 - - [04/Aug/2024:09:36:57 +0000] "PUT /products HTTP/1.1" 500 9396 "-" "Mozilla/5.0 (X11; Linux x86_64) Firefox/120.0"
8.8.8.8 - - [10/May/2024:16:30:56 +0000] "GET /products HTTP/1.1" 500 7214 "-" "Mozilla/5.0 (Macintosh; Intel Mac OS X 10_15_7) Safari/537.36"
8.8.8.8 - - [01/Apr/2025:06:51:34 +0000] "POST /cart HTTP/1.1" 200 6084 "-" "Mozilla/5.0 (X11; Linux x86_64) Firefox/120.0"
192.168.1.1 - - [07/Nov/2025:03:12:47 +0000] "POST /api/users HTTP/1.1" 200 5602 "-" "Mozilla/5.0 (X11; Linux x86_64) Firefox/120.0"
172.16.0.1 - - [03/Nov/2024:18:22:39 +0000] "POST /api/users HTTP/1.1" 301 8694 "-" "Mozilla/5.0 (Windows NT 10.0; Win64; x64) Chrome/120.0.0.0"
1.1.1.1 - - [03/Sep/2025:14:30:47 +0000] "GET /index.html HTTP/1.1" 301 6823 "-" "Mozilla/5.0 (Windows NT 10.0; Win64; x64) Chrome/120.0.0.0"
10.0.0.1 - - [28/May/2025:03:50:48 +0000] "POST /index.html HTTP/1.1" 200 2895 "-" "Mozilla/5.0 (iPhone; CPU iPhone OS 17_0 like Mac OS X)"
192.168.1.1 - - [08/Mar/2025:22:52:41 +0000] "PUT /api/users HTTP/1.1" 200 1795 "-" "Mozilla/5.0 (Windows NT 10.0; Win64; x64) Chrome/120.0.0.0"
10.0.0.1 - - [03/Jun/2024:17:49:57 +0000] "GET /admin HTTP/1.1" 200 4448 "-" "Mozilla/5.0 (Macintosh; Intel Mac OS X 10_15_7) Safari/537.36"
10.0.0.1 - - [18/Oct/2025:06:33:05 +0000] "POST /products HTTP/1.1" 200 1932 "-" "curl/7.68.0"
172.16.0.1 - - [09/May/2025:16:38:19 +0000] "GET /api/users HTTP/1.1" 200 9946 "-" "Mozilla/5.0 (iPhone; CPU iPhone OS 17_0 like Mac OS X)"
192.168.1.1 - - [13/Jun/2024:19:14:28 +0000] "PUT /cart HTTP/1.1" 301 4070 "-" "curl/7.68.0"
192.168.1.1 - - [13/Jan/2024:05:31:21 +0000] "GET /cart HTTP/1.1" 200 9462 "-" "Mozilla/5.0 (Windows NT 10.0; Win64; x64) Chrome/120.0.0.0"
192.168.1.1 - - [28/Oct/2025:10:04:18 +0000] "PUT /index.html HTTP/1.1" 301 5298 "-" "Mozilla/5.0 (Windows NT 10.0; Win64; x64) Chrome/120.0.0.0"
10.0.0.1 - - [23/Jul/2024:16:02:14 +0000] "DELETE /index.html HTTP/1.1" 404 8892 "-" "Mozilla/5.0 (Macintosh; Intel Mac OS X 10_15_7) Safari/537.36"
8.8.8.8 - - [10/Dec/2024:20:18:09 +0000] "POST /products HTTP/1.1" 200 568 "-" "Mozilla/5.0 (iPhone; CPU iPhone OS 17_0 like Mac OS X)"
8.8.8.8 - - [27/Aug/2024:18:21:37 +0000] "DELETE /cart HTTP/1.1" 500 9638 "-" "Mozilla/5.0 (Windows NT 10.0; Win64; x64) Chrome/120.0.0.0"
10.0.0.1 - - [18/Jun/2025:22:47:18 +0000] "GET /api/users HTTP/1.1" 200 1971 "-" "Mozilla/5.0 (X11; Linux x86_64) Firefox/120.0"
10.0.0.1 - - [04/Jun/2025:17:52:33 +0000] "POST /images/logo.png HTTP/1.1" 500 1646 "-" "Mozilla/5.0 (Macintosh; Intel Mac OS X 10_15_7) Safari/537.36"
172.16.0.1 - - [28/Jun/2024:06:16:13 +0000] "PUT /about HTTP/1.1" 200 2131 "-" "curl/7.68.0"
172.16.0.1 - - [18/Jun/2025:06:00:40 +0000] "PUT /about HTTP/1.1" 200 640 "-" "Mozilla/5.0 (Macintosh; Intel Mac OS X 10_15_7) Safari/537.36"
1.1.1.1 - - [01/Jul/2024:19:58:38 +0000] "POST /api/users HTTP/1.1" 500 3795 "-" "curl/7.68.0"
10.0.0.1 - - [10/Nov/2025:11:21:20 +0000] "DELETE /api/users HTTP/1.1" 500 9568 "-" "Mozilla/5.0 (Macintosh; Intel Mac OS X 10_15_7) Safari/537.36"
172.16.0.1 - - [21/May/2024:08:41:49 +0000] "GET /images/logo.png HTTP/1.1" 404 4216 "-" "Mozilla/5.0 (Macintosh; Intel Mac OS X 10_15_7) Safari/537.36"
10.0.0.1 - - [13/Apr/2024:21:19:23 +0000] "DELETE /index.html HTTP/1.1" 200 8509 "-" "Mozilla/5.0 (X11; Linux x86_64) Firefox/120.0"
8.8.8.8 - - [24/Jan/2024:21:21:16 +0000] "DELETE /index.html HTTP/1.1" 404 6276 "-" "Mozilla/5.0 (X11; Linux x86_64) Firefox/120.0"
8.8.8.8 - - [27/Jan/2024:12:53:12 +0000] "GET /products HTTP/1.1" 200 590 "-" "Mozilla/5.0 (Windows NT 10.0; Win64; x64) Chrome/120.0.0.0"
172.16.0.1 - - [17/Dec/2025:04:03:43 +0000] "PUT /images/logo.png HTTP/1.1" 500 4750 "-" "curl/7.68.0"
8.8.8.8 - - [15/Feb/2024:21:24:57 +0000] "POST /cart HTTP/1.1" 200 4732 "-" "Mozilla/5.0 (Macintosh; Intel Mac OS X 10_15_7) Safari/537.36"
172.16.0.1 - - [06/Feb/2024:11:37:43 +0000] "GET /cart HTTP/1.1" 200 6795 "-" "Mozilla/5.0 (iPhone; CPU iPhone OS 17_0 like Mac OS X)"
1.1.1.1 - - [01/Dec/2025:19:04:19 +0000] "POST /cart HTTP/1.1" 301 7079 "-" "Mozilla/5.0 (X11; Linux x86_64) Firefox/120.0"
8.8.8.8 - - [26/Aug/2024:14:29:21 +0000] "DELETE /products HTTP/1.1" 500 274 "-" "Mozilla/5.0 (X11; Linux x86_64) Firefox/120.0"
172.16.0.1 - - [16/Feb/2025:20:55:01 +0000] "DELETE /admin HTTP/1.1" 200 8953 "-" "Mozilla/5.0 (Macintosh; Intel Mac OS X 10_15_7) Safari/537.36"
1.1.1.1 - - [21/Apr/2025:20:36:50 +0000] "PUT /images/logo.png HTTP/1.1" 301 1542 "-" "Mozilla/5.0 (X11; Linux x86_64) Firefox/120.0"
172.16.0.1 - - [14/Jan/2025:02:00:31 +0000] "GET /api/users HTTP/1.1" 200 4661 "-" "Mozilla/5.0 (Macintosh; Intel Mac OS X 10_15_7) Safari/537.36"
172.16.0.1 - - [08/Mar/2024:23:27:07 +0000] "PUT /api/users HTTP/1.1" 301 4728 "-" "Mozilla/5.0 (Macintosh; Intel Mac OS X 10_15_7) Safari/537.36"
1.1.1.1 - - [17/Mar/2024:19:01:22 +0000] "GET /api/users HTTP/1.1" 301 1309 "-" "Mozilla/5.0 (iPhone; CPU iPhone OS 17_0 like Mac OS X)"
172.16.0.1 - - [15/Apr/2024:14:41:42 +0000] "POST /api/users HTTP/1.1" 200 4219 "-" "curl/7.68.0"
10.0.0.1 - - [21/Oct/2024:13:37:47 +0000] "GET /products HTTP/1.1" 200 4868 "-" "Mozilla/5.0 (Windows NT 10.0; Win64; x64) Chrome/120.0.0.0"
8.8.8.8 - - [08/Feb/2024:10:10:48 +0000] "POST /images/logo.png HTTP/1.1" 301 1077 "-" "Mozilla/5.0 (Macintosh; Intel Mac OS X 10_15_7) Safari/537.36"
8.8.8.8 - - [11/Jul/2024:07:45:13 +0000] "GET /about HTTP/1.1" 301 2861 "-" "Mozilla/5.0 (Windows NT 10.0; Win64; x64) Chrome/120.0.0.0"
172.16.0.1 - - [14/May/2024:02:18:49 +0000] "PUT /products HTTP/1.1" 404 9410 "-" "Mozilla/5.0 (X11; Linux x86_64) Firefox/120.0"
1.1.1.1 - - [14/Apr/2024:15:18:57 +0000] "POST /index.html HTTP/1.1" 200 4864 "-" "Mozilla/5.0 (X11; Linux x86_64) Firefox/120.0"
8.8.8.8 - - [06/Aug/2025:05:27:24 +0000] "DELETE /images/logo.png HTTP/1.1" 404 8111 "-" "curl/7.68.0"
192.168.1.1 - - [14/Apr/2025:12:45:57 +0000] "PUT /products HTTP/1.1" 404 650 "-" "curl/7.68.0"
10.0.0.1 - - [03/Nov/2024:03:53:25 +0000] "PUT /admin HTTP/1.1" 200 3668 "-" "Mozilla/5.0 (Windows NT 10.0; Win64; x64) Chrome/120.0.0.0"
10.0.0.1 - - [01/May/2024:13:54:50 +0000] "POST /about HTTP/1.1" 301 6161 "-" "Mozilla/5.0 (iPhone; CPU iPhone OS 17_0 like Mac OS X)"
1.1.1.1 - - [21/Jun/2024:16:37:14 +0000] "GET /admin HTTP/1.1" 404 5651 "-" "Mozilla/5.0 (iPhone; CPU iPhone OS 17_0 like Mac OS X)"
1.1.1.1 - - [26/Mar/2025:08:17:01 +0000] "DELETE /api/users HTTP/1.1" 500 1789 "-" "Mozilla/5.0 (X11; Linux x86_64) Firefox/120.0"
172.16.0.1 - - [01/Nov/2024:02:15:33 +0000] "POST /api/users HTTP/1.1" 301 4848 "-" "Mozilla/5.0 (X11; Linux x86_64) Firefox/120.0"
10.0.0.1 - - [26/Jun/2025:02:37:56 +0000] "DELETE /index.html HTTP/1.1" 200 2915 "-" "curl/7.68.0"
1.1.1.1 - - [12/Sep/2024:16:27:00 +0000] "POST /api/users HTTP/1.1" 404 6329 "-" "Mozilla/5.0 (Windows NT 10.0; Win64; x64) Chrome/120.0.0.0"
192.168.1.1 - - [10/Oct/2024:07:46:03 +0000] "PUT /cart HTTP/1.1" 200 3973 "-" "curl/7.68.0"
1.1.1.1 - - [24/Jul/2025:14:12:59 +0000] "POST /images/logo.png HTTP/1.1" 200 6523 "-" "Mozilla/5.0 (Macintosh; Intel Mac OS X 10_15_7) Safari/537.36"
8.8.8.8 - - [22/Jul/2025:12:49:48 +0000] "POST /admin HTTP/1.1" 200 3610 "-" "Mozilla/5.0 (iPhone; CPU iPhone OS 17_0 like Mac OS X)"
10.0.0.1 - - [24/Apr/2024:04:57:55 +0000] "GET /admin HTTP/1.1" 301 1405 "-" "Mozilla/5.0 (X11; Linux x86_64) Firefox/120.0"
1.1.1.1 - - [16/Oct/2025:22:38:30 +0000] "POST /products HTTP/1.1" 200 2822 "-" "Mozilla/5.0 (iPhone; CPU iPhone OS 17_0 like Mac OS X)"
172.16.0.1 - - [02/Jul/2024:22:44:01 +0000] "PUT /api/users HTTP/1.1" 200 6896 "-" "Mozilla/5.0 (Macintosh; Intel Mac OS X 10_15_7) Safari/537.36"
8.8.8.8 - - [02/Apr/2025:21:31:21 +0000] "DELETE /products HTTP/1.1" 301 8418 "-" "Mozilla/5.0 (iPhone; CPU iPhone OS 17_0 like Mac OS X)"
172.16.0.1 - - [20/Jan/2025:05:14:49 +0000] "PUT /index.html HTTP/1.1" 301 9780 "-" "Mozilla/5.0 (Macintosh; Intel Mac OS X 10_15_7) Safari/537.36"
10.0.0.1 - - [26/Aug/2025:22:58:43 +0000] "DELETE /cart HTTP/1.1" 200 6330 "-" "Mozilla/5.0 (Windows NT 10.0; Win64; x64) Chrome/120.0.0.0"
1.1.1.1 - - [03/Oct/2024:09:07:46 +0000] "DELETE /admin HTTP/1.1" 200 7037 "-" "curl/7.68.0"
1.1.1.1 - - [20/Feb/2024:00:24:55 +0000] "GET /index.html HTTP/1.1" 200 7094 "-" "Mozilla/5.0 (Windows NT 10.0; Win64; x64) Chrome/120.0.0.0"
1.1.1.1 - - [18/Feb/2025:15:47:44 +0000] "POST /images/logo.png HTTP/1.1" 404 1585 "-" "curl/7.68.0"
1.1.1.1 - - [01/May/2025:23:56:18 +0000] "DELETE /images/logo.png HTTP/1.1" 200 4860 "-" "curl/7.68.0"
8.8.8.8 - - [26/Mar/2024:00:12:34 +0000] "PUT /images/logo.png HTTP/1.1" 200 9582 "-" "Mozilla/5.0 (X11; Linux x86_64) Firefox/120.0"
8.8.8.8 - - [03/Jun/2024:05:31:16 +0000] "PUT /index.html HTTP/1.1" 301 8386 "-" "Mozilla/5.0 (Macintosh; Intel Mac OS X 10_15_7) Safari/537.36"
1.1.1.1 - - [08/May/2024:04:24:44 +0000] "GET /products HTTP/1.1" 404 1413 "-" "curl/7.68.0"
10.0.0.1 - - [28/Nov/2024:02:13:44 +0000] "DELETE /products HTTP/1.1" 404 10057 "-" "Mozilla/5.0 (iPhone; CPU iPhone OS 17_0 like Mac OS X)"
10.0.0.1 - - [19/Oct/2024:01:52:00 +0000] "DELETE /cart HTTP/1.1" 404 7854 "-" "Mozilla/5.0 (Windows NT 10.0; Win64; x64) Chrome/120.0.0.0"
172.16.0.1 - - [25/Dec/2024:00:53:07 +0000] "GET /images/logo.png HTTP/1.1" 301 4806 "-" "Mozilla/5.0 (iPhone; CPU iPhone OS 17_0 like Mac OS X)"
172.16.0.1 - - [16/Dec/2024:17:43:03 +0000] "GET /cart HTTP/1.1" 200 7229 "-" "Mozilla/5.0 (Macintosh; Intel Mac OS X 10_15_7) Safari/537.36"
1.1.1.1 - - [06/Feb/2025:06:12:38 +0000] "PUT /images/logo.png HTTP/1.1" 404 5650 "-" "Mozilla/5.0 (iPhone; CPU iPhone OS 17_0 like Mac OS X)"
172.16.0.1 - - [28/Mar/2024:04:02:05 +0000] "DELETE /images/logo.png HTTP/1.1" 200 5237 "-" "curl/7.68.0"
10.0.0.1 - - [05/Feb/2025:03:03:31 +0000] "PUT /products HTTP/1.1" 404 4522 "-" "Mozilla/5.0 (X11; Linux x86_64) Firefox/120.0"
10.0.0.1 - - [28/May/2024:07:08:41 +0000] "POST /api/users HTTP/1.1" 200 3069 "-" "curl/7.68.0"
10.0.0.1 - - [19/May/2025:03:56:16 +0000] "POST /index.html HTTP/1.1" 500 7522 "-" "Mozilla/5.0 (X11; Linux x86_64) Firefox/120.0"
8.8.8.8 - - [14/Nov/2024:21:02:24 +0000] "POST /cart HTTP/1.1" 200 2424 "-" "Mozilla/5.0 (Windows NT 10.0; Win64; x64) Chrome/120.0.0.0"
10.0.0.1 - - [19/Jan/2024:02:38:23 +0000] "POST /cart HTTP/1.1" 404 2474 "-" "Mozilla/5.0 (iPhone; CPU iPhone OS 17_0 like Mac OS X)"
8.8.8.8 - - [19/Dec/2024:08:45:53 +0000] "GET /api/users HTTP/1.1" 404 488 "-" "Mozilla/5.0 (Macintosh; Intel Mac OS X 10_15_7) Safari/537.36"
192.168.1.1 - - [14/Aug/2024:20:00:06 +0000] "GET /admin HTTP/1.1" 200 4001 "-" "Mozilla/5.0 (Windows NT 10.0; Win64; x64) Chrome/120.0.0.0"
1.1.1.1 - - [27/Mar/2024:01:23:25 +0000] "PUT /api/users HTTP/1.1" 200 4669 "-" "Mozilla/5.0 (iPhone; CPU iPhone OS 17_0 like Mac OS X)"
8.8.8.8 - - [12/Feb/2025:00:15:55 +0000] "POST /products HTTP/1.1" 500 2913 "-" "Mozilla/5.0 (Macintosh; Intel Mac OS X 10_15_7) Safari/537.36"
172.16.0.1 - - [18/Feb/2025:22:08:01 +0000] "POST /admin HTTP/1.1" 500 1843 "-" "curl/7.68.0"
172.16.0.1 - - [04/Sep/2024:13:06:31 +0000] "PUT /cart HTTP/1.1" 200 1858 "-" "curl/7.68.0"
8.8.8.8 - - [12/Mar/2025:19:29:16 +0000] "DELETE /api/users HTTP/1.1" 200 4727 "-" "curl/7.68.0"
8.8.8.8 - - [19/Jan/2025:21:48:44 +0000] "DELETE /admin HTTP/1.1" 301 6815 "-" "Mozilla/5.0 (X11; Linux x86_64) Firefox/120.0"
192.168.1.1 - - [18/Dec/2024:22:45:23 +0000] "PUT /api/users HTTP/1.1" 404 9543 "-" "curl/7.68.0"
8.8.8.8 - - [07/Jun/2024:23:45:48 +0000] "PUT /images/logo.png HTTP/1.1" 200 9873 "-" "Mozilla/5.0 (iPhone; CPU iPhone OS 17_0 like Mac OS X)"
8.8.8.8 - - [03/Aug/2024:22:07:16 +0000] "PUT /api/users HTTP/1.1" 301 8710 "-" "Mozilla/5.0 (X11; Linux x86_64) Firefox/120.0"
192.168.1.1 - - [15/Jul/2024:03:10:18 +0000] "DELETE /about HTTP/1.1" 500 6564 "-" "curl/7.68.0"
10.0.0.1 - - [14/Jun/2024:10:30:31 +0000] "PUT /images/logo.png HTTP/1.1" 500 8537 "-" "Mozilla/5.0 (X11; Linux x86_64) Firefox/120.0"
10.0.0.1 - - [11/May/2025:18:06:02 +0000] "GET /admin HTTP/1.1" 200 3358 "-" "Mozilla/5.0 (Windows NT 10.0; Win64; x64) Chrome/120.0.0.0"
172.16.0.1 - - [21/Apr/2025:07:31:52 +0000] "POST /api/users HTTP/1.1" 404 9364 "-" "Mozilla/5.0 (iPhone; CPU iPhone OS 17_0 like Mac OS X)"
192.168.1.1 - - [09/Dec/2024:19:19:55 +0000] "POST /api/users HTTP/1.1" 404 2128 "-" "Mozilla/5.0 (Windows NT 10.0; Win64; x64) Chrome/120.0.0.0"
1.1.1.1 - - [13/Mar/2024:04:15:25 +0000] "GET /cart HTTP/1.1" 200 4104 "-" "Mozilla/5.0 (X11; Linux x86_64) Firefox/120.0"
8.8.8.8 - - [27/Aug/2025:18:14:38 +0000] "DELETE /about HTTP/1.1" 200 7274 "-" "Mozilla/5.0 (iPhone; CPU iPhone OS 17_0 like Mac OS X)"
172.16.0.1 - - [01/Apr/2024:01:16:09 +0000] "PUT /index.html HTTP/1.1" 301 3510 "-" "curl/7.68.0"
172.16.0.1 - - [10/Feb/2025:23:11:16 +0000] "PUT /api/users HTTP/1.1" 404 3587 "-" "curl/7.68.0"
172.16.0.1 - - [01/Aug/2025:18:19:44 +0000] "GET /cart HTTP/1.1" 200 5397 "-" "curl/7.68.0"
192.168.1.1 - - [12/Feb/2025:04:09:31 +0000] "POST /cart HTTP/1.1" 200 7261 "-" "Mozilla/5.0 (iPhone; CPU iPhone OS 17_0 like Mac OS X)"
1.1.1.1 - - [08/Apr/2025:23:17:28 +0000] "GET /api/users HTTP/1.1" 301 660 "-" "Mozilla/5.0 (Macintosh; Intel Mac OS X 10_15_7) Safari/537.36"
192.168.1.1 - - [19/Feb/2025:10:05:31 +0000] "DELETE /cart HTTP/1.1" 500 3350 "-" "Mozilla/5.0 (Windows NT 10.0; Win64; x64) Chrome/120.0.0.0"
10.0.0.1 - - [28/Nov/2024:19:39:36 +0000] "PUT /admin HTTP/1.1" 200 4488 "-" "curl/7.68.0"
1.1.1.1 - - [25/Aug/2024:22:09:58 +0000] "PUT /about HTTP/1.1" 200 1268 "-" "Mozilla/5.0 (X11; Linux x86_64) Firefox/120.0"
8.8.8.8 - - [22/Sep/2025:09:56:35 +0000] "POST /cart HTTP/1.1" 404 7625 "-" "Mozilla/5.0 (Macintosh; Intel Mac OS X 10_15_7) Safari/537.36"
172.16.0.1 - - [02/Jul/2025:20:53:05 +0000] "PUT /admin HTTP/1.1" 200 2716 "-" "Mozilla/5.0 (iPhone; CPU iPhone OS 17_0 like Mac OS X)"
10.0.0.1 - - [22/Aug/2025:23:41:16 +0000] "POST /api/users HTTP/1.1" 301 5792 "-" "Mozilla/5.0 (iPhone; CPU iPhone OS 17_0 like Mac OS X)"
172.16.0.1 - - [10/Sep/2025:00:41:56 +0000] "GET /index.html HTTP/1.1" 200 5798 "-" "Mozilla/5.0 (X11; Linux x86_64) Firefox/120.0"
8.8.8.8 - - [20/Nov/2024:09:34:46 +0000] "DELETE /cart HTTP/1.1" 200 7686 "-" "Mozilla/5.0 (X11; Linux x86_64) Firefox/120.0"
10.0.0.1 - - [09/Mar/2024:15:58:05 +0000] "POST /about HTTP/1.1" 200 4816 "-" "curl/7.68.0"
192.168.1.1 - - [16/Jun/2024:16:28:23 +0000] "PUT /api/users HTTP/1.1" 500 6633 "-" "curl/7.68.0"
192.168.1.1 - - [28/Nov/2024:11:32:01 +0000] "GET /about HTTP/1.1" 200 756 "-" "Mozilla/5.0 (Macintosh; Intel Mac OS X 10_15_7) Safari/537.36"
1.1.1.1 - - [04/Dec/2024:09:21:56 +0000] "POST /about HTTP/1.1" 200 2428 "-" "Mozilla/5.0 (X11; Linux x86_64) Firefox/120.0"
10.0.0.1 - - [11/Jul/2024:10:04:26 +0000] "PUT /images/logo.png HTTP/1.1" 200 3379 "-" "curl/7.68.0"
172.16.0.1 - - [23/Feb/2024:06:25:15 +0000] "POST /images/logo.png HTTP/1.1" 500 4206 "-" "Mozilla/5.0 (Windows NT 10.0; Win64; x64) Chrome/120.0.0.0"
10.0.0.1 - - [01/Apr/2024:21:21:24 +0000] "DELETE /cart HTTP/1.1" 200 3509 "-" "Mozilla/5.0 (X11; Linux x86_64) Firefox/120.0"
10.0.0.1 - - [03/Sep/2025:23:43:32 +0000] "POST /products HTTP/1.1" 500 3307 "-" "curl/7.68.0"
8.8.8.8 - - [19/Oct/2025:07:36:35 +0000] "GET /images/logo.png HTTP/1.1" 200 1481 "-" "Mozilla/5.0 (Windows NT 10.0; Win64; x64) Chrome/120.0.0.0"
1.1.1.1 - - [10/Aug/2025:07:46:04 +0000] "POST /api/users HTTP/1.1" 200 10060 "-" "Mozilla/5.0 (iPhone; CPU iPhone OS 17_0 like Mac OS X)"
8.8.8.8 - - [06/Feb/2025:10:25:37 +0000] "DELETE /products HTTP/1.1" 301 3200 "-" "Mozilla/5.0 (iPhone; CPU iPhone OS 17_0 like Mac OS X)"
8.8.8.8 - - [14/Dec/2025:06:38:21 +0000] "DELETE /cart HTTP/1.1" 200 8686 "-" "Mozilla/5.0 (X11; Linux x86_64) Firefox/120.0"
172.16.0.1 - - [08/Sep/2025:05:11:03 +0000] "GET /products HTTP/1.1" 200 9516 "-" "Mozilla/5.0 (iPhone; CPU iPhone OS 17_0 like Mac OS X)"
8.8.8.8 - - [06/Dec/2024:22:41:30 +0000] "PUT /cart HTTP/1.1" 301 1010 "-" "Mozilla/5.0 (Macintosh; Intel Mac OS X 10_15_7) Safari/537.36"
172.16.0.1 - - [13/Sep/2025:11:27:32 +0000] "PUT /api/users HTTP/1.1" 500 128 "-" "Mozilla/5.0 (iPhone; CPU iPhone OS 17_0 like Mac OS X)"
10.0.0.1 - - [16/Jan/2024:06:04:15 +0000] "PUT /images/logo.png HTTP/1.1" 301 9267 "-" "Mozilla/5.0 (X11; Linux x86_64) Firefox/120.0"
10.0.0.1 - - [05/Jun/2025:07:05:37 +0000] "DELETE /products HTTP/1.1" 404 8449 "-" "curl/7.68.0"
1.1.1.1 - - [24/Aug/2024:21:20:56 +0000] "PUT /admin HTTP/1.1" 404 5757 "-" "Mozilla/5.0 (Macintosh; Intel Mac OS X 10_15_7) Safari/537.36"
8.8.8.8 - - [16/Jun/2025:07:13:27 +0000] "GET /about HTTP/1.1" 200 5957 "-" "Mozilla/5.0 (Windows NT 10.0; Win64; x64) Chrome/120.0.0.0"
192.168.1.1 - - [04/Jul/2024:13:02:40 +0000] "POST /api/users HTTP/1.1" 404 1233 "-" "Mozilla/5.0 (Macintosh; Intel Mac OS X 10_15_7) Safari/537.36"
192.168.1.1 - - [28/Apr/2025:15:49:43 +0000] "GET /products HTTP/1.1" 200 4998 "-" "Mozilla/5.0 (X11; Linux x86_64) Firefox/120.0"
