192.168.1.1 - - [11/Jul/2024:19:39:29 +0000] "POST /products HTTP/1.1" 404 734 "-" "Mozilla/5.0 (Macintosh; Intel Mac OS X 10_15_7) Safari/537.36"
192.168.1.1 - - [03/Jul/2024:14:26:21 +0000] "GET /index.html HTTP/1.1" 200 5373 "-" "Mozilla/5.0 (Macintosh; Intel Mac OS X 10_15_7) Safari/537.36"
10.0.0.1 - - [26/Jun/2024:19:25:25 +0000] "DELETE /images/logo.png HTTP/1.1" 404 1188 "-" "Mozilla/5.0 (X11; Linux x86_64) Firefox/120.0"
10.0.0.1 - - [06/Jan/2024:00:47:31 +0000] "POST /products HTTP/1.1" 200 9282 "-" "Mozilla/5.0 (Windows NT 10.0; Win64; x64) Chrome/120.0.0.0"
172.16.0.1 - - [10/May/2024:02:38:17 +0000] "POST /cart HTTP/1.1" 200 5279 "-" "Mozilla/5.0 (X11; Linux x86_64) Firefox/120.0"
10.0.0.1 - - [04/Jan/2025:05:20:03 +0000] "PUT /admin HTTP/1.1" 200 6530 "-" "curl/7.68.0"
192.168.1.1 - - [21/Apr/2024:16:39:00 +0000] "DELETE /cart HTTP/1.1" 200 3709 "-" "curl/7.68.0"
8.8.8.8 - - [09/Nov/2024:18:19:46 +0000] "POST /cart HTTP/1.1" 500 1028 "-" "Mozilla/5.0 (X11; Linux x86_64) Firefox/120.0"
192.168.1.1 - - [18/May/2025:15:43:53 +0000] "PUT /cart HTTP/1.1" 200 4236 "-" "Mozilla/5.0 (Macintosh; Intel Mac OS X 10_15_7) Safari/537.36"
172.16.0.1 - - [05/Apr/2025:15:48:33 +0000] "PUT /about HTTP/1.1" 200 7401 "-" "Mozilla/5.0 (X11; Linux x86_64) Firefox/120.0"
1.1.1.1 - - [19/Aug/2025:22:33:10 +0000] "POST /index.html HTTP/1.1" 404 5903 "-" "Mozilla/5.0 (iPhone; CPU iPhone OS 17_0 like Mac OS X)"
1.1.1.1 - - [24/Aug/2024:08:40:15 +0000] "POST /images/logo.png HTTP/1.1" 404 9259 "-" "Mozilla/5.0 (iPhone; CPU iPhone OS 17_0 like Mac OS X)"
172.16.0.1 - - [26/Jul/2025:08:13:32 +0000] "PUT /images/logo.png HTTP/1.1" 404 5436 "-" "Mozilla/5.0 (iPhone; CPU iPhone OS 17_0 like Mac OS X)"
8.8.8.8 - - [14/May/2025:01:35:08 +0000] "PUT /api/users HTTP/1.1" 200 2693 "-" "Mozilla/5.0 (Macintosh; Intel Mac OS X 10_15_7) Safari/537.36"
192.168.1.1 - - [21/Jul/2025:02:28:16 +0000] "POST /images/logo.png HTTP/1.1" 301 7204 "-" "curl/7.68.0"
1.1.1.1 - - [12/Jul/2025:14:01:23 +0000] "POST /admin HTTP/1.1" 200 622 "-" "Mozilla/5.0 (Windows NT 10.0; Win64; x64) Chrome/120.0.0.0"
1.1.1.1 - - [23/Dec/2025:04:32:13 +0000] "PUT /admin HTTP/1.1" 200 10072 "-" "Mozilla/5.0 (Macintosh; Intel Mac OS X 10_15_7) Safari/537.36"
10.0.0.1 - - [10/May/2025:15:41:44 +0000] "DELETE /products HTTP/1.1" 200 6413 "-" "Mozilla/5.0 (Windows NT 10.0; Win64; x64) Chrome/120.0.0.0"
8.8.8.8 - - [10/Jul/2024:06:58:29 +0000] "DELETE /images/logo.png HTTP/1.1" 200 6445 "-" "Mozilla/5.0 (Windows NT 10.0; Win64; x64) Chrome/120.0.0.0"
1.1.1.1 - - [05/Jun/2024:07:33:47 +0000] "DELETE /products HTTP/1.1" 404 4423 "-" "Mozilla/5.0 (Windows NT 10.0; Win64; x64) Chrome/120.0.0.0"
192.168.1.1 - - [12/Sep/2025:15:33:56 +0000] "POST /about HTTP/1.1" 404 1164 "-" "Mozilla/5.0 (iPhone; CPU iPhone OS 17_0 like Mac OS X)"
192.168.1.1 - - [25/Oct/2024:16:55:38 +0000] "PUT /index.html HTTP/1.1" 500 4160 "-" "Mozilla/5.0 (iPhone; CPU iPhone OS 17_0 like Mac OS X)"
172.16.0.1 - - [18/Dec/2025:10:02:10 +0000] "DELETE /about HTTP/1.1" 200 2378 "-" "Mozilla/5.0 (iPhone; CPU iPhone OS 17_0 like Mac OS X)"
10.0.0.1 - - [25/Jan/2025:11:03:25 +0000] "PUT /products HTTP/1.1" 200 3914 "-" "Mozilla/5.0 (Macintosh; Intel Mac OS X 10_15_7) Safari/537.36"
1.1.1.1 - - [25/Mar/2024:01:19:24 +0000] "GET /admin HTTP/1.1" 200 6958 "-" "Mozilla/5.0 (iPhone; CPU iPhone OS 17_0 like Mac OS X)"
8.8.8.8 - - [02/Jun/2024:22:57:01 +0000] "GET /api/users HTTP/1.1" 200 9956 "-" "Mozilla/5.0 (Windows NT 10.0; Win64; x64) Chrome/120.0.0.0"
172.16.0.1 - - [26/Sep/2024:18:14:48 +0000] "GET /index.html HTTP/1.1" 301 5386 "-" "curl/7.68.0"
192.168.1.1 - - [26/May/2024:04:50:20 +0000] "POST /products HTTP/1.1" 500 6688 "-" "Mozilla/5.0 (Windows NT 10.0; Win64; x64) Chrome/120.0.0.0"
192.168.1.1 - - [02/Nov/2025:03:07:15 +0000] "POST /images/logo.png HTTP/1.1" 200 1313 "-" "curl/7.68.0"
172.16.0.1 - - [13/Sep/2025:14:30:03 +0000] "GET /admin HTTP/1.1" 200 6060 "-" "Mozilla/5.0 (Windows NT 10.0; Win64; x64) Chrome/120.0.0.0"
1.1.1.1 - - [03/Feb/2025:00:22:45 +0000] "GET /products HTTP/1.1" 404 8549 "-" "curl/7.68.0"
10.0.0.1 - - [28/Oct/2025:12:03:46 +0000] "GET /about HTTP/1.1" 200 503 "-" "curl/7.68.0"
1.1.1.1 - - [05/May/2025:05:26:17 +0000] "PUT /index.html HTTP/1.1" 200 8236 "-" "Mozilla/5.0 (iPhone; CPU iPhone OS 17_0 like Mac OS X)"
8.8.8.8 - - [08/Dec/2025:05:39:09 +0000] "GET /index.html HTTP/1.1" 200 4869 "-" "Mozilla/5.0 (iPhone; CPU iPhone OS 17_0 like Mac OS X)"
1.1.1.1 - - [20/Dec/2025:02:07:22 +0000] "DELETE /api/users HTTP/1.1" 200 8678 "-" "Mozilla/5.0 (Macintosh; Intel Mac OS X 10_15_7) Safari/537.36"
1.1.1.1 - - [16/Jul/2025:23:10:26 +0000] "POST /products HTTP/1.1" 301 2200 "-" "curl/7.68.0"
8.8.8.8 - - [21/May/2025:17:28:38 +0000] "DELETE /cart HTTP/1.1" 404 5384 "-" "Mozilla/5.0 (iPhone; CPU iPhone OS 17_0 like Mac OS X)"
1.1.1.1 - - [27/Apr/2025:11:41:45 +0000] "DELETE /images/logo.png HTTP/1.1" 200 247 "-" "Mozilla/5.0 (X11; Linux x86_64) Firefox/120.0"
192.168.1.1 - - [02/Jun/2025:13:43:30 +0000] "PUT /products HTTP/1.1" 200 4686 "-" "Mozilla/5.0 (Macintosh; Intel Mac OS X 10_15_7) Safari/537.36"
192.168.1.1 - - [27/Sep/2025:23:37:53 +0000] "GET /cart HTTP/1.1" 200 5353 "-" "Mozilla/5.0 (Macintosh; Intel Mac OS X 10_15_7) Safari/537.36"
1.1.1.1 - - [20/Jul/2024:13:28:52 +0000] "POST /admin HTTP/1.1" 200 8390 "-" "Mozilla/5.0 (Macintosh; Intel Mac OS X 10_15_7) Safari/537.36"
10.0.0.1 - - [26/May/2024:07:17:30 +0000] "GET /about HTTP/1.1" 200 3476 "-" "curl/7.68.0"
10.0.0.1 - - [06/Mar/2025:22:12:23 +0000] "PUT /images/logo.png HTTP/1.1" 200 9130 "-" "curl/7.68.0"
172.16.0.1 - - [04/Mar/2024:20:05:32 +0000] "GET /images/logo.png HTTP/1.1" 200 4335 "-" "Mozilla/5.0 (Macintosh; Intel Mac OS X 10_15_7) Safari/537.36"
192.168.1.1 - - [09/Aug/2024:15:28:44 +0000] "GET /api/users HTTP/1.1" 200 2923 "-" "Mozilla/5.0 (Windows NT 10.0; Win64; x64) Chrome/120.0.0.0"
172.16.0.1 - - [07/May/2024:02:27:14 +0000] "GET /index.html HTTP/1.1" 200 7281 "-" "curl/7.68.0"
10.0.0.1 - - [20/Jun/2024:11:58:33 +0000] "DELETE /products HTTP/1.1" 500 4711 "-" "curl/7.68.0"
8.8.8.8 - - [25/Nov/2025:10:24:35 +0000] "GET /products HTTP/1.1" 200 6174 "-" "curl/7.68.0"
192.168.1.1 - - [23/Dec/2025:02:53:24 +0000] "PUT /products HTTP/1.1" 200 7927 "-" "Mozilla/5.0 (iPhone; CPU iPhone OS 17_0 like Mac OS X)"
1.1.1.1 - - [07/Nov/2025:14:56:20 +0000] "PUT /index.html HTTP/1.1" 301 2493 "-" "Mozilla/5.0 (iPhone; CPU iPhone OS 17_0 like Mac OS X)"
8.8.8.8 - - [20/Oct/2025:19:51:51 +0000] "DELETE /api/users HTTP/1.1" 200 7398 "-" "Mozilla/5.0 (X11; Linux x86_64) Firefox/120.0"
192.168.1.1 - - [11/Dec/2025:03:19:34 +0000] "POST /api/users HTTP/1.1" 200 7060 "-" "Mozilla/5.0 (Macintosh; Intel Mac OS X 10_15_7) Safari/537.36"
1.1.1.1 - - [07/Mar/2025:17:52:52 +0000] "PUT /images/logo.png HTTP/1.1" 200 1619 "-" "Mozilla/5.0 (X11; Linux x86_64) Firefox/120.0"
1.1.1.1 - - [21/Jun/2024:04:22:54 +0000] "DELETE /about HTTP/1.1" 301 2016 "-" "Mozilla/5.0 (Macintosh; Intel Mac OS X 10_15_7) Safari/537.36"
8.8.8.8 - - [06/Jun/2024:04:10:12 +0000] "PUT /admin HTTP/1.1" 404 1403 "-" "Mozilla/5.0 (iPhone; CPU iPhone OS 17_0 like Mac OS X)"
172.16.0.1 - - [17/Jan/2025:16:51:22 +0000] "POST /admin HTTP/1.1" 500 3031 "-" "Mozilla/5.0 (X11; Linux x86_64) Firefox/120.0"
172.16.0.1 - - [24/Feb/2024:03:35:41 +0000] "PUT /admin HTTP/1.1" 404 1583 "-" "Mozilla/5.0 (iPhone; CPU iPhone OS 17_0 like Mac OS X)"
1.1.1.1 - - [22/Jan/2024:21:45:01 +0000] "PUT /index.html HTTP/1.1" 301 8506 "-" "Mozilla/5.0 (Windows NT 10.0; Win64; x64) Chrome/120.0.0.0"
10.0.0.1 - - [25/Jul/2025:07:27:21 +0000] "POST /admin HTTP/1.1" 200 4169 "-" "Mozilla/5.0 (Windows NT 10.0; Win64; x64) Chrome/120.0.0.0"
192.168.1.1 - - [11/Aug/2025:12:25:19 +0000] "PUT /api/users HTTP/1.1" 301 7256 "-" "Mozilla/5.0 (Windows NT 10.0; Win64; x64) Chrome/120.0.0.0"
172.16.0.1 - - [09/Jan/2025:12:16:10 +0000] "PUT /images/logo.png HTTP/1.1" 200 3474 "-" "Mozilla/5.0 (X11; Linux x86_64) Firefox/120.0"
10.0.0.1 - - [23/Mar/2025:15:57:31 +0000] "PUT /cart HTTP/1.1" 200 7089 "-" "Mozilla/5.0 (Windows NT 10.0; Win64; x64) Chrome/120.0.0.0"
172.16.0.1 - - [12/Jan/2025:23:54:25 +0000] "PUT /products HTTP/1.1" 500 5451 "-" "curl/7.68.0"
1.1.1.1 - - [03/Jun/2025:05:23:59 +0000] "PUT /index.html HTTP/1.1" 200 2583 "-" "Mozilla/5.0 (X11; Linux x86_64) Firefox/120.0"
172.16.0.1 - - [07/Jun/2025:08:09:36 +0000] "PUT /about HTTP/1.1" 200 5875 "-" "Mozilla/5.0 (X11; Linux x86_64) Firefox/120.0"
8.8.8.8 - - [14/Oct/2024:07:14:27 +0000] "PUT /api/users HTTP/1.1" 200 5486 "-" "Mozilla/5.0 (Windows NT 10.0; Win64; x64) Chrome/120.0.0.0"
8.8.8.8 - - [21/Dec/2024:00:32:33 +0000] "GET /about HTTP/1.1" 301 8330 "-" "Mozilla/5.0 (Windows NT 10.0; Win64; x64) Chrome/120.0.0.0"
8.8.8.8 - - [08/Dec/2024:17:23:31 +0000] "PUT /api/users HTTP/1.1" 200 3470 "-" "Mozilla/5.0 (Windows NT 10.0; Win64; x64) Chrome/120.0.0.0"
192.168.1.1 - - [08/Feb/2024:16:21:38 +0000] "PUT /cart HTTP/1.1" 200 5190 "-" "Mozilla/5.0 (X11; Linux x86_64) Firefox/120.0"
1.1.1.1 - - [24/Dec/2025:16:05:27 +0000] "DELETE /products HTTP/1.1" 200 7897 "-" "curl/7.68.0"
8.8.8.8 - - [12/May/2025:03:32:20 +0000] "GET /products HTTP/1.1" 200 9343 "-" "Mozilla/5.0 (Macintosh; Intel Mac OS X 10_15_7) Safari/537.36"
1.1.1.1 - - [03/Dec/2025:16:52:05 +0000] "GET /api/users HTTP/1.1" 200 7079 "-" "Mozilla/5.0 (Macintosh; Intel Mac OS X 10_15_7) Safari/537.36"
172.16.0.1 - - [21/Jul/2024:15:17:35 +0000] "PUT /admin HTTP/1.1" 404 7074 "-" "Mozilla/5.0 (iPhone; CPU iPhone OS 17_0 like Mac OS X)"
10.0.0.1 - - [04/May/2024:21:25:26 +0000] "POST /index.html HTTP/1.1" 200 9214 "-" "Mozilla/5.0 (X11; Linux x86_64) Firefox/120.0"
172.16.0.1 - - [01/Feb/2025:02:47:33 +0000] "DELETE /index.html HTTP/1.1" 200 3562 "-" "Mozilla/5.0 (Windows NT 10.0; Win64; x64) Chrome/120.0.0.0"
10.0.0.1 - - [23/Jun/2024:05:05:35 +0000] "POST /index.html HTTP/1.1" 404 7770 "-" "curl/7.68.0"
172.16.0.1 - - [22/Aug/2025:14:07:39 +0000] "DELETE /about HTTP/1.1" 200 4819 "-" "Mozilla/5.0 (Macintosh; Intel Mac OS X 10_15_7) Safari/537.36"
172.16.0.1 - - [25/Aug/2025:12:48:57 +0000] "DELETE /images/logo.png HTTP/1.1" 301 4693 "-" "curl/7.68.0"
192.168.1.1 - - [12/Sep/2025:08:52:17 +0000] "POST /api/users HTTP/1.1" 200 425 "-" "curl/7.68.0"
10.0.0.1 - - [22/May/2025:06:31:13 +0000] "POST /images/logo.png HTTP/1.1" 500 1380 "-" "Mozilla/5.0 (X11; Linux x86_64) Firefox/120.0"
1.1.1.1 - - [07/Mar/2024:18:43:12 +0000] "POST /products HTTP/1.1" 404 9847 "-" "Mozilla/5.0 (iPhone; CPU iPhone OS 17_0 like Mac OS X)"
1.1.1.1 - - [01/Sep/2025:14:45:07 +0000] "PUT /images/logo.png HTTP/1.1" 404 740 "-" "Mozilla/5.0 (X11; Linux x86_64) Firefox/120.0"
192.168.1.1 - - [25/Sep/2025:10:05:23 +0000] "POST /admin HTTP/1.1" 200 10048 "-" "Mozilla/5.0 (iPhone; CPU iPhone OS 17_0 like Mac OS X)"
10.0.0.1 - - [12/Jul/2025:13:38:57 +0000] "PUT /cart HTTP/1.1" 500 6848 "-" "Mozilla/5.0 (iPhone; CPU iPhone OS 17_0 like Mac OS X)"
10.0.0.1 - - [26/Jan/2024:05:43:44 +0000] "POST /images/logo.png HTTP/1.1" 200 1633 "-" "curl/7.68.0"
192.168.1.1 - - [04/Jan/2025:18:29:35 +0000] "POST /index.html HTTP/1.1" 200 2362 "-" "curl/7.68.0"
192.168.1.1 - - [09/Jul/2024:17:26:25 +0000] "DELETE /admin HTTP/1.1" 200 3799 "-" "Mozilla/5.0 (iPhone; CPU iPhone OS 17_0 like Mac OS X)"
8.8.8.8 - - [16/Sep/2025:04:17:43 +0000] "PUT /admin HTTP/1.1" 200 9649 "-" "Mozilla/5.0 (X11; Linux x86_64) Firefox/120.0"
172.16.0.1 - - [19/Apr/2025:13:56:53 +0000] "DELETE /images/logo.png HTTP/1.1" 200 10019 "-" "Mozilla/5.0 (X11; Linux x86_64) Firefox/120.0"
192.168.1.1 - - [02/Dec/2024:23:51:39 +0000] "DELETE /images/logo.png HTTP/1.1" 200 6048 "-" "Mozilla/5.0 (Windows NT 10.0; Win64; x64) Chrome/120.0.0.0"
192.168.1.1 - - [23/Jun/2024:04:51:20 +0000] "POST /index.html HTTP/1.1" 200 8757 "-" "Mozilla/5.0 (X11; Linux x86_64) Firefox/120.0"
8.8.8.8 - - [24/Jul/2025:01:58:35 +0000] "POST /admin HTTP/1.1" 200 8382 "-" "Mozilla/5.0 (Windows NT 10.0; Win64; x64) Chrome/120.0.0.0"
1.1.1.1 - - [23/Apr/2025:05:46:20 +0000] "GET /admin HTTP/1.1" 200 187 "-" "Mozilla/5.0 (iPhone; CPU iPhone OS 17_0 like Mac OS X)"
172.16.0.1 - - [07/Apr/2025:10:35:49 +0000] "DELETE /products HTTP/1.1" 200 6102 "-" "curl/7.68.0"
192.168.1.1 - - [23/Nov/2025:12:57:06 +0000] "POST /images/logo.png HTTP/1.1" 200 3478 "-" "Mozilla/5.0 (Macintosh; Intel Mac OS X 10_15_7) Safari/537.36"
1.1.1.1 - - [15/Oct/2025:02:39:38 +0000] "GET /admin HTTP/1.1" 500 7105 "-" "Mozilla/5.0 (Windows NT 10.0; Win64; x64) Chrome/120.0.0.0"
1.1.1.1 - - [18/Jul/2025:18:02:40 +0000] "DELETE /index.html HTTP/1.1" 200 2195 "-" "curl/7.68.0"
172.16.0.1 - - [23/Feb/2025:05:48:44 +0000] "GET /cart HTTP/1.1" 200 1944 "-" "curl/7.68.0"
192.168.1.1 - - [09/Mar/2025:11:12:40 +0000] "GET /products HTTP/1.1" 200 3136 "-" "Mozilla/5.0 (Macintosh; Intel Mac OS X 10_15_7) Safari/537.36"
192.168.1.1 - - [03/Aug/2025:19:12:44 +0000] "GET /cart HTTP/1.1" 200 8729 "-" "Mozilla/5.0 (Windows NT 10.0; Win64; x64) Chrome/120.0.0.0"
1.1.1.1 - - [11/Mar/2025:07:27:18 +0000] "DELETE /cart HTTP/1.1" 200 2563 "-" "Mozilla/5.0 (X11; Linux x86_64) Firefox/120.0"
172.16.0.1 - - [09/Jun/2024:11:12:18 +0000] "GET /images/logo.png HTTP/1.1" 200 1801 "-" "Mozilla/5.0 (iPhone; CPU iPhone OS 17_0 like Mac OS X)"
172.16.0.1 - - [28/Oct/2025:11:06:30 +0000] "PUT /api/users HTTP/1.1" 200 9654 "-" "curl/7.68.0"
1.1.1.1 - - [24/Apr/2024:11:00:34 +0000] "POST /api/users HTTP/1.1" 500 1239 "-" "Mozilla/5.0 (Windows NT 10.0; Win64; x64) Chrome/120.0.0.0"
172.16.0.1 - - [22/Mar/2024:22:19:08 +0000] "PUT /about HTTP/1.1" 404 4283 "-" "Mozilla/5.0 (iPhone; CPU iPhone OS 17_0 like Mac OS X)"
172.16.0.1 - - [14/May/2024:11:32:13 +0000] "DELETE /products HTTP/1.1" 200 8888 "-" "Mozilla/5.0 (iPhone; CPU iPhone OS 17_0 like Mac OS X)"
172.16.0.1 - - [04/Oct/2024:03:28:14 +0000] "PUT /about HTTP/1.1" 200 6936 "-" "Mozilla/5.0 (iPhone; CPU iPhone OS 17_0 like Mac OS X)"
192.168.1.1 - - [22/Jul/2024:05:31:27 +0000] "DELETE /about HTTP/1.1" 200 8517 "-" "curl/7.68.0"
10.0.0.1 - - [18/Jun/2024:12:55:44 +0000] "GET /products HTTP/1.1" 500 4959 "-" "Mozilla/5.0 (iPhone; CPU iPhone OS 17_0 like Mac OS X)"
8.8.8.8 - - [10/Jan/2025:09:24:18 +0000] "GET /images/logo.png HTTP/1.1" 200 3183 "-" "Mozilla/5.0 (Macintosh; Intel Mac OS X 10_15_7) Safari/537.36"
8.8.8.8 - - [01/Aug/2025:15:00:33 +0000] "GET /admin HTTP/1.1" 200 859 "-" "Mozilla/5.0 (X11; Linux x86_64) Firefox/120.0"
172.16.0.1 - - [02/Dec/2024:07:24:21 +0000] "PUT /products HTTP/1.1" 200 1252 "-" "Mozilla/5.0 (Macintosh; Intel Mac OS X 10_15_7) Safari/537.36"
172.16.0.1 - - [10/May/2025:21:58:16 +0000] "POST /api/users HTTP/1.1" 404 6420 "-" "curl/7.68.0"
192.168.1.1 - - [28/Sep/2025:07:31:43 +0000] "GET /api/users HTTP/1.1" 500 9946 "-" "Mozilla/5.0 (X11; Linux x86_64) Firefox/120.0"
1.1.1.1 - - [07/Jun/2024:14:53:13 +0000] "POST /about HTTP/1.1" 200 7403 "-" "curl/7.68.0"
1.1.1.1 - - [25/Aug/2025:01:49:31 +0000] "POST /cart HTTP/1.1" 200 3425 "-" "Mozilla/5.0 (iPhone; CPU iPhone OS 17_0 like Mac OS X)"
10.0.0.1 - - [25/May/2024:23:30:36 +0000] "DELETE /about HTTP/1.1" 200 5919 "-" "curl/7.68.0"
172.16.0.1 - - [22/Feb/2024:11:32:05 +0000] "DELETE /images/logo.png HTTP/1.1" 200 3972 "-" "Mozilla/5.0 (Windows NT 10.0; Win64; x64) Chrome/120.0.0.0"
172.16.0.1 - - [21/Dec/2024:20:44:50 +0000] "GET /api/users HTTP/1.1" 200 2299 "-" "Mozilla/5.0 (iPhone; CPU iPhone OS 17_0 like Mac OS X)"
1.1.1.1 - - [24/Jun/2025:07:16:07 +0000] "GET /images/logo.png HTTP/1.1" 301 4140 "-" "Mozilla/5.0 (iPhone; CPU iPhone OS 17_0 like Mac OS X)"
1.1.1.1 - - [14/Sep/2024:10:10:52 +0000] "POST /about HTTP/1.1" 404 1197 "-" "curl/7.68.0"
8.8.8.8 - - [18/May/2024:14:09:58 +0000] "POST /admin HTTP/1.1" 200 1355 "-" "Mozilla/5.0 (X11; Linux x86_64) Firefox/120.0"
10.0.0.1 - - [13/Oct/2024:02:14:41 +0000] "GET /images/logo.png HTTP/1.1" 500 10091 "-" "Mozilla/5.0 (X11; Linux x86_64) Firefox/120.0"
8.8.8.8 - - [08/Apr/2024:22:42:29 +0000] "POST /api/users HTTP/1.1" 200 8520 "-" "Mozilla/5.0 (Windows NT 10.0; Win64; x64) Chrome/120.0.0.0"
192.168.1.1 - - [14/Mar/2025:16:44:39 +0000] "GET /api/users HTTP/1.1" 200 3776 "-" "Mozilla/5.0 (Macintosh; Intel Mac OS X 10_15_7) Safari/537.36"
8.8.8.8 - - [17/Feb/2024:09:50:26 +0000] "GET /about HTTP/1.1" 200 2260 "-" "Mozilla/5.0 (iPhone; CPU iPhone OS 17_0 like Mac OS X)"
8.8.8.8 - - [04/Jun/2024:03:54:45 +0000] "POST /admin HTTP/1.1" 200 5752 "-" "Mozilla/5.0 (Macintosh; Intel Mac OS X 10_15_7) Safari/537.36"
172.16.0.1 - - [10/May/2024:14:58:10 +0000] "GET /admin HTTP/1.1" 301 803 "-" "Mozilla/5.0 (Windows NT 10.0; Win64; x64) Chrome/120.0.0.0"
192.168.1.1 - - [15/Aug/2025:18:32:53 +0000] "PUT /cart HTTP/1.1" 404 5666 "-" "Mozilla/5.0 (Macintosh; Intel Mac OS X 10_15_7) Safari/537.36"
8.8.8.8 - - [27/Sep/2025:04:44:37 +0000] "DELETE /index.html HTTP/1.1" 200 4304 "-" "Mozilla/5.0 (iPhone; CPU iPhone OS 17_0 like Mac OS X)"
10.0.0.1 - - [02/Jun/2025:04:23:42 +0000] "POST /about HTTP/1.1" 200 5143 "-" "Mozilla/5.0 (Windows NT 10.0; Win64; x64) Chrome/120.0.0.0"
172.16.0.1 - - [13/Nov/2025:16:19:05 +0000] "GET /index.html HTTP/1.1" 500 5876 "-" "Mozilla/5.0 (Macintosh; Intel Mac OS X 10_15_7) Safari/537.36"
192.168.1.1 - - [07/Feb/2025:00:21:04 +0000] "DELETE /products HTTP/1.1" 200 161 "-" "Mozilla/5.0 (Windows NT 10.0; Win64; x64) Chrome/120.0.0.0"
192.168.1.1 - - [06/Aug/2025:15:41:10 +0000] "POST /cart HTTP/1.1" 200 6054 "-" "Mozilla/5.0 (Windows NT 10.0; Win64; x64) Chrome/120.0.0.0"
8.8.8.8 - - [27/Oct/2024:15:41:06 +0000] "GET /api/users HTTP/1.1" 200 2000 "-" "curl/7.68.0"
192.168.1.1 - - [22/Feb/2024:17:49:40 +0000] "PUT /cart HTTP/1.1" 200 5845 "-" "Mozilla/5.0 (X11; Linux x86_64) Firefox/120.0"
10.0.0.1 - - [11/May/2024:09:50:20 +0000] "DELETE /products HTTP/1.1" 500 3160 "-" "Mozilla/5.0 (X11; Linux x86_64) Firefox/120.0"
192.168.1.1 - - [13/Mar/2025:02:58:47 +0000] "DELETE /cart HTTP/1.1" 200 9449 "-" "Mozilla/5.0 (Macintosh; Intel Mac OS X 10_15_7) Safari/537.36"
1.1.1.1 - - [07/Jun/2024:13:57:59 +0000] "GET /products HTTP/1.1" 200 5097 "-" "curl/7.68.0"
8.8.8.8 - - [14/Nov/2025:20:55:37 +0000] "DELETE /api/users HTTP/1.1" 200 6924 "-" "Mozilla/5.0 (X11; Linux x86_64) Firefox/120.0"
10.0.0.1 - - [03/Aug/2024:19:17:27 +0000] "GET /images/logo.png HTTP/1.1" 500 4832 "-" "curl/7.68.0"
1.1.1.1 - - [20/Apr/2024:19:48:23 +0000] "GET /cart HTTP/1.1" 301 3517 "-" "Mozilla/5.0 (Windows NT 10.0; Win64; x64) Chrome/120.0.0.0"
8.8.8.8 - - [22/Jun/2025:08:14:14 +0000] "DELETE /about HTTP/1.1" 500 4011 "-" "Mozilla/5.0 (X11; Linux x86_64) Firefox/120.0"
8.8.8.8 - - [15/Jun/2025:08:08:25 +0000] "GET /about HTTP/1.1" 404 347 "-" "Mozilla/5.0 (X11; Linux x86_64) Firefox/120.0"
192.168.1.1 - - [25/Jun/2024:18:38:35 +0000] "PUT /cart HTTP/1.1" 500 4612 "-" "Mozilla/5.0 (Windows NT 10.0; Win64; x64) Chrome/120.0.0.0"
10.0.0.1 - - [09/Oct/2025:19:11:01 +0000] "DELETE /admin HTTP/1.1" 200 5425 "-" "Mozilla/5.0 (X11; Linux x86_64) Firefox/120.0"
192.168.1.1 - - [05/Feb/2025:12:16:54 +0000] "POST /admin HTTP/1.1" 200 950 "-" "Mozilla/5.0 (Windows NT 10.0; Win64; x64) Chrome/120.0.0.0"
192.168.1.1 - - [01/Sep/2025:16:12:12 +0000] "PUT /cart HTTP/1.1" 200 2940 "-" "Mozilla/5.0 (Windows NT 10.0; Win64; x64) Chrome/120.0.0.0"
10.0.0.1 - - [25/Oct/2024:07:21:30 +0000] "POST /products HTTP/1.1" 200 4473 "-" "Mozilla/5.0 (Macintosh; Intel Mac OS X 10_15_7) Safari/537.36"
172.16.0.1 - - [06/Jun/2024:10:23:33 +0000] "GET /cart HTTP/1.1" 200 8861 "-" "Mozilla/5.0 (Macintosh; Intel Mac OS X 10_15_7) Safari/537.36"
8.8.8.8 - - [17/Apr/2025:10:40:00 +0000] "PUT /cart HTTP/1.1" 404 7835 "-" "Mozilla/5.0 (Macintosh; Intel Mac OS X 10_15_7) Safari/537.36"
172.16.0.1 - - [17/Sep/2024:12:12:05 +0000] "PUT /cart HTTP/1.1" 200 7767 "-" "Mozilla/5.0 (Windows NT 10.0; Win64; x64) Chrome/120.0.0.0"
8.8.8.8 - - [12/Feb/2025:11:36:44 +0000] "GET /images/logo.png HTTP/1.1" 200 4802 "-" "curl/7.68.0"
8.8.8.8 - - [10/May/2024:03:56:30 +0000] "PUT /about HTTP/1.1" 404 169 "-" "curl/7.68.0"
192.168.1.1 - - [04/Jul/2024:21:18:40 +0000] "GET /admin HTTP/1.1" 200 6532 "-" "Mozilla/5.0 (X11; Linux x86_64) Firefox/120.0"
192.168.1.1 - - [16/Jan/2025:06:23:31 +0000] "DELETE /about HTTP/1.1" 200 9441 "-" "curl/7.68.0"
10.0.0.1 - - [21/Jul/2024:17:20:11 +0000] "PUT /about HTTP/1.1" 200 4640 "-" "Mozilla/5.0 (iPhone; CPU iPhone OS 17_0 like Mac OS X)"
10.0.0.1 - - [15/Feb/2024:13:42:33 +0000] "POST /admin HTTP/1.1" 301 5018 "-" "Mozilla/5.0 (Windows NT 10.0; Win64; x64) Chrome/120.0.0.0"
8.8.8.8 - - [21/Sep/2025:15:05:36 +0000] "DELETE /products HTTP/1.1" 200 8462 "-" "Mozilla/5.0 (Macintosh; Intel Mac OS X 10_15_7) Safari/537.36"
192.168.1.1 - - [16/Jul/2024:14:56:17 +0000] "POST /admin HTTP/1.1" 500 9373 "-" "Mozilla/5.0 (Windows NT 10.0; Win64; x64) Chrome/120.0.0.0"
8.8.8.8 - - [12/Nov/2025:07:11:54 +0000] "POST /about HTTP/1.1" 404 8691 "-" "curl/7.68.0"
192.168.1.1 - - [27/Jul/2025:01:44:36 +0000] "GET /api/users HTTP/1.1" 200 9212 "-" "curl/7.68.0"
8.8.8.8 - - [16/Jul/2025:08:09:43 +0000] "POST /admin HTTP/1.1" 500 1107 "-" "Mozilla/5.0 (X11; Linux x86_64) Firefox/120.0"
192.168.1.1 - - [13/Sep/2024:15:52:31 +0000] "PUT /admin HTTP/1.1" 200 2836 "-" "Mozilla/5.0 (X11; Linux x86_64) Firefox/120.0"
172.16.0.1 - - [17/Oct/2025:12:03:17 +0000] "DELETE /images/logo.png HTTP/1.1" 200 9558 "-" "Mozilla/5.0 (Windows NT 10.0; Win64; x64) Chrome/120.0.0.0"
1.1.1.1 - - [02/Jan/2025:10:29:01 +0000] "PUT /index.html HTTP/1.1" 200 7240 "-" "Mozilla/5.0 (Macintosh; Intel Mac OS X 10_15_7) Safari/537.36"
10.0.0.1 - - [21/Sep/2024:00:20:23 +0000] "DELETE /index.html HTTP/1.1" 301 9846 "-" "curl/7.68.0"
8.8.8.8 - - [22/Jan/2025:14:56:09 +0000] "DELETE /index.html HTTP/1.1" 200 7135 "-" "Mozilla/5.0 (iPhone; CPU iPhone OS 17_0 like Mac OS X)"
172.16.0.1 - - [04/Oct/2025:01:32:58 +0000] "POST /about HTTP/1.1" 200 6879 "-" "curl/7.68.0"
8.8.8.8 - - [11/Feb/2024:05:34:36 +0000] "DELETE /about HTTP/1.1" 500 8294 "-" "Mozilla/5.0 (Windows NT 10.0; Win64; x64) Chrome/120.0.0.0"
8.8.8.8 - - [07/Jun/2024:13:51:57 +0000] "DELETE /about HTTP/1.1" 200 6498 "-" "Mozilla/5.0 (Macintosh; Intel Mac OS X 10_15_7) Safari/537.36"
8.8.8.8 - - [13/Apr/2025:20:39:15 +0000] "POST /products HTTP/1.1" 200 665 "-" "Mozilla/5.0 (Windows NT 10.0; Win64; x64) Chrome/120.0.0.0"
8.8.8.8 - - [22/Mar/2025:13:22:56 +0000] "POST /index.html HTTP/1.1" 200 9119 "-" "Mozilla/5.0 (X11; Linux x86_64) Firefox/120.0"
10.0.0.1 - - [22/May/2024:00:18:35 +0000] "GET /cart HTTP/1.1" 404 7625 "-" "Mozilla/5.0 (X11; Linux x86_64) Firefox/120.0"
192.168.1.1 - - [03/Aug/2024:23:01:05 +0000] "DELETE /cart HTTP/1.1" 200 1677 "-" "Mozilla/5.0 (X11; Linux x86_64) Firefox/120.0"
172.16.0.1 - - [07/May/2024:00:09:43 +0000] "POST /admin HTTP/1.1" 200 8845 "-" "Mozilla/5.0 (X11; Linux x86_64) Firefox/120.0"
8.8.8.8 - - [09/Dec/2025:00:43:44 +0000] "DELETE /images/logo.png HTTP/1.1" 301 7096 "-" "Mozilla/5.0 (Macintosh; Intel Mac OS X 10_15_7) Safari/537.36"
10.0.0.1 - - [24/Mar/2024:13:14:05 +0000] "PUT /index.html HTTP/1.1" 500 8634 "-" "Mozilla/5.0 (iPhone; CPU iPhone OS 17_0 like Mac OS X)"
8.8.8.8 - - [14/Nov/2025:10:26:13 +0000] "GET /images/logo.png HTTP/1.1" 500 8043 "-" "Mozilla/5.0 (X11; Linux x86_64) Firefox/120.0"
192.168.1.1 - - [01/May/2024:09:21:34 +0000] "PUT /images/logo.png HTTP/1.1" 301 9974 "-" "curl/7.68.0"
172.16.0.1 - - [10/Oct/2024:00:36:28 +0000] "POST /products HTTP/1.1" 200 6092 "-" "curl/7.68.0"
10.0.0.1 - - [08/Sep/2024:20:43:10 +0000] "GET /index.html HTTP/1.1" 200 9194 "-" "Mozilla/5.0 (X11; Linux x86_64) Firefox/120.0"
172.16.0.1 - - [03/Oct/2024:15:40:29 +0000] "POST /images/logo.png HTTP/1.1" 200 529 "-" "Mozilla/5.0 (X11; Linux x86_64) Firefox/120.0"
10.0.0.1 - - [26/May/2025:01:35:53 +0000] "GET /images/logo.png HTTP/1.1" 200 2401 "-" "curl/7.68.0"
10.0.0.1 - - [16/Feb/2024:16:27:06 +0000] "PUT /admin HTTP/1.1" 200 618 "-" "Mozilla/5.0 (Windows NT 10.0; Win64; x64) Chrome/120.0.0.0"
10.0.0.1 - - [23/Apr/2024:05:24:13 +0000] "GET /index.html HTTP/1.1" 301 1972 "-" "curl/7.68.0"
1.1.1.1 - - [20/Dec/2025:14:26:39 +0000] "GET /api/users HTTP/1.1" 301 8219 "-" "Mozilla/5.0 (iPhone; CPU iPhone OS 17_0 like Mac OS X)"
10.0.0.1 - - [05/Nov/2024:15:19:49 +0000] "GET /cart HTTP/1.1" 200 1960 "-" "Mozilla/5.0 (X11; Linux x86_64) Firefox/120.0"
1.1.1.1 - - [25/Apr/2024:23:03:59 +0000] "PUT /about HTTP/1.1" 500 9307 "-" "Mozilla/5.0 (Macintosh; Intel Mac OS X 10_15_7) Safari/537.36"
172.16.0.1 - - [02/Sep/2025:08:01:35 +0000] "GET /admin HTTP/1.1" 200 9592 "-" "Mozilla/5.0 (X11; Linux x86_64) Firefox/120.0"
1.1.1.1 - - [13/May/2024:23:10:33 +0000] "PUT /admin HTTP/1.1" 500 9591 "-" "curl/7.68.0"
1.1.1.1 - - [05/Dec/2025:07:44:47 +0000] "DELETE /admin HTTP/1.1" 404 3658 "-" "Mozilla/5.0 (X11; Linux x86_64) Firefox/120.0"
8.8.8.8 - - [09/Feb/2025:11:19:26 +0000] "POST /about HTTP/1.1" 404 8509 "-" "Mozilla/5.0 (X11; Linux x86_64) Firefox/120.0"
1.1.1.1 - - [15/Jan/2024:19:13:36 +0000] "DELETE /admin HTTP/1.1" 301 9137 "-" "Mozilla/5.0 (Macintosh; Intel Mac OS X 10_15_7) Safari/537.36"
1.1.1.1 - - [03/Mar/2025:05:45:46 +0000] "GET /images/logo.png HTTP/1.1" 500 7872 "-" "Mozilla/5.0 (X11; Linux x86_64) Firefox/120.0"
8.8.8.8 - - [20/Sep/2024:14:33:17 +0000] "POST /about HTTP/1.1" 200 4893 "-" "curl/7.68.0"
10.0.0.1 - - [27/Sep/2024:15:21:54 +0000] "DELETE /cart HTTP/1.1" 500 398 "-" "Mozilla/5.0 (Windows NT 10.0; Win64; x64) Chrome/120.0.0.0"
8.8.8.8 - - [21/May/2025:15:05:49 +0000] "DELETE /images/logo.png HTTP/1.1" 200 8782 "-" "Mozilla/5.0 (Windows NT 10.0; Win64; x64) Chrome/120.0.0.0"
8.8.8.8 - - [02/Feb/2024:11:14:46 +0000] "DELETE /admin HTTP/1.1" 200 9292 "-" "curl/7.68.0"
8.8.8.8 - - [12/Jul/2025:23:15:35 +0000] "POST /images/logo.png HTTP/1.1" 200 5020 "-" "Mozilla/5.0 (Windows NT 10.0; Win64; x64) Chrome/120.0.0.0"
192.168.1.1 - - [20/Jan/2025:02:46:07 +0000] "GET /admin HTTP/1.1" 200 2693 "-" "Mozilla/5.0 (iPhone; CPU iPhone OS 17_0 like Mac OS X)"
10.0.0.1 - - [02/Nov/2025:13:13:37 +0000] "PUT /cart HTTP/1.1" 200 297 "-" "Mozilla/5.0 (Windows NT 10.0; Win64; x64) Chrome/120.0.0.0"
192.168.1.1 - - [15/Aug/2025:11:28:03 +0000] "GET /api/users HTTP/1.1" 200 2655 "-" "Mozilla/5.0 (iPhone; CPU iPhone OS 17_0 like Mac OS X)"
1.1.1.1 - - [03/Feb/2024:14:50:30 +0000] "GET /api/users HTTP/1.1" 200 1505 "-" "curl/7.68.0"
172.16.0.1 - - [13/Sep/2024:00:02:43 +0000] "DELETE /products HTTP/1.1" 200 2519 "-" "curl/7.68.0"
192.168.1.1 - - [13/Nov/2025:01:44:06 +0000] "DELETE /cart HTTP/1.1" 301 2144 "-" "Mozilla/5.0 (iPhone; CPU iPhone OS 17_0 like Mac OS X)"
8.8.8.8 - - [27/Oct/2024:01:21:42 +0000] "GET /index.html HTTP/1.1" 200 849 "-" "Mozilla/5.0 (X11; Linux x86_64) Firefox/120.0"
172.16.0.1 - - [17/Dec/2024:09:58:22 +0000] "POST /products HTTP/1.1" 200 10077 "-" "Mozilla/5.0 (iPhone; CPU iPhone OS 17_0 like Mac OS X)"
192.168.1.1 - - [05/Feb/2024:19:30:28 +0000] "GET /products HTTP/1.1" 404 998 "-" "Mozilla/5.0 (X11; Linux x86_64) Firefox/120.0"
1.1.1.1 - - [26/Dec/2025:20:35:01 +0000] "POST /cart HTTP/1.1" 301 7295 "-" "curl/7.68.0"
172.16.0.1 - - [25/Oct/2024:05:32:23 +0000] "DELETE /api/users HTTP/1.1" 200 1523 "-" "Mozilla/5.0 (X11; Linux x86_64) Firefox/120.0"
10.0.0.1 - - [14/Apr/2024:07:21:04 +0000] "GET /images/logo.png HTTP/1.1" 301 1539 "-" "Mozilla/5.0 (X11; Linux x86_64) Firefox/120.0"
172.16.0.1 - - [17/Nov/2024:12:47:46 +0000] "POST /about HTTP/1.1" 200 9427 "-" "Mozilla/5.0 (Windows NT 10.0; Win64; x64) Chrome/120.0.0.0"
10.0.0.1 - - [06/Feb/2025:20:16:27 +0000] "GET /index.html HTTP/1.1" 301 319 "-" "Mozilla/5.0 (iPhone; CPU iPhone OS 17_0 like Mac OS X)"
8.8.8.8 - - [12/Jun/2025:02:13:28 +0000] "POST /api/users HTTP/1.1" 404 6035 "-" "Mozilla/5.0 (Windows NT 10.0; Win64; x64) Chrome/120.0.0.0"
192.168.1.1 - - [23/Aug/2025:22:09:52 +0000] "PUT /api/users HTTP/1.1" 200 2949 "-" "Mozilla/5.0 (X11; Linux x86_64) Firefox/120.0"
172.16.0.1 - - [11/May/2025:19:14:33 +0000] "DELETE /images/logo.png HTTP/1.1" 200 3531 "-" "Mozilla/5.0 (Macintosh; Intel Mac OS X 10_15_7) Safari/537.36"
1.1.1.1 - - [23/Feb/2025:19:20:08 +0000] "DELETE /index.html HTTP/1.1" 200 8523 "-" "Mozilla/5.0 (iPhone; CPU iPhone OS 17_0 like Mac OS X)"
1.1.1.1 - - [25/Jun/2024:08:24:31 +0000] "POST /about HTTP/1.1" 200 9895 "-" "Mozilla/5.0 (iPhone; CPU iPhone OS 17_0 like Mac OS X)"
172.16.0.1 - - [01/Jan/2025:12:21:07 +0000] "PUT /images/logo.png HTTP/1.1" 500 4981 "-" "curl/7.68.0"
10.0.0.1 - - [26/Feb/2024:22:07:53 +0000] "POST /images/logo.png HTTP/1.1" 200 2283 "-" "Mozilla/5.0 (iPhone; CPU iPhone OS 17_0 like Mac OS X)"
10.0.0.1 - - [19/Aug/2024:16:04:22 +0000] "DELETE /about HTTP/1.1" 404 9814 "-" "Mozilla/5.0 (X11; Linux x86_64) Firefox/120.0"
8.8.8.8 - - [27/Jan/2025:15:20:49 +0000] "DELETE /images/logo.png HTTP/1.1" 200 9257 "-" "Mozilla/5.0 (Windows NT 10.0; Win64; x64) Chrome/120.0.0.0"
172.16.0.1 - - [11/Aug/2024:13:37:19 +0000] "PUT /cart HTTP/1.1" 200 9765 "-" "Mozilla/5.0 (iPhone; CPU iPhone OS 17_0 like Mac OS X)"
8.8.8.8 - - [10/May/2025:23:26:37 +0000] "PUT /products HTTP/1.1" 200 10030 "-" "Mozilla/5.0 (Macintosh; Intel Mac OS X 10_15_7) Safari/537.36"
8.8.8.8 - - [03/Dec/2025:01:54:56 +0000] "DELETE /index.html HTTP/1.1" 301 4634 "-" "Mozilla/5.0 (iPhone; CPU iPhone OS 17_0 like Mac OS X)"
192.168.1.1 - - [15/Feb/2025:13:21:33 +0000] "GET /images/logo.png HTTP/1.1" 200 2470 "-" "Mozilla/5.0 (X11; Linux x86_64) Firefox/120.0"
10.0.0.1 - - [19/May/2025:17:07:42 +0000] "POST /api/users HTTP/1.1" 500 6599 "-" "curl/7.68.0"
172.16.0.1 - - [08/Jul/2024:08:08:22 +0000] "POST /cart HTTP/1.1" 404 9598 "-" "Mozilla/5.0 (Macintosh; Intel Mac OS X 10_15_7) Safari/537.36"
172.16.0.1 - - [01/Jul/2025:08:04:46 +0000] "GET /products HTTP/1.1" 200 3923 "-" "Mozilla/5.0 (iPhone; CPU iPhone OS 17_0 like Mac OS X)"
1.1.1.1 - - [07/Oct/2024:18:33:01 +0000] "DELETE /api/users HTTP/1.1" 200 2453 "-" "curl/7.68.0"
172.16.0.1 - - [07/Jul/2025:17:53:54 +0000] "POST /images/logo.png HTTP/1.1" 500 3722 "-" "curl/7.68.0"
192.168.1.1 - - [26/Jun/2024:22:40:00 +0000] "PUT /images/logo.png HTTP/1.1" 404 4146 "-" "curl/7.68.0"
172.16.0.1 - - [03/Mar/2024:20:49:15 +0000] "GET /admin HTTP/1.1" 301 9094 "-" "Mozilla/5.0 (iPhone; CPU iPhone OS 17_0 like Mac OS X)"
8.8.8.8 - - [15/Nov/2025:16:58:48 +0000] "POST /admin HTTP/1.1" 200 9595 "-" "Mozilla/5.0 (X11; Linux x86_64) Firefox/120.0"
10.0.0.1 - - [18/Jan/2025:21:36:41 +0000] "POST /images/logo.png HTTP/1.1" 200 7872 "-" "curl/7.68.0"
192.168.1.1 - - [28/Jun/2025:04:15:03 +0000] "GET /index.html HTTP/1.1" 404 2861 "-" "Mozilla/5.0 (X11; Linux x86_64) Firefox/120.0"
8.8.8.8 - - [01/Aug/2024:15:56:24 +0000] "PUT /index.html HTTP/1.1" 200 1834 "-" "Mozilla/5.0 (Macintosh; Intel Mac OS X 10_15_7) Safari/537.36"
10.0.0.1 - - [06/Oct/2024:22:50:53 +0000] "PUT /products HTTP/1.1" 200 9234 "-" "Mozilla/5.0 (iPhone; CPU iPhone OS 17_0 like Mac OS X)"
192.168.1.1 - - [12/Mar/2025:06:43:30 +0000] "GET /cart HTTP/1.1" 301 4493 "-" "Mozilla/5.0 (X11; Linux x86_64) Firefox/120.0"
1.1.1.1 - - [03/Sep/2024:01:35:48 +0000] "PUT /admin HTTP/1.1" 200 1052 "-" "curl/7.68.0"
172.16.0.1 - - [28/May/2025:02:03:39 +0000] "DELETE /admin HTTP/1.1" 200 1029 "-" "Mozilla/5.0 (iPhone; CPU iPhone OS 17_0 like Mac OS X)"
172.16.0.1 - - [14/May/2024:04:13:17 +0000] "GET /about HTTP/1.1" 301 6558 "-" "Mozilla/5.0 (iPhone; CPU iPhone OS 17_0 like Mac OS X)"
1.1.1.1 - - [18/Sep/2025:12:26:41 +0000] "GET /about HTTP/1.1" 200 8138 "-" "Mozilla/5.0 (Windows NT 10.0; Win64; x64) Chrome/120.0.0.0"
8.8.8.8 - - [15/Jan/2025:06:40:42 +0000] "PUT /cart HTTP/1.1" 404 6579 "-" "Mozilla/5.0 (Windows NT 10.0; Win64; x64) Chrome/120.0.0.0"
1.1.1.1 - - [27/Oct/2025:13:50:01 +0000] "GET /images/logo.png HTTP/1.1" 200 4947 "-" "Mozilla/5.0 (Windows NT 10.0; Win64; x64) Chrome/120.0.0.0"
172.16.0.1 - - [12/Apr/2025:10:51:42 +0000] "DELETE /index.html HTTP/1.1" 301 2227 "-" "Mozilla/5.0 (iPhone; CPU iPhone OS 17_0 like Mac OS X)"
8.8.8.8 - - [23/Feb/2025:08:57:13 +0000] "PUT /admin HTTP/1.1" 301 7454 "-" "Mozilla/5.0 (X11; Linux x86_64) Firefox/120.0"
1.1.1.1 - - [21/Oct/2024:04:27:50 +0000] "DELETE /cart HTTP/1.1" 301 9194 "-" "Mozilla/5.0 (Macintosh; Intel Mac OS X 10_15_7) Safari/537.36"
192.168.1.1 - - [06/May/2025:01:19:16 +0000] "POST /images/logo.png HTTP/1.1" 200 9143 "-" "Mozilla/5.0 (Windows NT 10.0; Win64; x64) Chrome/120.0.0.0"
1.1.1.1 - - [09/Oct/2024:10:26:15 +0000] "POST /about HTTP/1.1" 200 7210 "-" "Mozilla/5.0 (Windows NT 10.0; Win64; x64) Chrome/120.0.0.0"
192.168.1.1 - - [28/Nov/2024:16:30:45 +0000] "GET /images/logo.png HTTP/1.1" 301 2856 "-" "Mozilla/5.0 (iPhone; CPU iPhone OS 17_0 like Mac OS X)"
172.16.0.1 - - [01/Feb/2025:00:34:16 +0000] "GET /products HTTP/1.1" 200 6682 "-" "Mozilla/5.0 (X11; Linux x86_64) Firefox/120.0"
10.0.0.1 - - [07/Aug/2025:03:47:23 +0000] "POST /cart HTTP/1.1" 404 3370 "-" "Mozilla/5.0 (X11; Linux x86_64) Firefox/120.0"
8.8.8.8 - - [18/Nov/2025:01:46:15 +0000] "PUT /admin HTTP/1.1" 301 6640 "-" "Mozilla/5.0 (Windows NT 10.0; Win64; x64) Chrome/120.0.0.0"
10.0.0.1 - - [16/Feb/2024:04:35:32 +0000] "PUT /index.html HTTP/1.1" 200 8138 "-" "Mozilla/5.0 (X11; Linux x86_64) Firefox/120.0"
192.168.1.1 - - [12/Nov/2025:05:36:55 +0000] "DELETE /cart HTTP/1.1" 200 5568 "-" "Mozilla/5.0 (X11; Linux x86_64) Firefox/120.0"
192.168.1.1 - - [12/Jan/2024:13:14:13 +0000] "PUT /images/logo.png HTTP/1.1" 404 4597 "-" "Mozilla/5.0 (Macintosh; Intel Mac OS X 10_15_7) Safari/537.36"
10.0.0.1 - - [23/Mar/2024:00:59:16 +0000] "PUT /api/users HTTP/1.1" 500 1955 "-" "curl/7.68.0"
10.0.0.1 - - [16/Sep/2025:18:16:23 +0000] "POST /api/users HTTP/1.1" 200 3242 "-" "Mozilla/5.0 (Macintosh; Intel Mac OS X 10_15_7) Safari/537.36"
192.168.1.1 - - [17/Jul/2025:05:53:30 +0000] "PUT /index.html HTTP/1.1" 301 5580 "-" "curl/7.68.0"
172.16.0.1 - - [05/Nov/2025:13:27:13 +0000] "GET /admin HTTP/1.1" 200 2338 "-" "Mozilla/5.0 (Windows NT 10.0; Win64; x64) Chrome/120.0.0.0"
10.0.0.1 - - [18/Mar/2024:07:57:19 +0000] "PUT /cart HTTP/1.1" 200 3707 "-" "curl/7.68.0"
192.168.1.1 - - [10/Oct/2024:12:29:15 +0000] "PUT /api/users HTTP/1.1" 301 2611 "-" "Mozilla/5.0 (Macintosh; Intel Mac OS X 10_15_7) Safari/537.36"
10.0.0.1 - - [20/Jan/2024:22:05:33 +0000] "POST /index.html HTTP/1.1" 200 6445 "-" "curl/7.68.0"
10.0.0.1 - - [10/Dec/2025:21:57:49 +0000] "POST /api/users HTTP/1.1" 500 7629 "-" "Mozilla/5.0 (Macintosh; Intel Mac OS X 10_15_7) Safari/537.36"
192.168.1.1 - - [18/Apr/2024:06:11:39 +0000] "POST /about HTTP/1.1" 500 5275 "-" "curl/7.68.0"
192.168.1.1 - - [15/Feb/2024:04:06:50 +0000] "DELETE /admin HTTP/1.1" 200 8261 "-" "Mozilla/5.0 (Windows NT 10.0; Win64; x64) Chrome/120.0.0.0"
10.0.0.1 - - [07/Feb/2025:08:39:10 +0000] "DELETE /about HTTP/1.1" 301 5508 "-" "Mozilla/5.0 (X11; Linux x86_64) Firefox/120.0"
10.0.0.1 - - [12/Sep/2024:14:52:52 +0000] "GET /api/users HTTP/1.1" 500 7883 "-" "Mozilla/5.0 (iPhone; CPU iPhone OS 17_0 like Mac OS X)"
192.168.1.1 - - [13/Jul/2025:15:05:00 +0000] "DELETE /images/logo.png HTTP/1.1" 200 9858 "-" "Mozilla/5.0 (Windows NT 10.0; Win64; x64) Chrome/120.0.0.0"
1.1.1.1 - - [12/Aug/2024:18:07:57 +0000] "DELETE /about HTTP/1.1" 200 5077 "-" "curl/7.68.0"
8.8.8.8 - - [04/Jun/2024:09:13:07 +0000] "DELETE /images/logo.png HTTP/1.1" 200 2176 "-" "Mozilla/5.0 (X11; Linux x86_64) Firefox/120.0"
8.8.8.8 - - [09/Jan/2024:02:48:16 +0000] "PUT /admin HTTP/1.1" 200 7494 "-" "Mozilla/5.0 (Macintosh; Intel Mac OS X 10_15_7) Safari/537.36"
172.16.0.1 - - [06/Nov/2024:23:28:08 +0000] "DELETE /about HTTP/1.1" 500 9712 "-" "Mozilla/5.0 (Windows NT 10.0; Win64; x64) Chrome/120.0.0.0"
10.0.0.1 - - [13/Sep/2025:15:31:32 +0000] "PUT /about HTTP/1.1" 200 6907 "-" "curl/7.68.0"
10.0.0.1 - - [09/Jan/2025:06:00:36 +0000] "GET /api/users HTTP/1.1" 301 4223 "-" "Mozilla/5.0 (X11; Linux x86_64) Firefox/120.0"
1.1.1.1 - - [17/Aug/2025:07:11:10 +0000] "POST /cart HTTP/1.1" 500 3454 "-" "curl/7.68.0"
1.1.1.1 - - [28/Dec/2024:01:02:44 +0000] "PUT /about HTTP/1.1" 301 1243 "-" "Mozilla/5.0 (iPhone; CPU iPhone OS 17_0 like Mac OS X)"
172.16.0.1 - - [26/May/2025:03:02:14 +0000] "PUT /cart HTTP/1.1" 200 9915 "-" "curl/7.68.0"
172.16.0.1 - - [12/Sep/2024:16:21:15 +0000] "PUT /cart HTTP/1.1" 500 5363 "-" "Mozilla/5.0 (Windows NT 10.0; Win64; x64) Chrome/120.0.0.0"
10.0.0.1 - - [19/Jun/2025:05:13:11 +0000] "GET /cart HTTP/1.1" 301 7772 "-" "curl/7.68.0"
1.1.1.1 - - [09/Mar/2024:20:24:06 +0000] "PUT /index.html HTTP/1.1" 200 1507 "-" "Mozilla/5.0 (X11; Linux x86_64) Firefox/120.0"
172.16.0.1 - - [20/Jan/2025:04:34:17 +0000] "DELETE /products HTTP/1.1" 301 6072 "-" "curl/7.68.0"
172.16.0.1 - - [25/Jun/2025:20:42:04 +0000] "DELETE /admin HTTP/1.1" 200 8649 "-" "Mozilla/5.0 (Macintosh; Intel Mac OS X 10_15_7) Safari/537.36"
8.8.8.8 - - [10/May/2025:13:14:32 +0000] "PUT /images/logo.png HTTP/1.1" 301 4418 "-" "curl/7.68.0"
10.0.0.1 - - [05/Jul/2024:15:47:45 +0000] "GET /admin HTTP/1.1" 301 8525 "-" "Mozilla/5.0 (iPhone; CPU iPhone OS 17_0 like Mac OS X)"
192.168.1.1 - - [19/Oct/2024:17:43:03 +0000] "POST /images/logo.png HTTP/1.1" 404 6565 "-" "Mozilla/5.0 (Windows NT 10.0; Win64; x64) Chrome/120.0.0.0"
192.168.1.1 - - [10/May/2024:12:19:37 +0000] "PUT /images/logo.png HTTP/1.1" 301 6499 "-" "curl/7.68.0"
1.1.1.1 - - [05/Apr/2024:14:05:33 +0000] "PUT /api/users HTTP/1.1" 301 9533 "-" "Mozilla/5.0 (X11; Linux x86_64) Firefox/120.0"
1.1.1.1 - - [12/May/2024:16:00:22 +0000] "PUT /images/logo.png HTTP/1.1" 404 7960 "-" "Mozilla/5.0 (Macintosh; Intel Mac OS X 10_15_7) Safari/537.36"
172.16.0.1 - - [01/May/2024:09:00:41 +0000] "GET /api/users HTTP/1.1" 200 6898 "-" "Mozilla/5.0 (Windows NT 10.0; Win64; x64) Chrome/120.0.0.0"
192.168.1.1 - - [14/Nov/2024:03:13:45 +0000] "DELETE /index.html HTTP/1.1" 200 2555 "-" "Mozilla/5.0 (Macintosh; Intel Mac OS X 10_15_7) Safari/537.36"
8.8.8.8 - - [22/Jul/2024:13:28:44 +0000] "POST /about HTTP/1.1" 200 5384 "-" "Mozilla/5.0 (X11; Linux x86_64) Firefox/120.0"
192.168.1.1 - - [26/Feb/2024:21:45:34 +0000] "DELETE /admin HTTP/1.1" 404 3784 "-" "Mozilla/5.0 (iPhone; CPU iPhone OS 17_0 like Mac OS X)"
8.8.8.8 - - [02/Mar/2025:19:19:08 +0000] "PUT /products HTTP/1.1" 200 2231 "-" "Mozilla/5.0 (Macintosh; Intel Mac OS X 10_15_7) Safari/537.36"
172.16.0.1 - - [19/Aug/2024:14:40:44 +0000] "PUT /admin HTTP/1.1" 200 10000 "-" "Mozilla/5.0 (X11; Linux x86_64) Firefox/120.0"
1.1.1.1 - - [01/Sep/2024:09:12:01 +0000] "GET /admin HTTP/1.1" 200 2957 "-" "Mozilla/5.0 (Windows NT 10.0; Win64; x64) Chrome/120.0.0.0"
8.8.8.8 - - [12/Feb/2025:00:36:12 +0000] "POST /admin HTTP/1.1" 404 7972 "-" "Mozilla/5.0 (Windows NT 10.0; Win64; x64) Chrome/120.0.0.0"
10.0.0.1 - - [23/Sep/2024:13:53:55 +0000] "POST /images/logo.png HTTP/1.1" 200 450 "-" "Mozilla/5.0 (Windows NT 10.0; Win64; x64) Chrome/120.0.0.0"
192.168.1.1 - - [10/Sep/2025:17:20:01 +0000] "PUT /api/users HTTP/1.1" 200 4051 "-" "Mozilla/5.0 (Macintosh; Intel Mac OS X 10_15_7) Safari/537.36"
8.8.8.8 - - [06/Jun/2024:13:31:23 +0000] "PUT /index.html HTTP/1.1" 301 6094 "-" "Mozilla/5.0 (iPhone; CPU iPhone OS 17_0 like Mac OS X)"
172.16.0.1 - - [19/May/2024:18:18:37 +0000] "DELETE /images/logo.png HTTP/1.1" 200 9782 "-" "Mozilla/5.0 (iPhone; CPU iPhone OS 17_0 like Mac OS X)"
8.8.8.8 - - [02/Jan/2024:05:12:01 +0000] "POST /images/logo.png HTTP/1.1" 200 9209 "-" "Mozilla/5.0 (Macintosh; Intel Mac OS X 10_15_7) Safari/537.36"
192.168.1.1 - - [22/Dec/2025:14:25:57 +0000] "GET /products HTTP/1.1" 301 6457 "-" "Mozilla/5.0 (Windows NT 10.0; Win64; x64) Chrome/120.0.0.0"
1.1.1.1 - - [17/Jun/2025:13:24:55 +0000] "POST /images/logo.png HTTP/1.1" 301 4037 "-" "Mozilla/5.0 (Windows NT 10.0; Win64; x64) Chrome/120.0.0.0"
172.16.0.1 - - [08/Oct/2024:22:21:18 +0000] "GET /cart HTTP/1.1" 404 5240 "-" "Mozilla/5.0 (iPhone; CPU iPhone OS 17_0 like Mac OS X)"
172.16.0.1 - - [13/Nov/2025:14:14:46 +0000] "PUT /products HTTP/1.1" 200 1811 "-" "Mozilla/5.0 (X11; Linux x86_64) Firefox/120.0"
1.1.1.1 - - [27/Apr/2025:08:16:28 +0000] "DELETE /images/logo.png HTTP/1.1" 200 7289 "-" "Mozilla/5.0 (Macintosh; Intel Mac OS X 10_15_7) Safari/537.36"
192.168.1.1 - - [16/Oct/2024:09:38:06 +0000] "POST /images/logo.png HTTP/1.1" 404 5317 "-" "Mozilla/5.0 (X11; Linux x86_64) Firefox/120.0"
172.16.0.1 - - [04/Aug/2025:06:56:29 +0000] "DELETE /api/users HTTP/1.1" 200 1878 "-" "Mozilla/5.0 (iPhone; CPU iPhone OS 17_0 like Mac OS X)"
10.0.0.1 - - [24/Dec/2025:04:56:02 +0000] "POST /admin HTTP/1.1" 404 780 "-" "curl/7.68.0"
1.1.1.1 - - [12/Jun/2025:20:54:44 +0000] "GET /cart HTTP/1.1" 200 3889 "-" "curl/7.68.0"
1.1.1.1 - - [14/Dec/2025:08:17:02 +0000] "POST /api/users HTTP/1.1" 500 6767 "-" "curl/7.68.0"
172.16.0.1 - - [27/Sep/2024:18:18:48 +0000] "GET /about HTTP/1.1" 200 8078 "-" "curl/7.68.0"
192.168.1.1 - - [07/Oct/2025:13:15:01 +0000] "PUT /about HTTP/1.1" 500 256 "-" "curl/7.68.0"
8.8.8.8 - - [06/Mar/2024:23:05:28 +0000] "DELETE /products HTTP/1.1" 200 575 "-" "Mozilla/5.0 (Windows NT 10.0; Win64; x64) Chrome/120.0.0.0"
172.16.0.1 - - [14/Feb/2024:05:45:02 +0000] "PUT /about HTTP/1.1" 404 8596 "-" "curl/7.68.0"
8.8.8.8 - - [01/Sep/2025:08:19:24 +0000] "POST /products HTTP/1.1" 200 4436 "-" "curl/7.68.0"
192.168.1.1 - - [08/Mar/2024:04:35:40 +0000] "DELETE /admin HTTP/1.1" 200 2139 "-" "Mozilla/5.0 (iPhone; CPU iPhone OS 17_0 like Mac OS X)"
172.16.0.1 - - [22/Mar/2024:19:27:02 +0000] "PUT /api/users HTTP/1.1" 200 1830 "-" "Mozilla/5.0 (iPhone; CPU iPhone OS 17_0 like Mac OS X)"
10.0.0.1 - - [01/Sep/2024:12:06:38 +0000] "PUT /about HTTP/1.1" 404 2840 "-" "curl/7.68.0"
8.8.8.8 - - [28/Sep/2025:04:34:22 +0000] "DELETE /products HTTP/1.1" 404 977 "-" "Mozilla/5.0 (Windows NT 10.0; Win64; x64) Chrome/120.0.0.0"
172.16.0.1 - - [09/Oct/2024:10:25:49 +0000] "GET /images/logo.png HTTP/1.1" 200 2043 "-" "Mozilla/5.0 (Macintosh; Intel Mac OS X 10_15_7) Safari/537.36"
172.16.0.1 - - [24/Oct/2024:16:33:18 +0000] "GET /products HTTP/1.1" 301 9831 "-" "Mozilla/5.0 (X11; Linux x86_64) Firefox/120.0"
8.8.8.8 - - [24/Jun/2025:03:00:51 +0000] "POST /about HTTP/1.1" 200 4978 "-" "Mozilla/5.0 (iPhone; CPU iPhone OS 17_0 like Mac OS X)"
172.16.0.1 - - [15/Apr/2025:13:43:34 +0000] "GET /cart HTTP/1.1" 200 6714 "-" "curl/7.68.0"
192.168.1.1 - - [25/Dec/2024:02:27:34 +0000] "DELETE /admin HTTP/1.1" 404 534 "-" "Mozilla/5.0 (Windows NT 10.0; Win64; x64) Chrome/120.0.0.0"
1.1.1.1 - - [24/Dec/2024:22:31:33 +0000] "POST /about HTTP/1.1" 301 7132 "-" "Mozilla/5.0 (iPhone; CPU iPhone OS 17_0 like Mac OS X)"
172.16.0.1 - - [17/Dec/2024:10:12:53 +0000] "DELETE /cart HTTP/1.1" 500 304 "-" "Mozilla/5.0 (X11; Linux x86_64) Firefox/120.0"
172.16.0.1 - - [11/Sep/2025:11:03:36 +0000] "PUT /products HTTP/1.1" 200 659 "-" "Mozilla/5.0 (Macintosh; Intel Mac OS X 10_15_7) Safari/537.36"
172.16.0.1 - - [01/Feb/2024:09:04:24 +0000] "DELETE /admin HTTP/1.1" 500 1541 "-" "Mozilla/5.0 (Windows NT 10.0; Win64; x64) Chrome/120.0.0.0"
1.1.1.1 - - [03/Jun/2024:19:50:12 +0000] "GET /products HTTP/1.1" 200 2289 "-" "Mozilla/5.0 (Windows NT 10.0; Win64; x64) Chrome/120.0.0.0"
1.1.1.1 - - [16/Mar/2025:06:30:05 +0000] "DELETE /about HTTP/1.1" 200 9954 "-" "Mozilla/5.0 (Macintosh; Intel Mac OS X 10_15_7) Safari/537.36"
192.168.1.1 - - [16/Dec/2024:22:18:18 +0000] "GET /about HTTP/1.1" 200 7913 "-" "curl/7.68.0"
172.16.0.1 - - [17/Aug/2024:18:33:00 +0000] "GET /admin HTTP/1.1" 200 1969 "-" "Mozilla/5.0 (Windows NT 10.0; Win64; x64) Chrome/120.0.0.0"
1.1.1.1 - - [04/Dec/2024:16:20:48 +0000] "DELETE /cart HTTP/1.1" 301 9551 "-" "Mozilla/5.0 (Macintosh; Intel Mac OS X 10_15_7) Safari/537.36"
172.16.0.1 - - [14/May/2025:15:48:55 +0000] "PUT /api/users HTTP/1.1" 404 9849 "-" "Mozilla/5.0 (Macintosh; Intel Mac OS X 10_15_7) Safari/537.36"
1.1.1.1 - - [22/Feb/2025:06:54:23 +0000] "PUT /admin HTTP/1.1" 200 3611 "-" "Mozilla/5.0 (Macintosh; Intel Mac OS X 10_15_7) Safari/537.36"
192.168.1.1 - - [22/Jul/2024:11:49:32 +0000] "PUT /admin HTTP/1.1" 404 5928 "-" "Mozilla/5.0 (Macintosh; Intel Mac OS X 10_15_7) Safari/537.36"
172.16.0.1 - - [11/Mar/2025:03:09:45 +0000] "GET /images/logo.png HTTP/1.1" 200 164 "-" "Mozilla/5.0 (Macintosh; Intel Mac OS X 10_15_7) Safari/537.36"
1.1.1.1 - - [28/Sep/2024:13:44:55 +0000] "POST /index.html HTTP/1.1" 500 6693 "-" "Mozilla/5.0 (iPhone; CPU iPhone OS 17_0 like Mac OS X)"
1.1.1.1 - - [11/Sep/2024:12:05:03 +0000] "PUT /products HTTP/1.1" 200 7330 "-" "Mozilla/5.0 (iPhone; CPU iPhone OS 17_0 like Mac OS X)"
1.1.1.1 - - [28/Sep/2025:22:45:49 +0000] "DELETE /cart HTTP/1.1" 500 152 "-" "Mozilla/5.0 (Windows NT 10.0; Win64; x64) Chrome/120.0.0.0"
8.8.8.8 - - [21/Jul/2024:02:51:06 +0000] "POST /products HTTP/1.1" 500 8384 "-" "Mozilla/5.0 (iPhone; CPU iPhone OS 17_0 like Mac OS X)"
172.16.0.1 - - [16/Jun/2024:12:16:06 +0000] "POST /cart HTTP/1.1" 200 2472 "-" "Mozilla/5.0 (Macintosh; Intel Mac OS X 10_15_7) Safari/537.36"
10.0.0.1 - - [09/May/2024:00:43:33 +0000] "DELETE /products HTTP/1.1" 301 2898 "-" "Mozilla/5.0 (iPhone; CPU iPhone OS 17_0 like Mac OS X)"
1.1.1.1 - - [24/Feb/2024:19:30:08 +0000] "POST /admin HTTP/1.1" 200 8496 "-" "Mozilla/5.0 (Windows NT 10.0; Win64; x64) Chrome/120.0.0.0"
172.16.0.1 - - [21/Dec/2024:13:54:55 +0000] "DELETE /products HTTP/1.1" 200 8095 "-" "curl/7.68.0"
1.1.1.1 - - [23/Sep/2025:23:20:51 +0000] "DELETE /admin HTTP/1.1" 200 5399 "-" "curl/7.68.0"
172.16.0.1 - - [21/May/2024:05:04:50 +0000] "PUT /admin HTTP/1.1" 200 3379 "-" "Mozilla/5.0 (iPhone; CPU iPhone OS 17_0 like Mac OS X)"
192.168.1.1 - - [28/May/2024:00:13:37 +0000] "PUT /cart HTTP/1.1" 404 7163 "-" "Mozilla/5.0 (iPhone; CPU iPhone OS 17_0 like Mac OS X)"
1.1.1.1 - - [26/Jun/2025:04:47:01 +0000] "PUT /cart HTTP/1.1" 200 8680 "-" "Mozilla/5.0 (Macintosh; Intel Mac OS X 10_15_7) Safari/537.36"
172.16.0.1 - - [16/Jan/2024:04:34:17 +0000] "PUT /about HTTP/1.1" 500 5088 "-" "Mozilla/5.0 (Windows NT 10.0; Win64; x64) Chrome/120.0.0.0"
1.1.1.1 - - [20/Aug/2024:08:49:29 +0000] "POST /index.html HTTP/1.1" 404 9374 "-" "Mozilla/5.0 (X11; Linux x86_64) Firefox/120.0"
8.8.8.8 - - [28/Mar/2024:13:54:12 +0000] "PUT /admin HTTP/1.1" 500 5738 "-" "Mozilla/5.0 (X11; Linux x86_64) Firefox/120.0"
10.0.0.1 - - [12/Jul/2024:09:46:39 +0000] "POST /index.html HTTP/1.1" 200 1171 "-" "Mozilla/5.0 (X11; Linux x86_64) Firefox/120.0"
172.16.0.1 - - [13/Jul/2024:10:34:02 +0000] "GET /images/logo.png HTTP/1.1" 200 1109 "-" "Mozilla/5.0 (Macintosh; Intel Mac OS X 10_15_7) Safari/537.36"
8.8.8.8 - - [11/Dec/2024:06:22:23 +0000] "GET /api/users HTTP/1.1" 200 4624 "-" "Mozilla/5.0 (iPhone; CPU iPhone OS 17_0 like Mac OS X)"
172.16.0.1 - - [15/Apr/2024:16:51:40 +0000] "POST /cart HTTP/1.1" 200 4294 "-" "Mozilla/5.0 (X11; Linux x86_64) Firefox/120.0"
192.168.1.1 - - [28/Sep/2025:14:06:45 +0000] "POST /products HTTP/1.1" 200 6930 "-" "Mozilla/5.0 (Windows NT 10.0; Win64; x64) Chrome/120.0.0.0"
8.8.8.8 - - [18/Aug/2025:07:01:48 +0000] "DELETE /about HTTP/1.1" 200 1382 "-" "Mozilla/5.0 (iPhone; CPU iPhone OS 17_0 like Mac OS X)"
1.1.1.1 - - [01/Apr/2024:18:34:02 +0000] "DELETE /cart HTTP/1.1" 500 6352 "-" "Mozilla/5.0 (X11; Linux x86_64) Firefox/120.0"
1.1.1.1 - - [25/Dec/2024:07:42:33 +0000] "GET /images/logo.png HTTP/1.1" 500 3818 "-" "curl/7.68.0"
1.1.1.1 - - [10/Sep/2025:00:23:10 +0000] "POST /images/logo.png HTTP/1.1" 200 2501 "-" "Mozilla/5.0 (Macintosh; Intel Mac OS X 10_15_7) Safari/537.36"
1.1.1.1 - - [10/Aug/2025:03:15:04 +0000] "DELETE /index.html HTTP/1.1" 200 3584 "-" "Mozilla/5.0 (iPhone; CPU iPhone OS 17_0 like Mac OS X)"
8.8.8.8 - - [16/Jun/2024:16:27:37 +0000] "DELETE /index.html HTTP/1.1" 200 6925 "-" "Mozilla/5.0 (Macintosh; Intel Mac OS X 10_15_7) Safari/537.36"
172.16.0.1 - - [12/May/2024:05:12:34 +0000] "GET /images/logo.png HTTP/1.1" 500 5892 "-" "curl/7.68.0"
10.0.0.1 - - [01/Apr/2025:11:29:33 +0000] "DELETE /images/logo.png HTTP/1.1" 301 1498 "-" "Mozilla/5.0 (Windows NT 10.0; Win64; x64) Chrome/120.0.0.0"
172.16.0.1 - - [05/Oct/2024:05:49:00 +0000] "PUT /images/logo.png HTTP/1.1" 200 3626 "-" "Mozilla/5.0 (iPhone; CPU iPhone OS 17_0 like Mac OS X)"
192.168.1.1 - - [27/Jul/2025:21:02:23 +0000] "DELETE /admin HTTP/1.1" 500 7257 "-" "Mozilla/5.0 (iPhone; CPU iPhone OS 17_0 like Mac OS X)"
1.1.1.1 - - [19/Nov/2024:12:30:13 +0000] "POST /images/logo.png HTTP/1.1" 200 791 "-" "Mozilla/5.0 (iPhone; CPU iPhone OS 17_0 like Mac OS X)"
8.8.8.8 - - [13/Jan/2025:14:56:45 +0000] "POST /products HTTP/1.1" 200 445 "-" "Mozilla/5.0 (iPhone; CPU iPhone OS 17_0 like Mac OS X)"
10.0.0.1 - - [03/Feb/2024:21:24:05 +0000] "GET /api/users HTTP/1.1" 500 9112 "-" "Mozilla/5.0 (X11; Linux x86_64) Firefox/120.0"
10.0.0.1 - - [09/Sep/2025:02:53:58 +0000] "POST /api/users HTTP/1.1" 200 3299 "-" "curl/7.68.0"
8.8.8.8 - - [18/Oct/2025:03:17:27 +0000] "DELETE /about HTTP/1.1" 301 8678 "-" "curl/7.68.0"
172.16.0.1 - - [24/Sep/2025:10:04:08 +0000] "PUT /cart HTTP/1.1" 500 2539 "-" "Mozilla/5.0 (Windows NT 10.0; Win64; x64) Chrome/120.0.0.0"
1.1.1.1 - - [13/Jul/2024:12:26:47 +0000] "GET /index.html HTTP/1.1" 404 7537 "-" "Mozilla/5.0 (Windows NT 10.0; Win64; x64) Chrome/120.0.0.0"
8.8.8.8 - - [20/Aug/2025:02:44:57 +0000] "PUT /cart HTTP/1.1" 200 2839 "-" "Mozilla/5.0 (X11; Linux x86_64) Firefox/120.0"
10.0.0.1 - - [11/Jan/2025:01:11:55 +0000] "DELETE /cart HTTP/1.1" 404 1989 "-" "curl/7.68.0"
1.1.1.1 - - [18/Nov/2025:13:58:56 +0000] "GET /index.html HTTP/1.1" 404 5880 "-" "Mozilla/5.0 (iPhone; CPU iPhone OS 17_0 like Mac OS X)"
10.0.0.1 - - [12/Sep/2025:17:42:09 +0000] "POST /index.html HTTP/1.1" 200 2956 "-" "curl/7.68.0"
10.0.0.1 - - [21/Mar/2024:19:04:10 +0000] "POST /admin HTTP/1.1" 200 7182 "-" "curl/7.68.0"
1.1.1.1 - - [23/Jan/2025:10:18:01 +0000] "POST /admin HTTP/1.1" 200 3998 "-" "Mozilla/5.0 (iPhone; CPU iPhone OS 17_0 like Mac OS X)"
8.8.8.8 - - [26/Aug/2025:11:27:22 +0000] "POST /admin HTTP/1.1" 301 9676 "-" "Mozilla/5.0 (Windows NT 10.0; Win64; x64) Chrome/120.0.0.0"
192.168.1.1 - - [19/Aug/2025:01:44:47 +0000] "DELETE /index.html HTTP/1.1" 500 6316 "-" "curl/7.68.0"
1.1.1.1 - - [05/Nov/2024:03:57:30 +0000] "GET /cart HTTP/1.1" 200 8126 "-" "Mozilla/5.0 (Macintosh; Intel Mac OS X 10_15_7) Safari/537.36"
