172.16.0.1 - - [27/May/2024:03:36:01 +0000] "PUT /api/users HTTP/1.1" 301 1616 "-" "Mozilla/5.0 (X11; Linux x86_64) Firefox/120.0"
8.8.8.8 - - [19/Nov/2024:01:24:31 +0000] "PUT /images/logo.png HTTP/1.1" 404 1644 "-" "Mozilla/5.0 (Windows NT 10.0; Win64; x64) Chrome/120.0.0.0"
1.1.1.1 - - [01/Mar/2024:15:05:36 +0000] "GET /api/users HTTP/1.1" 404 8155 "-" "Mozilla/5.0 (iPhone; CPU iPhone OS 17_0 like Mac OS X)"
1.1.1.1 - - [21/Mar/2025:10:16:00 +0000] "POST /about HTTP/1.1" 404 725 "-" "Mozilla/5.0 (Windows NT 10.0; Win64; x64) Chrome/120.0.0.0"
1.1.1.1 - - [26/Jun/2024:03:27:29 +0000] "DELETE /images/logo.png HTTP/1.1" 200 6500 "-" "Mozilla/5.0 (X11; Linux x86_64) Firefox/120.0"
1.1.1.1 - - [20/Jun/2025:22:40:49 +0000] "GET /index.html HTTP/1.1" 301 9480 "-" "curl/7.68.0"
172.16.0.1 - - [16/Jan/2025:19:57:24 +0000] "DELETE /about HTTP/1.1" 500 4135 "-" "curl/7.68.0"
192.168.1.1 - - [14/Jul/2024:09:59:47 +0000] "DELETE /admin HTTP/1.1" 301 6643 "-" "Mozilla/5.0 (Macintosh; Intel Mac OS X 10_15_7) Safari/537.36"
172.16.0.1 - - [02/Jan/2025:10:32:44 +0000] "POST /products HTTP/1.1" 200 3956 "-" "Mozilla/5.0 (Macintosh; Intel Mac OS X 10_15_7) Safari/537.36"
192.168.1.1 - - [17/Jul/2024:21:41:16 +0000] "GET /products HTTP/1.1" 200 4077 "-" "Mozilla/5.0 (Windows NT 10.0; Win64; x64) Chrome/120.0.0.0"
1.1.1.1 - - [23/May/2024:17:09:31 +0000] "PUT /products HTTP/1.1" 500 9242 "-" "Mozilla/5.0 (X11; Linux x86_64) Firefox/120.0"
192.168.1.1 - - [12/Mar/2025:22:08:49 +0000] "DELETE /about HTTP/1.1" 200 6494 "-" "Mozilla/5.0 (X11; Linux x86_64) Firefox/120.0"
10.0.0.1 - - [02/Sep/2024:10:37:27 +0000] "PUT /api/users HTTP/1.1" 200 4973 "-" "Mozilla/5.0 (X11; Linux x86_64) Firefox/120.0"
8.8.8.8 - - [24/Dec/2024:00:15:53 +0000] "DELETE /admin HTTP/1.1" 200 4785 "-" "Mozilla/5.0 (iPhone; CPU iPhone OS 17_0 like Mac OS X)"
8.8.8.8 - - [14/Dec/2025:12:18:08 +0000] "GET /admin HTTP/1.1" 200 4122 "-" "Mozilla/5.0 (X11; Linux x86_64) Firefox/120.0"
192.168.1.1 - - [13/Feb/2025:15:03:13 +0000] "DELETE /about HTTP/1.1" 200 4431 "-" "Mozilla/5.0 (X11; Linux x86_64) Firefox/120.0"
1.1.1.1 - - [14/Jul/2024:22:49:20 +0000] "PUT /api/users HTTP/1.1" 200 8597 "-" "Mozilla/5.0 (Windows NT 10.0; Win64; x64) Chrome/120.0.0.0"
1.1.1.1 - - [23/Jan/2025:15:26:57 +0000] "POST /about HTTP/1.1" 301 5428 "-" "Mozilla/5.0 (X11; Linux x86_64) Firefox/120.0"
10.0.0.1 - - [19/Oct/2024:03:22:47 +0000] "POST /products HTTP/1.1" 301 8074 "-" "Mozilla/5.0 (iPhone; CPU iPhone OS 17_0 like Mac OS X)"
192.168.1.1 - - [12/Jun/2024:19:28:33 +0000] "POST /api/users HTTP/1.1" 200 6516 "-" "Mozilla/5.0 (Windows NT 10.0; Win64; x64) Chrome/120.0.0.0"
192.168.1.1 - - [23/Jul/2024:13:37:12 +0000] "DELETE /images/logo.png HTTP/1.1" 200 2909 "-" "Mozilla/5.0 (X11; Linux x86_64) Firefox/120.0"
172.16.0.1 - - [09/Feb/2025:11:00:07 +0000] "PUT /products HTTP/1.1" 404 2766 "-" "curl/7.68.0"
172.16.0.1 - - [04/Dec/2024:14:21:39 +0000] "POST /images/logo.png HTTP/1.1" 200 6156 "-" "Mozilla/5.0 (Windows NT 10.0; Win64; x64) Chrome/120.0.0.0"
192.168.1.1 - - [27/Jan/2024:22:08:11 +0000] "POST /admin HTTP/1.1" 200 1639 "-" "Mozilla/5.0 (iPhone; CPU iPhone OS 17_0 like Mac OS X)"
172.16.0.1 - - [02/Aug/2025:23:22:01 +0000] "GET /index.html HTTP/1.1" 404 3738 "-" "curl/7.68.0"
8.8.8.8 - - [11/Nov/2025:13:53:51 +0000] "PUT /index.html HTTP/1.1" 500 4767 "-" "Mozilla/5.0 (Windows NT 10.0; Win64; x64) Chrome/120.0.0.0"
10.0.0.1 - - [03/Feb/2024:05:00:41 +0000] "PUT /products HTTP/1.1" 200 9306 "-" "Mozilla/5.0 (Windows NT 10.0; Win64; x64) Chrome/120.0.0.0"
10.0.0.1 - - [13/Jul/2024:16:07:53 +0000] "GET /api/users HTTP/1.1" 200 4090 "-" "Mozilla/5.0 (Windows NT 10.0; Win64; x64) Chrome/120.0.0.0"
10.0.0.1 - - [02/Jan/2025:15:04:57 +0000] "GET /index.html HTTP/1.1" 301 2876 "-" "Mozilla/5.0 (Macintosh; Intel Mac OS X 10_15_7) Safari/537.36"
1.1.1.1 - - [03/Jun/2024:15:54:19 +0000] "PUT /products HTTP/1.1" 404 7878 "-" "Mozilla/5.0 (Windows NT 10.0; Win64; x64) Chrome/120.0.0.0"
172.16.0.1 - - [11/Sep/2025:10:48:53 +0000] "POST /images/logo.png HTTP/1.1" 200 244 "-" "Mozilla/5.0 (X11; Linux x86_64) Firefox/120.0"
192.168.1.1 - - [18/Jan/2024:21:56:15 +0000] "DELETE /index.html HTTP/1.1" 200 1160 "-" "Mozilla/5.0 (Windows NT 10.0; Win64; x64) Chrome/120.0.0.0"
1.1.1.1 - - [04/Apr/2024:23:52:02 +0000] "PUT /admin HTTP/1.1" 200 5931 "-" "Mozilla/5.0 (iPhone; CPU iPhone OS 17_0 like Mac OS X)"
1.1.1.1 - - [13/Jun/2024:06:50:01 +0000] "DELETE /products HTTP/1.1" 404 2631 "-" "Mozilla/5.0 (Windows NT 10.0; Win64; x64) Chrome/120.0.0.0"
10.0.0.1 - - [24/Mar/2024:21:48:41 +0000] "POST /images/logo.png HTTP/1.1" 200 3789 "-" "Mozilla/5.0 (Macintosh; Intel Mac OS X 10_15_7) Safari/537.36"
192.168.1.1 - - [23/Oct/2024:04:09:56 +0000] "DELETE /api/users HTTP/1.1" 200 4416 "-" "Mozilla/5.0 (X11; Linux x86_64) Firefox/120.0"
8.8.8.8 - - [04/Dec/2024:05:16:42 +0000] "DELETE /images/logo.png HTTP/1.1" 404 2479 "-" "Mozilla/5.0 (Macintosh; Intel Mac OS X 10_15_7) Safari/537.36"
1.1.1.1 - - [17/Aug/2024:20:01:59 +0000] "DELETE /index.html HTTP/1.1" 404 9942 "-" "curl/7.68.0"
172.16.0.1 - - [15/Sep/2024:21:02:44 +0000] "DELETE /products HTTP/1.1" 500 4507 "-" "Mozilla/5.0 (Macintosh; Intel Mac OS X 10_15_7) Safari/537.36"
8.8.8.8 - - [16/Apr/2025:07:12:03 +0000] "POST /images/logo.png HTTP/1.1" 404 3142 "-" "curl/7.68.0"
8.8.8.8 - - [22/Oct/2024:14:15:30 +0000] "POST /cart HTTP/1.1" 200 9644 "-" "Mozilla/5.0 (iPhone; CPU iPhone OS 17_0 like Mac OS X)"
8.8.8.8 - - [09/Aug/2025:04:54:39 +0000] "POST /images/logo.png HTTP/1.1" 200 3390 "-" "curl/7.68.0"
172.16.0.1 - - [10/Feb/2024:09:05:09 +0000] "GET /index.html HTTP/1.1" 301 9679 "-" "Mozilla/5.0 (Windows NT 10.0; Win64; x64) Chrome/120.0.0.0"
192.168.1.1 - - [05/Dec/2025:16:18:18 +0000] "GET /images/logo.png HTTP/1.1" 500 5095 "-" "Mozilla/5.0 (X11; Linux x86_64) Firefox/120.0"
172.16.0.1 - - [28/Aug/2024:13:03:58 +0000] "GET /api/users HTTP/1.1" 404 8300 "-" "curl/7.68.0"
8.8.8.8 - - [15/Dec/2025:08:16:24 +0000] "POST /index.html HTTP/1.1" 200 1460 "-" "curl/7.68.0"
10.0.0.1 - - [19/Sep/2025:18:34:34 +0000] "PUT /admin HTTP/1.1" 404 2136 "-" "Mozilla/5.0 (Windows NT 10.0; Win64; x64) Chrome/120.0.0.0"
10.0.0.1 - - [28/May/2025:22:27:20 +0000] "POST /api/users HTTP/1.1" 200 5836 "-" "Mozilla/5.0 (Windows NT 10.0; Win64; x64) Chrome/120.0.0.0"
192.168.1.1 - - [28/Aug/2025:06:29:23 +0000] "PUT /index.html HTTP/1.1" 200 7124 "-" "Mozilla/5.0 (X11; Linux x86_64) Firefox/120.0"
192.168.1.1 - - [15/Apr/2025:19:05:26 +0000] "GET /cart HTTP/1.1" 500 5552 "-" "Mozilla/5.0 (Windows NT 10.0; Win64; x64) Chrome/120.0.0.0"
172.16.0.1 - - [07/Nov/2025:19:52:18 +0000] "GET /cart HTTP/1.1" 404 7116 "-" "Mozilla/5.0 (iPhone; CPU iPhone OS 17_0 like Mac OS X)"
8.8.8.8 - - [12/Jun/2024:23:41:40 +0000] "DELETE /api/users HTTP/1.1" 500 8668 "-" "curl/7.68.0"
172.16.0.1 - - [17/Apr/2025:13:02:46 +0000] "DELETE /cart HTTP/1.1" 200 9018 "-" "Mozilla/5.0 (X11; Linux x86_64) Firefox/120.0"
1.1.1.1 - - [19/Apr/2024:06:14:40 +0000] "DELETE /images/logo.png HTTP/1.1" 500 5699 "-" "Mozilla/5.0 (X11; Linux x86_64) Firefox/120.0"
8.8.8.8 - - [25/Jul/2025:06:08:27 +0000] "DELETE /index.html HTTP/1.1" 200 4652 "-" "curl/7.68.0"
172.16.0.1 - - [06/Jan/2024:08:25:05 +0000] "POST /products HTTP/1.1" 301 2933 "-" "Mozilla/5.0 (Windows NT 10.0; Win64; x64) Chrome/120.0.0.0"
1.1.1.1 - - [17/Feb/2025:20:24:26 +0000] "DELETE /api/users HTTP/1.1" 200 1848 "-" "Mozilla/5.0 (X11; Linux x86_64) Firefox/120.0"
192.168.1.1 - - [16/Mar/2024:15:22:56 +0000] "GET /cart HTTP/1.1" 500 4017 "-" "Mozilla/5.0 (Macintosh; Intel Mac OS X 10_15_7) Safari/537.36"
1.1.1.1 - - [19/Oct/2025:03:56:37 +0000] "PUT /products HTTP/1.1" 200 4693 "-" "Mozilla/5.0 (iPhone; CPU iPhone OS 17_0 like Mac OS X)"
1.1.1.1 - - [10/Apr/2024:08:21:19 +0000] "POST /cart HTTP/1.1" 200 7178 "-" "Mozilla/5.0 (iPhone; CPU iPhone OS 17_0 like Mac OS X)"
10.0.0.1 - - [25/Dec/2025:09:03:27 +0000] "DELETE /images/logo.png HTTP/1.1" 301 7840 "-" "curl/7.68.0"
172.16.0.1 - - [01/Feb/2025:01:51:16 +0000] "GET /api/users HTTP/1.1" 200 2520 "-" "Mozilla/5.0 (iPhone; CPU iPhone OS 17_0 like Mac OS X)"
1.1.1.1 - - [06/Mar/2025:13:56:18 +0000] "POST /about HTTP/1.1" 404 5064 "-" "Mozilla/5.0 (iPhone; CPU iPhone OS 17_0 like Mac OS X)"
10.0.0.1 - - [19/Jun/2025:20:06:18 +0000] "DELETE /api/users HTTP/1.1" 200 3667 "-" "Mozilla/5.0 (X11; Linux x86_64) Firefox/120.0"
172.16.0.1 - - [01/Dec/2025:20:59:21 +0000] "PUT /images/logo.png HTTP/1.1" 500 4823 "-" "Mozilla/5.0 (iPhone; CPU iPhone OS 17_0 like Mac OS X)"
10.0.0.1 - - [04/Feb/2025:05:50:32 +0000] "GET /products HTTP/1.1" 200 4896 "-" "Mozilla/5.0 (Windows NT 10.0; Win64; x64) Chrome/120.0.0.0"
192.168.1.1 - - [28/Oct/2024:15:04:22 +0000] "DELETE /products HTTP/1.1" 200 2028 "-" "Mozilla/5.0 (Windows NT 10.0; Win64; x64) Chrome/120.0.0.0"
8.8.8.8 - - [26/Jun/2024:06:46:54 +0000] "DELETE /cart HTTP/1.1" 200 2644 "-" "Mozilla/5.0 (Windows NT 10.0; Win64; x64) Chrome/120.0.0.0"
192.168.1.1 - - [02/Nov/2025:20:12:06 +0000] "POST /api/users HTTP/1.1" 500 6204 "-" "Mozilla/5.0 (Macintosh; Intel Mac OS X 10_15_7) Safari/537.36"
1.1.1.1 - - [13/Jan/2024:19:53:14 +0000] "GET /images/logo.png HTTP/1.1" 404 3170 "-" "Mozilla/5.0 (iPhone; CPU iPhone OS 17_0 like Mac OS X)"
1.1.1.1 - - [27/Oct/2025:13:13:55 +0000] "GET /index.html HTTP/1.1" 200 2590 "-" "curl/7.68.0"
172.16.0.1 - - [04/Aug/2024:14:05:51 +0000] "PUT /images/logo.png HTTP/1.1" 200 4741 "-" "Mozilla/5.0 (iPhone; CPU iPhone OS 17_0 like Mac OS X)"
172.16.0.1 - - [04/Jan/2025:15:48:18 +0000] "GET /about HTTP/1.1" 200 3114 "-" "Mozilla/5.0 (Windows NT 10.0; Win64; x64) Chrome/120.0.0.0"
192.168.1.1 - - [26/May/2024:23:47:01 +0000] "DELETE /cart HTTP/1.1" 301 7932 "-" "Mozilla/5.0 (Windows NT 10.0; Win64; x64) Chrome/120.0.0.0"
8.8.8.8 - - [25/Apr/2025:08:43:26 +0000] "GET /images/logo.png HTTP/1.1" 404 5419 "-" "Mozilla/5.0 (iPhone; CPU iPhone OS 17_0 like Mac OS X)"
172.16.0.1 - - [10/Feb/2024:20:20:32 +0000] "GET /index.html HTTP/1.1" 200 1523 "-" "Mozilla/5.0 (iPhone; CPU iPhone OS 17_0 like Mac OS X)"
10.0.0.1 - - [25/Dec/2024:17:01:38 +0000] "POST /cart HTTP/1.1" 301 1549 "-" "curl/7.68.0"
10.0.0.1 - - [28/Feb/2025:04:42:28 +0000] "GET /index.html HTTP/1.1" 200 2340 "-" "Mozilla/5.0 (X11; Linux x86_64) Firefox/120.0"
192.168.1.1 - - [25/Jun/2024:22:13:59 +0000] "POST /admin HTTP/1.1" 200 380 "-" "Mozilla/5.0 (Macintosh; Intel Mac OS X 10_15_7) Safari/537.36"
1.1.1.1 - - [07/Oct/2024:15:35:17 +0000] "POST /admin HTTP/1.1" 404 1230 "-" "Mozilla/5.0 (iPhone; CPU iPhone OS 17_0 like Mac OS X)"
1.1.1.1 - - [12/Jan/2024:05:43:25 +0000] "POST /index.html HTTP/1.1" 200 4133 "-" "curl/7.68.0"
10.0.0.1 - - [14/Jul/2024:07:33:15 +0000] "GET /cart HTTP/1.1" 500 3798 "-" "curl/7.68.0"
10.0.0.1 - - [03/Jul/2024:14:02:59 +0000] "GET /index.html HTTP/1.1" 500 2795 "-" "Mozilla/5.0 (iPhone; CPU iPhone OS 17_0 like Mac OS X)"
172.16.0.1 - - [18/Apr/2025:12:13:07 +0000] "GET /api/users HTTP/1.1" 200 5709 "-" "curl/7.68.0"
10.0.0.1 - - [13/Nov/2025:08:11:46 +0000] "POST /cart HTTP/1.1" 200 1914 "-" "Mozilla/5.0 (iPhone; CPU iPhone OS 17_0 like Mac OS X)"
192.168.1.1 - - [15/Oct/2024:22:58:50 +0000] "GET /index.html HTTP/1.1" 404 5694 "-" "curl/7.68.0"
172.16.0.1 - - [24/Feb/2025:15:38:09 +0000] "GET /index.html HTTP/1.1" 301 8877 "-" "curl/7.68.0"
10.0.0.1 - - [10/Jun/2024:16:58:07 +0000] "POST /api/users HTTP/1.1" 200 7030 "-" "Mozilla/5.0 (Macintosh; Intel Mac OS X 10_15_7) Safari/537.36"
1.1.1.1 - - [17/Apr/2024:01:00:44 +0000] "PUT /admin HTTP/1.1" 200 7398 "-" "Mozilla/5.0 (Windows NT 10.0; Win64; x64) Chrome/120.0.0.0"
172.16.0.1 - - [21/May/2025:18:17:33 +0000] "POST /admin HTTP/1.1" 200 3600 "-" "curl/7.68.0"
8.8.8.8 - - [20/Feb/2025:09:12:18 +0000] "DELETE /products HTTP/1.1" 200 9956 "-" "Mozilla/5.0 (iPhone; CPU iPhone OS 17_0 like Mac OS X)"
1.1.1.1 - - [27/Jul/2025:06:09:34 +0000] "POST /cart HTTP/1.1" 500 7482 "-" "Mozilla/5.0 (iPhone; CPU iPhone OS 17_0 like Mac OS X)"
8.8.8.8 - - [28/Jul/2024:00:09:46 +0000] "PUT /api/users HTTP/1.1" 404 9100 "-" "Mozilla/5.0 (iPhone; CPU iPhone OS 17_0 like Mac OS X)"
172.16.0.1 - - [11/Apr/2024:18:49:56 +0000] "POST /index.html HTTP/1.1" 200 3770 "-" "Mozilla/5.0 (Macintosh; Intel Mac OS X 10_15_7) Safari/537.36"
10.0.0.1 - - [08/Jul/2025:05:01:52 +0000] "POST /about HTTP/1.1" 301 303 "-" "curl/7.68.0"
10.0.0.1 - - [17/Mar/2025:05:55:08 +0000] "GET /admin HTTP/1.1" 200 4142 "-" "Mozilla/5.0 (Macintosh; Intel Mac OS X 10_15_7) Safari/537.36"
10.0.0.1 - - [12/Aug/2025:23:28:35 +0000] "DELETE /about HTTP/1.1" 200 7802 "-" "Mozilla/5.0 (iPhone; CPU iPhone OS 17_0 like Mac OS X)"
192.168.1.1 - - [27/Aug/2024:14:51:22 +0000] "GET /images/logo.png HTTP/1.1" 404 5766 "-" "Mozilla/5.0 (Macintosh; Intel Mac OS X 10_15_7) Safari/537.36"
192.168.1.1 - - [28/Jan/2025:22:01:44 +0000] "POST /admin HTTP/1.1" 200 2473 "-" "Mozilla/5.0 (iPhone; CPU iPhone OS 17_0 like Mac OS X)"
10.0.0.1 - - [15/Jan/2024:07:56:34 +0000] "DELETE /cart HTTP/1.1" 200 899 "-" "Mozilla/5.0 (Macintosh; Intel Mac OS X 10_15_7) Safari/537.36"
10.0.0.1 - - [19/Mar/2024:07:53:51 +0000] "DELETE /about HTTP/1.1" 404 178 "-" "Mozilla/5.0 (Macintosh; Intel Mac OS X 10_15_7) Safari/537.36"
192.168.1.1 - - [18/Sep/2025:19:59:22 +0000] "POST /api/users HTTP/1.1" 404 8670 "-" "Mozilla/5.0 (X11; Linux x86_64) Firefox/120.0"
192.168.1.1 - - [21/Jun/2025:13:11:24 +0000] "DELETE /products HTTP/1.1" 200 4142 "-" "Mozilla/5.0 (iPhone; CPU iPhone OS 17_0 like Mac OS X)"
8.8.8.8 - - [13/Apr/2024:20:18:33 +0000] "PUT /api/users HTTP/1.1" 200 4095 "-" "Mozilla/5.0 (Windows NT 10.0; Win64; x64) Chrome/120.0.0.0"
192.168.1.1 - - [13/Jul/2024:02:56:31 +0000] "DELETE /about HTTP/1.1" 301 722 "-" "curl/7.68.0"
8.8.8.8 - - [15/Sep/2025:19:16:28 +0000] "POST /about HTTP/1.1" 500 1187 "-" "Mozilla/5.0 (Windows NT 10.0; Win64; x64) Chrome/120.0.0.0"
8.8.8.8 - - [12/Aug/2025:11:36:52 +0000] "PUT /cart HTTP/1.1" 200 6497 "-" "Mozilla/5.0 (Windows NT 10.0; Win64; x64) Chrome/120.0.0.0"
192.168.1.1 - - [18/Sep/2025:23:48:46 +0000] "DELETE /admin HTTP/1.1" 301 7587 "-" "Mozilla/5.0 (X11; Linux x86_64) Firefox/120.0"
8.8.8.8 - - [10/Dec/2024:08:52:50 +0000] "PUT /products HTTP/1.1" 200 4291 "-" "Mozilla/5.0 (Macintosh; Intel Mac OS X 10_15_7) Safari/537.36"
10.0.0.1 - - [02/Sep/2025:21:23:45 +0000] "GET /admin HTTP/1.1" 500 8302 "-" "Mozilla/5.0 (Macintosh; Intel Mac OS X 10_15_7) Safari/537.36"
1.1.1.1 - - [07/Nov/2025:13:24:40 +0000] "PUT /api/users HTTP/1.1" 200 9437 "-" "Mozilla/5.0 (Macintosh; Intel Mac OS X 10_15_7) Safari/537.36"
8.8.8.8 - - [20/Jul/2025:13:41:21 +0000] "GET /api/users HTTP/1.1" 200 4182 "-" "Mozilla/5.0 (X11; Linux x86_64) Firefox/120.0"
172.16.0.1 - - [11/Oct/2025:17:21:05 +0000] "PUT /api/users HTTP/1.1" 200 9714 "-" "Mozilla/5.0 (X11; Linux x86_64) Firefox/120.0"
172.16.0.1 - - [13/Aug/2025:16:53:53 +0000] "GET /images/logo.png HTTP/1.1" 200 951 "-" "Mozilla/5.0 (Macintosh; Intel Mac OS X 10_15_7) Safari/537.36"
8.8.8.8 - - [28/Sep/2024:12:26:40 +0000] "POST /index.html HTTP/1.1" 200 7248 "-" "Mozilla/5.0 (Macintosh; Intel Mac OS X 10_15_7) Safari/537.36"
192.168.1.1 - - [28/Feb/2024:20:58:50 +0000] "GET /index.html HTTP/1.1" 200 643 "-" "Mozilla/5.0 (Macintosh; Intel Mac OS X 10_15_7) Safari/537.36"
192.168.1.1 - - [12/Oct/2024:08:28:50 +0000] "PUT /api/users HTTP/1.1" 200 7809 "-" "Mozilla/5.0 (Windows NT 10.0; Win64; x64) Chrome/120.0.0.0"
8.8.8.8 - - [18/May/2025:22:43:34 +0000] "DELETE /index.html HTTP/1.1" 200 4049 "-" "Mozilla/5.0 (Macintosh; Intel Mac OS X 10_15_7) Safari/537.36"
1.1.1.1 - - [09/Apr/2024:09:13:35 +0000] "PUT /about HTTP/1.1" 200 7212 "-" "Mozilla/5.0 (Macintosh; Intel Mac OS X 10_15_7) Safari/537.36"
192.168.1.1 - - [19/Aug/2024:14:52:33 +0000] "DELETE /cart HTTP/1.1" 404 5838 "-" "Mozilla/5.0 (Windows NT 10.0; Win64; x64) Chrome/120.0.0.0"
1.1.1.1 - - [12/Jul/2025:14:04:25 +0000] "POST /api/users HTTP/1.1" 200 2024 "-" "curl/7.68.0"
192.168.1.1 - - [28/Mar/2024:23:23:53 +0000] "GET /about HTTP/1.1" 500 2311 "-" "curl/7.68.0"
1.1.1.1 - - [01/Feb/2025:18:55:52 +0000] "GET /products HTTP/1.1" 500 5952 "-" "Mozilla/5.0 (Windows NT 10.0; Win64; x64) Chrome/120.0.0.0"
10.0.0.1 - - [23/Nov/2025:22:18:47 +0000] "PUT /admin HTTP/1.1" 200 6406 "-" "Mozilla/5.0 (Windows NT 10.0; Win64; x64) Chrome/120.0.0.0"
172.16.0.1 - - [17/Jan/2025:17:31:25 +0000] "PUT /api/users HTTP/1.1" 200 6207 "-" "Mozilla/5.0 (Windows NT 10.0; Win64; x64) Chrome/120.0.0.0"
192.168.1.1 - - [27/Aug/2025:20:49:02 +0000] "DELETE /about HTTP/1.1" 500 1736 "-" "Mozilla/5.0 (iPhone; CPU iPhone OS 17_0 like Mac OS X)"
10.0.0.1 - - [08/Dec/2025:15:02:48 +0000] "POST /index.html HTTP/1.1" 200 5429 "-" "curl/7.68.0"
192.168.1.1 - - [26/Oct/2025:00:37:51 +0000] "POST /index.html HTTP/1.1" 200 2434 "-" "Mozilla/5.0 (Windows NT 10.0; Win64; x64) Chrome/120.0.0.0"
1.1.1.1 - - [16/Aug/2025:23:42:41 +0000] "GET /admin HTTP/1.1" 404 5634 "-" "Mozilla/5.0 (Windows NT 10.0; Win64; x64) Chrome/120.0.0.0"
172.16.0.1 - - [17/Feb/2024:01:02:57 +0000] "DELETE /api/users HTTP/1.1" 500 7660 "-" "curl/7.68.0"
192.168.1.1 - - [13/Dec/2025:11:15:32 +0000] "POST /about HTTP/1.1" 500 4643 "-" "Mozilla/5.0 (X11; Linux x86_64) Firefox/120.0"
172.16.0.1 - - [25/Apr/2025:00:54:24 +0000] "GET /images/logo.png HTTP/1.1" 200 248 "-" "Mozilla/5.0 (Windows NT 10.0; Win64; x64) Chrome/120.0.0.0"
192.168.1.1 - - [27/May/2025:06:57:10 +0000] "POST /index.html HTTP/1.1" 200 5303 "-" "Mozilla/5.0 (Macintosh; Intel Mac OS X 10_15_7) Safari/537.36"
10.0.0.1 - - [08/Sep/2024:10:17:02 +0000] "PUT /products HTTP/1.1" 200 2496 "-" "Mozilla/5.0 (X11; Linux x86_64) Firefox/120.0"
172.16.0.1 - - [09/Sep/2025:07:22:37 +0000] "DELETE /api/users HTTP/1.1" 200 9506 "-" "curl/7.68.0"
172.16.0.1 - - [20/Dec/2025:11:05:03 +0000] "POST /images/logo.png HTTP/1.1" 200 9078 "-" "curl/7.68.0"
192.168.1.1 - - [20/May/2024:20:58:39 +0000] "GET /admin HTTP/1.1" 200 4172 "-" "Mozilla/5.0 (Macintosh; Intel Mac OS X 10_15_7) Safari/537.36"
10.0.0.1 - - [11/Jun/2025:01:36:05 +0000] "POST /about HTTP/1.1" 500 8169 "-" "Mozilla/5.0 (X11; Linux x86_64) Firefox/120.0"
1.1.1.1 - - [18/May/2025:00:05:48 +0000] "POST /images/logo.png HTTP/1.1" 500 3367 "-" "Mozilla/5.0 (Windows NT 10.0; Win64; x64) Chrome/120.0.0.0"
172.16.0.1 - - [11/Jul/2024:01:44:36 +0000] "PUT /about HTTP/1.1" 200 9218 "-" "curl/7.68.0"
172.16.0.1 - - [24/Oct/2024:02:14:50 +0000] "GET /api/users HTTP/1.1" 301 7868 "-" "Mozilla/5.0 (X11; Linux x86_64) Firefox/120.0"
1.1.1.1 - - [13/Nov/2024:00:32:37 +0000] "GET /cart HTTP/1.1" 500 9731 "-" "Mozilla/5.0 (iPhone; CPU iPhone OS 17_0 like Mac OS X)"
192.168.1.1 - - [24/Sep/2024:04:48:30 +0000] "DELETE /index.html HTTP/1.1" 200 3623 "-" "Mozilla/5.0 (iPhone; CPU iPhone OS 17_0 like Mac OS X)"
1.1.1.1 - - [03/Apr/2024:05:19:42 +0000] "GET /admin HTTP/1.1" 200 7588 "-" "Mozilla/5.0 (Macintosh; Intel Mac OS X 10_15_7) Safari/537.36"
10.0.0.1 - - [24/Apr/2024:13:54:41 +0000] "GET /products HTTP/1.1" 500 2668 "-" "Mozilla/5.0 (Windows NT 10.0; Win64; x64) Chrome/120.0.0.0"
10.0.0.1 - - [10/May/2025:15:15:02 +0000] "PUT /cart HTTP/1.1" 500 8526 "-" "Mozilla/5.0 (Macintosh; Intel Mac OS X 10_15_7) Safari/537.36"
1.1.1.1 - - [13/Jan/2025:22:03:43 +0000] "GET /cart HTTP/1.1" 200 6094 "-" "Mozilla/5.0 (Macintosh; Intel Mac OS X 10_15_7) Safari/537.36"
1.1.1.1 - - [10/Dec/2025:15:31:05 +0000] "PUT /index.html HTTP/1.1" 200 1378 "-" "Mozilla/5.0 (X11; Linux x86_64) Firefox/120.0"
172.16.0.1 - - [15/Sep/2024:01:53:13 +0000] "DELETE /about HTTP/1.1" 200 4066 "-" "curl/7.68.0"
172.16.0.1 - - [06/Dec/2024:05:06:42 +0000] "PUT /products HTTP/1.1" 404 773 "-" "curl/7.68.0"
1.1.1.1 - - [21/Aug/2024:15:29:29 +0000] "PUT /index.html HTTP/1.1" 500 1809 "-" "Mozilla/5.0 (Windows NT 10.0; Win64; x64) Chrome/120.0.0.0"
192.168.1.1 - - [22/Nov/2024:13:14:14 +0000] "GET /index.html HTTP/1.1" 404 5724 "-" "curl/7.68.0"
1.1.1.1 - - [05/Feb/2025:20:47:17 +0000] "DELETE /products HTTP/1.1" 200 7838 "-" "curl/7.68.0"
8.8.8.8 - - [09/Feb/2024:10:06:50 +0000] "POST /about HTTP/1.1" 200 1724 "-" "Mozilla/5.0 (X11; Linux x86_64) Firefox/120.0"
10.0.0.1 - - [23/Mar/2025:18:23:41 +0000] "DELETE /about HTTP/1.1" 301 9909 "-" "Mozilla/5.0 (X11; Linux x86_64) Firefox/120.0"
192.168.1.1 - - [20/Jun/2025:22:21:38 +0000] "POST /about HTTP/1.1" 200 8980 "-" "Mozilla/5.0 (X11; Linux x86_64) Firefox/120.0"
8.8.8.8 - - [22/Jun/2025:00:32:13 +0000] "GET /index.html HTTP/1.1" 301 5669 "-" "Mozilla/5.0 (X11; Linux x86_64) Firefox/120.0"
10.0.0.1 - - [14/Mar/2025:15:32:55 +0000] "DELETE /api/users HTTP/1.1" 500 7020 "-" "Mozilla/5.0 (X11; Linux x86_64) Firefox/120.0"
192.168.1.1 - - [22/Apr/2024:04:32:01 +0000] "DELETE /images/logo.png HTTP/1.1" 404 3114 "-" "curl/7.68.0"
1.1.1.1 - - [07/Mar/2024:18:21:55 +0000] "DELETE /admin HTTP/1.1" 200 968 "-" "Mozilla/5.0 (Windows NT 10.0; Win64; x64) Chrome/120.0.0.0"
172.16.0.1 - - [26/Oct/2025:06:12:00 +0000] "GET /index.html HTTP/1.1" 200 1358 "-" "Mozilla/5.0 (X11; Linux x86_64) Firefox/120.0"
172.16.0.1 - - [10/Aug/2025:05:27:57 +0000] "POST /index.html HTTP/1.1" 200 3241 "-" "Mozilla/5.0 (Macintosh; Intel Mac OS X 10_15_7) Safari/537.36"
1.1.1.1 - - [11/Jul/2024:22:18:59 +0000] "POST /about HTTP/1.1" 200 6909 "-" "curl/7.68.0"
172.16.0.1 - - [27/Jan/2024:03:44:36 +0000] "POST /images/logo.png HTTP/1.1" 200 257 "-" "Mozilla/5.0 (Macintosh; Intel Mac OS X 10_15_7) Safari/537.36"
192.168.1.1 - - [03/Nov/2024:07:56:20 +0000] "POST /about HTTP/1.1" 301 4531 "-" "Mozilla/5.0 (X11; Linux x86_64) Firefox/120.0"
172.16.0.1 - - [10/Dec/2025:15:27:48 +0000] "PUT /cart HTTP/1.1" 200 4367 "-" "curl/7.68.0"
172.16.0.1 - - [04/Dec/2024:23:55:25 +0000] "POST /products HTTP/1.1" 200 2070 "-" "Mozilla/5.0 (Macintosh; Intel Mac OS X 10_15_7) Safari/537.36"
8.8.8.8 - - [21/Sep/2024:14:20:27 +0000] "GET /about HTTP/1.1" 404 5693 "-" "Mozilla/5.0 (Macintosh; Intel Mac OS X 10_15_7) Safari/537.36"
192.168.1.1 - - [20/May/2024:04:21:13 +0000] "PUT /products HTTP/1.1" 200 3435 "-" "Mozilla/5.0 (iPhone; CPU iPhone OS 17_0 like Mac OS X)"
1.1.1.1 - - [23/Sep/2025:04:18:20 +0000] "PUT /api/users HTTP/1.1" 200 2099 "-" "Mozilla/5.0 (Macintosh; Intel Mac OS X 10_15_7) Safari/537.36"
8.8.8.8 - - [03/Dec/2025:09:16:46 +0000] "POST /about HTTP/1.1" 200 9672 "-" "curl/7.68.0"
1.1.1.1 - - [27/Dec/2025:00:08:34 +0000] "DELETE /about HTTP/1.1" 200 2563 "-" "curl/7.68.0"
1.1.1.1 - - [03/Nov/2024:10:28:15 +0000] "POST /api/users HTTP/1.1" 200 5457 "-" "Mozilla/5.0 (Windows NT 10.0; Win64; x64) Chrome/120.0.0.0"
192.168.1.1 - - [15/Jun/2025:20:20:33 +0000] "DELETE /api/users HTTP/1.1" 200 6586 "-" "Mozilla/5.0 (iPhone; CPU iPhone OS 17_0 like Mac OS X)"
1.1.1.1 - - [07/Jul/2024:09:01:56 +0000] "GET /index.html HTTP/1.1" 200 4075 "-" "Mozilla/5.0 (X11; Linux x86_64) Firefox/120.0"
172.16.0.1 - - [11/Feb/2024:00:20:43 +0000] "PUT /admin HTTP/1.1" 404 2408 "-" "Mozilla/5.0 (Macintosh; Intel Mac OS X 10_15_7) Safari/537.36"
192.168.1.1 - - [22/Nov/2024:07:01:41 +0000] "GET /cart HTTP/1.1" 200 6873 "-" "Mozilla/5.0 (Windows NT 10.0; Win64; x64) Chrome/120.0.0.0"
10.0.0.1 - - [18/Feb/2024:12:41:58 +0000] "GET /about HTTP/1.1" 301 2290 "-" "Mozilla/5.0 (Macintosh; Intel Mac OS X 10_15_7) Safari/537.36"
192.168.1.1 - - [08/Dec/2025:15:02:58 +0000] "GET /cart HTTP/1.1" 200 9105 "-" "curl/7.68.0"
172.16.0.1 - - [17/Aug/2024:14:18:52 +0000] "GET /cart HTTP/1.1" 200 7809 "-" "Mozilla/5.0 (X11; Linux x86_64) Firefox/120.0"
8.8.8.8 - - [22/Feb/2025:19:11:04 +0000] "DELETE /admin HTTP/1.1" 200 2256 "-" "Mozilla/5.0 (Windows NT 10.0; Win64; x64) Chrome/120.0.0.0"
8.8.8.8 - - [01/Oct/2025:15:08:09 +0000] "GET /admin HTTP/1.1" 404 7909 "-" "Mozilla/5.0 (X11; Linux x86_64) Firefox/120.0"
192.168.1.1 - - [24/Apr/2025:17:42:20 +0000] "PUT /about HTTP/1.1" 301 5358 "-" "Mozilla/5.0 (Windows NT 10.0; Win64; x64) Chrome/120.0.0.0"
1.1.1.1 - - [05/Dec/2024:21:56:00 +0000] "DELETE /index.html HTTP/1.1" 200 4896 "-" "Mozilla/5.0 (Windows NT 10.0; Win64; x64) Chrome/120.0.0.0"
8.8.8.8 - - [15/Dec/2024:19:06:07 +0000] "DELETE /images/logo.png HTTP/1.1" 200 8799 "-" "Mozilla/5.0 (Macintosh; Intel Mac OS X 10_15_7) Safari/537.36"
10.0.0.1 - - [14/May/2025:08:22:45 +0000] "GET /cart HTTP/1.1" 404 1863 "-" "Mozilla/5.0 (Windows NT 10.0; Win64; x64) Chrome/120.0.0.0"
8.8.8.8 - - [23/Nov/2024:19:35:49 +0000] "DELETE /products HTTP/1.1" 500 8056 "-" "Mozilla/5.0 (Windows NT 10.0; Win64; x64) Chrome/120.0.0.0"
8.8.8.8 - - [12/Mar/2025:16:59:19 +0000] "PUT /cart HTTP/1.1" 200 9743 "-" "curl/7.68.0"
1.1.1.1 - - [12/Apr/2025:06:14:37 +0000] "DELETE /cart HTTP/1.1" 404 3532 "-" "curl/7.68.0"
8.8.8.8 - - [07/Dec/2025:08:11:22 +0000] "DELETE /api/users HTTP/1.1" 200 7591 "-" "Mozilla/5.0 (X11; Linux x86_64) Firefox/120.0"
8.8.8.8 - - [20/Mar/2024:18:01:33 +0000] "GET /about HTTP/1.1" 200 8744 "-" "Mozilla/5.0 (Macintosh; Intel Mac OS X 10_15_7) Safari/537.36"
172.16.0.1 - - [08/Jul/2025:14:45:57 +0000] "DELETE /products HTTP/1.1" 500 3576 "-" "Mozilla/5.0 (Windows NT 10.0; Win64; x64) Chrome/120.0.0.0"
8.8.8.8 - - [12/Feb/2025:20:01:13 +0000] "GET /products HTTP/1.1" 200 8240 "-" "curl/7.68.0"
192.168.1.1 - - [24/Sep/2024:12:22:23 +0000] "PUT /admin HTTP/1.1" 301 8562 "-" "Mozilla/5.0 (iPhone; CPU iPhone OS 17_0 like Mac OS X)"
172.16.0.1 - - [27/May/2024:14:04:52 +0000] "POST /products HTTP/1.1" 200 5150 "-" "curl/7.68.0"
10.0.0.1 - - [21/May/2024:02:25:35 +0000] "GET /cart HTTP/1.1" 200 1482 "-" "Mozilla/5.0 (Windows NT 10.0; Win64; x64) Chrome/120.0.0.0"
1.1.1.1 - - [09/Jul/2025:17:27:27 +0000] "DELETE /images/logo.png HTTP/1.1" 200 1552 "-" "Mozilla/5.0 (X11; Linux x86_64) Firefox/120.0"
10.0.0.1 - - [02/Aug/2025:07:01:49 +0000] "PUT /admin HTTP/1.1" 404 8427 "-" "Mozilla/5.0 (X11; Linux x86_64) Firefox/120.0"
10.0.0.1 - - [28/Mar/2024:04:34:30 +0000] "GET /about HTTP/1.1" 301 9593 "-" "Mozilla/5.0 (Macintosh; Intel Mac OS X 10_15_7) Safari/537.36"
8.8.8.8 - - [09/May/2025:07:10:33 +0000] "GET /products HTTP/1.1" 200 1167 "-" "curl/7.68.0"
172.16.0.1 - - [07/May/2025:15:43:35 +0000] "GET /cart HTTP/1.1" 200 2826 "-" "curl/7.68.0"
1.1.1.1 - - [20/Jun/2025:14:51:58 +0000] "PUT /about HTTP/1.1" 404 340 "-" "Mozilla/5.0 (iPhone; CPU iPhone OS 17_0 like Mac OS X)"
8.8.8.8 - - [28/Jul/2025:15:36:07 +0000] "POST /api/users HTTP/1.1" 200 991 "-" "Mozilla/5.0 (iPhone; CPU iPhone OS 17_0 like Mac OS X)"
172.16.0.1 - - [03/Nov/2024:14:23:12 +0000] "POST /images/logo.png HTTP/1.1" 200 901 "-" "Mozilla/5.0 (iPhone; CPU iPhone OS 17_0 like Mac OS X)"
10.0.0.1 - - [01/Jan/2024:11:53:30 +0000] "DELETE /images/logo.png HTTP/1.1" 500 3426 "-" "Mozilla/5.0 (iPhone; CPU iPhone OS 17_0 like Mac OS X)"
172.16.0.1 - - [23/Jan/2024:15:09:58 +0000] "DELETE /cart HTTP/1.1" 404 3336 "-" "Mozilla/5.0 (X11; Linux x86_64) Firefox/120.0"
10.0.0.1 - - [21/Dec/2024:04:33:48 +0000] "POST /about HTTP/1.1" 200 944 "-" "Mozilla/5.0 (Macintosh; Intel Mac OS X 10_15_7) Safari/537.36"
192.168.1.1 - - [03/Jul/2025:09:16:45 +0000] "POST /api/users HTTP/1.1" 200 7841 "-" "curl/7.68.0"
10.0.0.1 - - [16/May/2024:08:22:06 +0000] "GET /admin HTTP/1.1" 200 7055 "-" "Mozilla/5.0 (iPhone; CPU iPhone OS 17_0 like Mac OS X)"
172.16.0.1 - - [10/Apr/2024:03:39:53 +0000] "POST /admin HTTP/1.1" 200 6295 "-" "Mozilla/5.0 (iPhone; CPU iPhone OS 17_0 like Mac OS X)"
1.1.1.1 - - [24/Apr/2024:21:30:04 +0000] "GET /images/logo.png HTTP/1.1" 200 3099 "-" "Mozilla/5.0 (iPhone; CPU iPhone OS 17_0 like Mac OS X)"
172.16.0.1 - - [17/Oct/2024:04:43:13 +0000] "POST /admin HTTP/1.1" 500 965 "-" "Mozilla/5.0 (Macintosh; Intel Mac OS X 10_15_7) Safari/537.36"
1.1.1.1 - - [23/Apr/2025:15:48:55 +0000] "DELETE /api/users HTTP/1.1" 200 8732 "-" "Mozilla/5.0 (iPhone; CPU iPhone OS 17_0 like Mac OS X)"
10.0.0.1 - - [09/Jan/2024:13:35:49 +0000] "DELETE /cart HTTP/1.1" 500 8969 "-" "Mozilla/5.0 (iPhone; CPU iPhone OS 17_0 like Mac OS X)"
8.8.8.8 - - [23/Jun/2025:00:42:15 +0000] "GET /api/users HTTP/1.1" 200 3210 "-" "Mozilla/5.0 (X11; Linux x86_64) Firefox/120.0"
1.1.1.1 - - [08/Dec/2024:14:50:05 +0000] "GET /products HTTP/1.1" 200 3472 "-" "Mozilla/5.0 (Windows NT 10.0; Win64; x64) Chrome/120.0.0.0"
192.168.1.1 - - [26/Feb/2025:18:13:41 +0000] "POST /api/users HTTP/1.1" 200 7748 "-" "Mozilla/5.0 (Windows NT 10.0; Win64; x64) Chrome/120.0.0.0"
8.8.8.8 - - [14/Jul/2025:00:26:05 +0000] "DELETE /products HTTP/1.1" 404 8648 "-" "curl/7.68.0"
8.8.8.8 - - [04/Jan/2024:10:34:07 +0000] "DELETE /about HTTP/1.1" 200 6738 "-" "curl/7.68.0"
172.16.0.1 - - [22/Jun/2024:13:30:09 +0000] "POST /api/users HTTP/1.1" 200 1943 "-" "curl/7.68.0"
1.1.1.1 - - [19/Dec/2025:22:07:28 +0000] "POST /index.html HTTP/1.1" 200 1756 "-" "Mozilla/5.0 (iPhone; CPU iPhone OS 17_0 like Mac OS X)"
192.168.1.1 - - [20/Jan/2025:12:38:01 +0000] "GET /index.html HTTP/1.1" 500 3050 "-" "Mozilla/5.0 (Windows NT 10.0; Win64; x64) Chrome/120.0.0.0"
1.1.1.1 - - [17/Apr/2025:03:04:02 +0000] "PUT /api/users HTTP/1.1" 200 1538 "-" "Mozilla/5.0 (X11; Linux x86_64) Firefox/120.0"
10.0.0.1 - - [25/Nov/2024:19:14:16 +0000] "GET /admin HTTP/1.1" 404 8283 "-" "Mozilla/5.0 (X11; Linux x86_64) Firefox/120.0"
1.1.1.1 - - [22/Aug/2024:09:38:35 +0000] "PUT /images/logo.png HTTP/1.1" 200 9624 "-" "Mozilla/5.0 (Macintosh; Intel Mac OS X 10_15_7) Safari/537.36"
172.16.0.1 - - [25/Apr/2025:00:32:58 +0000] "GET /cart HTTP/1.1" 200 9228 "-" "Mozilla/5.0 (X11; Linux x86_64) Firefox/120.0"
192.168.1.1 - - [15/Dec/2025:18:51:17 +0000] "POST /api/users HTTP/1.1" 301 6141 "-" "Mozilla/5.0 (iPhone; CPU iPhone OS 17_0 like Mac OS X)"
8.8.8.8 - - [07/Jun/2025:20:02:42 +0000] "GET /products HTTP/1.1" 200 2530 "-" "Mozilla/5.0 (Windows NT 10.0; Win64; x64) Chrome/120.0.0.0"
1.1.1.1 - - [06/May/2025:17:19:39 +0000] "DELETE /products HTTP/1.1" 404 9527 "-" "Mozilla/5.0 (Macintosh; Intel Mac OS X 10_15_7) Safari/537.36"
172.16.0.1 - - [11/Sep/2025:18:59:49 +0000] "DELETE /products HTTP/1.1" 200 2629 "-" "Mozilla/5.0 (Macintosh; Intel Mac OS X 10_15_7) Safari/537.36"
10.0.0.1 - - [16/Feb/2024:07:50:56 +0000] "POST /about HTTP/1.1" 200 3370 "-" "Mozilla/5.0 (iPhone; CPU iPhone OS 17_0 like Mac OS X)"
172.16.0.1 - - [03/Nov/2024:06:03:57 +0000] "POST /images/logo.png HTTP/1.1" 200 2251 "-" "Mozilla/5.0 (Macintosh; Intel Mac OS X 10_15_7) Safari/537.36"
8.8.8.8 - - [20/Dec/2024:02:16:13 +0000] "GET /images/logo.png HTTP/1.1" 500 5245 "-" "Mozilla/5.0 (Macintosh; Intel Mac OS X 10_15_7) Safari/537.36"
10.0.0.1 - - [04/Jun/2025:01:53:55 +0000] "DELETE /api/users HTTP/1.1" 200 4590 "-" "Mozilla/5.0 (iPhone; CPU iPhone OS 17_0 like Mac OS X)"
10.0.0.1 - - [25/Dec/2025:10:39:43 +0000] "GET /products HTTP/1.1" 200 4563 "-" "Mozilla/5.0 (Windows NT 10.0; Win64; x64) Chrome/120.0.0.0"
192.168.1.1 - - [16/Jan/2024:04:48:44 +0000] "POST /products HTTP/1.1" 301 7376 "-" "Mozilla/5.0 (Macintosh; Intel Mac OS X 10_15_7) Safari/537.36"
1.1.1.1 - - [17/Jul/2025:11:38:53 +0000] "DELETE /api/users HTTP/1.1" 500 8981 "-" "Mozilla/5.0 (X11; Linux x86_64) Firefox/120.0"
172.16.0.1 - - [23/Jul/2025:01:32:47 +0000] "PUT /products HTTP/1.1" 301 3795 "-" "curl/7.68.0"
172.16.0.1 - - [10/Mar/2024:09:44:40 +0000] "PUT /about HTTP/1.1" 200 9680 "-" "Mozilla/5.0 (X11; Linux x86_64) Firefox/120.0"
192.168.1.1 - - [21/Oct/2024:17:26:12 +0000] "PUT /admin HTTP/1.1" 500 7960 "-" "Mozilla/5.0 (iPhone; CPU iPhone OS 17_0 like Mac OS X)"
1.1.1.1 - - [20/Nov/2025:18:17:42 +0000] "GET /about HTTP/1.1" 200 8978 "-" "curl/7.68.0"
10.0.0.1 - - [21/Jan/2025:10:26:57 +0000] "POST /cart HTTP/1.1" 301 2413 "-" "Mozilla/5.0 (Windows NT 10.0; Win64; x64) Chrome/120.0.0.0"
8.8.8.8 - - [19/Jun/2025:17:23:50 +0000] "GET /api/users HTTP/1.1" 200 2068 "-" "curl/7.68.0"
1.1.1.1 - - [04/Mar/2025:22:43:59 +0000] "POST /about HTTP/1.1" 200 9234 "-" "Mozilla/5.0 (Macintosh; Intel Mac OS X 10_15_7) Safari/537.36"
10.0.0.1 - - [06/Nov/2025:04:40:46 +0000] "GET /products HTTP/1.1" 200 7762 "-" "Mozilla/5.0 (Windows NT 10.0; Win64; x64) Chrome/120.0.0.0"
1.1.1.1 - - [25/Dec/2025:11:51:03 +0000] "PUT /about HTTP/1.1" 301 9523 "-" "Mozilla/5.0 (X11; Linux x86_64) Firefox/120.0"
192.168.1.1 - - [27/Sep/2024:15:02:31 +0000] "GET /api/users HTTP/1.1" 301 5851 "-" "Mozilla/5.0 (Macintosh; Intel Mac OS X 10_15_7) Safari/537.36"
192.168.1.1 - - [18/Mar/2024:09:06:22 +0000] "PUT /api/users HTTP/1.1" 301 1254 "-" "Mozilla/5.0 (iPhone; CPU iPhone OS 17_0 like Mac OS X)"
192.168.1.1 - - [12/Sep/2025:19:23:31 +0000] "GET /about HTTP/1.1" 200 4104 "-" "Mozilla/5.0 (X11; Linux x86_64) Firefox/120.0"
172.16.0.1 - - [10/May/2024:13:33:14 +0000] "GET /about HTTP/1.1" 200 8092 "-" "Mozilla/5.0 (Windows NT 10.0; Win64; x64) Chrome/120.0.0.0"
10.0.0.1 - - [23/Oct/2025:21:19:24 +0000] "PUT /api/users HTTP/1.1" 200 6997 "-" "Mozilla/5.0 (X11; Linux x86_64) Firefox/120.0"
192.168.1.1 - - [08/Dec/2025:07:44:06 +0000] "DELETE /index.html HTTP/1.1" 200 5055 "-" "Mozilla/5.0 (Macintosh; Intel Mac OS X 10_15_7) Safari/537.36"
10.0.0.1 - - [26/Jan/2025:15:33:28 +0000] "GET /about HTTP/1.1" 200 3386 "-" "curl/7.68.0"
8.8.8.8 - - [10/Aug/2025:02:04:45 +0000] "POST /about HTTP/1.1" 200 1273 "-" "Mozilla/5.0 (iPhone; CPU iPhone OS 17_0 like Mac OS X)"
10.0.0.1 - - [09/Nov/2025:20:44:48 +0000] "PUT /index.html HTTP/1.1" 200 2262 "-" "Mozilla/5.0 (iPhone; CPU iPhone OS 17_0 like Mac OS X)"
10.0.0.1 - - [23/Jan/2025:06:13:47 +0000] "GET /about HTTP/1.1" 500 9022 "-" "Mozilla/5.0 (iPhone; CPU iPhone OS 17_0 like Mac OS X)"
192.168.1.1 - - [28/Aug/2024:12:55:58 +0000] "PUT /index.html HTTP/1.1" 404 5706 "-" "Mozilla/5.0 (Macintosh; Intel Mac OS X 10_15_7) Safari/537.36"
1.1.1.1 - - [08/Aug/2025:03:25:30 +0000] "GET /images/logo.png HTTP/1.1" 200 4565 "-" "Mozilla/5.0 (iPhone; CPU iPhone OS 17_0 like Mac OS X)"
10.0.0.1 - - [23/Jun/2025:10:24:46 +0000] "GET /index.html HTTP/1.1" 500 662 "-" "curl/7.68.0"
192.168.1.1 - - [05/Feb/2025:17:48:42 +0000] "POST /admin HTTP/1.1" 301 6689 "-" "Mozilla/5.0 (iPhone; CPU iPhone OS 17_0 like Mac OS X)"
8.8.8.8 - - [24/Apr/2025:02:54:17 +0000] "POST /index.html HTTP/1.1" 200 4852 "-" "Mozilla/5.0 (X11; Linux x86_64) Firefox/120.0"
1.1.1.1 - - [27/Aug/2025:21:12:34 +0000] "DELETE /products HTTP/1.1" 200 1755 "-" "Mozilla/5.0 (Windows NT 10.0; Win64; x64) Chrome/120.0.0.0"
8.8.8.8 - - [25/Oct/2025:00:06:40 +0000] "POST /products HTTP/1.1" 404 263 "-" "curl/7.68.0"
10.0.0.1 - - [14/Dec/2024:12:17:09 +0000] "DELETE /cart HTTP/1.1" 200 3710 "-" "Mozilla/5.0 (iPhone; CPU iPhone OS 17_0 like Mac OS X)"
10.0.0.1 - - [03/Feb/2024:12:44:55 +0000] "POST /api/users HTTP/1.1" 200 9584 "-" "Mozilla/5.0 (iPhone; CPU iPhone OS 17_0 like Mac OS X)"
172.16.0.1 - - [18/Dec/2024:15:17:46 +0000] "GET /products HTTP/1.1" 301 335 "-" "Mozilla/5.0 (iPhone; CPU iPhone OS 17_0 like Mac OS X)"
172.16.0.1 - - [11/Jul/2025:15:41:46 +0000] "PUT /about HTTP/1.1" 404 4985 "-" "Mozilla/5.0 (iPhone; CPU iPhone OS 17_0 like Mac OS X)"
8.8.8.8 - - [05/Oct/2025:20:06:13 +0000] "POST /admin HTTP/1.1" 200 8551 "-" "Mozilla/5.0 (Windows NT 10.0; Win64; x64) Chrome/120.0.0.0"
10.0.0.1 - - [02/May/2025:20:26:38 +0000] "GET /cart HTTP/1.1" 200 9101 "-" "Mozilla/5.0 (X11; Linux x86_64) Firefox/120.0"
10.0.0.1 - - [08/Apr/2025:07:54:18 +0000] "GET /about HTTP/1.1" 301 829 "-" "Mozilla/5.0 (X11; Linux x86_64) Firefox/120.0"
172.16.0.1 - - [09/Sep/2024:13:14:55 +0000] "GET /admin HTTP/1.1" 500 6428 "-" "Mozilla/5.0 (X11; Linux x86_64) Firefox/120.0"
192.168.1.1 - - [23/Aug/2025:22:36:56 +0000] "POST /cart HTTP/1.1" 200 9776 "-" "Mozilla/5.0 (iPhone; CPU iPhone OS 17_0 like Mac OS X)"
192.168.1.1 - - [03/Sep/2024:12:36:09 +0000] "GET /about HTTP/1.1" 404 9051 "-" "Mozilla/5.0 (Macintosh; Intel Mac OS X 10_15_7) Safari/537.36"
192.168.1.1 - - [27/Sep/2025:19:12:35 +0000] "DELETE /index.html HTTP/1.1" 404 389 "-" "Mozilla/5.0 (Macintosh; Intel Mac OS X 10_15_7) Safari/537.36"
172.16.0.1 - - [19/May/2025:11:26:12 +0000] "GET /images/logo.png HTTP/1.1" 200 9525 "-" "Mozilla/5.0 (iPhone; CPU iPhone OS 17_0 like Mac OS X)"
8.8.8.8 - - [17/Aug/2025:12:09:24 +0000] "GET /images/logo.png HTTP/1.1" 301 6650 "-" "Mozilla/5.0 (Windows NT 10.0; Win64; x64) Chrome/120.0.0.0"
192.168.1.1 - - [28/Feb/2024:18:48:23 +0000] "DELETE /admin HTTP/1.1" 200 2186 "-" "curl/7.68.0"
1.1.1.1 - - [05/May/2025:15:59:58 +0000] "DELETE /images/logo.png HTTP/1.1" 200 3904 "-" "Mozilla/5.0 (Macintosh; Intel Mac OS X 10_15_7) Safari/537.36"
192.168.1.1 - - [09/Jul/2025:12:36:03 +0000] "POST /cart HTTP/1.1" 301 6718 "-" "Mozilla/5.0 (iPhone; CPU iPhone OS 17_0 like Mac OS X)"
1.1.1.1 - - [03/May/2024:23:56:56 +0000] "POST /products HTTP/1.1" 200 8190 "-" "Mozilla/5.0 (Windows NT 10.0; Win64; x64) Chrome/120.0.0.0"
192.168.1.1 - - [02/Jan/2024:15:36:42 +0000] "PUT /cart HTTP/1.1" 200 7233 "-" "Mozilla/5.0 (Macintosh; Intel Mac OS X 10_15_7) Safari/537.36"
1.1.1.1 - - [25/Jul/2025:11:32:08 +0000] "POST /products HTTP/1.1" 200 2252 "-" "Mozilla/5.0 (Macintosh; Intel Mac OS X 10_15_7) Safari/537.36"
1.1.1.1 - - [28/Jun/2024:00:29:13 +0000] "PUT /index.html HTTP/1.1" 404 7639 "-" "Mozilla/5.0 (X11; Linux x86_64) Firefox/120.0"
8.8.8.8 - - [05/Jul/2025:01:05:01 +0000] "POST /index.html HTTP/1.1" 200 5625 "-" "Mozilla/5.0 (iPhone; CPU iPhone OS 17_0 like Mac OS X)"
10.0.0.1 - - [24/Mar/2024:19:31:56 +0000] "GET /about HTTP/1.1" 200 1499 "-" "curl/7.68.0"
1.1.1.1 - - [20/Jul/2025:05:03:42 +0000] "GET /admin HTTP/1.1" 404 2434 "-" "Mozilla/5.0 (X11; Linux x86_64) Firefox/120.0"
10.0.0.1 - - [24/Jan/2024:10:43:22 +0000] "POST /images/logo.png HTTP/1.1" 301 2546 "-" "Mozilla/5.0 (Macintosh; Intel Mac OS X 10_15_7) Safari/537.36"
172.16.0.1 - - [08/May/2024:15:07:54 +0000] "POST /cart HTTP/1.1" 404 1310 "-" "Mozilla/5.0 (Windows NT 10.0; Win64; x64) Chrome/120.0.0.0"
1.1.1.1 - - [05/Feb/2025:11:40:17 +0000] "DELETE /images/logo.png HTTP/1.1" 200 2220 "-" "Mozilla/5.0 (X11; Linux x86_64) Firefox/120.0"
10.0.0.1 - - [07/Apr/2025:15:35:29 +0000] "DELETE /admin HTTP/1.1" 500 4793 "-" "Mozilla/5.0 (iPhone; CPU iPhone OS 17_0 like Mac OS X)"
10.0.0.1 - - [13/Jun/2025:08:40:02 +0000] "GET /cart HTTP/1.1" 200 1339 "-" "Mozilla/5.0 (Macintosh; Intel Mac OS X 10_15_7) Safari/537.36"
1.1.1.1 - - [28/Nov/2025:03:07:08 +0000] "PUT /about HTTP/1.1" 404 3128 "-" "curl/7.68.0"
8.8.8.8 - - [25/Feb/2024:02:26:25 +0000] "DELETE /admin HTTP/1.1" 200 972 "-" "Mozilla/5.0 (Windows NT 10.0; Win64; x64) Chrome/120.0.0.0"
10.0.0.1 - - [04/Jul/2024:22:06:47 +0000] "PUT /images/logo.png HTTP/1.1" 200 9074 "-" "curl/7.68.0"
8.8.8.8 - - [27/Mar/2025:18:05:13 +0000] "PUT /products HTTP/1.1" 200 2569 "-" "Mozilla/5.0 (Macintosh; Intel Mac OS X 10_15_7) Safari/537.36"
192.168.1.1 - - [26/Jun/2024:19:06:58 +0000] "GET /cart HTTP/1.1" 200 2010 "-" "Mozilla/5.0 (Macintosh; Intel Mac OS X 10_15_7) Safari/537.36"
192.168.1.1 - - [06/Jun/2024:14:30:31 +0000] "GET /index.html HTTP/1.1" 500 6298 "-" "Mozilla/5.0 (iPhone; CPU iPhone OS 17_0 like Mac OS X)"
10.0.0.1 - - [08/Feb/2024:08:38:06 +0000] "POST /admin HTTP/1.1" 200 554 "-" "curl/7.68.0"
1.1.1.1 - - [16/May/2025:11:20:40 +0000] "DELETE /index.html HTTP/1.1" 200 889 "-" "Mozilla/5.0 (Macintosh; Intel Mac OS X 10_15_7) Safari/537.36"
1.1.1.1 - - [20/Jul/2025:10:07:20 +0000] "POST /products HTTP/1.1" 200 3788 "-" "Mozilla/5.0 (Windows NT 10.0; Win64; x64) Chrome/120.0.0.0"
1.1.1.1 - - [03/Jun/2024:11:46:26 +0000] "DELETE /products HTTP/1.1" 200 5760 "-" "Mozilla/5.0 (iPhone; CPU iPhone OS 17_0 like Mac OS X)"
8.8.8.8 - - [18/Dec/2024:05:53:59 +0000] "POST /cart HTTP/1.1" 500 5944 "-" "Mozilla/5.0 (X11; Linux x86_64) Firefox/120.0"
8.8.8.8 - - [17/Jun/2025:07:27:30 +0000] "DELETE /products HTTP/1.1" 200 7519 "-" "Mozilla/5.0 (X11; Linux x86_64) Firefox/120.0"
8.8.8.8 - - [28/Dec/2025:17:21:59 +0000] "PUT /index.html HTTP/1.1" 500 7761 "-" "Mozilla/5.0 (iPhone; CPU iPhone OS 17_0 like Mac OS X)"
1.1.1.1 - - [21/Jun/2025:12:24:44 +0000] "GET /index.html HTTP/1.1" 404 8342 "-" "Mozilla/5.0 (iPhone; CPU iPhone OS 17_0 like Mac OS X)"
1.1.1.1 - - [15/Apr/2024:04:56:08 +0000] "DELETE /products HTTP/1.1" 200 3388 "-" "Mozilla/5.0 (iPhone; CPU iPhone OS 17_0 like Mac OS X)"
1.1.1.1 - - [18/Dec/2024:07:10:54 +0000] "PUT /api/users HTTP/1.1" 200 8085 "-" "curl/7.68.0"
172.16.0.1 - - [15/May/2024:14:46:12 +0000] "PUT /products HTTP/1.1" 500 8260 "-" "Mozilla/5.0 (Windows NT 10.0; Win64; x64) Chrome/120.0.0.0"
10.0.0.1 - - [11/Oct/2024:14:55:05 +0000] "PUT /index.html HTTP/1.1" 404 6622 "-" "Mozilla/5.0 (Windows NT 10.0; Win64; x64) Chrome/120.0.0.0"
10.0.0.1 - - [10/Nov/2024:16:13:25 +0000] "PUT /products HTTP/1.1" 200 3054 "-" "curl/7.68.0"
192.168.1.1 - - [08/Oct/2025:15:41:27 +0000] "GET /products HTTP/1.1" 404 383 "-" "Mozilla/5.0 (Windows NT 10.0; Win64; x64) Chrome/120.0.0.0"
192.168.1.1 - - [23/Mar/2025:22:14:09 +0000] "GET /admin HTTP/1.1" 404 2531 "-" "curl/7.68.0"
172.16.0.1 - - [02/Nov/2025:19:51:31 +0000] "POST /products HTTP/1.1" 301 471 "-" "Mozilla/5.0 (X11; Linux x86_64) Firefox/120.0"
1.1.1.1 - - [17/Aug/2025:08:11:06 +0000] "DELETE /products HTTP/1.1" 200 1945 "-" "Mozilla/5.0 (iPhone; CPU iPhone OS 17_0 like Mac OS X)"
10.0.0.1 - - [13/Nov/2024:16:43:50 +0000] "POST /admin HTTP/1.1" 200 1770 "-" "Mozilla/5.0 (iPhone; CPU iPhone OS 17_0 like Mac OS X)"
8.8.8.8 - - [02/Jan/2025:14:04:44 +0000] "POST /about HTTP/1.1" 200 6424 "-" "Mozilla/5.0 (iPhone; CPU iPhone OS 17_0 like Mac OS X)"
10.0.0.1 - - [06/Nov/2025:07:59:14 +0000] "DELETE /images/logo.png HTTP/1.1" 200 6953 "-" "curl/7.68.0"
10.0.0.1 - - [11/Nov/2025:08:07:21 +0000] "PUT /products HTTP/1.1" 200 5415 "-" "curl/7.68.0"
192.168.1.1 - - [27/Jun/2025:04:41:21 +0000] "PUT /api/users HTTP/1.1" 404 808 "-" "Mozilla/5.0 (iPhone; CPU iPhone OS 17_0 like Mac OS X)"
1.1.1.1 - - [16/Sep/2024:20:25:33 +0000] "POST /index.html HTTP/1.1" 200 6858 "-" "curl/7.68.0"
1.1.1.1 - - [20/Jun/2024:03:02:45 +0000] "GET /products HTTP/1.1" 404 6035 "-" "Mozilla/5.0 (Windows NT 10.0; Win64; x64) Chrome/120.0.0.0"
8.8.8.8 - - [18/Dec/2025:08:59:45 +0000] "GET /about HTTP/1.1" 200 6212 "-" "Mozilla/5.0 (Macintosh; Intel Mac OS X 10_15_7) Safari/537.36"
172.16.0.1 - - [19/Feb/2024:20:30:58 +0000] "GET /api/users HTTP/1.1" 200 208 "-" "curl/7.68.0"
10.0.0.1 - - [28/Oct/2024:14:24:39 +0000] "DELETE /images/logo.png HTTP/1.1" 500 7674 "-" "curl/7.68.0"
8.8.8.8 - - [23/Nov/2024:16:34:10 +0000] "PUT /images/logo.png HTTP/1.1" 500 7224 "-" "Mozilla/5.0 (iPhone; CPU iPhone OS 17_0 like Mac OS X)"
10.0.0.1 - - [21/Nov/2025:13:15:29 +0000] "POST /cart HTTP/1.1" 200 1619 "-" "Mozilla/5.0 (Macintosh; Intel Mac OS X 10_15_7) Safari/537.36"
1.1.1.1 - - [11/Sep/2024:11:16:11 +0000] "DELETE /cart HTTP/1.1" 404 749 "-" "Mozilla/5.0 (X11; Linux x86_64) Firefox/120.0"
172.16.0.1 - - [24/Jun/2025:23:08:05 +0000] "DELETE /about HTTP/1.1" 200 9201 "-" "curl/7.68.0"
172.16.0.1 - - [12/Aug/2025:13:25:32 +0000] "PUT /api/users HTTP/1.1" 301 6136 "-" "Mozilla/5.0 (Macintosh; Intel Mac OS X 10_15_7) Safari/537.36"
172.16.0.1 - - [23/Mar/2024:09:31:30 +0000] "GET /about HTTP/1.1" 200 8691 "-" "Mozilla/5.0 (Macintosh; Intel Mac OS X 10_15_7) Safari/537.36"
192.168.1.1 - - [15/Apr/2025:09:57:10 +0000] "DELETE /index.html HTTP/1.1" 500 7598 "-" "curl/7.68.0"
1.1.1.1 - - [16/Aug/2024:18:21:31 +0000] "POST /index.html HTTP/1.1" 301 5438 "-" "Mozilla/5.0 (Macintosh; Intel Mac OS X 10_15_7) Safari/537.36"
192.168.1.1 - - [08/Dec/2024:16:09:02 +0000] "GET /index.html HTTP/1.1" 404 2440 "-" "Mozilla/5.0 (X11; Linux x86_64) Firefox/120.0"
172.16.0.1 - - [05/May/2025:07:29:24 +0000] "DELETE /cart HTTP/1.1" 301 3769 "-" "Mozilla/5.0 (X11; Linux x86_64) Firefox/120.0"
8.8.8.8 - - [20/Sep/2025:17:29:23 +0000] "GET /about HTTP/1.1" 301 8070 "-" "Mozilla/5.0 (iPhone; CPU iPhone OS 17_0 like Mac OS X)"
1.1.1.1 - - [14/Apr/2025:05:56:50 +0000] "PUT /api/users HTTP/1.1" 200 9805 "-" "Mozilla/5.0 (X11; Linux x86_64) Firefox/120.0"
192.168.1.1 - - [01/Sep/2025:19:59:14 +0000] "DELETE /admin HTTP/1.1" 200 6011 "-" "curl/7.68.0"
10.0.0.1 - - [07/May/2024:21:04:56 +0000] "POST /index.html HTTP/1.1" 200 4064 "-" "curl/7.68.0"
192.168.1.1 - - [22/Nov/2025:10:01:56 +0000] "DELETE /admin HTTP/1.1" 404 1261 "-" "curl/7.68.0"
192.168.1.1 - - [07/Sep/2024:19:59:33 +0000] "POST /cart HTTP/1.1" 200 7552 "-" "Mozilla/5.0 (iPhone; CPU iPhone OS 17_0 like Mac OS X)"
192.168.1.1 - - [20/Aug/2024:03:39:57 +0000] "POST /admin HTTP/1.1" 200 8205 "-" "Mozilla/5.0 (iPhone; CPU iPhone OS 17_0 like Mac OS X)"
10.0.0.1 - - [14/Apr/2025:09:43:32 +0000] "GET /api/users HTTP/1.1" 404 8505 "-" "curl/7.68.0"
10.0.0.1 - - [18/Feb/2024:20:08:08 +0000] "GET /index.html HTTP/1.1" 200 6076 "-" "Mozilla/5.0 (Macintosh; Intel Mac OS X 10_15_7) Safari/537.36"
1.1.1.1 - - [03/Apr/2025:07:52:08 +0000] "PUT /api/users HTTP/1.1" 500 1692 "-" "Mozilla/5.0 (X11; Linux x86_64) Firefox/120.0"
1.1.1.1 - - [08/Apr/2025:16:06:17 +0000] "POST /products HTTP/1.1" 200 820 "-" "Mozilla/5.0 (Macintosh; Intel Mac OS X 10_15_7) Safari/537.36"
172.16.0.1 - - [19/Oct/2025:21:46:29 +0000] "GET /api/users HTTP/1.1" 301 1217 "-" "curl/7.68.0"
192.168.1.1 - - [09/Sep/2024:04:45:43 +0000] "DELETE /cart HTTP/1.1" 200 1817 "-" "Mozilla/5.0 (Windows NT 10.0; Win64; x64) Chrome/120.0.0.0"
8.8.8.8 - - [25/Mar/2024:20:00:45 +0000] "DELETE /index.html HTTP/1.1" 200 8933 "-" "curl/7.68.0"
172.16.0.1 - - [27/Apr/2024:13:35:42 +0000] "DELETE /images/logo.png HTTP/1.1" 200 9917 "-" "Mozilla/5.0 (iPhone; CPU iPhone OS 17_0 like Mac OS X)"
192.168.1.1 - - [10/Apr/2025:16:42:05 +0000] "PUT /admin HTTP/1.1" 200 1602 "-" "Mozilla/5.0 (X11; Linux x86_64) Firefox/120.0"
192.168.1.1 - - [04/Jun/2025:00:32:43 +0000] "POST /about HTTP/1.1" 200 9770 "-" "Mozilla/5.0 (Windows NT 10.0; Win64; x64) Chrome/120.0.0.0"
192.168.1.1 - - [19/Apr/2024:22:16:11 +0000] "POST /index.html HTTP/1.1" 404 2135 "-" "curl/7.68.0"
1.1.1.1 - - [07/Jul/2025:05:38:23 +0000] "GET /index.html HTTP/1.1" 301 2673 "-" "Mozilla/5.0 (X11; Linux x86_64) Firefox/120.0"
10.0.0.1 - - [22/Jul/2024:16:20:20 +0000] "PUT /images/logo.png HTTP/1.1" 200 9392 "-" "Mozilla/5.0 (Macintosh; Intel Mac OS X 10_15_7) Safari/537.36"
10.0.0.1 - - [08/Jun/2024:17:53:29 +0000] "DELETE /cart HTTP/1.1" 200 1006 "-" "Mozilla/5.0 (Windows NT 10.0; Win64; x64) Chrome/120.0.0.0"
10.0.0.1 - - [15/Dec/2024:07:58:17 +0000] "GET /api/users HTTP/1.1" 200 8148 "-" "Mozilla/5.0 (X11; Linux x86_64) Firefox/120.0"
10.0.0.1 - - [09/Nov/2024:09:52:34 +0000] "POST /products HTTP/1.1" 200 7720 "-" "Mozilla/5.0 (iPhone; CPU iPhone OS 17_0 like Mac OS X)"
192.168.1.1 - - [06/Sep/2024:03:13:45 +0000] "GET /cart HTTP/1.1" 200 4117 "-" "Mozilla/5.0 (X11; Linux x86_64) Firefox/120.0"
192.168.1.1 - - [08/Aug/2024:16:29:05 +0000] "POST /images/logo.png HTTP/1.1" 200 4005 "-" "Mozilla/5.0 (X11; Linux x86_64) Firefox/120.0"
1.1.1.1 - - [14/Jan/2024:23:31:57 +0000] "DELETE /cart HTTP/1.1" 301 1992 "-" "Mozilla/5.0 (Macintosh; Intel Mac OS X 10_15_7) Safari/537.36"
8.8.8.8 - - [19/Aug/2025:14:43:16 +0000] "POST /products HTTP/1.1" 200 7048 "-" "Mozilla/5.0 (iPhone; CPU iPhone OS 17_0 like Mac OS X)"
192.168.1.1 - - [12/Mar/2024:23:18:24 +0000] "PUT /index.html HTTP/1.1" 200 5874 "-" "Mozilla/5.0 (X11; Linux x86_64) Firefox/120.0"
1.1.1.1 - - [11/Jun/2025:03:16:23 +0000] "POST /admin HTTP/1.1" 200 748 "-" "Mozilla/5.0 (X11; Linux x86_64) Firefox/120.0"
8.8.8.8 - - [04/Apr/2025:07:50:50 +0000] "GET /admin HTTP/1.1" 404 4861 "-" "Mozilla/5.0 (iPhone; CPU iPhone OS 17_0 like Mac OS X)"
192.168.1.1 - - [21/Feb/2025:16:47:20 +0000] "PUT /api/users HTTP/1.1" 500 6934 "-" "Mozilla/5.0 (iPhone; CPU iPhone OS 17_0 like Mac OS X)"
8.8.8.8 - - [09/Mar/2025:17:47:11 +0000] "PUT /products HTTP/1.1" 301 6411 "-" "Mozilla/5.0 (Macintosh; Intel Mac OS X 10_15_7) Safari/537.36"
10.0.0.1 - - [16/Jul/2025:00:10:39 +0000] "POST /images/logo.png HTTP/1.1" 404 4674 "-" "Mozilla/5.0 (Windows NT 10.0; Win64; x64) Chrome/120.0.0.0"
8.8.8.8 - - [26/Jan/2025:06:53:40 +0000] "POST /api/users HTTP/1.1" 404 9625 "-" "Mozilla/5.0 (iPhone; CPU iPhone OS 17_0 like Mac OS X)"
1.1.1.1 - - [07/Jan/2025:16:37:22 +0000] "PUT /index.html HTTP/1.1" 200 7156 "-" "Mozilla/5.0 (Windows NT 10.0; Win64; x64) Chrome/120.0.0.0"
192.168.1.1 - - [10/Dec/2025:06:51:47 +0000] "DELETE /images/logo.png HTTP/1.1" 500 6125 "-" "curl/7.68.0"
1.1.1.1 - - [27/May/2025:22:24:50 +0000] "DELETE /images/logo.png HTTP/1.1" 200 2503 "-" "Mozilla/5.0 (Macintosh; Intel Mac OS X 10_15_7) Safari/537.36"
1.1.1.1 - - [28/Mar/2025:10:08:23 +0000] "PUT /index.html HTTP/1.1" 404 957 "-" "Mozilla/5.0 (X11; Linux x86_64) Firefox/120.0"
192.168.1.1 - - [01/Dec/2024:10:52:22 +0000] "PUT /images/logo.png HTTP/1.1" 200 9868 "-" "Mozilla/5.0 (iPhone; CPU iPhone OS 17_0 like Mac OS X)"
172.16.0.1 - - [18/Oct/2025:07:42:06 +0000] "DELETE /about HTTP/1.1" 200 7485 "-" "curl/7.68.0"
10.0.0.1 - - [22/May/2025:08:19:00 +0000] "DELETE /products HTTP/1.1" 200 1564 "-" "Mozilla/5.0 (Macintosh; Intel Mac OS X 10_15_7) Safari/537.36"
8.8.8.8 - - [10/Aug/2025:15:52:49 +0000] "PUT /about HTTP/1.1" 404 793 "-" "Mozilla/5.0 (Macintosh; Intel Mac OS X 10_15_7) Safari/537.36"
1.1.1.1 - - [20/Oct/2024:22:49:53 +0000] "DELETE /index.html HTTP/1.1" 404 9297 "-" "Mozilla/5.0 (X11; Linux x86_64) Firefox/120.0"
10.0.0.1 - - [27/Mar/2024:05:07:33 +0000] "POST /images/logo.png HTTP/1.1" 200 8571 "-" "Mozilla/5.0 (Macintosh; Intel Mac OS X 10_15_7) Safari/537.36"
172.16.0.1 - - [22/Jan/2025:08:00:14 +0000] "PUT /about HTTP/1.1" 500 8017 "-" "Mozilla/5.0 (Windows NT 10.0; Win64; x64) Chrome/120.0.0.0"
8.8.8.8 - - [16/Oct/2025:01:08:03 +0000] "POST /images/logo.png HTTP/1.1" 200 4147 "-" "Mozilla/5.0 (Macintosh; Intel Mac OS X 10_15_7) Safari/537.36"
8.8.8.8 - - [15/Aug/2024:10:54:02 +0000] "DELETE /admin HTTP/1.1" 500 189 "-" "Mozilla/5.0 (iPhone; CPU iPhone OS 17_0 like Mac OS X)"
172.16.0.1 - - [10/Jul/2025:10:46:59 +0000] "PUT /products HTTP/1.1" 500 1053 "-" "Mozilla/5.0 (iPhone; CPU iPhone OS 17_0 like Mac OS X)"
8.8.8.8 - - [21/Mar/2024:05:42:42 +0000] "PUT /products HTTP/1.1" 200 582 "-" "Mozilla/5.0 (iPhone; CPU iPhone OS 17_0 like Mac OS X)"
8.8.8.8 - - [06/May/2024:20:19:09 +0000] "PUT /about HTTP/1.1" 200 5870 "-" "curl/7.68.0"
