192.168.1.1 - - [15/Nov/2024:02:33:05 +0000] "DELETE /products HTTP/1.1" 200 6149 "-" "Mozilla/5.0 (Windows NT 10.0; Win64; x64) Chrome/120.0.0.0"
10.0.0.1 - - [10/Apr/2024:20:21:09 +0000] "POST /products HTTP/1.1" 404 1057 "-" "Mozilla/5.0 (Macintosh; Intel Mac OS X 10_15_7) Safari/537.36"
10.0.0.1 - - [11/May/2025:04:20:27 +0000] "PUT /images/logo.png HTTP/1.1" 301 5626 "-" "Mozilla/5.0 (iPhone; CPU iPhone OS 17_0 like Mac OS X)"
192.168.1.1 - - [07/Dec/2024:15:59:46 +0000] "POST /api/users HTTP/1.1" 301 2031 "-" "Mozilla/5.0 (Macintosh; Intel Mac OS X 10_15_7) Safari/537.36"
192.168.1.1 - - [15/Jul/2024:05:49:57 +0000] "DELETE /admin HTTP/1.1" 200 3480 "-" "Mozilla/5.0 (Macintosh; Intel Mac OS X 10_15_7) Safari/537.36"
172.16.0.1 - - [05/Oct/2024:08:04:58 +0000] "PUT /admin HTTP/1.1" 200 5277 "-" "Mozilla/5.0 (Windows NT 10.0; Win64; x64) Chrome/120.0.0.0"
8.8.8.8 - - [27/Mar/2024:07:23:19 +0000] "GET /products HTTP/1.1" 404 1893 "-" "Mozilla/5.0 (Macintosh; Intel Mac OS X 10_15_7) Safari/537.36"
192.168.1.1 - - [14/Sep/2025:10:52:13 +0000] "DELETE /api/users HTTP/1.1" 200 5286 "-" "Mozilla/5.0 (Windows NT 10.0; Win64; x64) Chrome/120.0.0.0"
10.0.0.1 - - [06/May/2025:12:14:10 +0000] "PUT /api/users HTTP/1.1" 200 660 "-" "Mozilla/5.0 (Macintosh; Intel Mac OS X 10_15_7) Safari/537.36"
172.16.0.1 - - [12/Jun/2024:09:13:43 +0000] "DELETE /products HTTP/1.1" 200 2496 "-" "Mozilla/5.0 (Windows NT 10.0; Win64; x64) Chrome/120.0.0.0"
192.168.1.1 - - [14/Nov/2025:00:09:45 +0000] "PUT /api/users HTTP/1.1" 301 5458 "-" "Mozilla/5.0 (Windows NT 10.0; Win64; x64) Chrome/120.0.0.0"
10.0.0.1 - - [13/Mar/2025:12:23:55 +0000] "DELETE /admin HTTP/1.1" 404 3500 "-" "Mozilla/5.0 (iPhone; CPU iPhone OS 17_0 like Mac OS X)"
1.1.1.1 - - [02/Dec/2025:09:45:13 +0000] "DELETE /about HTTP/1.1" 404 2478 "-" "Mozilla/5.0 (Windows NT 10.0; Win64; x64) Chrome/120.0.0.0"
172.16.0.1 - - [23/Apr/2025:00:19:26 +0000] "GET /admin HTTP/1.1" 404 5047 "-" "curl/7.68.0"
172.16.0.1 - - [08/Dec/2024:14:43:12 +0000] "POST /admin HTTP/1.1" 200 9483 "-" "Mozilla/5.0 (X11; Linux x86_64) Firefox/120.0"
172.16.0.1 - - [18/Sep/2024:09:09:19 +0000] "POST /cart HTTP/1.1" 200 3913 "-" "Mozilla/5.0 (X11; Linux x86_64) Firefox/120.0"
10.0.0.1 - - [03/Jan/2024:09:09:12 +0000] "DELETE /images/logo.png HTTP/1.1" 200 6319 "-" "curl/7.68.0"
172.16.0.1 - - [26/Jul/2025:14:58:16 +0000] "PUT /admin HTTP/1.1" 200 4409 "-" "Mozilla/5.0 (Windows NT 10.0; Win64; x64) Chrome/120.0.0.0"
8.8.8.8 - - [17/Jun/2025:14:47:10 +0000] "POST /admin HTTP/1.1" 301 1862 "-" "Mozilla/5.0 (X11; Linux x86_64) Firefox/120.0"
1.1.1.1 - - [17/Apr/2025:04:55:22 +0000] "POST /index.html HTTP/1.1" 200 1162 "-" "Mozilla/5.0 (X11; Linux x86_64) Firefox/120.0"
8.8.8.8 - - [18/Aug/2025:13:36:34 +0000] "DELETE /index.html HTTP/1.1" 301 1613 "-" "curl/7.68.0"
10.0.0.1 - - [15/Sep/2025:11:29:52 +0000] "DELETE /api/users HTTP/1.1" 200 8219 "-" "Mozilla/5.0 (X11; Linux x86_64) Firefox/120.0"
8.8.8.8 - - [12/Apr/2025:16:17:02 +0000] "GET /admin HTTP/1.1" 200 9824 "-" "Mozilla/5.0 (X11; Linux x86_64) Firefox/120.0"
8.8.8.8 - - [18/Apr/2025:12:26:05 +0000] "POST /about HTTP/1.1" 301 3829 "-" "Mozilla/5.0 (Windows NT 10.0; Win64; x64) Chrome/120.0.0.0"
172.16.0.1 - - [02/Oct/2024:03:56:57 +0000] "POST /index.html HTTP/1.1" 200 227 "-" "Mozilla/5.0 (Windows NT 10.0; Win64; x64) Chrome/120.0.0.0"
10.0.0.1 - - [21/Jul/2025:14:59:14 +0000] "DELETE /cart HTTP/1.1" 200 646 "-" "Mozilla/5.0 (Macintosh; Intel Mac OS X 10_15_7) Safari/537.36"
10.0.0.1 - - [01/Jun/2025:18:44:35 +0000] "POST /cart HTTP/1.1" 404 6061 "-" "curl/7.68.0"
1.1.1.1 - - [04/May/2024:06:59:54 +0000] "PUT /images/logo.png HTTP/1.1" 200 8279 "-" "Mozilla/5.0 (X11; Linux x86_64) Firefox/120.0"
8.8.8.8 - - [11/Dec/2024:20:07:58 +0000] "GET /images/logo.png HTTP/1.1" 500 6698 "-" "Mozilla/5.0 (Windows NT 10.0; Win64; x64) Chrome/120.0.0.0"
172.16.0.1 - - [04/Apr/2025:10:02:59 +0000] "PUT /images/logo.png HTTP/1.1" 200 1041 "-" "Mozilla/5.0 (Windows NT 10.0; Win64; x64) Chrome/120.0.0.0"
8.8.8.8 - - [23/Jan/2024:20:41:50 +0000] "DELETE /index.html HTTP/1.1" 200 984 "-" "Mozilla/5.0 (X11; Linux x86_64) Firefox/120.0"
10.0.0.1 - - [23/Oct/2024:01:41:15 +0000] "PUT /images/logo.png HTTP/1.1" 200 1474 "-" "curl/7.68.0"
10.0.0.1 - - [14/Mar/2024:09:56:09 +0000] "DELETE /cart HTTP/1.1" 200 9430 "-" "Mozilla/5.0 (X11; Linux x86_64) Firefox/120.0"
8.8.8.8 - - [02/Mar/2024:00:09:59 +0000] "PUT /cart HTTP/1.1" 200 5418 "-" "Mozilla/5.0 (iPhone; CPU iPhone OS 17_0 like Mac OS X)"
172.16.0.1 - - [24/Sep/2024:04:09:10 +0000] "PUT /products HTTP/1.1" 200 7557 "-" "Mozilla/5.0 (iPhone; CPU iPhone OS 17_0 like Mac OS X)"
8.8.8.8 - - [24/Oct/2025:13:20:35 +0000] "DELETE /products HTTP/1.1" 500 7207 "-" "Mozilla/5.0 (iPhone; CPU iPhone OS 17_0 like Mac OS X)"
8.8.8.8 - - [22/Aug/2024:13:22:24 +0000] "DELETE /about HTTP/1.1" 404 2576 "-" "curl/7.68.0"
1.1.1.1 - - [03/Oct/2024:02:35:22 +0000] "GET /products HTTP/1.1" 500 596 "-" "Mozilla/5.0 (Windows NT 10.0; Win64; x64) Chrome/120.0.0.0"
1.1.1.1 - - [01/Sep/2024:21:50:56 +0000] "PUT /products HTTP/1.1" 404 3402 "-" "Mozilla/5.0 (Macintosh; Intel Mac OS X 10_15_7) Safari/537.36"
172.16.0.1 - - [17/Jul/2025:02:44:26 +0000] "GET /about HTTP/1.1" 200 9322 "-" "Mozilla/5.0 (iPhone; CPU iPhone OS 17_0 like Mac OS X)"
172.16.0.1 - - [17/Nov/2025:16:13:05 +0000] "PUT /cart HTTP/1.1" 301 5014 "-" "curl/7.68.0"
10.0.0.1 - - [24/Jun/2024:17:38:40 +0000] "POST /api/users HTTP/1.1" 301 1547 "-" "Mozilla/5.0 (Windows NT 10.0; Win64; x64) Chrome/120.0.0.0"
8.8.8.8 - - [12/Feb/2025:01:12:02 +0000] "GET /images/logo.png HTTP/1.1" 200 6162 "-" "Mozilla/5.0 (Macintosh; Intel Mac OS X 10_15_7) Safari/537.36"
1.1.1.1 - - [04/Nov/2025:23:22:30 +0000] "GET /admin HTTP/1.1" 200 2901 "-" "Mozilla/5.0 (X11; Linux x86_64) Firefox/120.0"
1.1.1.1 - - [05/Dec/2024:07:52:29 +0000] "DELETE /cart HTTP/1.1" 200 4966 "-" "Mozilla/5.0 (iPhone; CPU iPhone OS 17_0 like Mac OS X)"
1.1.1.1 - - [20/Apr/2025:02:11:58 +0000] "DELETE /api/users HTTP/1.1" 200 6061 "-" "curl/7.68.0"
192.168.1.1 - - [03/May/2025:20:51:15 +0000] "DELETE /products HTTP/1.1" 200 1273 "-" "curl/7.68.0"
8.8.8.8 - - [08/Sep/2024:17:26:52 +0000] "POST /api/users HTTP/1.1" 301 1070 "-" "Mozilla/5.0 (Windows NT 10.0; Win64; x64) Chrome/120.0.0.0"
172.16.0.1 - - [18/Dec/2024:02:57:16 +0000] "DELETE /about HTTP/1.1" 301 2173 "-" "Mozilla/5.0 (X11; Linux x86_64) Firefox/120.0"
192.168.1.1 - - [20/Dec/2025:22:35:16 +0000] "DELETE /cart HTTP/1.1" 301 4717 "-" "curl/7.68.0"
8.8.8.8 - - [19/Oct/2025:07:05:51 +0000] "POST /admin HTTP/1.1" 200 9549 "-" "Mozilla/5.0 (X11; Linux x86_64) Firefox/120.0"
192.168.1.1 - - [21/Jul/2024:05:23:51 +0000] "PUT /products HTTP/1.1" 404 3261 "-" "Mozilla/5.0 (Windows NT 10.0; Win64; x64) Chrome/120.0.0.0"
8.8.8.8 - - [25/Oct/2025:00:54:10 +0000] "PUT /products HTTP/1.1" 200 592 "-" "curl/7.68.0"
10.0.0.1 - - [28/Feb/2024:12:55:57 +0000] "DELETE /cart HTTP/1.1" 500 8650 "-" "Mozilla/5.0 (Windows NT 10.0; Win64; x64) Chrome/120.0.0.0"
8.8.8.8 - - [14/Jan/2024:16:57:34 +0000] "GET /about HTTP/1.1" 500 5735 "-" "curl/7.68.0"
172.16.0.1 - - [07/Dec/2025:17:39:55 +0000] "DELETE /products HTTP/1.1" 200 6739 "-" "Mozilla/5.0 (X11; Linux x86_64) Firefox/120.0"
10.0.0.1 - - [09/Dec/2025:11:25:20 +0000] "GET /products HTTP/1.1" 200 3085 "-" "Mozilla/5.0 (X11; Linux x86_64) Firefox/120.0"
192.168.1.1 - - [16/Aug/2024:10:06:31 +0000] "PUT /api/users HTTP/1.1" 301 7992 "-" "Mozilla/5.0 (Macintosh; Intel Mac OS X 10_15_7) Safari/537.36"
172.16.0.1 - - [15/Sep/2024:06:07:48 +0000] "PUT /images/logo.png HTTP/1.1" 200 8187 "-" "Mozilla/5.0 (Windows NT 10.0; Win64; x64) Chrome/120.0.0.0"
8.8.8.8 - - [24/Jul/2024:11:24:50 +0000] "POST /images/logo.png HTTP/1.1" 301 9555 "-" "Mozilla/5.0 (iPhone; CPU iPhone OS 17_0 like Mac OS X)"
8.8.8.8 - - [13/Jul/2025:12:51:31 +0000] "POST /admin HTTP/1.1" 500 1139 "-" "curl/7.68.0"
1.1.1.1 - - [03/Jun/2024:12:07:44 +0000] "POST /images/logo.png HTTP/1.1" 200 3250 "-" "Mozilla/5.0 (iPhone; CPU iPhone OS 17_0 like Mac OS X)"
8.8.8.8 - - [18/Oct/2025:10:00:58 +0000] "PUT /api/users HTTP/1.1" 200 6106 "-" "Mozilla/5.0 (Windows NT 10.0; Win64; x64) Chrome/120.0.0.0"
172.16.0.1 - - [25/Aug/2025:12:29:06 +0000] "PUT /index.html HTTP/1.1" 200 1369 "-" "curl/7.68.0"
1.1.1.1 - - [16/Jan/2024:07:17:43 +0000] "POST /admin HTTP/1.1" 200 1021 "-" "Mozilla/5.0 (iPhone; CPU iPhone OS 17_0 like Mac OS X)"
1.1.1.1 - - [25/Jan/2025:13:27:01 +0000] "GET /images/logo.png HTTP/1.1" 200 3353 "-" "Mozilla/5.0 (Macintosh; Intel Mac OS X 10_15_7) Safari/537.36"
1.1.1.1 - - [27/Apr/2024:05:59:47 +0000] "POST /api/users HTTP/1.1" 301 525 "-" "Mozilla/5.0 (Macintosh; Intel Mac OS X 10_15_7) Safari/537.36"
10.0.0.1 - - [14/Aug/2025:12:39:17 +0000] "DELETE /admin HTTP/1.1" 500 1730 "-" "Mozilla/5.0 (X11; Linux x86_64) Firefox/120.0"
172.16.0.1 - - [12/Jun/2024:15:50:06 +0000] "PUT /about HTTP/1.1" 200 7714 "-" "Mozilla/5.0 (Windows NT 10.0; Win64; x64) Chrome/120.0.0.0"
10.0.0.1 - - [21/Oct/2025:20:57:33 +0000] "POST /cart HTTP/1.1" 200 3562 "-" "Mozilla/5.0 (Windows NT 10.0; Win64; x64) Chrome/120.0.0.0"
8.8.8.8 - - [25/Apr/2024:10:30:58 +0000] "GET /cart HTTP/1.1" 200 2198 "-" "Mozilla/5.0 (Macintosh; Intel Mac OS X 10_15_7) Safari/537.36"
10.0.0.1 - - [17/Jul/2024:16:52:32 +0000] "POST /products HTTP/1.1" 500 245 "-" "Mozilla/5.0 (Macintosh; Intel Mac OS X 10_15_7) Safari/537.36"
1.1.1.1 - - [05/Nov/2024:12:41:16 +0000] "GET /products HTTP/1.1" 200 7212 "-" "Mozilla/5.0 (Windows NT 10.0; Win64; x64) Chrome/120.0.0.0"
1.1.1.1 - - [11/Apr/2024:00:55:12 +0000] "POST /about HTTP/1.1" 200 4779 "-" "Mozilla/5.0 (X11; Linux x86_64) Firefox/120.0"
1.1.1.1 - - [22/Mar/2025:10:48:33 +0000] "POST /admin HTTP/1.1" 200 6397 "-" "Mozilla/5.0 (Windows NT 10.0; Win64; x64) Chrome/120.0.0.0"
192.168.1.1 - - [04/Jan/2024:10:17:26 +0000] "DELETE /cart HTTP/1.1" 500 2897 "-" "Mozilla/5.0 (Macintosh; Intel Mac OS X 10_15_7) Safari/537.36"
1.1.1.1 - - [13/Jan/2025:09:22:28 +0000] "PUT /cart HTTP/1.1" 200 105 "-" "curl/7.68.0"
8.8.8.8 - - [24/Apr/2025:04:04:00 +0000] "DELETE /about HTTP/1.1" 200 1820 "-" "Mozilla/5.0 (iPhone; CPU iPhone OS 17_0 like Mac OS X)"
192.168.1.1 - - [08/Aug/2025:17:03:24 +0000] "PUT /admin HTTP/1.1" 500 6625 "-" "Mozilla/5.0 (Macintosh; Intel Mac OS X 10_15_7) Safari/537.36"
10.0.0.1 - - [18/Sep/2024:13:08:38 +0000] "PUT /admin HTTP/1.1" 301 5695 "-" "Mozilla/5.0 (Macintosh; Intel Mac OS X 10_15_7) Safari/537.36"
172.16.0.1 - - [10/Dec/2024:22:24:57 +0000] "DELETE /admin HTTP/1.1" 404 6745 "-" "Mozilla/5.0 (Windows NT 10.0; Win64; x64) Chrome/120.0.0.0"
192.168.1.1 - - [07/Oct/2024:11:48:04 +0000] "DELETE /cart HTTP/1.1" 200 498 "-" "curl/7.68.0"
8.8.8.8 - - [01/Apr/2025:14:23:43 +0000] "POST /index.html HTTP/1.1" 404 5768 "-" "curl/7.68.0"
1.1.1.1 - - [01/Oct/2025:17:19:31 +0000] "PUT /api/users HTTP/1.1" 200 4464 "-" "Mozilla/5.0 (Windows NT 10.0; Win64; x64) Chrome/120.0.0.0"
172.16.0.1 - - [04/Nov/2025:07:44:31 +0000] "POST /index.html HTTP/1.1" 200 9430 "-" "Mozilla/5.0 (Macintosh; Intel Mac OS X 10_15_7) Safari/537.36"
172.16.0.1 - - [10/Aug/2025:02:28:44 +0000] "GET /cart HTTP/1.1" 200 3600 "-" "Mozilla/5.0 (Macintosh; Intel Mac OS X 10_15_7) Safari/537.36"
10.0.0.1 - - [07/Mar/2024:04:00:57 +0000] "PUT /about HTTP/1.1" 200 934 "-" "Mozilla/5.0 (X11; Linux x86_64) Firefox/120.0"
8.8.8.8 - - [22/Dec/2024:05:21:01 +0000] "DELETE /about HTTP/1.1" 200 5357 "-" "curl/7.68.0"
10.0.0.1 - - [19/Aug/2024:08:03:53 +0000] "POST /admin HTTP/1.1" 200 5964 "-" "Mozilla/5.0 (Macintosh; Intel Mac OS X 10_15_7) Safari/537.36"
8.8.8.8 - - [27/Dec/2024:05:06:47 +0000] "PUT /images/logo.png HTTP/1.1" 200 445 "-" "Mozilla/5.0 (Macintosh; Intel Mac OS X 10_15_7) Safari/537.36"
1.1.1.1 - - [04/Feb/2024:00:24:57 +0000] "POST /images/logo.png HTTP/1.1" 404 3138 "-" "Mozilla/5.0 (Windows NT 10.0; Win64; x64) Chrome/120.0.0.0"
10.0.0.1 - - [19/Apr/2025:21:36:17 +0000] "PUT /cart HTTP/1.1" 301 8467 "-" "Mozilla/5.0 (Macintosh; Intel Mac OS X 10_15_7) Safari/537.36"
192.168.1.1 - - [27/Oct/2025:07:12:40 +0000] "GET /products HTTP/1.1" 200 3490 "-" "Mozilla/5.0 (Windows NT 10.0; Win64; x64) Chrome/120.0.0.0"
192.168.1.1 - - [19/Nov/2025:09:46:04 +0000] "DELETE /api/users HTTP/1.1" 301 8086 "-" "Mozilla/5.0 (Windows NT 10.0; Win64; x64) Chrome/120.0.0.0"
8.8.8.8 - - [01/Nov/2024:07:29:53 +0000] "DELETE /products HTTP/1.1" 301 3406 "-" "Mozilla/5.0 (Macintosh; Intel Mac OS X 10_15_7) Safari/537.36"
8.8.8.8 - - [04/Oct/2025:07:29:10 +0000] "GET /products HTTP/1.1" 200 9552 "-" "Mozilla/5.0 (iPhone; CPU iPhone OS 17_0 like Mac OS X)"
1.1.1.1 - - [13/Nov/2025:13:35:43 +0000] "PUT /about HTTP/1.1" 404 1729 "-" "Mozilla/5.0 (iPhone; CPU iPhone OS 17_0 like Mac OS X)"
192.168.1.1 - - [19/Nov/2024:19:17:10 +0000] "DELETE /cart HTTP/1.1" 404 8677 "-" "curl/7.68.0"
1.1.1.1 - - [16/Feb/2025:12:41:41 +0000] "GET /api/users HTTP/1.1" 200 5215 "-" "Mozilla/5.0 (X11; Linux x86_64) Firefox/120.0"
1.1.1.1 - - [05/Feb/2025:06:59:35 +0000] "GET /images/logo.png HTTP/1.1" 404 6502 "-" "Mozilla/5.0 (Macintosh; Intel Mac OS X 10_15_7) Safari/537.36"
10.0.0.1 - - [14/Jun/2025:10:15:18 +0000] "GET /images/logo.png HTTP/1.1" 301 1541 "-" "Mozilla/5.0 (X11; Linux x86_64) Firefox/120.0"
8.8.8.8 - - [02/Nov/2025:03:08:22 +0000] "GET /images/logo.png HTTP/1.1" 500 4279 "-" "Mozilla/5.0 (Macintosh; Intel Mac OS X 10_15_7) Safari/537.36"
192.168.1.1 - - [28/Jun/2025:13:15:01 +0000] "GET /products HTTP/1.1" 200 9403 "-" "Mozilla/5.0 (Windows NT 10.0; Win64; x64) Chrome/120.0.0.0"
8.8.8.8 - - [02/Jul/2025:06:43:08 +0000] "POST /admin HTTP/1.1" 200 5898 "-" "Mozilla/5.0 (Windows NT 10.0; Win64; x64) Chrome/120.0.0.0"
192.168.1.1 - - [09/Jan/2025:18:44:50 +0000] "GET /products HTTP/1.1" 500 2221 "-" "Mozilla/5.0 (Macintosh; Intel Mac OS X 10_15_7) Safari/537.36"
172.16.0.1 - - [06/Oct/2024:14:42:31 +0000] "POST /cart HTTP/1.1" 500 9522 "-" "Mozilla/5.0 (X11; Linux x86_64) Firefox/120.0"
192.168.1.1 - - [14/Jul/2025:18:51:08 +0000] "POST /api/users HTTP/1.1" 200 806 "-" "Mozilla/5.0 (iPhone; CPU iPhone OS 17_0 like Mac OS X)"
172.16.0.1 - - [19/Sep/2024:00:29:57 +0000] "PUT /cart HTTP/1.1" 200 5348 "-" "Mozilla/5.0 (X11; Linux x86_64) Firefox/120.0"
10.0.0.1 - - [09/Nov/2025:10:48:41 +0000] "GET /cart HTTP/1.1" 404 9094 "-" "Mozilla/5.0 (Windows NT 10.0; Win64; x64) Chrome/120.0.0.0"
1.1.1.1 - - [22/Mar/2025:20:11:41 +0000] "POST /products HTTP/1.1" 200 4051 "-" "Mozilla/5.0 (Macintosh; Intel Mac OS X 10_15_7) Safari/537.36"
10.0.0.1 - - [13/Oct/2025:02:54:52 +0000] "DELETE /admin HTTP/1.1" 500 7285 "-" "Mozilla/5.0 (Windows NT 10.0; Win64; x64) Chrome/120.0.0.0"
8.8.8.8 - - [27/Mar/2024:05:42:27 +0000] "DELETE /admin HTTP/1.1" 200 2633 "-" "Mozilla/5.0 (X11; Linux x86_64) Firefox/120.0"
8.8.8.8 - - [12/Apr/2025:02:33:10 +0000] "GET /cart HTTP/1.1" 500 9967 "-" "Mozilla/5.0 (Macintosh; Intel Mac OS X 10_15_7) Safari/537.36"
10.0.0.1 - - [28/Jul/2024:12:47:20 +0000] "DELETE /products HTTP/1.1" 500 626 "-" "Mozilla/5.0 (Macintosh; Intel Mac OS X 10_15_7) Safari/537.36"
172.16.0.1 - - [09/Feb/2025:14:16:20 +0000] "DELETE /index.html HTTP/1.1" 404 7251 "-" "curl/7.68.0"
172.16.0.1 - - [17/Apr/2025:16:06:47 +0000] "PUT /index.html HTTP/1.1" 200 7820 "-" "Mozilla/5.0 (Windows NT 10.0; Win64; x64) Chrome/120.0.0.0"
10.0.0.1 - - [05/Sep/2024:05:29:52 +0000] "GET /cart HTTP/1.1" 301 3837 "-" "curl/7.68.0"
172.16.0.1 - - [11/Oct/2025:12:09:43 +0000] "DELETE /admin HTTP/1.1" 301 3743 "-" "Mozilla/5.0 (Windows NT 10.0; Win64; x64) Chrome/120.0.0.0"
192.168.1.1 - - [17/Feb/2025:01:28:59 +0000] "POST /cart HTTP/1.1" 301 4068 "-" "curl/7.68.0"
8.8.8.8 - - [07/Mar/2025:23:59:37 +0000] "GET /admin HTTP/1.1" 200 8265 "-" "curl/7.68.0"
8.8.8.8 - - [27/Sep/2025:12:24:44 +0000] "PUT /products HTTP/1.1" 500 246 "-" "Mozilla/5.0 (Windows NT 10.0; Win64; x64) Chrome/120.0.0.0"
172.16.0.1 - - [06/Aug/2024:13:18:27 +0000] "POST /products HTTP/1.1" 200 5642 "-" "Mozilla/5.0 (X11; Linux x86_64) Firefox/120.0"
192.168.1.1 - - [14/Oct/2024:07:31:56 +0000] "POST /products HTTP/1.1" 200 7224 "-" "Mozilla/5.0 (Windows NT 10.0; Win64; x64) Chrome/120.0.0.0"
10.0.0.1 - - [04/Aug/2025:08:21:41 +0000] "GET /admin HTTP/1.1" 200 3745 "-" "Mozilla/5.0 (Windows NT 10.0; Win64; x64) Chrome/120.0.0.0"
192.168.1.1 - - [15/May/2024:05:38:59 +0000] "POST /products HTTP/1.1" 200 808 "-" "Mozilla/5.0 (Windows NT 10.0; Win64; x64) Chrome/120.0.0.0"
192.168.1.1 - - [06/Aug/2024:08:41:25 +0000] "POST /index.html HTTP/1.1" 301 7017 "-" "Mozilla/5.0 (iPhone; CPU iPhone OS 17_0 like Mac OS X)"
192.168.1.1 - - [15/Dec/2024:08:15:26 +0000] "POST /cart HTTP/1.1" 200 5284 "-" "Mozilla/5.0 (Macintosh; Intel Mac OS X 10_15_7) Safari/537.36"
1.1.1.1 - - [16/Sep/2025:00:49:19 +0000] "POST /api/users HTTP/1.1" 200 4110 "-" "Mozilla/5.0 (Windows NT 10.0; Win64; x64) Chrome/120.0.0.0"
8.8.8.8 - - [23/May/2025:11:25:24 +0000] "DELETE /api/users HTTP/1.1" 500 2119 "-" "Mozilla/5.0 (X11; Linux x86_64) Firefox/120.0"
192.168.1.1 - - [07/Jan/2024:14:40:15 +0000] "PUT /cart HTTP/1.1" 200 4373 "-" "Mozilla/5.0 (X11; Linux x86_64) Firefox/120.0"
192.168.1.1 - - [08/Jul/2024:02:49:51 +0000] "GET /admin HTTP/1.1" 500 3213 "-" "Mozilla/5.0 (X11; Linux x86_64) Firefox/120.0"
172.16.0.1 - - [21/Mar/2025:00:37:06 +0000] "GET /admin HTTP/1.1" 200 10015 "-" "Mozilla/5.0 (Macintosh; Intel Mac OS X 10_15_7) Safari/537.36"
192.168.1.1 - - [22/Jan/2024:19:34:36 +0000] "PUT /images/logo.png HTTP/1.1" 200 8571 "-" "curl/7.68.0"
192.168.1.1 - - [23/Sep/2024:04:07:33 +0000] "DELETE /images/logo.png HTTP/1.1" 404 3099 "-" "curl/7.68.0"
1.1.1.1 - - [26/Feb/2024:19:25:10 +0000] "GET /index.html HTTP/1.1" 200 2763 "-" "Mozilla/5.0 (X11; Linux x86_64) Firefox/120.0"
172.16.0.1 - - [15/Dec/2025:11:30:31 +0000] "POST /admin HTTP/1.1" 200 8062 "-" "Mozilla/5.0 (iPhone; CPU iPhone OS 17_0 like Mac OS X)"
8.8.8.8 - - [19/Dec/2024:02:20:33 +0000] "DELETE /admin HTTP/1.1" 200 4953 "-" "Mozilla/5.0 (iPhone; CPU iPhone OS 17_0 like Mac OS X)"
10.0.0.1 - - [13/Aug/2025:19:45:08 +0000] "POST /about HTTP/1.1" 301 8367 "-" "Mozilla/5.0 (Windows NT 10.0; Win64; x64) Chrome/120.0.0.0"
10.0.0.1 - - [13/Nov/2025:00:59:23 +0000] "DELETE /cart HTTP/1.1" 200 4618 "-" "Mozilla/5.0 (X11; Linux x86_64) Firefox/120.0"
1.1.1.1 - - [08/Oct/2025:19:48:28 +0000] "PUT /admin HTTP/1.1" 200 626 "-" "curl/7.68.0"
10.0.0.1 - - [19/Feb/2024:08:10:16 +0000] "GET /about HTTP/1.1" 200 8274 "-" "Mozilla/5.0 (X11; Linux x86_64) Firefox/120.0"
172.16.0.1 - - [02/Nov/2024:07:22:03 +0000] "POST /cart HTTP/1.1" 200 6202 "-" "Mozilla/5.0 (Macintosh; Intel Mac OS X 10_15_7) Safari/537.36"
10.0.0.1 - - [15/Sep/2024:15:40:27 +0000] "GET /products HTTP/1.1" 200 2455 "-" "Mozilla/5.0 (X11; Linux x86_64) Firefox/120.0"
172.16.0.1 - - [05/Oct/2025:16:53:09 +0000] "POST /index.html HTTP/1.1" 500 2497 "-" "Mozilla/5.0 (Macintosh; Intel Mac OS X 10_15_7) Safari/537.36"
192.168.1.1 - - [27/Oct/2024:14:27:36 +0000] "PUT /api/users HTTP/1.1" 200 521 "-" "curl/7.68.0"
8.8.8.8 - - [12/May/2025:18:42:43 +0000] "DELETE /api/users HTTP/1.1" 500 5645 "-" "Mozilla/5.0 (iPhone; CPU iPhone OS 17_0 like Mac OS X)"
8.8.8.8 - - [18/Aug/2024:04:38:54 +0000] "PUT /about HTTP/1.1" 301 4017 "-" "Mozilla/5.0 (iPhone; CPU iPhone OS 17_0 like Mac OS X)"
8.8.8.8 - - [13/Jul/2025:15:43:17 +0000] "GET /index.html HTTP/1.1" 301 7333 "-" "Mozilla/5.0 (Windows NT 10.0; Win64; x64) Chrome/120.0.0.0"
192.168.1.1 - - [04/Apr/2025:06:16:41 +0000] "GET /images/logo.png HTTP/1.1" 200 4246 "-" "Mozilla/5.0 (Macintosh; Intel Mac OS X 10_15_7) Safari/537.36"
192.168.1.1 - - [02/Sep/2024:11:17:15 +0000] "POST /about HTTP/1.1" 200 3938 "-" "Mozilla/5.0 (iPhone; CPU iPhone OS 17_0 like Mac OS X)"
8.8.8.8 - - [23/Aug/2024:02:36:04 +0000] "DELETE /images/logo.png HTTP/1.1" 500 1840 "-" "Mozilla/5.0 (iPhone; CPU iPhone OS 17_0 like Mac OS X)"
8.8.8.8 - - [13/Nov/2025:04:24:11 +0000] "PUT /index.html HTTP/1.1" 200 6636 "-" "Mozilla/5.0 (Macintosh; Intel Mac OS X 10_15_7) Safari/537.36"
10.0.0.1 - - [26/Dec/2025:07:24:21 +0000] "PUT /about HTTP/1.1" 500 9498 "-" "Mozilla/5.0 (X11; Linux x86_64) Firefox/120.0"
8.8.8.8 - - [13/Dec/2025:04:37:17 +0000] "POST /admin HTTP/1.1" 200 9078 "-" "Mozilla/5.0 (X11; Linux x86_64) Firefox/120.0"
172.16.0.1 - - [24/Sep/2024:20:20:00 +0000] "GET /api/users HTTP/1.1" 301 4895 "-" "curl/7.68.0"
1.1.1.1 - - [06/Feb/2025:00:47:09 +0000] "GET /index.html HTTP/1.1" 200 9110 "-" "Mozilla/5.0 (X11; Linux x86_64) Firefox/120.0"
192.168.1.1 - - [22/Jan/2025:13:00:36 +0000] "DELETE /api/users HTTP/1.1" 500 8042 "-" "Mozilla/5.0 (Windows NT 10.0; Win64; x64) Chrome/120.0.0.0"
8.8.8.8 - - [26/Feb/2025:07:24:39 +0000] "PUT /products HTTP/1.1" 404 4843 "-" "curl/7.68.0"
1.1.1.1 - - [03/Jul/2024:05:49:44 +0000] "GET /images/logo.png HTTP/1.1" 200 2956 "-" "Mozilla/5.0 (Macintosh; Intel Mac OS X 10_15_7) Safari/537.36"
1.1.1.1 - - [03/Jul/2024:03:41:43 +0000] "PUT /about HTTP/1.1" 200 3864 "-" "Mozilla/5.0 (iPhone; CPU iPhone OS 17_0 like Mac OS X)"
172.16.0.1 - - [04/Dec/2024:20:19:24 +0000] "GET /cart HTTP/1.1" 404 1519 "-" "Mozilla/5.0 (X11; Linux x86_64) Firefox/120.0"
8.8.8.8 - - [26/Jun/2024:10:51:12 +0000] "DELETE /images/logo.png HTTP/1.1" 200 9206 "-" "Mozilla/5.0 (iPhone; CPU iPhone OS 17_0 like Mac OS X)"
8.8.8.8 - - [24/Feb/2025:04:05:49 +0000] "POST /images/logo.png HTTP/1.1" 200 2882 "-" "Mozilla/5.0 (iPhone; CPU iPhone OS 17_0 like Mac OS X)"
172.16.0.1 - - [11/Mar/2025:21:37:15 +0000] "GET /images/logo.png HTTP/1.1" 200 3954 "-" "curl/7.68.0"
172.16.0.1 - - [09/Mar/2024:23:08:04 +0000] "DELETE /api/users HTTP/1.1" 500 7710 "-" "Mozilla/5.0 (iPhone; CPU iPhone OS 17_0 like Mac OS X)"
1.1.1.1 - - [22/Jul/2025:18:52:08 +0000] "DELETE /about HTTP/1.1" 500 7757 "-" "curl/7.68.0"
10.0.0.1 - - [14/Dec/2025:22:35:33 +0000] "DELETE /index.html HTTP/1.1" 200 2643 "-" "Mozilla/5.0 (iPhone; CPU iPhone OS 17_0 like Mac OS X)"
10.0.0.1 - - [19/Mar/2024:07:31:12 +0000] "GET /cart HTTP/1.1" 200 7547 "-" "Mozilla/5.0 (X11; Linux x86_64) Firefox/120.0"
192.168.1.1 - - [15/Apr/2024:10:07:26 +0000] "PUT /api/users HTTP/1.1" 200 9830 "-" "Mozilla/5.0 (X11; Linux x86_64) Firefox/120.0"
172.16.0.1 - - [11/Dec/2024:22:35:52 +0000] "POST /admin HTTP/1.1" 500 3786 "-" "curl/7.68.0"
172.16.0.1 - - [12/Jun/2025:05:39:05 +0000] "POST /cart HTTP/1.1" 404 6413 "-" "Mozilla/5.0 (iPhone; CPU iPhone OS 17_0 like Mac OS X)"
8.8.8.8 - - [16/Jun/2025:19:59:10 +0000] "GET /api/users HTTP/1.1" 404 9757 "-" "Mozilla/5.0 (X11; Linux x86_64) Firefox/120.0"
8.8.8.8 - - [01/Oct/2024:18:19:56 +0000] "GET /index.html HTTP/1.1" 301 488 "-" "Mozilla/5.0 (X11; Linux x86_64) Firefox/120.0"
10.0.0.1 - - [19/Mar/2025:03:45:53 +0000] "POST /images/logo.png HTTP/1.1" 404 8749 "-" "Mozilla/5.0 (X11; Linux x86_64) Firefox/120.0"
8.8.8.8 - - [21/Jun/2025:18:05:12 +0000] "GET /index.html HTTP/1.1" 200 6202 "-" "Mozilla/5.0 (Macintosh; Intel Mac OS X 10_15_7) Safari/537.36"
8.8.8.8 - - [14/Mar/2025:06:39:07 +0000] "PUT /products HTTP/1.1" 200 4700 "-" "Mozilla/5.0 (iPhone; CPU iPhone OS 17_0 like Mac OS X)"
172.16.0.1 - - [04/Apr/2025:18:50:12 +0000] "DELETE /admin HTTP/1.1" 200 5019 "-" "Mozilla/5.0 (Windows NT 10.0; Win64; x64) Chrome/120.0.0.0"
192.168.1.1 - - [04/Apr/2025:13:29:59 +0000] "GET /index.html HTTP/1.1" 301 3224 "-" "Mozilla/5.0 (Windows NT 10.0; Win64; x64) Chrome/120.0.0.0"
8.8.8.8 - - [27/Apr/2024:13:26:37 +0000] "GET /images/logo.png HTTP/1.1" 301 577 "-" "Mozilla/5.0 (Windows NT 10.0; Win64; x64) Chrome/120.0.0.0"
10.0.0.1 - - [10/Feb/2025:17:36:47 +0000] "PUT /images/logo.png HTTP/1.1" 200 1949 "-" "Mozilla/5.0 (Macintosh; Intel Mac OS X 10_15_7) Safari/537.36"
192.168.1.1 - - [03/Feb/2024:22:28:45 +0000] "DELETE /about HTTP/1.1" 200 10082 "-" "Mozilla/5.0 (Macintosh; Intel Mac OS X 10_15_7) Safari/537.36"
172.16.0.1 - - [19/Jan/2024:13:14:38 +0000] "DELETE /about HTTP/1.1" 301 4522 "-" "Mozilla/5.0 (iPhone; CPU iPhone OS 17_0 like Mac OS X)"
1.1.1.1 - - [14/Jan/2025:02:59:08 +0000] "PUT /cart HTTP/1.1" 301 4395 "-" "Mozilla/5.0 (X11; Linux x86_64) Firefox/120.0"
172.16.0.1 - - [13/Jun/2025:01:55:00 +0000] "POST /cart HTTP/1.1" 200 5518 "-" "Mozilla/5.0 (Macintosh; Intel Mac OS X 10_15_7) Safari/537.36"
10.0.0.1 - - [17/Apr/2024:14:46:31 +0000] "POST /index.html HTTP/1.1" 200 7332 "-" "curl/7.68.0"
8.8.8.8 - - [19/Nov/2025:10:32:02 +0000] "DELETE /admin HTTP/1.1" 301 3204 "-" "Mozilla/5.0 (iPhone; CPU iPhone OS 17_0 like Mac OS X)"
172.16.0.1 - - [24/Jun/2025:16:51:02 +0000] "PUT /products HTTP/1.1" 500 9947 "-" "curl/7.68.0"
172.16.0.1 - - [24/Nov/2024:06:52:32 +0000] "POST /products HTTP/1.1" 200 4419 "-" "Mozilla/5.0 (Windows NT 10.0; Win64; x64) Chrome/120.0.0.0"
1.1.1.1 - - [28/Apr/2025:17:25:32 +0000] "PUT /cart HTTP/1.1" 200 9249 "-" "Mozilla/5.0 (Macintosh; Intel Mac OS X 10_15_7) Safari/537.36"
172.16.0.1 - - [26/Mar/2024:11:34:13 +0000] "DELETE /cart HTTP/1.1" 404 4799 "-" "Mozilla/5.0 (Macintosh; Intel Mac OS X 10_15_7) Safari/537.36"
8.8.8.8 - - [20/Jan/2024:09:11:50 +0000] "POST /about HTTP/1.1" 500 6378 "-" "curl/7.68.0"
172.16.0.1 - - [26/May/2025:14:35:33 +0000] "PUT /api/users HTTP/1.1" 200 8216 "-" "Mozilla/5.0 (iPhone; CPU iPhone OS 17_0 like Mac OS X)"
192.168.1.1 - - [26/Nov/2024:02:22:41 +0000] "PUT /images/logo.png HTTP/1.1" 200 3629 "-" "Mozilla/5.0 (Windows NT 10.0; Win64; x64) Chrome/120.0.0.0"
10.0.0.1 - - [27/Apr/2025:17:45:39 +0000] "GET /cart HTTP/1.1" 301 3271 "-" "Mozilla/5.0 (iPhone; CPU iPhone OS 17_0 like Mac OS X)"
10.0.0.1 - - [12/Apr/2025:01:54:37 +0000] "GET /images/logo.png HTTP/1.1" 200 2146 "-" "Mozilla/5.0 (iPhone; CPU iPhone OS 17_0 like Mac OS X)"
172.16.0.1 - - [27/Dec/2024:02:08:02 +0000] "GET /images/logo.png HTTP/1.1" 200 6824 "-" "Mozilla/5.0 (Macintosh; Intel Mac OS X 10_15_7) Safari/537.36"
8.8.8.8 - - [12/Sep/2025:01:05:37 +0000] "DELETE /api/users HTTP/1.1" 200 4506 "-" "Mozilla/5.0 (iPhone; CPU iPhone OS 17_0 like Mac OS X)"
8.8.8.8 - - [08/Dec/2024:11:57:43 +0000] "DELETE /products HTTP/1.1" 301 10082 "-" "Mozilla/5.0 (iPhone; CPU iPhone OS 17_0 like Mac OS X)"
172.16.0.1 - - [23/Nov/2024:09:39:50 +0000] "PUT /cart HTTP/1.1" 200 3060 "-" "Mozilla/5.0 (X11; Linux x86_64) Firefox/120.0"
8.8.8.8 - - [24/May/2025:05:15:03 +0000] "DELETE /admin HTTP/1.1" 200 2911 "-" "curl/7.68.0"
1.1.1.1 - - [28/Sep/2024:20:51:09 +0000] "POST /images/logo.png HTTP/1.1" 200 3192 "-" "curl/7.68.0"
1.1.1.1 - - [05/Aug/2024:15:05:47 +0000] "POST /api/users HTTP/1.1" 200 2951 "-" "curl/7.68.0"
8.8.8.8 - - [26/Mar/2024:23:54:21 +0000] "DELETE /images/logo.png HTTP/1.1" 200 4036 "-" "Mozilla/5.0 (Macintosh; Intel Mac OS X 10_15_7) Safari/537.36"
8.8.8.8 - - [21/Jul/2024:21:15:08 +0000] "GET /images/logo.png HTTP/1.1" 200 5830 "-" "Mozilla/5.0 (iPhone; CPU iPhone OS 17_0 like Mac OS X)"
1.1.1.1 - - [24/Dec/2024:12:05:40 +0000] "PUT /admin HTTP/1.1" 200 2424 "-" "Mozilla/5.0 (Macintosh; Intel Mac OS X 10_15_7) Safari/537.36"
1.1.1.1 - - [15/Aug/2024:14:01:46 +0000] "POST /about HTTP/1.1" 301 5337 "-" "Mozilla/5.0 (Windows NT 10.0; Win64; x64) Chrome/120.0.0.0"
172.16.0.1 - - [06/Oct/2025:18:59:02 +0000] "POST /about HTTP/1.1" 200 6163 "-" "curl/7.68.0"
172.16.0.1 - - [15/May/2025:21:01:55 +0000] "POST /products HTTP/1.1" 500 5363 "-" "curl/7.68.0"
192.168.1.1 - - [22/Oct/2024:19:19:36 +0000] "GET /images/logo.png HTTP/1.1" 404 6283 "-" "Mozilla/5.0 (iPhone; CPU iPhone OS 17_0 like Mac OS X)"
1.1.1.1 - - [01/Jan/2024:20:00:41 +0000] "DELETE /index.html HTTP/1.1" 500 5054 "-" "Mozilla/5.0 (X11; Linux x86_64) Firefox/120.0"
192.168.1.1 - - [18/Sep/2025:12:33:07 +0000] "GET /about HTTP/1.1" 200 6553 "-" "Mozilla/5.0 (iPhone; CPU iPhone OS 17_0 like Mac OS X)"
8.8.8.8 - - [14/Oct/2025:12:26:22 +0000] "PUT /products HTTP/1.1" 200 10062 "-" "Mozilla/5.0 (Macintosh; Intel Mac OS X 10_15_7) Safari/537.36"
192.168.1.1 - - [24/Mar/2024:00:41:50 +0000] "DELETE /products HTTP/1.1" 200 6247 "-" "Mozilla/5.0 (Windows NT 10.0; Win64; x64) Chrome/120.0.0.0"
8.8.8.8 - - [11/Oct/2025:15:05:03 +0000] "GET /about HTTP/1.1" 200 4682 "-" "curl/7.68.0"
192.168.1.1 - - [12/Oct/2025:00:11:44 +0000] "POST /about HTTP/1.1" 404 8252 "-" "Mozilla/5.0 (Windows NT 10.0; Win64; x64) Chrome/120.0.0.0"
1.1.1.1 - - [18/Nov/2024:05:40:37 +0000] "DELETE /api/users HTTP/1.1" 200 1246 "-" "Mozilla/5.0 (X11; Linux x86_64) Firefox/120.0"
192.168.1.1 - - [03/Sep/2024:23:26:13 +0000] "PUT /api/users HTTP/1.1" 200 619 "-" "Mozilla/5.0 (X11; Linux x86_64) Firefox/120.0"
8.8.8.8 - - [08/Feb/2025:11:46:21 +0000] "PUT /index.html HTTP/1.1" 200 9217 "-" "curl/7.68.0"
8.8.8.8 - - [08/Mar/2024:09:10:52 +0000] "POST /about HTTP/1.1" 500 2409 "-" "Mozilla/5.0 (Windows NT 10.0; Win64; x64) Chrome/120.0.0.0"
172.16.0.1 - - [14/Oct/2025:11:57:19 +0000] "GET /images/logo.png HTTP/1.1" 200 8580 "-" "Mozilla/5.0 (iPhone; CPU iPhone OS 17_0 like Mac OS X)"
8.8.8.8 - - [01/Oct/2024:13:11:29 +0000] "DELETE /images/logo.png HTTP/1.1" 200 7311 "-" "Mozilla/5.0 (X11; Linux x86_64) Firefox/120.0"
192.168.1.1 - - [13/Jan/2025:21:27:51 +0000] "POST /products HTTP/1.1" 200 6971 "-" "curl/7.68.0"
172.16.0.1 - - [08/Jan/2024:10:42:32 +0000] "PUT /api/users HTTP/1.1" 200 7970 "-" "Mozilla/5.0 (Macintosh; Intel Mac OS X 10_15_7) Safari/537.36"
172.16.0.1 - - [16/May/2024:14:51:26 +0000] "PUT /index.html HTTP/1.1" 404 4378 "-" "curl/7.68.0"
172.16.0.1 - - [06/Jul/2025:06:35:37 +0000] "POST /products HTTP/1.1" 200 3725 "-" "Mozilla/5.0 (Windows NT 10.0; Win64; x64) Chrome/120.0.0.0"
8.8.8.8 - - [28/Jan/2024:01:54:27 +0000] "DELETE /cart HTTP/1.1" 404 7487 "-" "Mozilla/5.0 (Windows NT 10.0; Win64; x64) Chrome/120.0.0.0"
8.8.8.8 - - [13/Jul/2025:06:21:52 +0000] "DELETE /admin HTTP/1.1" 200 3192 "-" "Mozilla/5.0 (Windows NT 10.0; Win64; x64) Chrome/120.0.0.0"
8.8.8.8 - - [25/Mar/2024:01:56:11 +0000] "GET /cart HTTP/1.1" 200 579 "-" "Mozilla/5.0 (iPhone; CPU iPhone OS 17_0 like Mac OS X)"
172.16.0.1 - - [28/Jul/2024:08:21:04 +0000] "POST /images/logo.png HTTP/1.1" 404 8131 "-" "Mozilla/5.0 (Macintosh; Intel Mac OS X 10_15_7) Safari/537.36"
1.1.1.1 - - [20/Dec/2025:14:19:39 +0000] "PUT /api/users HTTP/1.1" 301 7277 "-" "curl/7.68.0"
172.16.0.1 - - [18/Aug/2025:15:44:08 +0000] "POST /products HTTP/1.1" 200 2762 "-" "curl/7.68.0"
8.8.8.8 - - [25/Aug/2025:02:57:44 +0000] "POST /api/users HTTP/1.1" 404 7824 "-" "Mozilla/5.0 (X11; Linux x86_64) Firefox/120.0"
8.8.8.8 - - [19/Nov/2024:21:26:33 +0000] "POST /admin HTTP/1.1" 404 3565 "-" "Mozilla/5.0 (X11; Linux x86_64) Firefox/120.0"
8.8.8.8 - - [19/May/2024:10:08:38 +0000] "DELETE /index.html HTTP/1.1" 200 7755 "-" "Mozilla/5.0 (iPhone; CPU iPhone OS 17_0 like Mac OS X)"
192.168.1.1 - - [28/Nov/2025:18:17:21 +0000] "POST /index.html HTTP/1.1" 500 8690 "-" "Mozilla/5.0 (iPhone; CPU iPhone OS 17_0 like Mac OS X)"
10.0.0.1 - - [05/Sep/2024:20:04:33 +0000] "DELETE /products HTTP/1.1" 404 9658 "-" "Mozilla/5.0 (iPhone; CPU iPhone OS 17_0 like Mac OS X)"
8.8.8.8 - - [02/Apr/2024:14:34:55 +0000] "DELETE /index.html HTTP/1.1" 301 2930 "-" "Mozilla/5.0 (iPhone; CPU iPhone OS 17_0 like Mac OS X)"
10.0.0.1 - - [26/Dec/2025:08:09:58 +0000] "GET /api/users HTTP/1.1" 301 4725 "-" "Mozilla/5.0 (iPhone; CPU iPhone OS 17_0 like Mac OS X)"
1.1.1.1 - - [11/Jan/2024:15:27:01 +0000] "PUT /images/logo.png HTTP/1.1" 301 8527 "-" "curl/7.68.0"
192.168.1.1 - - [19/Aug/2025:17:15:58 +0000] "DELETE /index.html HTTP/1.1" 200 5115 "-" "Mozilla/5.0 (iPhone; CPU iPhone OS 17_0 like Mac OS X)"
192.168.1.1 - - [28/Jun/2024:08:34:55 +0000] "POST /images/logo.png HTTP/1.1" 500 5733 "-" "Mozilla/5.0 (X11; Linux x86_64) Firefox/120.0"
10.0.0.1 - - [03/Sep/2024:14:01:00 +0000] "POST /index.html HTTP/1.1" 301 194 "-" "Mozilla/5.0 (Macintosh; Intel Mac OS X 10_15_7) Safari/537.36"
192.168.1.1 - - [15/Jun/2024:09:34:33 +0000] "GET /about HTTP/1.1" 200 1710 "-" "Mozilla/5.0 (X11; Linux x86_64) Firefox/120.0"
10.0.0.1 - - [02/Apr/2024:14:36:15 +0000] "GET /about HTTP/1.1" 301 9515 "-" "Mozilla/5.0 (X11; Linux x86_64) Firefox/120.0"
1.1.1.1 - - [09/Dec/2024:14:26:25 +0000] "PUT /api/users HTTP/1.1" 500 6843 "-" "Mozilla/5.0 (Windows NT 10.0; Win64; x64) Chrome/120.0.0.0"
10.0.0.1 - - [06/Jan/2025:23:40:52 +0000] "POST /index.html HTTP/1.1" 200 2895 "-" "Mozilla/5.0 (Windows NT 10.0; Win64; x64) Chrome/120.0.0.0"
8.8.8.8 - - [26/May/2025:07:35:56 +0000] "POST /products HTTP/1.1" 200 1772 "-" "curl/7.68.0"
1.1.1.1 - - [26/Jun/2025:14:21:48 +0000] "GET /admin HTTP/1.1" 200 9988 "-" "Mozilla/5.0 (iPhone; CPU iPhone OS 17_0 like Mac OS X)"
10.0.0.1 - - [15/May/2024:05:35:15 +0000] "DELETE /products HTTP/1.1" 200 3055 "-" "Mozilla/5.0 (Windows NT 10.0; Win64; x64) Chrome/120.0.0.0"
8.8.8.8 - - [05/Apr/2024:05:43:19 +0000] "POST /admin HTTP/1.1" 200 6550 "-" "Mozilla/5.0 (X11; Linux x86_64) Firefox/120.0"
8.8.8.8 - - [03/Oct/2025:22:57:29 +0000] "PUT /api/users HTTP/1.1" 301 6078 "-" "Mozilla/5.0 (Macintosh; Intel Mac OS X 10_15_7) Safari/537.36"
192.168.1.1 - - [19/Feb/2024:18:59:36 +0000] "GET /cart HTTP/1.1" 200 9211 "-" "Mozilla/5.0 (X11; Linux x86_64) Firefox/120.0"
172.16.0.1 - - [04/Oct/2025:18:10:54 +0000] "DELETE /api/users HTTP/1.1" 200 7101 "-" "Mozilla/5.0 (X11; Linux x86_64) Firefox/120.0"
172.16.0.1 - - [24/Apr/2025:00:01:13 +0000] "GET /admin HTTP/1.1" 404 5036 "-" "Mozilla/5.0 (iPhone; CPU iPhone OS 17_0 like Mac OS X)"
192.168.1.1 - - [06/Feb/2024:13:06:07 +0000] "POST /api/users HTTP/1.1" 500 5121 "-" "Mozilla/5.0 (Macintosh; Intel Mac OS X 10_15_7) Safari/537.36"
10.0.0.1 - - [20/Oct/2025:08:50:45 +0000] "DELETE /about HTTP/1.1" 301 6987 "-" "Mozilla/5.0 (X11; Linux x86_64) Firefox/120.0"
8.8.8.8 - - [22/Mar/2024:11:32:38 +0000] "DELETE /about HTTP/1.1" 404 2475 "-" "Mozilla/5.0 (iPhone; CPU iPhone OS 17_0 like Mac OS X)"
192.168.1.1 - - [25/Oct/2025:03:36:21 +0000] "PUT /index.html HTTP/1.1" 200 2049 "-" "Mozilla/5.0 (Windows NT 10.0; Win64; x64) Chrome/120.0.0.0"
1.1.1.1 - - [19/Aug/2025:18:17:43 +0000] "GET /index.html HTTP/1.1" 404 4085 "-" "Mozilla/5.0 (X11; Linux x86_64) Firefox/120.0"
192.168.1.1 - - [25/Dec/2025:14:50:14 +0000] "POST /index.html HTTP/1.1" 200 5255 "-" "Mozilla/5.0 (Macintosh; Intel Mac OS X 10_15_7) Safari/537.36"
192.168.1.1 - - [25/Dec/2025:21:48:34 +0000] "GET /cart HTTP/1.1" 200 8086 "-" "Mozilla/5.0 (iPhone; CPU iPhone OS 17_0 like Mac OS X)"
192.168.1.1 - - [03/Jun/2025:05:51:09 +0000] "GET /about HTTP/1.1" 500 2766 "-" "curl/7.68.0"
172.16.0.1 - - [18/Jun/2024:04:25:49 +0000] "POST /images/logo.png HTTP/1.1" 200 1332 "-" "Mozilla/5.0 (iPhone; CPU iPhone OS 17_0 like Mac OS X)"
10.0.0.1 - - [03/Apr/2025:02:52:47 +0000] "POST /about HTTP/1.1" 200 2049 "-" "Mozilla/5.0 (X11; Linux x86_64) Firefox/120.0"
10.0.0.1 - - [01/Mar/2025:14:44:20 +0000] "PUT /admin HTTP/1.1" 200 4780 "-" "Mozilla/5.0 (X11; Linux x86_64) Firefox/120.0"
192.168.1.1 - - [14/Jul/2025:07:14:14 +0000] "GET /admin HTTP/1.1" 404 5014 "-" "Mozilla/5.0 (Windows NT 10.0; Win64; x64) Chrome/120.0.0.0"
10.0.0.1 - - [19/May/2025:10:28:00 +0000] "DELETE /images/logo.png HTTP/1.1" 200 2182 "-" "Mozilla/5.0 (X11; Linux x86_64) Firefox/120.0"
10.0.0.1 - - [12/Nov/2024:06:55:18 +0000] "GET /images/logo.png HTTP/1.1" 404 4694 "-" "curl/7.68.0"
10.0.0.1 - - [13/Nov/2025:12:07:28 +0000] "DELETE /images/logo.png HTTP/1.1" 200 7310 "-" "Mozilla/5.0 (X11; Linux x86_64) Firefox/120.0"
192.168.1.1 - - [04/Oct/2024:23:57:38 +0000] "PUT /about HTTP/1.1" 200 3568 "-" "Mozilla/5.0 (Windows NT 10.0; Win64; x64) Chrome/120.0.0.0"
8.8.8.8 - - [24/Apr/2025:07:57:29 +0000] "GET /about HTTP/1.1" 301 4320 "-" "Mozilla/5.0 (X11; Linux x86_64) Firefox/120.0"
10.0.0.1 - - [04/Nov/2025:09:07:24 +0000] "GET /admin HTTP/1.1" 200 1770 "-" "Mozilla/5.0 (Windows NT 10.0; Win64; x64) Chrome/120.0.0.0"
10.0.0.1 - - [01/Aug/2024:07:01:29 +0000] "GET /admin HTTP/1.1" 200 4870 "-" "Mozilla/5.0 (X11; Linux x86_64) Firefox/120.0"
8.8.8.8 - - [06/May/2024:12:33:07 +0000] "PUT /products HTTP/1.1" 404 9863 "-" "Mozilla/5.0 (X11; Linux x86_64) Firefox/120.0"
1.1.1.1 - - [23/Jul/2024:06:45:32 +0000] "GET /about HTTP/1.1" 404 407 "-" "Mozilla/5.0 (X11; Linux x86_64) Firefox/120.0"
8.8.8.8 - - [26/Feb/2025:11:37:43 +0000] "GET /api/users HTTP/1.1" 301 8120 "-" "curl/7.68.0"
172.16.0.1 - - [12/Jan/2024:16:17:48 +0000] "GET /products HTTP/1.1" 200 1112 "-" "Mozilla/5.0 (X11; Linux x86_64) Firefox/120.0"
192.168.1.1 - - [08/Jul/2024:23:39:56 +0000] "POST /cart HTTP/1.1" 200 9438 "-" "Mozilla/5.0 (Macintosh; Intel Mac OS X 10_15_7) Safari/537.36"
192.168.1.1 - - [14/Nov/2024:00:42:08 +0000] "DELETE /api/users HTTP/1.1" 200 8160 "-" "curl/7.68.0"
172.16.0.1 - - [28/Aug/2024:04:13:20 +0000] "POST /products HTTP/1.1" 301 2432 "-" "Mozilla/5.0 (iPhone; CPU iPhone OS 17_0 like Mac OS X)"
1.1.1.1 - - [17/Jan/2025:20:51:43 +0000] "DELETE /about HTTP/1.1" 200 4079 "-" "curl/7.68.0"
172.16.0.1 - - [02/Aug/2024:12:37:21 +0000] "DELETE /admin HTTP/1.1" 200 5055 "-" "Mozilla/5.0 (Macintosh; Intel Mac OS X 10_15_7) Safari/537.36"
192.168.1.1 - - [16/Dec/2024:09:48:17 +0000] "DELETE /api/users HTTP/1.1" 200 1733 "-" "Mozilla/5.0 (X11; Linux x86_64) Firefox/120.0"
8.8.8.8 - - [24/Jun/2024:06:55:03 +0000] "DELETE /products HTTP/1.1" 200 4068 "-" "Mozilla/5.0 (Macintosh; Intel Mac OS X 10_15_7) Safari/537.36"
172.16.0.1 - - [06/Jan/2025:18:58:30 +0000] "GET /images/logo.png HTTP/1.1" 200 7152 "-" "Mozilla/5.0 (X11; Linux x86_64) Firefox/120.0"
192.168.1.1 - - [25/Sep/2025:00:54:09 +0000] "GET /cart HTTP/1.1" 301 6320 "-" "curl/7.68.0"
172.16.0.1 - - [07/Apr/2024:12:25:08 +0000] "POST /cart HTTP/1.1" 200 6494 "-" "Mozilla/5.0 (iPhone; CPU iPhone OS 17_0 like Mac OS X)"
192.168.1.1 - - [18/Apr/2025:09:14:45 +0000] "PUT /admin HTTP/1.1" 200 5096 "-" "Mozilla/5.0 (Windows NT 10.0; Win64; x64) Chrome/120.0.0.0"
8.8.8.8 - - [18/Jun/2025:01:45:08 +0000] "PUT /about HTTP/1.1" 200 1345 "-" "curl/7.68.0"
8.8.8.8 - - [01/May/2024:03:41:46 +0000] "PUT /cart HTTP/1.1" 500 8805 "-" "Mozilla/5.0 (X11; Linux x86_64) Firefox/120.0"
8.8.8.8 - - [25/May/2024:20:53:19 +0000] "POST /products HTTP/1.1" 200 2302 "-" "Mozilla/5.0 (iPhone; CPU iPhone OS 17_0 like Mac OS X)"
192.168.1.1 - - [10/Oct/2024:04:10:53 +0000] "DELETE /admin HTTP/1.1" 200 6617 "-" "curl/7.68.0"
192.168.1.1 - - [17/Dec/2025:15:49:37 +0000] "POST /products HTTP/1.1" 200 5631 "-" "Mozilla/5.0 (Windows NT 10.0; Win64; x64) Chrome/120.0.0.0"
172.16.0.1 - - [02/Apr/2024:02:56:23 +0000] "GET /products HTTP/1.1" 200 1620 "-" "Mozilla/5.0 (iPhone; CPU iPhone OS 17_0 like Mac OS X)"
10.0.0.1 - - [16/Jan/2025:14:57:40 +0000] "POST /api/users HTTP/1.1" 200 5346 "-" "Mozilla/5.0 (iPhone; CPU iPhone OS 17_0 like Mac OS X)"
172.16.0.1 - - [16/Nov/2024:04:53:50 +0000] "DELETE /cart HTTP/1.1" 500 1070 "-" "Mozilla/5.0 (Macintosh; Intel Mac OS X 10_15_7) Safari/537.36"
192.168.1.1 - - [01/Sep/2025:21:44:39 +0000] "PUT /api/users HTTP/1.1" 404 6937 "-" "curl/7.68.0"
8.8.8.8 - - [28/Mar/2025:08:00:22 +0000] "POST /api/users HTTP/1.1" 200 1880 "-" "Mozilla/5.0 (iPhone; CPU iPhone OS 17_0 like Mac OS X)"
10.0.0.1 - - [15/Feb/2025:11:54:59 +0000] "DELETE /about HTTP/1.1" 404 2339 "-" "Mozilla/5.0 (Windows NT 10.0; Win64; x64) Chrome/120.0.0.0"
10.0.0.1 - - [12/Nov/2025:02:23:39 +0000] "POST /index.html HTTP/1.1" 200 6213 "-" "Mozilla/5.0 (iPhone; CPU iPhone OS 17_0 like Mac OS X)"
172.16.0.1 - - [28/Jun/2024:10:31:57 +0000] "GET /api/users HTTP/1.1" 200 2589 "-" "Mozilla/5.0 (Windows NT 10.0; Win64; x64) Chrome/120.0.0.0"
192.168.1.1 - - [12/Jun/2024:04:42:43 +0000] "PUT /admin HTTP/1.1" 500 5005 "-" "Mozilla/5.0 (Windows NT 10.0; Win64; x64) Chrome/120.0.0.0"
8.8.8.8 - - [03/May/2025:07:56:54 +0000] "POST /cart HTTP/1.1" 301 1968 "-" "Mozilla/5.0 (Windows NT 10.0; Win64; x64) Chrome/120.0.0.0"
192.168.1.1 - - [03/Jun/2025:05:37:46 +0000] "PUT /cart HTTP/1.1" 200 2888 "-" "Mozilla/5.0 (Macintosh; Intel Mac OS X 10_15_7) Safari/537.36"
172.16.0.1 - - [09/Jun/2025:19:30:05 +0000] "DELETE /api/users HTTP/1.1" 404 865 "-" "Mozilla/5.0 (iPhone; CPU iPhone OS 17_0 like Mac OS X)"
192.168.1.1 - - [11/Apr/2025:04:09:48 +0000] "DELETE /index.html HTTP/1.1" 200 8673 "-" "Mozilla/5.0 (Windows NT 10.0; Win64; x64) Chrome/120.0.0.0"
192.168.1.1 - - [20/Feb/2024:22:54:00 +0000] "PUT /products HTTP/1.1" 200 455 "-" "Mozilla/5.0 (Windows NT 10.0; Win64; x64) Chrome/120.0.0.0"
8.8.8.8 - - [02/Aug/2024:23:59:35 +0000] "PUT /index.html HTTP/1.1" 200 9681 "-" "curl/7.68.0"
172.16.0.1 - - [19/Jul/2024:14:37:14 +0000] "PUT /index.html HTTP/1.1" 200 6607 "-" "curl/7.68.0"
10.0.0.1 - - [07/Apr/2025:01:54:10 +0000] "DELETE /cart HTTP/1.1" 404 5966 "-" "Mozilla/5.0 (iPhone; CPU iPhone OS 17_0 like Mac OS X)"
10.0.0.1 - - [18/Jun/2025:17:44:41 +0000] "GET /api/users HTTP/1.1" 200 1019 "-" "curl/7.68.0"
8.8.8.8 - - [20/Oct/2025:14:32:25 +0000] "PUT /images/logo.png HTTP/1.1" 404 9592 "-" "Mozilla/5.0 (X11; Linux x86_64) Firefox/120.0"
1.1.1.1 - - [26/Aug/2025:11:13:07 +0000] "GET /index.html HTTP/1.1" 200 8143 "-" "Mozilla/5.0 (Windows NT 10.0; Win64; x64) Chrome/120.0.0.0"
1.1.1.1 - - [04/May/2025:02:24:42 +0000] "DELETE /api/users HTTP/1.1" 404 4879 "-" "Mozilla/5.0 (Windows NT 10.0; Win64; x64) Chrome/120.0.0.0"
10.0.0.1 - - [06/May/2025:08:59:07 +0000] "GET /api/users HTTP/1.1" 200 1002 "-" "Mozilla/5.0 (iPhone; CPU iPhone OS 17_0 like Mac OS X)"
1.1.1.1 - - [03/Oct/2024:17:41:56 +0000] "PUT /images/logo.png HTTP/1.1" 200 9225 "-" "Mozilla/5.0 (X11; Linux x86_64) Firefox/120.0"
1.1.1.1 - - [04/Mar/2025:00:44:04 +0000] "POST /images/logo.png HTTP/1.1" 404 4783 "-" "Mozilla/5.0 (Macintosh; Intel Mac OS X 10_15_7) Safari/537.36"
1.1.1.1 - - [22/May/2024:02:06:02 +0000] "DELETE /admin HTTP/1.1" 500 175 "-" "Mozilla/5.0 (X11; Linux x86_64) Firefox/120.0"
10.0.0.1 - - [23/Oct/2024:12:47:14 +0000] "POST /admin HTTP/1.1" 301 7105 "-" "Mozilla/5.0 (X11; Linux x86_64) Firefox/120.0"
172.16.0.1 - - [01/Jul/2025:14:15:30 +0000] "PUT /products HTTP/1.1" 200 1555 "-" "Mozilla/5.0 (iPhone; CPU iPhone OS 17_0 like Mac OS X)"
172.16.0.1 - - [27/Apr/2025:16:19:09 +0000] "DELETE /images/logo.png HTTP/1.1" 301 4618 "-" "curl/7.68.0"
1.1.1.1 - - [08/Nov/2025:06:18:42 +0000] "DELETE /about HTTP/1.1" 404 2599 "-" "Mozilla/5.0 (X11; Linux x86_64) Firefox/120.0"
192.168.1.1 - - [26/May/2024:01:19:49 +0000] "PUT /cart HTTP/1.1" 200 5167 "-" "Mozilla/5.0 (Windows NT 10.0; Win64; x64) Chrome/120.0.0.0"
8.8.8.8 - - [11/Jul/2024:00:17:21 +0000] "POST /api/users HTTP/1.1" 500 1811 "-" "Mozilla/5.0 (iPhone; CPU iPhone OS 17_0 like Mac OS X)"
1.1.1.1 - - [10/Nov/2024:20:06:22 +0000] "DELETE /admin HTTP/1.1" 500 4947 "-" "Mozilla/5.0 (iPhone; CPU iPhone OS 17_0 like Mac OS X)"
192.168.1.1 - - [15/Mar/2025:00:52:13 +0000] "PUT /admin HTTP/1.1" 404 5540 "-" "curl/7.68.0"
1.1.1.1 - - [21/Nov/2024:10:38:57 +0000] "DELETE /cart HTTP/1.1" 301 9561 "-" "Mozilla/5.0 (X11; Linux x86_64) Firefox/120.0"
1.1.1.1 - - [26/Aug/2024:11:06:36 +0000] "POST /admin HTTP/1.1" 301 9342 "-" "Mozilla/5.0 (Macintosh; Intel Mac OS X 10_15_7) Safari/537.36"
172.16.0.1 - - [22/May/2025:11:42:47 +0000] "GET /images/logo.png HTTP/1.1" 200 229 "-" "curl/7.68.0"
192.168.1.1 - - [21/Aug/2024:21:52:33 +0000] "DELETE /index.html HTTP/1.1" 200 1438 "-" "curl/7.68.0"
8.8.8.8 - - [25/Mar/2024:04:21:56 +0000] "DELETE /about HTTP/1.1" 404 1583 "-" "Mozilla/5.0 (Macintosh; Intel Mac OS X 10_15_7) Safari/537.36"
1.1.1.1 - - [12/Feb/2025:19:14:25 +0000] "DELETE /index.html HTTP/1.1" 301 9746 "-" "Mozilla/5.0 (Macintosh; Intel Mac OS X 10_15_7) Safari/537.36"
8.8.8.8 - - [20/Feb/2025:01:52:50 +0000] "GET /images/logo.png HTTP/1.1" 200 8767 "-" "Mozilla/5.0 (Windows NT 10.0; Win64; x64) Chrome/120.0.0.0"
1.1.1.1 - - [07/Nov/2024:12:52:11 +0000] "DELETE /admin HTTP/1.1" 200 8074 "-" "curl/7.68.0"
10.0.0.1 - - [23/Jul/2024:00:23:27 +0000] "GET /admin HTTP/1.1" 404 1158 "-" "Mozilla/5.0 (Windows NT 10.0; Win64; x64) Chrome/120.0.0.0"
1.1.1.1 - - [15/Jul/2024:05:32:01 +0000] "GET /cart HTTP/1.1" 500 3218 "-" "Mozilla/5.0 (X11; Linux x86_64) Firefox/120.0"
8.8.8.8 - - [24/May/2025:07:31:59 +0000] "PUT /admin HTTP/1.1" 301 1248 "-" "Mozilla/5.0 (X11; Linux x86_64) Firefox/120.0"
172.16.0.1 - - [09/Nov/2025:21:27:24 +0000] "POST /about HTTP/1.1" 200 7312 "-" "Mozilla/5.0 (X11; Linux x86_64) Firefox/120.0"
1.1.1.1 - - [10/Sep/2024:08:22:49 +0000] "GET /products HTTP/1.1" 200 1393 "-" "Mozilla/5.0 (Windows NT 10.0; Win64; x64) Chrome/120.0.0.0"
8.8.8.8 - - [06/Mar/2025:12:13:56 +0000] "GET /about HTTP/1.1" 200 522 "-" "Mozilla/5.0 (iPhone; CPU iPhone OS 17_0 like Mac OS X)"
10.0.0.1 - - [24/Nov/2025:02:53:35 +0000] "GET /api/users HTTP/1.1" 200 4592 "-" "curl/7.68.0"
10.0.0.1 - - [23/Jun/2024:15:51:13 +0000] "DELETE /api/users HTTP/1.1" 200 7167 "-" "Mozilla/5.0 (iPhone; CPU iPhone OS 17_0 like Mac OS X)"
172.16.0.1 - - [01/Mar/2024:14:35:35 +0000] "POST /cart HTTP/1.1" 200 7426 "-" "curl/7.68.0"
8.8.8.8 - - [07/Aug/2024:05:11:47 +0000] "POST /admin HTTP/1.1" 200 4760 "-" "Mozilla/5.0 (Macintosh; Intel Mac OS X 10_15_7) Safari/537.36"
1.1.1.1 - - [14/Jul/2025:18:57:34 +0000] "PUT /about HTTP/1.1" 301 9332 "-" "Mozilla/5.0 (iPhone; CPU iPhone OS 17_0 like Mac OS X)"
10.0.0.1 - - [19/Jun/2024:03:22:11 +0000] "PUT /products HTTP/1.1" 404 9039 "-" "Mozilla/5.0 (X11; Linux x86_64) Firefox/120.0"
1.1.1.1 - - [07/Jul/2025:17:07:32 +0000] "POST /cart HTTP/1.1" 200 5899 "-" "Mozilla/5.0 (Windows NT 10.0; Win64; x64) Chrome/120.0.0.0"
172.16.0.1 - - [27/Oct/2024:10:22:57 +0000] "GET /images/logo.png HTTP/1.1" 200 9014 "-" "Mozilla/5.0 (X11; Linux x86_64) Firefox/120.0"
172.16.0.1 - - [22/Nov/2024:10:44:42 +0000] "PUT /about HTTP/1.1" 200 9711 "-" "curl/7.68.0"
172.16.0.1 - - [12/Mar/2025:13:36:31 +0000] "DELETE /admin HTTP/1.1" 200 9683 "-" "Mozilla/5.0 (Windows NT 10.0; Win64; x64) Chrome/120.0.0.0"
8.8.8.8 - - [15/Oct/2025:11:27:59 +0000] "GET /index.html HTTP/1.1" 200 7204 "-" "Mozilla/5.0 (iPhone; CPU iPhone OS 17_0 like Mac OS X)"
192.168.1.1 - - [27/Apr/2025:20:53:32 +0000] "PUT /about HTTP/1.1" 301 9768 "-" "curl/7.68.0"
8.8.8.8 - - [14/Jun/2025:07:16:58 +0000] "DELETE /about HTTP/1.1" 500 3003 "-" "Mozilla/5.0 (Macintosh; Intel Mac OS X 10_15_7) Safari/537.36"
8.8.8.8 - - [15/Dec/2025:08:24:35 +0000] "POST /index.html HTTP/1.1" 200 6541 "-" "Mozilla/5.0 (Windows NT 10.0; Win64; x64) Chrome/120.0.0.0"
1.1.1.1 - - [17/May/2025:10:53:00 +0000] "GET /admin HTTP/1.1" 301 2215 "-" "Mozilla/5.0 (Windows NT 10.0; Win64; x64) Chrome/120.0.0.0"
10.0.0.1 - - [19/Jul/2025:00:11:02 +0000] "PUT /index.html HTTP/1.1" 301 8022 "-" "Mozilla/5.0 (Windows NT 10.0; Win64; x64) Chrome/120.0.0.0"
8.8.8.8 - - [07/Jan/2024:07:49:45 +0000] "PUT /api/users HTTP/1.1" 404 9020 "-" "Mozilla/5.0 (iPhone; CPU iPhone OS 17_0 like Mac OS X)"
172.16.0.1 - - [22/May/2025:13:21:19 +0000] "DELETE /index.html HTTP/1.1" 200 2425 "-" "Mozilla/5.0 (X11; Linux x86_64) Firefox/120.0"
8.8.8.8 - - [10/Nov/2024:20:11:55 +0000] "GET /admin HTTP/1.1" 301 8143 "-" "Mozilla/5.0 (X11; Linux x86_64) Firefox/120.0"
10.0.0.1 - - [24/Jul/2024:11:32:01 +0000] "DELETE /about HTTP/1.1" 200 2183 "-" "Mozilla/5.0 (X11; Linux x86_64) Firefox/120.0"
10.0.0.1 - - [09/Dec/2025:05:37:58 +0000] "POST /cart HTTP/1.1" 301 6608 "-" "curl/7.68.0"
172.16.0.1 - - [01/Jul/2024:13:34:29 +0000] "GET /admin HTTP/1.1" 200 3500 "-" "Mozilla/5.0 (Windows NT 10.0; Win64; x64) Chrome/120.0.0.0"
8.8.8.8 - - [21/Apr/2025:20:22:53 +0000] "PUT /images/logo.png HTTP/1.1" 500 3677 "-" "Mozilla/5.0 (Windows NT 10.0; Win64; x64) Chrome/120.0.0.0"
8.8.8.8 - - [20/Feb/2025:17:46:04 +0000] "DELETE /index.html HTTP/1.1" 200 3772 "-" "Mozilla/5.0 (Windows NT 10.0; Win64; x64) Chrome/120.0.0.0"
192.168.1.1 - - [28/Sep/2025:11:38:15 +0000] "GET /admin HTTP/1.1" 500 1036 "-" "curl/7.68.0"
1.1.1.1 - - [16/Apr/2025:15:53:05 +0000] "GET /api/users HTTP/1.1" 200 2951 "-" "Mozilla/5.0 (Macintosh; Intel Mac OS X 10_15_7) Safari/537.36"
8.8.8.8 - - [22/Aug/2024:10:54:29 +0000] "PUT /cart HTTP/1.1" 301 2979 "-" "Mozilla/5.0 (Windows NT 10.0; Win64; x64) Chrome/120.0.0.0"
172.16.0.1 - - [28/Mar/2024:11:38:24 +0000] "PUT /about HTTP/1.1" 200 2030 "-" "Mozilla/5.0 (Windows NT 10.0; Win64; x64) Chrome/120.0.0.0"
10.0.0.1 - - [10/Mar/2025:20:24:30 +0000] "DELETE /api/users HTTP/1.1" 200 2698 "-" "Mozilla/5.0 (iPhone; CPU iPhone OS 17_0 like Mac OS X)"
1.1.1.1 - - [07/Sep/2025:14:37:07 +0000] "GET /images/logo.png HTTP/1.1" 404 1670 "-" "Mozilla/5.0 (Windows NT 10.0; Win64; x64) Chrome/120.0.0.0"
192.168.1.1 - - [18/Feb/2025:16:00:15 +0000] "PUT /about HTTP/1.1" 404 7179 "-" "curl/7.68.0"
8.8.8.8 - - [07/Apr/2024:20:17:26 +0000] "POST /api/users HTTP/1.1" 200 1529 "-" "curl/7.68.0"
172.16.0.1 - - [18/Aug/2024:04:38:55 +0000] "GET /about HTTP/1.1" 200 2662 "-" "Mozilla/5.0 (Windows NT 10.0; Win64; x64) Chrome/120.0.0.0"
8.8.8.8 - - [12/Jan/2024:12:22:23 +0000] "GET /index.html HTTP/1.1" 200 9479 "-" "Mozilla/5.0 (iPhone; CPU iPhone OS 17_0 like Mac OS X)"
172.16.0.1 - - [28/Jan/2025:16:04:51 +0000] "GET /about HTTP/1.1" 200 3565 "-" "Mozilla/5.0 (X11; Linux x86_64) Firefox/120.0"
1.1.1.1 - - [12/Apr/2024:16:47:30 +0000] "PUT /cart HTTP/1.1" 301 6581 "-" "Mozilla/5.0 (X11; Linux x86_64) Firefox/120.0"
8.8.8.8 - - [15/Oct/2024:04:08:29 +0000] "PUT /cart HTTP/1.1" 200 6334 "-" "Mozilla/5.0 (Windows NT 10.0; Win64; x64) Chrome/120.0.0.0"
8.8.8.8 - - [07/Nov/2025:04:33:45 +0000] "GET /admin HTTP/1.1" 200 3692 "-" "Mozilla/5.0 (iPhone; CPU iPhone OS 17_0 like Mac OS X)"
192.168.1.1 - - [22/Mar/2024:14:15:45 +0000] "POST /images/logo.png HTTP/1.1" 500 9023 "-" "Mozilla/5.0 (X11; Linux x86_64) Firefox/120.0"
8.8.8.8 - - [18/Oct/2025:10:04:23 +0000] "POST /index.html HTTP/1.1" 200 2721 "-" "curl/7.68.0"
1.1.1.1 - - [26/Dec/2025:05:32:20 +0000] "GET /index.html HTTP/1.1" 404 1139 "-" "Mozilla/5.0 (iPhone; CPU iPhone OS 17_0 like Mac OS X)"
172.16.0.1 - - [07/Jun/2025:20:37:21 +0000] "POST /products HTTP/1.1" 404 1673 "-" "curl/7.68.0"
1.1.1.1 - - [12/Apr/2025:17:29:43 +0000] "GET /cart HTTP/1.1" 301 9937 "-" "Mozilla/5.0 (Windows NT 10.0; Win64; x64) Chrome/120.0.0.0"
192.168.1.1 - - [27/Feb/2025:05:56:34 +0000] "GET /images/logo.png HTTP/1.1" 200 2842 "-" "curl/7.68.0"
