1.1.1.1 - - [24/Jul/2024:03:09:51 +0000] "DELETE /admin HTTP/1.1" 301 5840 "-" "Mozilla/5.0 (Windows NT 10.0; Win64; x64) Chrome/120.0.0.0"
192.168.1.1 - - [20/Feb/2025:09:45:49 +0000] "DELETE /about HTTP/1.1" 500 6662 "-" "Mozilla/5.0 (X11; Linux x86_64) Firefox/120.0"
192.168.1.1 - - [17/Aug/2025:17:56:21 +0000] "DELETE /cart HTTP/1.1" 404 9530 "-" "Mozilla/5.0 (Windows NT 10.0; Win64; x64) Chrome/120.0.0.0"
192.168.1.1 - - [02/Mar/2025:20:38:58 +0000] "POST /about HTTP/1.1" 200 6278 "-" "Mozilla/5.0 (X11; Linux x86_64) Firefox/120.0"
172.16.0.1 - - [13/Apr/2024:05:54:13 +0000] "POST /api/users HTTP/1.1" 200 6773 "-" "curl/7.68.0"
8.8.8.8 - - [27/Aug/2025:05:12:45 +0000] "DELETE /products HTTP/1.1" 404 4181 "-" "Mozilla/5.0 (X11; Linux x86_64) Firefox/120.0"
1.1.1.1 - - [10/Apr/2025:14:06:36 +0000] "PUT /admin HTTP/1.1" 200 6789 "-" "Mozilla/5.0 (Macintosh; Intel Mac OS X 10_15_7) Safari/537.36"
172.16.0.1 - - [03/Apr/2024:21:27:18 +0000] "GET /products HTTP/1.1" 500 1409 "-" "Mozilla/5.0 (Macintosh; Intel Mac OS X 10_15_7) Safari/537.36"
192.168.1.1 - - [20/Feb/2025:10:48:59 +0000] "PUT /cart HTTP/1.1" 200 3843 "-" "Mozilla/5.0 (Windows NT 10.0; Win64; x64) Chrome/120.0.0.0"
172.16.0.1 - - [25/Dec/2025:19:32:49 +0000] "PUT /admin HTTP/1.1" 500 1706 "-" "curl/7.68.0"
172.16.0.1 - - [28/Sep/2025:06:29:08 +0000] "PUT /index.html HTTP/1.1" 404 7915 "-" "Mozilla/5.0 (Macintosh; Intel Mac OS X 10_15_7) Safari/537.36"
172.16.0.1 - - [15/Mar/2024:09:42:02 +0000] "GET /admin HTTP/1.1" 301 7741 "-" "Mozilla/5.0 (iPhone; CPU iPhone OS 17_0 like Mac OS X)"
172.16.0.1 - - [27/Apr/2024:20:25:15 +0000] "GET /images/logo.png HTTP/1.1" 500 3404 "-" "Mozilla/5.0 (Macintosh; Intel Mac OS X 10_15_7) Safari/537.36"
172.16.0.1 - - [20/Jul/2025:20:59:28 +0000] "GET /api/users HTTP/1.1" 200 4834 "-" "curl/7.68.0"
1.1.1.1 - - [11/Apr/2025:20:39:58 +0000] "PUT /cart HTTP/1.1" 301 9428 "-" "Mozilla/5.0 (Windows NT 10.0; Win64; x64) Chrome/120.0.0.0"
172.16.0.1 - - [08/Jan/2025:06:16:05 +0000] "PUT /admin HTTP/1.1" 200 6140 "-" "Mozilla/5.0 (Macintosh; Intel Mac OS X 10_15_7) Safari/537.36"
10.0.0.1 - - [09/May/2025:22:44:44 +0000] "GET /index.html HTTP/1.1" 200 2149 "-" "Mozilla/5.0 (Windows NT 10.0; Win64; x64) Chrome/120.0.0.0"
172.16.0.1 - - [18/Oct/2025:23:32:31 +0000] "DELETE /admin HTTP/1.1" 404 7933 "-" "curl/7.68.0"
192.168.1.1 - - [17/Aug/2024:00:43:15 +0000] "POST /index.html HTTP/1.1" 200 8839 "-" "curl/7.68.0"
8.8.8.8 - - [09/Mar/2024:15:48:56 +0000] "GET /about HTTP/1.1" 500 9066 "-" "curl/7.68.0"
10.0.0.1 - - [27/May/2024:03:00:07 +0000] "PUT /images/logo.png HTTP/1.1" 301 7298 "-" "Mozilla/5.0 (X11; Linux x86_64) Firefox/120.0"
8.8.8.8 - - [18/Dec/2025:17:27:21 +0000] "POST /products HTTP/1.1" 200 2566 "-" "Mozilla/5.0 (iPhone; CPU iPhone OS 17_0 like Mac OS X)"
10.0.0.1 - - [08/May/2024:19:58:39 +0000] "GET /admin HTTP/1.1" 500 3000 "-" "curl/7.68.0"
1.1.1.1 - - [21/May/2024:06:03:50 +0000] "GET /api/users HTTP/1.1" 500 4284 "-" "curl/7.68.0"
10.0.0.1 - - [12/Nov/2025:02:14:31 +0000] "GET /cart HTTP/1.1" 301 374 "-" "Mozilla/5.0 (Macintosh; Intel Mac OS X 10_15_7) Safari/537.36"
172.16.0.1 - - [01/Mar/2024:09:10:31 +0000] "GET /images/logo.png HTTP/1.1" 200 1964 "-" "Mozilla/5.0 (Windows NT 10.0; Win64; x64) Chrome/120.0.0.0"
172.16.0.1 - - [20/May/2025:16:32:44 +0000] "PUT /cart HTTP/1.1" 200 137 "-" "Mozilla/5.0 (iPhone; CPU iPhone OS 17_0 like Mac OS X)"
1.1.1.1 - - [25/Nov/2024:02:55:00 +0000] "POST /products HTTP/1.1" 404 6567 "-" "Mozilla/5.0 (X11; Linux x86_64) Firefox/120.0"
1.1.1.1 - - [09/May/2024:05:43:00 +0000] "POST /about HTTP/1.1" 500 7380 "-" "Mozilla/5.0 (Macintosh; Intel Mac OS X 10_15_7) Safari/537.36"
8.8.8.8 - - [01/Nov/2024:21:30:44 +0000] "GET /admin HTTP/1.1" 500 716 "-" "Mozilla/5.0 (Macintosh; Intel Mac OS X 10_15_7) Safari/537.36"
192.168.1.1 - - [09/May/2025:07:21:48 +0000] "DELETE /cart HTTP/1.1" 200 2602 "-" "curl/7.68.0"
192.168.1.1 - - [16/Jun/2025:13:34:22 +0000] "GET /api/users HTTP/1.1" 404 2579 "-" "curl/7.68.0"
172.16.0.1 - - [27/Dec/2025:18:39:42 +0000] "GET /products HTTP/1.1" 200 6247 "-" "Mozilla/5.0 (Macintosh; Intel Mac OS X 10_15_7) Safari/537.36"
8.8.8.8 - - [08/May/2024:11:30:06 +0000] "GET /admin HTTP/1.1" 200 8594 "-" "Mozilla/5.0 (Macintosh; Intel Mac OS X 10_15_7) Safari/537.36"
10.0.0.1 - - [04/Dec/2024:09:02:52 +0000] "GET /cart HTTP/1.1" 200 8701 "-" "curl/7.68.0"
192.168.1.1 - - [14/Dec/2025:17:01:57 +0000] "POST /about HTTP/1.1" 200 6148 "-" "Mozilla/5.0 (X11; Linux x86_64) Firefox/120.0"
172.16.0.1 - - [19/Nov/2025:08:27:34 +0000] "POST /about HTTP/1.1" 404 4573 "-" "Mozilla/5.0 (Windows NT 10.0; Win64; x64) Chrome/120.0.0.0"
10.0.0.1 - - [06/Jan/2024:19:14:47 +0000] "DELETE /cart HTTP/1.1" 200 1751 "-" "Mozilla/5.0 (Windows NT 10.0; Win64; x64) Chrome/120.0.0.0"
10.0.0.1 - - [23/Oct/2025:17:54:46 +0000] "DELETE /products HTTP/1.1" 200 9035 "-" "Mozilla/5.0 (Macintosh; Intel Mac OS X 10_15_7) Safari/537.36"
172.16.0.1 - - [14/Dec/2024:23:58:50 +0000] "PUT /images/logo.png HTTP/1.1" 200 5246 "-" "Mozilla/5.0 (iPhone; CPU iPhone OS 17_0 like Mac OS X)"
192.168.1.1 - - [22/May/2024:23:13:18 +0000] "PUT /admin HTTP/1.1" 301 4014 "-" "Mozilla/5.0 (iPhone; CPU iPhone OS 17_0 like Mac OS X)"
1.1.1.1 - - [17/Apr/2024:16:31:40 +0000] "POST /api/users HTTP/1.1" 500 5950 "-" "Mozilla/5.0 (X11; Linux x86_64) Firefox/120.0"
8.8.8.8 - - [02/Nov/2025:01:53:16 +0000] "DELETE /images/logo.png HTTP/1.1" 301 7970 "-" "curl/7.68.0"
1.1.1.1 - - [23/Apr/2024:18:57:59 +0000] "GET /index.html HTTP/1.1" 200 2057 "-" "Mozilla/5.0 (Windows NT 10.0; Win64; x64) Chrome/120.0.0.0"
10.0.0.1 - - [07/Jul/2024:09:51:44 +0000] "PUT /admin HTTP/1.1" 404 8000 "-" "Mozilla/5.0 (Macintosh; Intel Mac OS X 10_15_7) Safari/537.36"
10.0.0.1 - - [26/Oct/2025:09:29:06 +0000] "DELETE /products HTTP/1.1" 404 5619 "-" "Mozilla/5.0 (Macintosh; Intel Mac OS X 10_15_7) Safari/537.36"
192.168.1.1 - - [18/Apr/2024:12:57:23 +0000] "PUT /cart HTTP/1.1" 301 6766 "-" "Mozilla/5.0 (iPhone; CPU iPhone OS 17_0 like Mac OS X)"
172.16.0.1 - - [26/Oct/2025:11:17:51 +0000] "GET /admin HTTP/1.1" 301 1735 "-" "Mozilla/5.0 (iPhone; CPU iPhone OS 17_0 like Mac OS X)"
192.168.1.1 - - [24/Feb/2025:05:21:06 +0000] "PUT /api/users HTTP/1.1" 500 4166 "-" "Mozilla/5.0 (iPhone; CPU iPhone OS 17_0 like Mac OS X)"
8.8.8.8 - - [23/Jul/2024:05:10:14 +0000] "POST /api/users HTTP/1.1" 200 952 "-" "Mozilla/5.0 (Macintosh; Intel Mac OS X 10_15_7) Safari/537.36"
10.0.0.1 - - [22/Dec/2024:19:13:36 +0000] "GET /index.html HTTP/1.1" 200 6608 "-" "Mozilla/5.0 (X11; Linux x86_64) Firefox/120.0"
172.16.0.1 - - [09/Nov/2024:16:26:11 +0000] "GET /images/logo.png HTTP/1.1" 200 9208 "-" "Mozilla/5.0 (Macintosh; Intel Mac OS X 10_15_7) Safari/537.36"
172.16.0.1 - - [02/Mar/2024:01:33:09 +0000] "GET /api/users HTTP/1.1" 404 3179 "-" "Mozilla/5.0 (Macintosh; Intel Mac OS X 10_15_7) Safari/537.36"
8.8.8.8 - - [13/May/2025:03:59:29 +0000] "PUT /admin HTTP/1.1" 200 7714 "-" "curl/7.68.0"
8.8.8.8 - - [18/Jan/2025:00:35:16 +0000] "PUT /images/logo.png HTTP/1.1" 200 7849 "-" "Mozilla/5.0 (Macintosh; Intel Mac OS X 10_15_7) Safari/537.36"
8.8.8.8 - - [06/Oct/2025:10:14:51 +0000] "POST /api/users HTTP/1.1" 404 1490 "-" "curl/7.68.0"
192.168.1.1 - - [06/Jan/2024:05:14:43 +0000] "DELETE /api/users HTTP/1.1" 500 9113 "-" "Mozilla/5.0 (Windows NT 10.0; Win64; x64) Chrome/120.0.0.0"
8.8.8.8 - - [10/Jan/2024:02:25:48 +0000] "PUT /products HTTP/1.1" 404 1433 "-" "Mozilla/5.0 (X11; Linux x86_64) Firefox/120.0"
192.168.1.1 - - [10/Feb/2024:14:36:06 +0000] "DELETE /products HTTP/1.1" 200 3995 "-" "Mozilla/5.0 (Macintosh; Intel Mac OS X 10_15_7) Safari/537.36"
8.8.8.8 - - [19/Feb/2025:21:01:04 +0000] "PUT /api/users HTTP/1.1" 404 2344 "-" "Mozilla/5.0 (Windows NT 10.0; Win64; x64) Chrome/120.0.0.0"
1.1.1.1 - - [09/May/2025:01:21:05 +0000] "DELETE /about HTTP/1.1" 200 9747 "-" "curl/7.68.0"
172.16.0.1 - - [12/Aug/2025:03:15:43 +0000] "GET /api/users HTTP/1.1" 200 8149 "-" "Mozilla/5.0 (X11; Linux x86_64) Firefox/120.0"
192.168.1.1 - - [23/Dec/2025:23:38:55 +0000] "PUT /about HTTP/1.1" 301 3704 "-" "Mozilla/5.0 (X11; Linux x86_64) Firefox/120.0"
1.1.1.1 - - [09/Sep/2024:20:53:47 +0000] "GET /api/users HTTP/1.1" 301 8163 "-" "Mozilla/5.0 (X11; Linux x86_64) Firefox/120.0"
1.1.1.1 - - [23/Jan/2024:08:50:36 +0000] "DELETE /cart HTTP/1.1" 200 6060 "-" "Mozilla/5.0 (Macintosh; Intel Mac OS X 10_15_7) Safari/537.36"
172.16.0.1 - - [01/Feb/2025:12:41:31 +0000] "GET /about HTTP/1.1" 500 7343 "-" "Mozilla/5.0 (iPhone; CPU iPhone OS 17_0 like Mac OS X)"
1.1.1.1 - - [28/Jun/2025:01:27:43 +0000] "PUT /api/users HTTP/1.1" 200 2041 "-" "curl/7.68.0"
172.16.0.1 - - [13/Mar/2025:10:02:53 +0000] "POST /cart HTTP/1.1" 404 7106 "-" "curl/7.68.0"
1.1.1.1 - - [07/Jul/2024:09:26:45 +0000] "GET /api/users HTTP/1.1" 200 614 "-" "Mozilla/5.0 (X11; Linux x86_64) Firefox/120.0"
172.16.0.1 - - [26/May/2025:09:26:14 +0000] "POST /index.html HTTP/1.1" 200 2169 "-" "Mozilla/5.0 (Windows NT 10.0; Win64; x64) Chrome/120.0.0.0"
172.16.0.1 - - [12/Oct/2025:23:17:32 +0000] "DELETE /products HTTP/1.1" 301 9445 "-" "Mozilla/5.0 (iPhone; CPU iPhone OS 17_0 like Mac OS X)"
1.1.1.1 - - [09/Jul/2025:22:36:41 +0000] "GET /images/logo.png HTTP/1.1" 200 5758 "-" "Mozilla/5.0 (X11; Linux x86_64) Firefox/120.0"
8.8.8.8 - - [09/Aug/2025:08:30:12 +0000] "GET /images/logo.png HTTP/1.1" 200 2729 "-" "Mozilla/5.0 (Macintosh; Intel Mac OS X 10_15_7) Safari/537.36"
192.168.1.1 - - [22/Jul/2024:20:32:07 +0000] "GET /products HTTP/1.1" 200 6156 "-" "Mozilla/5.0 (X11; Linux x86_64) Firefox/120.0"
1.1.1.1 - - [21/Nov/2025:22:47:25 +0000] "DELETE /products HTTP/1.1" 200 7019 "-" "Mozilla/5.0 (X11; Linux x86_64) Firefox/120.0"
8.8.8.8 - - [09/Apr/2024:00:10:00 +0000] "DELETE /cart HTTP/1.1" 200 8949 "-" "Mozilla/5.0 (iPhone; CPU iPhone OS 17_0 like Mac OS X)"
10.0.0.1 - - [22/Feb/2025:20:11:35 +0000] "GET /cart HTTP/1.1" 301 1431 "-" "curl/7.68.0"
1.1.1.1 - - [08/Dec/2024:10:38:42 +0000] "GET /products HTTP/1.1" 500 1215 "-" "Mozilla/5.0 (Macintosh; Intel Mac OS X 10_15_7) Safari/537.36"
1.1.1.1 - - [11/Jul/2024:01:29:42 +0000] "POST /about HTTP/1.1" 301 3541 "-" "curl/7.68.0"
10.0.0.1 - - [21/Nov/2025:22:16:15 +0000] "GET /about HTTP/1.1" 200 3362 "-" "curl/7.68.0"
10.0.0.1 - - [27/Dec/2025:19:17:04 +0000] "POST /about HTTP/1.1" 404 3846 "-" "Mozilla/5.0 (X11; Linux x86_64) Firefox/120.0"
1.1.1.1 - - [06/Nov/2025:18:36:43 +0000] "POST /api/users HTTP/1.1" 200 6805 "-" "Mozilla/5.0 (Windows NT 10.0; Win64; x64) Chrome/120.0.0.0"
192.168.1.1 - - [16/Mar/2025:22:00:45 +0000] "GET /about HTTP/1.1" 200 9602 "-" "Mozilla/5.0 (X11; Linux x86_64) Firefox/120.0"
192.168.1.1 - - [28/Feb/2025:03:22:29 +0000] "GET /cart HTTP/1.1" 301 5775 "-" "Mozilla/5.0 (Windows NT 10.0; Win64; x64) Chrome/120.0.0.0"
10.0.0.1 - - [01/Mar/2024:05:17:57 +0000] "PUT /index.html HTTP/1.1" 200 9232 "-" "Mozilla/5.0 (Macintosh; Intel Mac OS X 10_15_7) Safari/537.36"
8.8.8.8 - - [03/Feb/2024:17:16:41 +0000] "DELETE /cart HTTP/1.1" 200 5441 "-" "Mozilla/5.0 (X11; Linux x86_64) Firefox/120.0"
10.0.0.1 - - [21/Aug/2024:10:23:34 +0000] "PUT /api/users HTTP/1.1" 200 8980 "-" "Mozilla/5.0 (X11; Linux x86_64) Firefox/120.0"
8.8.8.8 - - [06/Sep/2025:19:35:34 +0000] "PUT /index.html HTTP/1.1" 301 3318 "-" "curl/7.68.0"
1.1.1.1 - - [12/Mar/2024:09:53:47 +0000] "PUT /cart HTTP/1.1" 500 6332 "-" "Mozilla/5.0 (X11; Linux x86_64) Firefox/120.0"
172.16.0.1 - - [14/May/2024:19:06:49 +0000] "DELETE /about HTTP/1.1" 200 2280 "-" "curl/7.68.0"
172.16.0.1 - - [20/Sep/2024:18:09:22 +0000] "DELETE /cart HTTP/1.1" 200 6127 "-" "Mozilla/5.0 (iPhone; CPU iPhone OS 17_0 like Mac OS X)"
8.8.8.8 - - [07/Sep/2025:10:59:01 +0000] "GET /about HTTP/1.1" 500 9143 "-" "Mozilla/5.0 (iPhone; CPU iPhone OS 17_0 like Mac OS X)"
10.0.0.1 - - [19/Jan/2025:13:42:38 +0000] "DELETE /index.html HTTP/1.1" 200 1759 "-" "curl/7.68.0"
10.0.0.1 - - [01/Jan/2024:19:46:30 +0000] "DELETE /cart HTTP/1.1" 200 1282 "-" "curl/7.68.0"
10.0.0.1 - - [16/Aug/2025:07:32:38 +0000] "PUT /index.html HTTP/1.1" 200 879 "-" "Mozilla/5.0 (X11; Linux x86_64) Firefox/120.0"
1.1.1.1 - - [02/Dec/2024:21:04:35 +0000] "POST /index.html HTTP/1.1" 500 9971 "-" "Mozilla/5.0 (iPhone; CPU iPhone OS 17_0 like Mac OS X)"
1.1.1.1 - - [12/Jan/2025:02:53:57 +0000] "DELETE /products HTTP/1.1" 301 9012 "-" "Mozilla/5.0 (X11; Linux x86_64) Firefox/120.0"
10.0.0.1 - - [02/Dec/2024:03:15:17 +0000] "POST /images/logo.png HTTP/1.1" 200 3356 "-" "Mozilla/5.0 (X11; Linux x86_64) Firefox/120.0"
192.168.1.1 - - [03/Oct/2025:10:24:04 +0000] "POST /index.html HTTP/1.1" 200 9217 "-" "Mozilla/5.0 (Macintosh; Intel Mac OS X 10_15_7) Safari/537.36"
1.1.1.1 - - [06/May/2025:14:24:43 +0000] "DELETE /products HTTP/1.1" 500 6989 "-" "Mozilla/5.0 (Windows NT 10.0; Win64; x64) Chrome/120.0.0.0"
